2026-09-05 11:49:43,758 [INFO] Log file: data\prices\daily_prices_20260905_114943.log
2026-09-05 11:49:43,770 [INFO] Univers chargé : 503 tickers.
2026-09-05 11:49:43,771 [INFO] Indice de référence SPY ajouté aux tickers à récupérer (SPDR S&P 500 ETF Trust). Il n'entre PAS dans l'univers investissable, qui vient de sp500_universe_history.parquet.
2026-09-05 11:49:43,983 [INFO] Cache existant chargé : data\prices\daily_prices.parquet (1926311 lignes, 505 symboles).
2026-09-05 11:50:15,048 [INFO] 0/504 tickers déjà à jour (ignorés), 504 à récupérer.
2026-09-05 11:50:15,228 [INFO] Connecting to 127.0.0.1:4002 with clientId 4...
2026-09-05 11:50:15,229 [INFO] Connected
2026-09-05 11:50:15,233 [INFO] Logged on to server version 176
2026-09-05 11:50:15,236 [INFO] Warning 2104, reqId -1: Market data farm connection is OK:eufarm
2026-09-05 11:50:15,236 [INFO] API connection ready
2026-09-05 11:50:15,237 [INFO] Warning 2106, reqId -1: HMDS data farm connection is OK:euhmds
2026-09-05 11:50:15,237 [INFO] Warning 2106, reqId -1: HMDS data farm connection is OK:ushmds
2026-09-05 11:50:15,238 [INFO] Warning 2158, reqId -1: Sec-def data farm connection is OK:secdefeu
2026-09-05 11:50:15,356 [INFO] Synchronization complete
2026-09-05 11:50:15,356 [INFO] Connecté à IBKR sur 127.0.0.1:4002 (clientId=4, readonly=True).
2026-09-05 11:50:15,357 [INFO] [1/504] A (Agilent Technologies), depuis 2026-08-25...
2026-09-05 11:50:26,519 [INFO]   -> 9 jours récupérés pour A (source: ibkr)
2026-09-05 11:50:26,520 [INFO] [2/504] AAPL (Apple Inc.), depuis 2026-08-25...
2026-09-05 11:50:37,684 [INFO]   -> 9 jours récupérés pour AAPL (source: ibkr)
2026-09-05 11:50:37,684 [INFO] [3/504] ABBV (AbbVie), depuis 2026-08-25...
2026-09-05 11:50:48,850 [INFO]   -> 9 jours récupérés pour ABBV (source: ibkr)
2026-09-05 11:50:48,851 [INFO] [4/504] ABNB (Airbnb), depuis 2026-08-25...
2026-09-05 11:51:00,013 [INFO]   -> 9 jours récupérés pour ABNB (source: ibkr)
2026-09-05 11:51:00,014 [INFO] [5/504] ABT (Abbott Laboratories), depuis 2026-08-25...
2026-09-05 11:51:11,179 [INFO]   -> 9 jours récupérés pour ABT (source: ibkr)
2026-09-05 11:51:11,180 [INFO] [6/504] ACGL (Arch Capital Group), depuis 2026-08-25...
2026-09-05 11:51:22,338 [INFO]   -> 9 jours récupérés pour ACGL (source: ibkr)
2026-09-05 11:51:22,338 [INFO] [7/504] ACN (Accenture), depuis 2026-08-25...
2026-09-05 11:51:33,519 [INFO]   -> 9 jours récupérés pour ACN (source: ibkr)
2026-09-05 11:51:33,520 [INFO] [8/504] ADBE (Adobe Inc.), depuis 2026-08-25...
2026-09-05 11:51:44,676 [INFO]   -> 9 jours récupérés pour ADBE (source: ibkr)
2026-09-05 11:51:44,676 [INFO] [9/504] ADI (Analog Devices), depuis 2026-08-25...
2026-09-05 11:51:55,848 [INFO]   -> 9 jours récupérés pour ADI (source: ibkr)
2026-09-05 11:51:55,848 [INFO] [10/504] ADM (Archer Daniels Midland), depuis 2026-08-25...
2026-09-05 11:52:07,010 [INFO]   -> 9 jours récupérés pour ADM (source: ibkr)
2026-09-05 11:52:07,011 [INFO] [11/504] ADP (Automatic Data Processing), depuis 2026-08-25...
2026-09-05 11:52:18,166 [INFO]   -> 9 jours récupérés pour ADP (source: ibkr)
2026-09-05 11:52:18,167 [INFO] [12/504] ADSK (Autodesk), depuis 2026-08-25...
2026-09-05 11:52:29,323 [INFO]   -> 9 jours récupérés pour ADSK (source: ibkr)
2026-09-05 11:52:29,323 [INFO] [13/504] AEE (Ameren), depuis 2026-08-25...
2026-09-05 11:52:40,477 [INFO]   -> 9 jours récupérés pour AEE (source: ibkr)
2026-09-05 11:52:40,477 [INFO] [14/504] AEP (American Electric Power), depuis 2026-08-25...
2026-09-05 11:52:51,636 [INFO]   -> 9 jours récupérés pour AEP (source: ibkr)
2026-09-05 11:52:51,636 [INFO] [15/504] AES (AES Corporation), depuis 2026-08-25...
2026-09-05 11:53:02,793 [INFO]   -> 9 jours récupérés pour AES (source: ibkr)
2026-09-05 11:53:02,794 [INFO] [16/504] AFL (Aflac), depuis 2026-08-25...
2026-09-05 11:53:13,957 [INFO]   -> 9 jours récupérés pour AFL (source: ibkr)
2026-09-05 11:53:13,958 [INFO] [17/504] AIG (American International Group), depuis 2026-08-25...
2026-09-05 11:53:25,121 [INFO]   -> 9 jours récupérés pour AIG (source: ibkr)
2026-09-05 11:53:25,122 [INFO] [18/504] AIZ (Assurant), depuis 2026-08-25...
2026-09-05 11:53:36,283 [INFO]   -> 9 jours récupérés pour AIZ (source: ibkr)
2026-09-05 11:53:36,283 [INFO] [19/504] AJG (Arthur J. Gallagher & Co.), depuis 2026-08-25...
2026-09-05 11:53:47,441 [INFO]   -> 9 jours récupérés pour AJG (source: ibkr)
2026-09-05 11:53:47,441 [INFO] [20/504] AKAM (Akamai Technologies), depuis 2026-08-25...
2026-09-05 11:53:58,599 [INFO]   -> 9 jours récupérés pour AKAM (source: ibkr)
2026-09-05 11:53:58,599 [INFO] [21/504] ALB (Albemarle Corporation), depuis 2026-08-25...
2026-09-05 11:54:09,756 [INFO]   -> 9 jours récupérés pour ALB (source: ibkr)
2026-09-05 11:54:09,756 [INFO] [22/504] ALGN (Align Technology), depuis 2026-08-25...
2026-09-05 11:54:20,914 [INFO]   -> 9 jours récupérés pour ALGN (source: ibkr)
2026-09-05 11:54:20,914 [INFO] [23/504] ALL (Allstate), depuis 2026-08-25...
2026-09-05 11:54:32,071 [INFO]   -> 9 jours récupérés pour ALL (source: ibkr)
2026-09-05 11:54:32,072 [INFO] [24/504] ALLE (Allegion), depuis 2026-08-25...
2026-09-05 11:54:43,227 [INFO]   -> 9 jours récupérés pour ALLE (source: ibkr)
2026-09-05 11:54:43,228 [INFO] [25/504] AMAT (Applied Materials), depuis 2026-08-25...
2026-09-05 11:54:54,386 [INFO]   -> 9 jours récupérés pour AMAT (source: ibkr)
2026-09-05 11:54:54,386 [INFO] [26/504] AMCR (Amcor), depuis 2026-08-25...
2026-09-05 11:55:05,540 [INFO]   -> 9 jours récupérés pour AMCR (source: ibkr)
2026-09-05 11:55:05,541 [INFO] [27/504] AMD (Advanced Micro Devices), depuis 2026-08-25...
2026-09-05 11:55:16,696 [INFO]   -> 9 jours récupérés pour AMD (source: ibkr)
2026-09-05 11:55:16,697 [INFO] [28/504] AME (Ametek), depuis 2026-08-25...
2026-09-05 11:55:27,852 [INFO]   -> 9 jours récupérés pour AME (source: ibkr)
2026-09-05 11:55:27,852 [INFO] [29/504] AMGN (Amgen), depuis 2026-08-25...
2026-09-05 11:55:39,006 [INFO]   -> 9 jours récupérés pour AMGN (source: ibkr)
2026-09-05 11:55:39,006 [INFO] [30/504] AMP (Ameriprise Financial), depuis 2026-08-25...
2026-09-05 11:55:50,161 [INFO]   -> 9 jours récupérés pour AMP (source: ibkr)
2026-09-05 11:55:50,162 [INFO] [31/504] AMT (American Tower), depuis 2026-08-25...
2026-09-05 11:56:01,319 [INFO]   -> 9 jours récupérés pour AMT (source: ibkr)
2026-09-05 11:56:01,319 [INFO] [32/504] AMZN (Amazon), depuis 2026-08-25...
2026-09-05 11:56:12,475 [INFO]   -> 9 jours récupérés pour AMZN (source: ibkr)
2026-09-05 11:56:12,475 [INFO] [33/504] ANET (Arista Networks), depuis 2026-08-25...
2026-09-05 11:56:23,632 [INFO]   -> 9 jours récupérés pour ANET (source: ibkr)
2026-09-05 11:56:23,632 [INFO] [34/504] AON (Aon plc), depuis 2026-08-25...
2026-09-05 11:56:34,790 [INFO]   -> 9 jours récupérés pour AON (source: ibkr)
2026-09-05 11:56:34,790 [INFO] [35/504] AOS (A. O. Smith), depuis 2026-08-25...
2026-09-05 11:56:45,958 [INFO]   -> 9 jours récupérés pour AOS (source: ibkr)
2026-09-05 11:56:45,958 [INFO] [36/504] APA (APA Corporation), depuis 2026-08-25...
2026-09-05 11:56:57,130 [INFO]   -> 9 jours récupérés pour APA (source: ibkr)
2026-09-05 11:56:57,131 [INFO] [37/504] APD (Air Products), depuis 2026-08-25...
2026-09-05 11:57:08,291 [INFO]   -> 9 jours récupérés pour APD (source: ibkr)
2026-09-05 11:57:08,292 [INFO] [38/504] APH (Amphenol), depuis 2026-08-25...
2026-09-05 11:57:19,458 [INFO]   -> 9 jours récupérés pour APH (source: ibkr)
2026-09-05 11:57:19,458 [INFO] [39/504] APO (Apollo Global Management), depuis 2026-08-25...
2026-09-05 11:57:30,617 [INFO]   -> 9 jours récupérés pour APO (source: ibkr)
2026-09-05 11:57:30,617 [INFO] [40/504] APP (AppLovin), depuis 2026-08-25...
2026-09-05 11:57:41,775 [INFO]   -> 9 jours récupérés pour APP (source: ibkr)
2026-09-05 11:57:41,775 [INFO] [41/504] APTV (Aptiv), depuis 2026-08-25...
2026-09-05 11:57:52,944 [INFO]   -> 9 jours récupérés pour APTV (source: ibkr)
2026-09-05 11:57:52,944 [INFO] [42/504] ARE (Alexandria Real Estate Equities), depuis 2026-08-25...
2026-09-05 11:58:04,102 [INFO]   -> 9 jours récupérés pour ARE (source: ibkr)
2026-09-05 11:58:04,102 [INFO] [43/504] ARES (Ares Management), depuis 2026-08-25...
2026-09-05 11:58:15,267 [INFO]   -> 9 jours récupérés pour ARES (source: ibkr)
2026-09-05 11:58:15,267 [INFO] [44/504] ATO (Atmos Energy), depuis 2026-08-25...
2026-09-05 11:58:26,433 [INFO]   -> 9 jours récupérés pour ATO (source: ibkr)
2026-09-05 11:58:26,433 [INFO] [45/504] AVB (AvalonBay Communities), depuis 2026-08-13...
2026-09-05 11:58:26,456 [ERROR] Error 200, reqId 91: No security definition has been found for the request, contract: Stock(symbol='AVB', exchange='SMART', currency='USD')
2026-09-05 11:58:28,176 [WARNING]   -> ECHEC (ni IBKR ni Stooq) pour AVB : Aucune donnée (ni IBKR ni Stooq) pour AVB -- TROU DE COUVERTURE.
2026-09-05 11:58:28,177 [INFO] [46/504] AVGO (Broadcom), depuis 2026-08-25...
2026-09-05 11:58:39,341 [INFO]   -> 9 jours récupérés pour AVGO (source: ibkr)
2026-09-05 11:58:39,342 [INFO] [47/504] AVY (Avery Dennison), depuis 2026-08-25...
2026-09-05 11:58:50,499 [INFO]   -> 9 jours récupérés pour AVY (source: ibkr)
2026-09-05 11:58:50,500 [INFO] [48/504] AWK (American Water Works), depuis 2026-08-25...
2026-09-05 11:59:01,663 [INFO]   -> 9 jours récupérés pour AWK (source: ibkr)
2026-09-05 11:59:01,664 [INFO] [49/504] AXON (Axon Enterprise), depuis 2026-08-25...
2026-09-05 11:59:12,831 [INFO]   -> 9 jours récupérés pour AXON (source: ibkr)
2026-09-05 11:59:12,831 [INFO] [50/504] AXP (American Express), depuis 2026-08-25...
2026-09-05 11:59:23,995 [INFO]   -> 9 jours récupérés pour AXP (source: ibkr)
2026-09-05 11:59:23,995 [INFO] [51/504] AZO (AutoZone), depuis 2026-08-25...
2026-09-05 11:59:35,152 [INFO]   -> 9 jours récupérés pour AZO (source: ibkr)
2026-09-05 11:59:35,153 [INFO] [52/504] BA (Boeing), depuis 2026-08-25...
2026-09-05 11:59:46,308 [INFO]   -> 9 jours récupérés pour BA (source: ibkr)
2026-09-05 11:59:46,309 [INFO] [53/504] BAC (Bank of America), depuis 2026-08-25...
2026-09-05 11:59:57,474 [INFO]   -> 9 jours récupérés pour BAC (source: ibkr)
2026-09-05 11:59:57,474 [INFO] [54/504] BALL (Ball Corporation), depuis 2026-08-25...
2026-09-05 12:00:08,636 [INFO]   -> 9 jours récupérés pour BALL (source: ibkr)
2026-09-05 12:00:08,637 [INFO] [55/504] BAX (Baxter International), depuis 2026-08-25...
2026-09-05 12:00:19,802 [INFO]   -> 9 jours récupérés pour BAX (source: ibkr)
2026-09-05 12:00:19,803 [INFO] [56/504] BBY (Best Buy), depuis 2026-08-25...
2026-09-05 12:00:30,961 [INFO]   -> 9 jours récupérés pour BBY (source: ibkr)
2026-09-05 12:00:30,962 [INFO] [57/504] BDX (Becton Dickinson), depuis 2026-08-25...
2026-09-05 12:00:42,124 [INFO]   -> 9 jours récupérés pour BDX (source: ibkr)
2026-09-05 12:00:42,125 [INFO] [58/504] BEN (Franklin Resources), depuis 2026-08-25...
2026-09-05 12:00:53,283 [INFO]   -> 9 jours récupérés pour BEN (source: ibkr)
2026-09-05 12:00:53,284 [INFO] [59/504] BF B (Brown–Forman), depuis 2026-08-25...
2026-09-05 12:01:04,444 [INFO]   -> 9 jours récupérés pour BF B (source: ibkr)
2026-09-05 12:01:04,444 [INFO] [60/504] BG (Bunge Global), depuis 2026-08-25...
2026-09-05 12:01:15,624 [INFO]   -> 9 jours récupérés pour BG (source: ibkr)
2026-09-05 12:01:15,625 [INFO] [61/504] BIIB (Biogen), depuis 2026-08-25...
2026-09-05 12:01:26,779 [INFO]   -> 9 jours récupérés pour BIIB (source: ibkr)
2026-09-05 12:01:26,779 [INFO] [62/504] BKNG (Booking Holdings), depuis 2026-08-25...
2026-09-05 12:01:37,939 [INFO]   -> 9 jours récupérés pour BKNG (source: ibkr)
2026-09-05 12:01:37,939 [INFO] [63/504] BKR (Baker Hughes), depuis 2026-08-25...
2026-09-05 12:01:49,101 [INFO]   -> 9 jours récupérés pour BKR (source: ibkr)
2026-09-05 12:01:49,102 [INFO] [64/504] BLDR (Builders FirstSource), depuis 2026-08-25...
2026-09-05 12:02:00,260 [INFO]   -> 9 jours récupérés pour BLDR (source: ibkr)
2026-09-05 12:02:00,260 [INFO] [65/504] BLK (BlackRock), depuis 2026-08-25...
2026-09-05 12:02:11,418 [INFO]   -> 9 jours récupérés pour BLK (source: ibkr)
2026-09-05 12:02:11,418 [INFO] [66/504] BMY (Bristol Myers Squibb), depuis 2026-08-25...
2026-09-05 12:02:22,570 [INFO]   -> 9 jours récupérés pour BMY (source: ibkr)
2026-09-05 12:02:22,571 [INFO] [67/504] BNY (BNY Mellon), depuis 2026-08-25...
2026-09-05 12:02:33,722 [INFO]   -> 9 jours récupérés pour BNY (source: ibkr)
2026-09-05 12:02:33,722 [INFO] [68/504] BR (Broadridge Financial Solutions), depuis 2026-08-25...
2026-09-05 12:02:44,877 [INFO]   -> 9 jours récupérés pour BR (source: ibkr)
2026-09-05 12:02:44,877 [INFO] [69/504] BRK B (Berkshire Hathaway), depuis 2026-08-25...
2026-09-05 12:02:56,032 [INFO]   -> 9 jours récupérés pour BRK B (source: ibkr)
2026-09-05 12:02:56,032 [INFO] [70/504] BRO (Brown & Brown), depuis 2026-08-25...
2026-09-05 12:03:07,183 [INFO]   -> 9 jours récupérés pour BRO (source: ibkr)
2026-09-05 12:03:07,183 [INFO] [71/504] BSX (Boston Scientific), depuis 2026-08-25...
2026-09-05 12:03:18,337 [INFO]   -> 9 jours récupérés pour BSX (source: ibkr)
2026-09-05 12:03:18,337 [INFO] [72/504] BX (Blackstone Inc.), depuis 2026-08-25...
2026-09-05 12:03:29,495 [INFO]   -> 9 jours récupérés pour BX (source: ibkr)
2026-09-05 12:03:29,496 [INFO] [73/504] BXP (BXP, Inc.), depuis 2026-08-25...
2026-09-05 12:03:40,665 [INFO]   -> 9 jours récupérés pour BXP (source: ibkr)
2026-09-05 12:03:40,665 [INFO] [74/504] C (Citigroup), depuis 2026-08-25...
2026-09-05 12:03:51,857 [INFO]   -> 9 jours récupérés pour C (source: ibkr)
2026-09-05 12:03:51,857 [INFO] [75/504] CAH (Cardinal Health), depuis 2026-08-25...
2026-09-05 12:04:03,018 [INFO]   -> 9 jours récupérés pour CAH (source: ibkr)
2026-09-05 12:04:03,018 [INFO] [76/504] CARR (Carrier Global), depuis 2026-08-25...
2026-09-05 12:04:14,176 [INFO]   -> 9 jours récupérés pour CARR (source: ibkr)
2026-09-05 12:04:14,177 [INFO] [77/504] CASY (Casey's), depuis 2026-08-25...
2026-09-05 12:04:25,340 [INFO]   -> 9 jours récupérés pour CASY (source: ibkr)
2026-09-05 12:04:25,340 [INFO] [78/504] CAT (Caterpillar Inc.), depuis 2026-08-25...
2026-09-05 12:04:36,496 [INFO]   -> 9 jours récupérés pour CAT (source: ibkr)
2026-09-05 12:04:36,496 [INFO] [79/504] CB (Chubb Limited), depuis 2026-08-25...
2026-09-05 12:04:47,654 [INFO]   -> 9 jours récupérés pour CB (source: ibkr)
2026-09-05 12:04:47,654 [INFO] [80/504] CBOE (Cboe Global Markets), depuis 2026-08-25...
2026-09-05 12:04:58,810 [INFO]   -> 9 jours récupérés pour CBOE (source: ibkr)
2026-09-05 12:04:58,811 [INFO] [81/504] CBRE (CBRE Group), depuis 2026-08-25...
2026-09-05 12:05:10,052 [INFO]   -> 9 jours récupérés pour CBRE (source: ibkr)
2026-09-05 12:05:10,053 [INFO] [82/504] CCI (Crown Castle), depuis 2026-08-25...
2026-09-05 12:05:21,216 [INFO]   -> 9 jours récupérés pour CCI (source: ibkr)
2026-09-05 12:05:21,216 [INFO] [83/504] CCL (Carnival Corporation), depuis 2026-08-25...
2026-09-05 12:05:32,381 [INFO]   -> 9 jours récupérés pour CCL (source: ibkr)
2026-09-05 12:05:32,382 [INFO] [84/504] CDNS (Cadence Design Systems), depuis 2026-08-25...
2026-09-05 12:05:43,544 [INFO]   -> 9 jours récupérés pour CDNS (source: ibkr)
2026-09-05 12:05:43,544 [INFO] [85/504] CDW (CDW Corporation), depuis 2026-08-25...
2026-09-05 12:05:54,702 [INFO]   -> 9 jours récupérés pour CDW (source: ibkr)
2026-09-05 12:05:54,702 [INFO] [86/504] CEG (Constellation Energy), depuis 2026-08-25...
2026-09-05 12:06:05,861 [INFO]   -> 9 jours récupérés pour CEG (source: ibkr)
2026-09-05 12:06:05,861 [INFO] [87/504] CF (CF Industries), depuis 2026-08-25...
2026-09-05 12:06:17,022 [INFO]   -> 9 jours récupérés pour CF (source: ibkr)
2026-09-05 12:06:17,022 [INFO] [88/504] CFG (Citizens Financial Group), depuis 2026-08-25...
2026-09-05 12:06:28,179 [INFO]   -> 9 jours récupérés pour CFG (source: ibkr)
2026-09-05 12:06:28,180 [INFO] [89/504] CHD (Church & Dwight), depuis 2026-08-25...
2026-09-05 12:06:39,334 [INFO]   -> 9 jours récupérés pour CHD (source: ibkr)
2026-09-05 12:06:39,335 [INFO] [90/504] CHRW (C.H. Robinson), depuis 2026-08-25...
2026-09-05 12:06:45,282 [INFO] Disconnecting from 127.0.0.1:4002, 11.9 kB sent in 185 messages, 196 kB received in 554 messages, session time 990 s.
2026-09-05 12:06:45,282 [INFO] Disconnecting
2026-09-05 12:06:45,283 [INFO] Déconnecté d'IBKR.
Traceback (most recent call last):
  File "C:\Users\bouil\Desktop\CalculRisque_Mark5-main\03b_recuperation_cours_quotidiens.py", line 458, in <module>
    ok_count, fail_count = 0, 0
    ^^^^^^
  File "C:\Users\bouil\Desktop\CalculRisque_Mark5-main\03b_recuperation_cours_quotidiens.py", line 420, in main
  File "C:\Users\bouil\Desktop\CalculRisque_Mark5-main\03b_recuperation_cours_quotidiens.py", line 330, in process_ticker
    def fetch_stooq_daily(ric: str, fetch_from: date, today: date) -> pd.DataFrame:
                                  ^^^^^^^^^^^^^^^^^^^^^^^^^^^^^^^^^^^^^^^^^^^^^^^^^
  File "C:\Users\bouil\Desktop\CalculRisque_Mark5-main\03b_recuperation_cours_quotidiens.py", line 273, in fetch_ibkr_daily
KeyboardInterrupt
