2026-09-05 12:07:07,581 [INFO] Log file: data\prices\daily_prices_20260905_120707.log
2026-09-05 12:07:07,650 [INFO] Univers chargé : 503 tickers.
2026-09-05 12:07:07,650 [INFO] Indice de référence SPY ajouté aux tickers à récupérer (SPDR S&P 500 ETF Trust). Il n'entre PAS dans l'univers investissable, qui vient de sp500_universe_history.parquet.
2026-09-05 12:07:08,376 [INFO] Cache existant chargé : data\prices\daily_prices.parquet (1926311 lignes, 505 symboles).
2026-09-05 12:07:22,876 [INFO] 0/504 tickers déjà à jour (ignorés), 504 à récupérer.
2026-09-05 12:07:23,489 [INFO] Connecting to 127.0.0.1:4002 with clientId 4...
2026-09-05 12:07:23,490 [INFO] Connected
2026-09-05 12:07:23,495 [INFO] Logged on to server version 176
2026-09-05 12:07:23,498 [INFO] API connection ready
2026-09-05 12:07:23,499 [INFO] Warning 2104, reqId -1: Market data farm connection is OK:eufarm
2026-09-05 12:07:23,499 [INFO] Warning 2106, reqId -1: HMDS data farm connection is OK:euhmds
2026-09-05 12:07:23,500 [INFO] Warning 2106, reqId -1: HMDS data farm connection is OK:ushmds
2026-09-05 12:07:23,500 [INFO] Warning 2158, reqId -1: Sec-def data farm connection is OK:secdefeu
2026-09-05 12:07:23,613 [INFO] Synchronization complete
2026-09-05 12:07:23,613 [INFO] Connecté à IBKR sur 127.0.0.1:4002 (clientId=4, readonly=True).
2026-09-05 12:07:23,614 [INFO] [1/504] A (Agilent Technologies), depuis 2026-08-25...
2026-09-05 12:07:34,907 [INFO]   -> 9 jours récupérés pour A (source: ibkr)
2026-09-05 12:07:34,908 [INFO] [2/504] AAPL (Apple Inc.), depuis 2026-08-25...
2026-09-05 12:07:46,058 [INFO]   -> 9 jours récupérés pour AAPL (source: ibkr)
2026-09-05 12:07:46,058 [INFO] [3/504] ABBV (AbbVie), depuis 2026-08-25...
2026-09-05 12:07:57,209 [INFO]   -> 9 jours récupérés pour ABBV (source: ibkr)
2026-09-05 12:07:57,210 [INFO] [4/504] ABNB (Airbnb), depuis 2026-08-25...
2026-09-05 12:08:08,359 [INFO]   -> 9 jours récupérés pour ABNB (source: ibkr)
2026-09-05 12:08:08,359 [INFO] [5/504] ABT (Abbott Laboratories), depuis 2026-08-25...
2026-09-05 12:08:19,660 [INFO]   -> 9 jours récupérés pour ABT (source: ibkr)
2026-09-05 12:08:19,660 [INFO] [6/504] ACGL (Arch Capital Group), depuis 2026-08-25...
2026-09-05 12:08:30,813 [INFO]   -> 9 jours récupérés pour ACGL (source: ibkr)
2026-09-05 12:08:30,814 [INFO] [7/504] ACN (Accenture), depuis 2026-08-25...
2026-09-05 12:08:41,972 [INFO]   -> 9 jours récupérés pour ACN (source: ibkr)
2026-09-05 12:08:41,973 [INFO] [8/504] ADBE (Adobe Inc.), depuis 2026-08-25...
2026-09-05 12:08:53,126 [INFO]   -> 9 jours récupérés pour ADBE (source: ibkr)
2026-09-05 12:08:53,126 [INFO] [9/504] ADI (Analog Devices), depuis 2026-08-25...
2026-09-05 12:09:04,283 [INFO]   -> 9 jours récupérés pour ADI (source: ibkr)
2026-09-05 12:09:04,283 [INFO] [10/504] ADM (Archer Daniels Midland), depuis 2026-08-25...
2026-09-05 12:09:15,437 [INFO]   -> 9 jours récupérés pour ADM (source: ibkr)
2026-09-05 12:09:15,437 [INFO] [11/504] ADP (Automatic Data Processing), depuis 2026-08-25...
2026-09-05 12:09:26,597 [INFO]   -> 9 jours récupérés pour ADP (source: ibkr)
2026-09-05 12:09:26,597 [INFO] [12/504] ADSK (Autodesk), depuis 2026-08-25...
2026-09-05 12:09:37,750 [INFO]   -> 9 jours récupérés pour ADSK (source: ibkr)
2026-09-05 12:09:37,750 [INFO] [13/504] AEE (Ameren), depuis 2026-08-25...
2026-09-05 12:09:48,905 [INFO]   -> 9 jours récupérés pour AEE (source: ibkr)
2026-09-05 12:09:48,906 [INFO] [14/504] AEP (American Electric Power), depuis 2026-08-25...
2026-09-05 12:10:00,142 [INFO]   -> 9 jours récupérés pour AEP (source: ibkr)
2026-09-05 12:10:00,142 [INFO] [15/504] AES (AES Corporation), depuis 2026-08-25...
2026-09-05 12:10:11,299 [INFO]   -> 9 jours récupérés pour AES (source: ibkr)
2026-09-05 12:10:11,299 [INFO] [16/504] AFL (Aflac), depuis 2026-08-25...
2026-09-05 12:10:22,454 [INFO]   -> 9 jours récupérés pour AFL (source: ibkr)
2026-09-05 12:10:22,455 [INFO] [17/504] AIG (American International Group), depuis 2026-08-25...
2026-09-05 12:10:33,610 [INFO]   -> 9 jours récupérés pour AIG (source: ibkr)
2026-09-05 12:10:33,611 [INFO] [18/504] AIZ (Assurant), depuis 2026-08-25...
2026-09-05 12:10:44,765 [INFO]   -> 9 jours récupérés pour AIZ (source: ibkr)
2026-09-05 12:10:44,766 [INFO] [19/504] AJG (Arthur J. Gallagher & Co.), depuis 2026-08-25...
2026-09-05 12:10:55,921 [INFO]   -> 9 jours récupérés pour AJG (source: ibkr)
2026-09-05 12:10:55,921 [INFO] [20/504] AKAM (Akamai Technologies), depuis 2026-08-25...
2026-09-05 12:11:07,078 [INFO]   -> 9 jours récupérés pour AKAM (source: ibkr)
2026-09-05 12:11:07,078 [INFO] [21/504] ALB (Albemarle Corporation), depuis 2026-08-25...
2026-09-05 12:11:18,232 [INFO]   -> 9 jours récupérés pour ALB (source: ibkr)
2026-09-05 12:11:18,233 [INFO] [22/504] ALGN (Align Technology), depuis 2026-08-25...
2026-09-05 12:11:29,387 [INFO]   -> 9 jours récupérés pour ALGN (source: ibkr)
2026-09-05 12:11:29,387 [INFO] [23/504] ALL (Allstate), depuis 2026-08-25...
2026-09-05 12:11:40,542 [INFO]   -> 9 jours récupérés pour ALL (source: ibkr)
2026-09-05 12:11:40,542 [INFO] [24/504] ALLE (Allegion), depuis 2026-08-25...
2026-09-05 12:11:51,712 [INFO]   -> 9 jours récupérés pour ALLE (source: ibkr)
2026-09-05 12:11:51,712 [INFO] [25/504] AMAT (Applied Materials), depuis 2026-08-25...
2026-09-05 12:12:02,864 [INFO]   -> 9 jours récupérés pour AMAT (source: ibkr)
2026-09-05 12:12:04,590 [INFO]   [point de reprise] 25/504 tickers traités, 225 lignes en cache.
2026-09-05 12:12:04,590 [INFO] [26/504] AMCR (Amcor), depuis 2026-08-25...
2026-09-05 12:12:15,741 [INFO]   -> 9 jours récupérés pour AMCR (source: ibkr)
2026-09-05 12:12:15,741 [INFO] [27/504] AMD (Advanced Micro Devices), depuis 2026-08-25...
2026-09-05 12:12:26,906 [INFO]   -> 9 jours récupérés pour AMD (source: ibkr)
2026-09-05 12:12:26,906 [INFO] [28/504] AME (Ametek), depuis 2026-08-25...
2026-09-05 12:12:38,063 [INFO]   -> 9 jours récupérés pour AME (source: ibkr)
2026-09-05 12:12:38,064 [INFO] [29/504] AMGN (Amgen), depuis 2026-08-25...
2026-09-05 12:12:49,214 [INFO]   -> 9 jours récupérés pour AMGN (source: ibkr)
2026-09-05 12:12:49,214 [INFO] [30/504] AMP (Ameriprise Financial), depuis 2026-08-25...
2026-09-05 12:13:00,367 [INFO]   -> 9 jours récupérés pour AMP (source: ibkr)
2026-09-05 12:13:00,368 [INFO] [31/504] AMT (American Tower), depuis 2026-08-25...
2026-09-05 12:13:11,525 [INFO]   -> 9 jours récupérés pour AMT (source: ibkr)
2026-09-05 12:13:11,525 [INFO] [32/504] AMZN (Amazon), depuis 2026-08-25...
2026-09-05 12:13:22,681 [INFO]   -> 9 jours récupérés pour AMZN (source: ibkr)
2026-09-05 12:13:22,682 [INFO] [33/504] ANET (Arista Networks), depuis 2026-08-25...
2026-09-05 12:13:33,844 [INFO]   -> 9 jours récupérés pour ANET (source: ibkr)
2026-09-05 12:13:33,845 [INFO] [34/504] AON (Aon plc), depuis 2026-08-25...
2026-09-05 12:13:45,007 [INFO]   -> 9 jours récupérés pour AON (source: ibkr)
2026-09-05 12:13:45,007 [INFO] [35/504] AOS (A. O. Smith), depuis 2026-08-25...
2026-09-05 12:13:56,168 [INFO]   -> 9 jours récupérés pour AOS (source: ibkr)
2026-09-05 12:13:56,169 [INFO] [36/504] APA (APA Corporation), depuis 2026-08-25...
2026-09-05 12:14:07,329 [INFO]   -> 9 jours récupérés pour APA (source: ibkr)
2026-09-05 12:14:07,329 [INFO] [37/504] APD (Air Products), depuis 2026-08-25...
2026-09-05 12:14:18,490 [INFO]   -> 9 jours récupérés pour APD (source: ibkr)
2026-09-05 12:14:18,491 [INFO] [38/504] APH (Amphenol), depuis 2026-08-25...
2026-09-05 12:14:29,653 [INFO]   -> 9 jours récupérés pour APH (source: ibkr)
2026-09-05 12:14:29,654 [INFO] [39/504] APO (Apollo Global Management), depuis 2026-08-25...
2026-09-05 12:14:40,811 [INFO]   -> 9 jours récupérés pour APO (source: ibkr)
2026-09-05 12:14:40,811 [INFO] [40/504] APP (AppLovin), depuis 2026-08-25...
2026-09-05 12:14:51,962 [INFO]   -> 9 jours récupérés pour APP (source: ibkr)
2026-09-05 12:14:51,962 [INFO] [41/504] APTV (Aptiv), depuis 2026-08-25...
2026-09-05 12:15:03,121 [INFO]   -> 9 jours récupérés pour APTV (source: ibkr)
2026-09-05 12:15:03,121 [INFO] [42/504] ARE (Alexandria Real Estate Equities), depuis 2026-08-25...
2026-09-05 12:15:14,272 [INFO]   -> 9 jours récupérés pour ARE (source: ibkr)
2026-09-05 12:15:14,273 [INFO] [43/504] ARES (Ares Management), depuis 2026-08-25...
2026-09-05 12:15:25,429 [INFO]   -> 9 jours récupérés pour ARES (source: ibkr)
2026-09-05 12:15:25,429 [INFO] [44/504] ATO (Atmos Energy), depuis 2026-08-25...
2026-09-05 12:15:36,587 [INFO]   -> 9 jours récupérés pour ATO (source: ibkr)
2026-09-05 12:15:36,587 [INFO] [45/504] AVB (AvalonBay Communities), depuis 2026-08-13...
2026-09-05 12:15:36,610 [ERROR] Error 200, reqId 91: No security definition has been found for the request, contract: Stock(symbol='AVB', exchange='SMART', currency='USD')
2026-09-05 12:15:38,348 [WARNING]   -> ECHEC (ni IBKR ni Stooq) pour AVB : Aucune donnée (ni IBKR ni Stooq) pour AVB -- TROU DE COUVERTURE.
2026-09-05 12:15:38,349 [INFO] [46/504] AVGO (Broadcom), depuis 2026-08-25...
2026-09-05 12:15:49,509 [INFO]   -> 9 jours récupérés pour AVGO (source: ibkr)
2026-09-05 12:15:49,509 [INFO] [47/504] AVY (Avery Dennison), depuis 2026-08-25...
2026-09-05 12:16:00,669 [INFO]   -> 9 jours récupérés pour AVY (source: ibkr)
2026-09-05 12:16:00,669 [INFO] [48/504] AWK (American Water Works), depuis 2026-08-25...
2026-09-05 12:16:11,826 [INFO]   -> 9 jours récupérés pour AWK (source: ibkr)
2026-09-05 12:16:11,826 [INFO] [49/504] AXON (Axon Enterprise), depuis 2026-08-25...
2026-09-05 12:16:22,984 [INFO]   -> 9 jours récupérés pour AXON (source: ibkr)
2026-09-05 12:16:22,985 [INFO] [50/504] AXP (American Express), depuis 2026-08-25...
2026-09-05 12:16:34,146 [INFO]   -> 9 jours récupérés pour AXP (source: ibkr)
2026-09-05 12:16:38,426 [INFO]   [point de reprise] 50/504 tickers traités, 441 lignes en cache.
2026-09-05 12:16:38,426 [INFO] [51/504] AZO (AutoZone), depuis 2026-08-25...
2026-09-05 12:16:49,595 [INFO]   -> 9 jours récupérés pour AZO (source: ibkr)
2026-09-05 12:16:49,595 [INFO] [52/504] BA (Boeing), depuis 2026-08-25...
2026-09-05 12:17:00,756 [INFO]   -> 9 jours récupérés pour BA (source: ibkr)
2026-09-05 12:17:00,757 [INFO] [53/504] BAC (Bank of America), depuis 2026-08-25...
2026-09-05 12:17:11,917 [INFO]   -> 9 jours récupérés pour BAC (source: ibkr)
2026-09-05 12:17:11,917 [INFO] [54/504] BALL (Ball Corporation), depuis 2026-08-25...
2026-09-05 12:17:23,082 [INFO]   -> 9 jours récupérés pour BALL (source: ibkr)
2026-09-05 12:17:23,083 [INFO] [55/504] BAX (Baxter International), depuis 2026-08-25...
2026-09-05 12:17:34,239 [INFO]   -> 9 jours récupérés pour BAX (source: ibkr)
2026-09-05 12:17:34,239 [INFO] [56/504] BBY (Best Buy), depuis 2026-08-25...
2026-09-05 12:17:45,403 [INFO]   -> 9 jours récupérés pour BBY (source: ibkr)
2026-09-05 12:17:45,404 [INFO] [57/504] BDX (Becton Dickinson), depuis 2026-08-25...
2026-09-05 12:17:56,568 [INFO]   -> 9 jours récupérés pour BDX (source: ibkr)
2026-09-05 12:17:56,569 [INFO] [58/504] BEN (Franklin Resources), depuis 2026-08-25...
2026-09-05 12:18:07,726 [INFO]   -> 9 jours récupérés pour BEN (source: ibkr)
2026-09-05 12:18:07,726 [INFO] [59/504] BF B (Brown–Forman), depuis 2026-08-25...
2026-09-05 12:18:18,893 [INFO]   -> 9 jours récupérés pour BF B (source: ibkr)
2026-09-05 12:18:18,894 [INFO] [60/504] BG (Bunge Global), depuis 2026-08-25...
2026-09-05 12:18:30,138 [INFO]   -> 9 jours récupérés pour BG (source: ibkr)
2026-09-05 12:18:30,138 [INFO] [61/504] BIIB (Biogen), depuis 2026-08-25...
2026-09-05 12:18:41,315 [INFO]   -> 9 jours récupérés pour BIIB (source: ibkr)
2026-09-05 12:18:41,316 [INFO] [62/504] BKNG (Booking Holdings), depuis 2026-08-25...
2026-09-05 12:18:52,485 [INFO]   -> 9 jours récupérés pour BKNG (source: ibkr)
2026-09-05 12:18:52,486 [INFO] [63/504] BKR (Baker Hughes), depuis 2026-08-25...
2026-09-05 12:19:03,649 [INFO]   -> 9 jours récupérés pour BKR (source: ibkr)
2026-09-05 12:19:03,649 [INFO] [64/504] BLDR (Builders FirstSource), depuis 2026-08-25...
2026-09-05 12:19:14,802 [INFO]   -> 9 jours récupérés pour BLDR (source: ibkr)
2026-09-05 12:19:14,802 [INFO] [65/504] BLK (BlackRock), depuis 2026-08-25...
2026-09-05 12:19:25,954 [INFO]   -> 9 jours récupérés pour BLK (source: ibkr)
2026-09-05 12:19:25,955 [INFO] [66/504] BMY (Bristol Myers Squibb), depuis 2026-08-25...
2026-09-05 12:19:37,115 [INFO]   -> 9 jours récupérés pour BMY (source: ibkr)
2026-09-05 12:19:37,116 [INFO] [67/504] BNY (BNY Mellon), depuis 2026-08-25...
2026-09-05 12:19:48,272 [INFO]   -> 9 jours récupérés pour BNY (source: ibkr)
2026-09-05 12:19:48,273 [INFO] [68/504] BR (Broadridge Financial Solutions), depuis 2026-08-25...
2026-09-05 12:19:59,432 [INFO]   -> 9 jours récupérés pour BR (source: ibkr)
2026-09-05 12:19:59,432 [INFO] [69/504] BRK B (Berkshire Hathaway), depuis 2026-08-25...
2026-09-05 12:20:10,592 [INFO]   -> 9 jours récupérés pour BRK B (source: ibkr)
2026-09-05 12:20:10,592 [INFO] [70/504] BRO (Brown & Brown), depuis 2026-08-25...
2026-09-05 12:20:21,749 [INFO]   -> 9 jours récupérés pour BRO (source: ibkr)
2026-09-05 12:20:21,749 [INFO] [71/504] BSX (Boston Scientific), depuis 2026-08-25...
2026-09-05 12:20:32,907 [INFO]   -> 9 jours récupérés pour BSX (source: ibkr)
2026-09-05 12:20:32,907 [INFO] [72/504] BX (Blackstone Inc.), depuis 2026-08-25...
2026-09-05 12:20:44,068 [INFO]   -> 9 jours récupérés pour BX (source: ibkr)
2026-09-05 12:20:44,069 [INFO] [73/504] BXP (BXP, Inc.), depuis 2026-08-25...
2026-09-05 12:20:55,224 [INFO]   -> 9 jours récupérés pour BXP (source: ibkr)
2026-09-05 12:20:55,225 [INFO] [74/504] C (Citigroup), depuis 2026-08-25...
2026-09-05 12:21:06,383 [INFO]   -> 9 jours récupérés pour C (source: ibkr)
2026-09-05 12:21:06,383 [INFO] [75/504] CAH (Cardinal Health), depuis 2026-08-25...
2026-09-05 12:21:17,539 [INFO]   -> 9 jours récupérés pour CAH (source: ibkr)
2026-09-05 12:21:21,808 [INFO]   [point de reprise] 75/504 tickers traités, 666 lignes en cache.
2026-09-05 12:21:21,809 [INFO] [76/504] CARR (Carrier Global), depuis 2026-08-25...
2026-09-05 12:21:32,966 [INFO]   -> 9 jours récupérés pour CARR (source: ibkr)
2026-09-05 12:21:32,966 [INFO] [77/504] CASY (Casey's), depuis 2026-08-25...
2026-09-05 12:21:44,128 [INFO]   -> 9 jours récupérés pour CASY (source: ibkr)
2026-09-05 12:21:44,129 [INFO] [78/504] CAT (Caterpillar Inc.), depuis 2026-08-25...
2026-09-05 12:21:55,319 [INFO]   -> 9 jours récupérés pour CAT (source: ibkr)
2026-09-05 12:21:55,319 [INFO] [79/504] CB (Chubb Limited), depuis 2026-08-25...
2026-09-05 12:22:06,480 [INFO]   -> 9 jours récupérés pour CB (source: ibkr)
2026-09-05 12:22:06,481 [INFO] [80/504] CBOE (Cboe Global Markets), depuis 2026-08-25...
2026-09-05 12:22:17,641 [INFO]   -> 9 jours récupérés pour CBOE (source: ibkr)
2026-09-05 12:22:17,642 [INFO] [81/504] CBRE (CBRE Group), depuis 2026-08-25...
2026-09-05 12:22:28,805 [INFO]   -> 9 jours récupérés pour CBRE (source: ibkr)
2026-09-05 12:22:28,805 [INFO] [82/504] CCI (Crown Castle), depuis 2026-08-25...
2026-09-05 12:22:39,957 [INFO]   -> 9 jours récupérés pour CCI (source: ibkr)
2026-09-05 12:22:39,957 [INFO] [83/504] CCL (Carnival Corporation), depuis 2026-08-25...
2026-09-05 12:22:51,112 [INFO]   -> 9 jours récupérés pour CCL (source: ibkr)
2026-09-05 12:22:51,112 [INFO] [84/504] CDNS (Cadence Design Systems), depuis 2026-08-25...
2026-09-05 12:23:02,265 [INFO]   -> 9 jours récupérés pour CDNS (source: ibkr)
2026-09-05 12:23:02,266 [INFO] [85/504] CDW (CDW Corporation), depuis 2026-08-25...
2026-09-05 12:23:13,421 [INFO]   -> 9 jours récupérés pour CDW (source: ibkr)
2026-09-05 12:23:13,422 [INFO] [86/504] CEG (Constellation Energy), depuis 2026-08-25...
2026-09-05 12:23:24,578 [INFO]   -> 9 jours récupérés pour CEG (source: ibkr)
2026-09-05 12:23:24,578 [INFO] [87/504] CF (CF Industries), depuis 2026-08-25...
2026-09-05 12:23:35,736 [INFO]   -> 9 jours récupérés pour CF (source: ibkr)
2026-09-05 12:23:35,737 [INFO] [88/504] CFG (Citizens Financial Group), depuis 2026-08-25...
2026-09-05 12:23:46,895 [INFO]   -> 9 jours récupérés pour CFG (source: ibkr)
2026-09-05 12:23:46,896 [INFO] [89/504] CHD (Church & Dwight), depuis 2026-08-25...
2026-09-05 12:23:58,051 [INFO]   -> 9 jours récupérés pour CHD (source: ibkr)
2026-09-05 12:23:58,051 [INFO] [90/504] CHRW (C.H. Robinson), depuis 2026-08-25...
2026-09-05 12:24:09,207 [INFO]   -> 9 jours récupérés pour CHRW (source: ibkr)
2026-09-05 12:24:09,208 [INFO] [91/504] CHTR (Charter Communications), depuis 2026-08-25...
2026-09-05 12:24:20,363 [INFO]   -> 9 jours récupérés pour CHTR (source: ibkr)
2026-09-05 12:24:20,363 [INFO] [92/504] CI (Cigna), depuis 2026-08-25...
2026-09-05 12:24:31,643 [INFO]   -> 9 jours récupérés pour CI (source: ibkr)
2026-09-05 12:24:31,643 [INFO] [93/504] CIEN (Ciena), depuis 2026-08-25...
2026-09-05 12:24:42,799 [INFO]   -> 9 jours récupérés pour CIEN (source: ibkr)
2026-09-05 12:24:42,799 [INFO] [94/504] CINF (Cincinnati Financial), depuis 2026-08-25...
2026-09-05 12:24:53,955 [INFO]   -> 9 jours récupérés pour CINF (source: ibkr)
2026-09-05 12:24:53,956 [INFO] [95/504] CL (Colgate-Palmolive), depuis 2026-08-25...
2026-09-05 12:25:05,114 [INFO]   -> 9 jours récupérés pour CL (source: ibkr)
2026-09-05 12:25:05,114 [INFO] [96/504] CLX (Clorox), depuis 2026-08-25...
2026-09-05 12:25:16,275 [INFO]   -> 9 jours récupérés pour CLX (source: ibkr)
2026-09-05 12:25:16,275 [INFO] [97/504] CMCSA (Comcast), depuis 2026-08-25...
2026-09-05 12:25:27,429 [INFO]   -> 9 jours récupérés pour CMCSA (source: ibkr)
2026-09-05 12:25:27,429 [INFO] [98/504] CME (CME Group), depuis 2026-08-25...
2026-09-05 12:25:38,585 [INFO]   -> 9 jours récupérés pour CME (source: ibkr)
2026-09-05 12:25:38,585 [INFO] [99/504] CMG (Chipotle Mexican Grill), depuis 2026-08-25...
2026-09-05 12:25:49,746 [INFO]   -> 9 jours récupérés pour CMG (source: ibkr)
2026-09-05 12:25:49,746 [INFO] [100/504] CMI (Cummins), depuis 2026-08-25...
2026-09-05 12:26:00,903 [INFO]   -> 9 jours récupérés pour CMI (source: ibkr)
2026-09-05 12:26:05,069 [INFO]   [point de reprise] 100/504 tickers traités, 891 lignes en cache.
2026-09-05 12:26:05,069 [INFO] [101/504] CMS (CMS Energy), depuis 2026-08-25...
2026-09-05 12:26:16,223 [INFO]   -> 9 jours récupérés pour CMS (source: ibkr)
2026-09-05 12:26:16,224 [INFO] [102/504] CNC (Centene Corporation), depuis 2026-08-25...
2026-09-05 12:26:27,384 [INFO]   -> 9 jours récupérés pour CNC (source: ibkr)
2026-09-05 12:26:27,384 [INFO] [103/504] CNP (CenterPoint Energy), depuis 2026-08-25...
2026-09-05 12:26:38,588 [INFO]   -> 9 jours récupérés pour CNP (source: ibkr)
2026-09-05 12:26:38,588 [INFO] [104/504] COF (Capital One), depuis 2026-08-25...
2026-09-05 12:26:49,745 [INFO]   -> 9 jours récupérés pour COF (source: ibkr)
2026-09-05 12:26:49,746 [INFO] [105/504] COHR (Coherent Corp.), depuis 2026-08-25...
2026-09-05 12:27:00,901 [INFO]   -> 9 jours récupérés pour COHR (source: ibkr)
2026-09-05 12:27:00,902 [INFO] [106/504] COIN (Coinbase), depuis 2026-08-25...
2026-09-05 12:27:12,071 [INFO]   -> 9 jours récupérés pour COIN (source: ibkr)
2026-09-05 12:27:12,072 [INFO] [107/504] COO (Cooper Companies (The)), depuis 2026-08-25...
2026-09-05 12:27:23,231 [INFO]   -> 9 jours récupérés pour COO (source: ibkr)
2026-09-05 12:27:23,231 [INFO] [108/504] COP (ConocoPhillips), depuis 2026-08-25...
2026-09-05 12:27:34,393 [INFO]   -> 9 jours récupérés pour COP (source: ibkr)
2026-09-05 12:27:34,393 [INFO] [109/504] COR (Cencora), depuis 2026-08-25...
2026-09-05 12:27:45,552 [INFO]   -> 9 jours récupérés pour COR (source: ibkr)
2026-09-05 12:27:45,552 [INFO] [110/504] COST (Costco), depuis 2026-08-25...
2026-09-05 12:27:56,713 [INFO]   -> 9 jours récupérés pour COST (source: ibkr)
2026-09-05 12:27:56,714 [INFO] [111/504] CPAY (Corpay), depuis 2026-08-25...
2026-09-05 12:28:07,871 [INFO]   -> 9 jours récupérés pour CPAY (source: ibkr)
2026-09-05 12:28:07,871 [INFO] [112/504] CPRT (Copart), depuis 2026-08-25...
2026-09-05 12:28:19,038 [INFO]   -> 9 jours récupérés pour CPRT (source: ibkr)
2026-09-05 12:28:19,038 [INFO] [113/504] CPT (Camden Property Trust), depuis 2026-08-25...
2026-09-05 12:28:30,283 [INFO]   -> 9 jours récupérés pour CPT (source: ibkr)
2026-09-05 12:28:30,284 [INFO] [114/504] CRH (CRH plc), depuis 2026-08-25...
2026-09-05 12:28:41,441 [INFO]   -> 9 jours récupérés pour CRH (source: ibkr)
2026-09-05 12:28:41,441 [INFO] [115/504] CRL (Charles River Laboratories), depuis 2026-08-25...
2026-09-05 12:28:52,601 [INFO]   -> 9 jours récupérés pour CRL (source: ibkr)
2026-09-05 12:28:52,601 [INFO] [116/504] CRM (Salesforce), depuis 2026-08-25...
2026-09-05 12:29:03,761 [INFO]   -> 9 jours récupérés pour CRM (source: ibkr)
2026-09-05 12:29:03,762 [INFO] [117/504] CRWD (CrowdStrike), depuis 2026-08-25...
2026-09-05 12:29:14,916 [INFO]   -> 9 jours récupérés pour CRWD (source: ibkr)
2026-09-05 12:29:14,917 [INFO] [118/504] CSCO (Cisco), depuis 2026-08-25...
2026-09-05 12:29:26,075 [INFO]   -> 9 jours récupérés pour CSCO (source: ibkr)
2026-09-05 12:29:26,075 [INFO] [119/504] CSGP (CoStar Group), depuis 2026-08-25...
2026-09-05 12:29:37,227 [INFO]   -> 9 jours récupérés pour CSGP (source: ibkr)
2026-09-05 12:29:37,228 [INFO] [120/504] CSX (CSX Corporation), depuis 2026-08-25...
2026-09-05 12:29:48,383 [INFO]   -> 9 jours récupérés pour CSX (source: ibkr)
2026-09-05 12:29:48,383 [INFO] [121/504] CTAS (Cintas), depuis 2026-08-25...
2026-09-05 12:29:59,540 [INFO]   -> 9 jours récupérés pour CTAS (source: ibkr)
2026-09-05 12:29:59,540 [INFO] [122/504] CTSH (Cognizant), depuis 2026-08-25...
2026-09-05 12:30:10,695 [INFO]   -> 9 jours récupérés pour CTSH (source: ibkr)
2026-09-05 12:30:10,695 [INFO] [123/504] CTVA (Corteva), depuis 2026-08-25...
2026-09-05 12:30:21,858 [INFO]   -> 9 jours récupérés pour CTVA (source: ibkr)
2026-09-05 12:30:21,858 [INFO] [124/504] CVNA (Carvana), depuis 2026-08-25...
2026-09-05 12:30:33,013 [INFO]   -> 9 jours récupérés pour CVNA (source: ibkr)
2026-09-05 12:30:33,013 [INFO] [125/504] CVS (CVS Health), depuis 2026-08-25...
2026-09-05 12:30:44,175 [INFO]   -> 9 jours récupérés pour CVS (source: ibkr)
2026-09-05 12:30:48,399 [INFO]   [point de reprise] 125/504 tickers traités, 1116 lignes en cache.
2026-09-05 12:30:48,400 [INFO] [126/504] CVX (Chevron Corporation), depuis 2026-08-25...
2026-09-05 12:30:59,559 [INFO]   -> 9 jours récupérés pour CVX (source: ibkr)
2026-09-05 12:30:59,559 [INFO] [127/504] D (Dominion Energy), depuis 2026-08-25...
2026-09-05 12:31:10,715 [INFO]   -> 9 jours récupérés pour D (source: ibkr)
2026-09-05 12:31:10,716 [INFO] [128/504] DAL (Delta Air Lines), depuis 2026-08-25...
2026-09-05 12:31:21,873 [INFO]   -> 9 jours récupérés pour DAL (source: ibkr)
2026-09-05 12:31:21,874 [INFO] [129/504] DASH (DoorDash), depuis 2026-08-25...
2026-09-05 12:31:33,031 [INFO]   -> 9 jours récupérés pour DASH (source: ibkr)
2026-09-05 12:31:33,031 [INFO] [130/504] DD (DuPont), depuis 2026-08-25...
2026-09-05 12:31:44,194 [INFO]   -> 9 jours récupérés pour DD (source: ibkr)
2026-09-05 12:31:44,195 [INFO] [131/504] DDOG (Datadog), depuis 2026-08-25...
2026-09-05 12:31:55,352 [INFO]   -> 9 jours récupérés pour DDOG (source: ibkr)
2026-09-05 12:31:55,353 [INFO] [132/504] DE (Deere & Company), depuis 2026-08-25...
2026-09-05 12:32:06,509 [INFO]   -> 9 jours récupérés pour DE (source: ibkr)
2026-09-05 12:32:06,510 [INFO] [133/504] DECK (Deckers Brands), depuis 2026-08-25...
2026-09-05 12:32:17,664 [INFO]   -> 9 jours récupérés pour DECK (source: ibkr)
2026-09-05 12:32:17,664 [INFO] [134/504] DELL (Dell Technologies), depuis 2026-08-25...
2026-09-05 12:32:28,834 [INFO]   -> 9 jours récupérés pour DELL (source: ibkr)
2026-09-05 12:32:28,835 [INFO] [135/504] DG (Dollar General), depuis 2026-08-25...
2026-09-05 12:32:39,992 [INFO]   -> 9 jours récupérés pour DG (source: ibkr)
2026-09-05 12:32:39,993 [INFO] [136/504] DGX (Quest Diagnostics), depuis 2026-08-25...
2026-09-05 12:32:51,152 [INFO]   -> 9 jours récupérés pour DGX (source: ibkr)
2026-09-05 12:32:51,153 [INFO] [137/504] DHI (D. R. Horton), depuis 2026-08-25...
2026-09-05 12:33:02,308 [INFO]   -> 9 jours récupérés pour DHI (source: ibkr)
2026-09-05 12:33:02,309 [INFO] [138/504] DHR (Danaher Corporation), depuis 2026-08-25...
2026-09-05 12:33:13,462 [INFO]   -> 9 jours récupérés pour DHR (source: ibkr)
2026-09-05 12:33:13,463 [INFO] [139/504] DIS (Walt Disney Company (The)), depuis 2026-08-25...
2026-09-05 12:33:24,623 [INFO]   -> 9 jours récupérés pour DIS (source: ibkr)
2026-09-05 12:33:24,624 [INFO] [140/504] DLR (Digital Realty), depuis 2026-08-25...
2026-09-05 12:33:35,785 [INFO]   -> 9 jours récupérés pour DLR (source: ibkr)
2026-09-05 12:33:35,786 [INFO] [141/504] DLTR (Dollar Tree), depuis 2026-08-25...
2026-09-05 12:33:46,945 [INFO]   -> 9 jours récupérés pour DLTR (source: ibkr)
2026-09-05 12:33:46,945 [INFO] [142/504] DOC (Healthpeak Properties), depuis 2026-08-25...
2026-09-05 12:33:58,105 [INFO]   -> 9 jours récupérés pour DOC (source: ibkr)
2026-09-05 12:33:58,105 [INFO] [143/504] DOV (Dover Corporation), depuis 2026-08-25...
2026-09-05 12:34:09,279 [INFO]   -> 9 jours récupérés pour DOV (source: ibkr)
2026-09-05 12:34:09,280 [INFO] [144/504] DOW (Dow Inc.), depuis 2026-08-25...
2026-09-05 12:34:20,437 [INFO]   -> 9 jours récupérés pour DOW (source: ibkr)
2026-09-05 12:34:20,438 [INFO] [145/504] DPZ (Domino's), depuis 2026-08-25...
2026-09-05 12:34:31,591 [INFO]   -> 9 jours récupérés pour DPZ (source: ibkr)
2026-09-05 12:34:31,591 [INFO] [146/504] DRI (Darden Restaurants), depuis 2026-08-25...
2026-09-05 12:34:42,745 [INFO]   -> 9 jours récupérés pour DRI (source: ibkr)
2026-09-05 12:34:42,745 [INFO] [147/504] DTE (DTE Energy), depuis 2026-08-25...
2026-09-05 12:34:53,902 [INFO]   -> 9 jours récupérés pour DTE (source: ibkr)
2026-09-05 12:34:53,903 [INFO] [148/504] DUK (Duke Energy), depuis 2026-08-25...
2026-09-05 12:35:05,064 [INFO]   -> 9 jours récupérés pour DUK (source: ibkr)
2026-09-05 12:35:05,064 [INFO] [149/504] DVA (DaVita), depuis 2026-08-25...
2026-09-05 12:35:16,218 [INFO]   -> 9 jours récupérés pour DVA (source: ibkr)
2026-09-05 12:35:16,219 [INFO] [150/504] DVN (Devon Energy), depuis 2026-08-25...
2026-09-05 12:35:27,375 [INFO]   -> 9 jours récupérés pour DVN (source: ibkr)
2026-09-05 12:35:31,523 [INFO]   [point de reprise] 150/504 tickers traités, 1341 lignes en cache.
2026-09-05 12:35:31,524 [INFO] [151/504] DXCM (Dexcom), depuis 2026-08-25...
2026-09-05 12:35:42,676 [INFO]   -> 9 jours récupérés pour DXCM (source: ibkr)
2026-09-05 12:35:42,676 [INFO] [152/504] EBAY (eBay Inc.), depuis 2026-08-25...
2026-09-05 12:35:53,833 [INFO]   -> 9 jours récupérés pour EBAY (source: ibkr)
2026-09-05 12:35:53,833 [INFO] [153/504] ECHO (EchoStar), depuis 2026-08-25...
2026-09-05 12:36:04,987 [INFO]   -> 9 jours récupérés pour ECHO (source: ibkr)
2026-09-05 12:36:04,988 [INFO] [154/504] ECL (Ecolab), depuis 2026-08-25...
2026-09-05 12:36:16,144 [INFO]   -> 9 jours récupérés pour ECL (source: ibkr)
2026-09-05 12:36:16,144 [INFO] [155/504] ED (Consolidated Edison), depuis 2026-08-25...
2026-09-05 12:36:27,301 [INFO]   -> 9 jours récupérés pour ED (source: ibkr)
2026-09-05 12:36:27,301 [INFO] [156/504] EFX (Equifax), depuis 2026-08-25...
2026-09-05 12:36:38,467 [INFO]   -> 9 jours récupérés pour EFX (source: ibkr)
2026-09-05 12:36:38,467 [INFO] [157/504] EG (Everest Group), depuis 2026-08-25...
2026-09-05 12:36:49,623 [INFO]   -> 9 jours récupérés pour EG (source: ibkr)
2026-09-05 12:36:49,623 [INFO] [158/504] EIX (Edison International), depuis 2026-08-25...
2026-09-05 12:37:00,779 [INFO]   -> 9 jours récupérés pour EIX (source: ibkr)
2026-09-05 12:37:00,780 [INFO] [159/504] EL (Estée Lauder Companies (The)), depuis 2026-08-25...
2026-09-05 12:37:11,938 [INFO]   -> 9 jours récupérés pour EL (source: ibkr)
2026-09-05 12:37:11,939 [INFO] [160/504] ELV (Elevance Health), depuis 2026-08-25...
2026-09-05 12:37:23,093 [INFO]   -> 9 jours récupérés pour ELV (source: ibkr)
2026-09-05 12:37:23,094 [INFO] [161/504] EME (Emcor), depuis 2026-08-25...
2026-09-05 12:37:34,246 [INFO]   -> 9 jours récupérés pour EME (source: ibkr)
2026-09-05 12:37:34,247 [INFO] [162/504] EMR (Emerson Electric), depuis 2026-08-25...
2026-09-05 12:37:45,406 [INFO]   -> 9 jours récupérés pour EMR (source: ibkr)
2026-09-05 12:37:45,406 [INFO] [163/504] EOG (EOG Resources), depuis 2026-08-25...
2026-09-05 12:37:56,563 [INFO]   -> 9 jours récupérés pour EOG (source: ibkr)
2026-09-05 12:37:56,564 [INFO] [164/504] EQIX (Equinix), depuis 2026-08-25...
2026-09-05 12:38:07,722 [INFO]   -> 9 jours récupérés pour EQIX (source: ibkr)
2026-09-05 12:38:07,722 [INFO] [165/504] EQR (Equity Residential), depuis 2026-08-17...
2026-09-05 12:38:07,747 [ERROR] Error 200, reqId 330: No security definition has been found for the request, contract: Stock(symbol='EQR', exchange='SMART', currency='USD')
2026-09-05 12:38:09,366 [WARNING]   -> ECHEC (ni IBKR ni Stooq) pour EQR : Aucune donnée (ni IBKR ni Stooq) pour EQR -- TROU DE COUVERTURE.
2026-09-05 12:38:09,367 [INFO] [166/504] EQT (EQT Corporation), depuis 2026-08-25...
2026-09-05 12:38:20,526 [INFO]   -> 9 jours récupérés pour EQT (source: ibkr)
2026-09-05 12:38:20,527 [INFO] [167/504] ERIE (Erie Indemnity), depuis 2026-08-25...
2026-09-05 12:38:31,748 [INFO]   -> 9 jours récupérés pour ERIE (source: ibkr)
2026-09-05 12:38:31,749 [INFO] [168/504] ES (Eversource Energy), depuis 2026-08-25...
2026-09-05 12:38:42,904 [INFO]   -> 9 jours récupérés pour ES (source: ibkr)
2026-09-05 12:38:42,904 [INFO] [169/504] ESS (Essex Property Trust), depuis 2026-08-25...
2026-09-05 12:38:54,063 [INFO]   -> 9 jours récupérés pour ESS (source: ibkr)
2026-09-05 12:38:54,063 [INFO] [170/504] ETN (Eaton Corporation), depuis 2026-08-25...
2026-09-05 12:39:05,219 [INFO]   -> 9 jours récupérés pour ETN (source: ibkr)
2026-09-05 12:39:05,219 [INFO] [171/504] ETR (Entergy), depuis 2026-08-25...
2026-09-05 12:39:16,377 [INFO]   -> 9 jours récupérés pour ETR (source: ibkr)
2026-09-05 12:39:16,378 [INFO] [172/504] EVRG (Evergy), depuis 2026-08-25...
2026-09-05 12:39:27,537 [INFO]   -> 9 jours récupérés pour EVRG (source: ibkr)
2026-09-05 12:39:27,537 [INFO] [173/504] EW (Edwards Lifesciences), depuis 2026-08-25...
2026-09-05 12:39:38,692 [INFO]   -> 9 jours récupérés pour EW (source: ibkr)
2026-09-05 12:39:38,693 [INFO] [174/504] EXC (Exelon), depuis 2026-08-25...
2026-09-05 12:39:49,847 [INFO]   -> 9 jours récupérés pour EXC (source: ibkr)
2026-09-05 12:39:49,848 [INFO] [175/504] EXE (Expand Energy), depuis 2026-08-25...
2026-09-05 12:40:01,002 [INFO]   -> 9 jours récupérés pour EXE (source: ibkr)
2026-09-05 12:40:05,202 [INFO]   [point de reprise] 175/504 tickers traités, 1557 lignes en cache.
2026-09-05 12:40:05,202 [INFO] [176/504] EXPD (Expeditors International), depuis 2026-08-25...
2026-09-05 12:40:16,358 [INFO]   -> 9 jours récupérés pour EXPD (source: ibkr)
2026-09-05 12:40:16,359 [INFO] [177/504] EXPE (Expedia Group), depuis 2026-08-25...
2026-09-05 12:40:27,515 [INFO]   -> 9 jours récupérés pour EXPE (source: ibkr)
2026-09-05 12:40:27,516 [INFO] [178/504] EXR (Extra Space Storage), depuis 2026-08-25...
2026-09-05 12:40:38,690 [INFO]   -> 9 jours récupérés pour EXR (source: ibkr)
2026-09-05 12:40:38,690 [INFO] [179/504] F (Ford Motor Company), depuis 2026-08-25...
2026-09-05 12:40:49,858 [INFO]   -> 9 jours récupérés pour F (source: ibkr)
2026-09-05 12:40:49,859 [INFO] [180/504] FANG (Diamondback Energy), depuis 2026-08-25...
2026-09-05 12:41:01,018 [INFO]   -> 9 jours récupérés pour FANG (source: ibkr)
2026-09-05 12:41:01,018 [INFO] [181/504] FAST (Fastenal), depuis 2026-08-25...
2026-09-05 12:41:12,179 [INFO]   -> 9 jours récupérés pour FAST (source: ibkr)
2026-09-05 12:41:12,180 [INFO] [182/504] FCX (Freeport-McMoRan), depuis 2026-08-25...
2026-09-05 12:41:23,331 [INFO]   -> 9 jours récupérés pour FCX (source: ibkr)
2026-09-05 12:41:23,331 [INFO] [183/504] FDS (FactSet), depuis 2026-08-25...
2026-09-05 12:41:34,490 [INFO]   -> 9 jours récupérés pour FDS (source: ibkr)
2026-09-05 12:41:34,491 [INFO] [184/504] FDX (FedEx), depuis 2026-08-25...
2026-09-05 12:41:45,651 [INFO]   -> 9 jours récupérés pour FDX (source: ibkr)
2026-09-05 12:41:45,652 [INFO] [185/504] FDXF (FedEx Freight), depuis 2026-08-25...
2026-09-05 12:41:56,810 [INFO]   -> 9 jours récupérés pour FDXF (source: ibkr)
2026-09-05 12:41:56,811 [INFO] [186/504] FE (FirstEnergy), depuis 2026-08-25...
2026-09-05 12:42:07,975 [INFO]   -> 9 jours récupérés pour FE (source: ibkr)
2026-09-05 12:42:07,976 [INFO] [187/504] FERG (Ferguson Enterprises), depuis 2026-08-25...
2026-09-05 12:42:19,137 [INFO]   -> 9 jours récupérés pour FERG (source: ibkr)
2026-09-05 12:42:19,137 [INFO] [188/504] FFIV (F5, Inc.), depuis 2026-08-25...
2026-09-05 12:42:30,357 [INFO]   -> 9 jours récupérés pour FFIV (source: ibkr)
2026-09-05 12:42:30,357 [INFO] [189/504] FICO (Fair Isaac), depuis 2026-08-25...
2026-09-05 12:42:41,511 [INFO]   -> 9 jours récupérés pour FICO (source: ibkr)
2026-09-05 12:42:41,511 [INFO] [190/504] FIS (Fidelity National Information Services), depuis 2026-08-25...
2026-09-05 12:42:52,665 [INFO]   -> 9 jours récupérés pour FIS (source: ibkr)
2026-09-05 12:42:52,665 [INFO] [191/504] FISV (Fiserv), depuis 2026-08-25...
2026-09-05 12:43:03,825 [INFO]   -> 9 jours récupérés pour FISV (source: ibkr)
2026-09-05 12:43:03,826 [INFO] [192/504] FITB (Fifth Third Bancorp), depuis 2026-08-25...
2026-09-05 12:43:14,982 [INFO]   -> 9 jours récupérés pour FITB (source: ibkr)
2026-09-05 12:43:14,982 [INFO] [193/504] FIX (Comfort Systems USA), depuis 2026-08-25...
2026-09-05 12:43:26,154 [INFO]   -> 9 jours récupérés pour FIX (source: ibkr)
2026-09-05 12:43:26,154 [INFO] [194/504] FLEX (Flex Ltd.), depuis 2026-08-25...
2026-09-05 12:43:37,313 [INFO]   -> 9 jours récupérés pour FLEX (source: ibkr)
2026-09-05 12:43:37,313 [INFO] [195/504] FOX (Fox Corporation (Class B)), depuis 2026-08-25...
2026-09-05 12:43:48,472 [INFO]   -> 9 jours récupérés pour FOX (source: ibkr)
2026-09-05 12:43:48,472 [INFO] [196/504] FOXA (Fox Corporation (Class A)), depuis 2026-08-25...
2026-09-05 12:43:59,626 [INFO]   -> 9 jours récupérés pour FOXA (source: ibkr)
2026-09-05 12:43:59,626 [INFO] [197/504] FRT (Federal Realty Investment Trust), depuis 2026-08-25...
2026-09-05 12:44:10,782 [INFO]   -> 9 jours récupérés pour FRT (source: ibkr)
2026-09-05 12:44:10,782 [INFO] [198/504] FSLR (First Solar), depuis 2026-08-25...
2026-09-05 12:44:21,948 [INFO]   -> 9 jours récupérés pour FSLR (source: ibkr)
2026-09-05 12:44:21,948 [INFO] [199/504] FTNT (Fortinet), depuis 2026-08-25...
2026-09-05 12:44:33,109 [INFO]   -> 9 jours récupérés pour FTNT (source: ibkr)
2026-09-05 12:44:33,110 [INFO] [200/504] FTV (Fortive), depuis 2026-08-25...
2026-09-05 12:44:44,266 [INFO]   -> 9 jours récupérés pour FTV (source: ibkr)
2026-09-05 12:44:48,488 [INFO]   [point de reprise] 200/504 tickers traités, 1782 lignes en cache.
2026-09-05 12:44:48,489 [INFO] [201/504] GD (General Dynamics), depuis 2026-08-25...
2026-09-05 12:44:59,645 [INFO]   -> 9 jours récupérés pour GD (source: ibkr)
2026-09-05 12:44:59,646 [INFO] [202/504] GDDY (GoDaddy), depuis 2026-08-25...
2026-09-05 12:45:10,801 [INFO]   -> 9 jours récupérés pour GDDY (source: ibkr)
2026-09-05 12:45:10,801 [INFO] [203/504] GE (GE Aerospace), depuis 2026-08-25...
2026-09-05 12:45:21,963 [INFO]   -> 9 jours récupérés pour GE (source: ibkr)
2026-09-05 12:45:21,963 [INFO] [204/504] GEHC (GE HealthCare), depuis 2026-08-25...
2026-09-05 12:45:33,123 [INFO]   -> 9 jours récupérés pour GEHC (source: ibkr)
2026-09-05 12:45:33,123 [INFO] [205/504] GEN (Gen Digital), depuis 2026-08-25...
2026-09-05 12:45:44,284 [INFO]   -> 9 jours récupérés pour GEN (source: ibkr)
2026-09-05 12:45:44,284 [INFO] [206/504] GEV (GE Vernova), depuis 2026-08-25...
2026-09-05 12:45:55,454 [INFO]   -> 9 jours récupérés pour GEV (source: ibkr)
2026-09-05 12:45:55,455 [INFO] [207/504] GILD (Gilead Sciences), depuis 2026-08-25...
2026-09-05 12:46:06,608 [INFO]   -> 9 jours récupérés pour GILD (source: ibkr)
2026-09-05 12:46:06,609 [INFO] [208/504] GIS (General Mills), depuis 2026-08-25...
2026-09-05 12:46:17,763 [INFO]   -> 9 jours récupérés pour GIS (source: ibkr)
2026-09-05 12:46:17,763 [INFO] [209/504] GL (Globe Life), depuis 2026-08-25...
2026-09-05 12:46:28,921 [INFO]   -> 9 jours récupérés pour GL (source: ibkr)
2026-09-05 12:46:28,922 [INFO] [210/504] GLW (Corning Inc.), depuis 2026-08-25...
2026-09-05 12:46:40,089 [INFO]   -> 9 jours récupérés pour GLW (source: ibkr)
2026-09-05 12:46:40,089 [INFO] [211/504] GM (General Motors), depuis 2026-08-25...
2026-09-05 12:46:51,254 [INFO]   -> 9 jours récupérés pour GM (source: ibkr)
2026-09-05 12:46:51,254 [INFO] [212/504] GNRC (Generac), depuis 2026-08-25...
2026-09-05 12:47:02,408 [INFO]   -> 9 jours récupérés pour GNRC (source: ibkr)
2026-09-05 12:47:02,409 [INFO] [213/504] GOOG (Alphabet Inc. (Class C)), depuis 2026-08-25...
2026-09-05 12:47:13,568 [INFO]   -> 9 jours récupérés pour GOOG (source: ibkr)
2026-09-05 12:47:13,568 [INFO] [214/504] GOOGL (Alphabet Inc. (Class A)), depuis 2026-08-25...
2026-09-05 12:47:24,731 [INFO]   -> 9 jours récupérés pour GOOGL (source: ibkr)
2026-09-05 12:47:24,731 [INFO] [215/504] GPC (Genuine Parts Company), depuis 2026-08-25...
2026-09-05 12:47:35,889 [INFO]   -> 9 jours récupérés pour GPC (source: ibkr)
2026-09-05 12:47:35,889 [INFO] [216/504] GPN (Global Payments), depuis 2026-08-25...
2026-09-05 12:47:47,048 [INFO]   -> 9 jours récupérés pour GPN (source: ibkr)
2026-09-05 12:47:47,048 [INFO] [217/504] GRMN (Garmin), depuis 2026-08-25...
2026-09-05 12:47:58,207 [INFO]   -> 9 jours récupérés pour GRMN (source: ibkr)
2026-09-05 12:47:58,208 [INFO] [218/504] GS (Goldman Sachs), depuis 2026-08-25...
2026-09-05 12:48:09,365 [INFO]   -> 9 jours récupérés pour GS (source: ibkr)
2026-09-05 12:48:09,365 [INFO] [219/504] GWW (W. W. Grainger), depuis 2026-08-25...
2026-09-05 12:48:20,522 [INFO]   -> 9 jours récupérés pour GWW (source: ibkr)
2026-09-05 12:48:20,522 [INFO] [220/504] HAL (Halliburton), depuis 2026-08-25...
2026-09-05 12:48:31,678 [INFO]   -> 9 jours récupérés pour HAL (source: ibkr)
2026-09-05 12:48:31,679 [INFO] [221/504] HAS (Hasbro), depuis 2026-08-25...
2026-09-05 12:48:42,840 [INFO]   -> 9 jours récupérés pour HAS (source: ibkr)
2026-09-05 12:48:42,840 [INFO] [222/504] HBAN (Huntington Bancshares), depuis 2026-08-25...
2026-09-05 12:48:54,002 [INFO]   -> 9 jours récupérés pour HBAN (source: ibkr)
2026-09-05 12:48:54,003 [INFO] [223/504] HCA (HCA Healthcare), depuis 2026-08-25...
2026-09-05 12:49:05,163 [INFO]   -> 9 jours récupérés pour HCA (source: ibkr)
2026-09-05 12:49:05,164 [INFO] [224/504] HD (Home Depot (The)), depuis 2026-08-25...
2026-09-05 12:49:16,320 [INFO]   -> 9 jours récupérés pour HD (source: ibkr)
2026-09-05 12:49:16,321 [INFO] [225/504] HIG (Hartford (The)), depuis 2026-08-25...
2026-09-05 12:49:27,487 [INFO]   -> 9 jours récupérés pour HIG (source: ibkr)
2026-09-05 12:49:31,714 [INFO]   [point de reprise] 225/504 tickers traités, 2007 lignes en cache.
2026-09-05 12:49:31,714 [INFO] [226/504] HII (Huntington Ingalls Industries), depuis 2026-08-25...
2026-09-05 12:49:42,874 [INFO]   -> 9 jours récupérés pour HII (source: ibkr)
2026-09-05 12:49:42,874 [INFO] [227/504] HLT (Hilton Worldwide), depuis 2026-08-25...
2026-09-05 12:49:54,033 [INFO]   -> 9 jours récupérés pour HLT (source: ibkr)
2026-09-05 12:49:54,033 [INFO] [228/504] HON (Honeywell Technologies), depuis 2026-08-25...
2026-09-05 12:50:05,186 [INFO]   -> 9 jours récupérés pour HON (source: ibkr)
2026-09-05 12:50:05,187 [INFO] [229/504] HONA (Honeywell Aerospace), depuis 2026-08-25...
2026-09-05 12:50:16,342 [INFO]   -> 9 jours récupérés pour HONA (source: ibkr)
2026-09-05 12:50:16,343 [INFO] [230/504] HOOD (Robinhood Markets), depuis 2026-08-25...
2026-09-05 12:50:27,501 [INFO]   -> 9 jours récupérés pour HOOD (source: ibkr)
2026-09-05 12:50:27,502 [INFO] [231/504] HPE (Hewlett Packard Enterprise), depuis 2026-08-25...
2026-09-05 12:50:38,659 [INFO]   -> 9 jours récupérés pour HPE (source: ibkr)
2026-09-05 12:50:38,660 [INFO] [232/504] HPQ (HP Inc.), depuis 2026-08-25...
2026-09-05 12:50:49,817 [INFO]   -> 9 jours récupérés pour HPQ (source: ibkr)
2026-09-05 12:50:49,817 [INFO] [233/504] HRL (Hormel Foods), depuis 2026-08-25...
2026-09-05 12:51:00,979 [INFO]   -> 9 jours récupérés pour HRL (source: ibkr)
2026-09-05 12:51:00,979 [INFO] [234/504] HSIC (Henry Schein), depuis 2026-08-25...
2026-09-05 12:51:12,149 [INFO]   -> 9 jours récupérés pour HSIC (source: ibkr)
2026-09-05 12:51:12,149 [INFO] [235/504] HST (Host Hotels & Resorts), depuis 2026-08-25...
2026-09-05 12:51:23,305 [INFO]   -> 9 jours récupérés pour HST (source: ibkr)
2026-09-05 12:51:23,306 [INFO] [236/504] HSY (Hershey Company (The)), depuis 2026-08-25...
2026-09-05 12:51:34,468 [INFO]   -> 9 jours récupérés pour HSY (source: ibkr)
2026-09-05 12:51:34,469 [INFO] [237/504] HUBB (Hubbell Incorporated), depuis 2026-08-25...
2026-09-05 12:51:45,629 [INFO]   -> 9 jours récupérés pour HUBB (source: ibkr)
2026-09-05 12:51:45,629 [INFO] [238/504] HUM (Humana), depuis 2026-08-25...
2026-09-05 12:51:56,787 [INFO]   -> 9 jours récupérés pour HUM (source: ibkr)
2026-09-05 12:51:56,788 [INFO] [239/504] HWM (Howmet Aerospace), depuis 2026-08-25...
2026-09-05 12:52:07,952 [INFO]   -> 9 jours récupérés pour HWM (source: ibkr)
2026-09-05 12:52:07,952 [INFO] [240/504] IBKR (Interactive Brokers), depuis 2026-08-25...
2026-09-05 12:52:19,141 [INFO]   -> 9 jours récupérés pour IBKR (source: ibkr)
2026-09-05 12:52:19,142 [INFO] [241/504] IBM (IBM), depuis 2026-08-25...
2026-09-05 12:52:30,305 [INFO]   -> 9 jours récupérés pour IBM (source: ibkr)
2026-09-05 12:52:30,305 [INFO] [242/504] ICE (Intercontinental Exchange), depuis 2026-08-25...
2026-09-05 12:52:41,462 [INFO]   -> 9 jours récupérés pour ICE (source: ibkr)
2026-09-05 12:52:41,462 [INFO] [243/504] IDXX (Idexx Laboratories), depuis 2026-08-25...
2026-09-05 12:52:52,618 [INFO]   -> 9 jours récupérés pour IDXX (source: ibkr)
2026-09-05 12:52:52,619 [INFO] [244/504] IEX (IDEX Corporation), depuis 2026-08-25...
2026-09-05 12:53:03,782 [INFO]   -> 9 jours récupérés pour IEX (source: ibkr)
2026-09-05 12:53:03,783 [INFO] [245/504] IFF (International Flavors & Fragrances), depuis 2026-08-25...
2026-09-05 12:53:14,940 [INFO]   -> 9 jours récupérés pour IFF (source: ibkr)
2026-09-05 12:53:14,940 [INFO] [246/504] INCY (Incyte), depuis 2026-08-25...
2026-09-05 12:53:26,113 [INFO]   -> 9 jours récupérés pour INCY (source: ibkr)
2026-09-05 12:53:26,113 [INFO] [247/504] INTC (Intel), depuis 2026-08-25...
2026-09-05 12:53:37,272 [INFO]   -> 9 jours récupérés pour INTC (source: ibkr)
2026-09-05 12:53:37,273 [INFO] [248/504] INTU (Intuit), depuis 2026-08-25...
2026-09-05 12:53:48,430 [INFO]   -> 9 jours récupérés pour INTU (source: ibkr)
2026-09-05 12:53:48,430 [INFO] [249/504] INVH (Invitation Homes), depuis 2026-08-25...
2026-09-05 12:53:59,585 [INFO]   -> 9 jours récupérés pour INVH (source: ibkr)
2026-09-05 12:53:59,585 [INFO] [250/504] IP (International Paper), depuis 2026-08-25...
2026-09-05 12:54:10,764 [INFO]   -> 9 jours récupérés pour IP (source: ibkr)
2026-09-05 12:54:14,907 [INFO]   [point de reprise] 250/504 tickers traités, 2232 lignes en cache.
2026-09-05 12:54:14,908 [INFO] [251/504] IQV (IQVIA), depuis 2026-08-25...
2026-09-05 12:54:26,071 [INFO]   -> 9 jours récupérés pour IQV (source: ibkr)
2026-09-05 12:54:26,072 [INFO] [252/504] IR (Ingersoll Rand), depuis 2026-08-25...
2026-09-05 12:54:37,229 [INFO]   -> 9 jours récupérés pour IR (source: ibkr)
2026-09-05 12:54:37,230 [INFO] [253/504] IRM (Iron Mountain), depuis 2026-08-25...
2026-09-05 12:54:48,391 [INFO]   -> 9 jours récupérés pour IRM (source: ibkr)
2026-09-05 12:54:48,391 [INFO] [254/504] ISRG (Intuitive Surgical), depuis 2026-08-25...
2026-09-05 12:54:59,548 [INFO]   -> 9 jours récupérés pour ISRG (source: ibkr)
2026-09-05 12:54:59,548 [INFO] [255/504] IT (Gartner), depuis 2026-08-25...
2026-09-05 12:55:10,704 [INFO]   -> 9 jours récupérés pour IT (source: ibkr)
2026-09-05 12:55:10,705 [INFO] [256/504] ITW (Illinois Tool Works), depuis 2026-08-25...
2026-09-05 12:55:21,864 [INFO]   -> 9 jours récupérés pour ITW (source: ibkr)
2026-09-05 12:55:21,864 [INFO] [257/504] IVZ (Invesco), depuis 2026-08-25...
2026-09-05 12:55:33,020 [INFO]   -> 9 jours récupérés pour IVZ (source: ibkr)
2026-09-05 12:55:33,020 [INFO] [258/504] J (Jacobs Solutions), depuis 2026-08-25...
2026-09-05 12:55:44,173 [INFO]   -> 9 jours récupérés pour J (source: ibkr)
2026-09-05 12:55:44,173 [INFO] [259/504] JBHT (J.B. Hunt), depuis 2026-08-25...
2026-09-05 12:55:55,333 [INFO]   -> 9 jours récupérés pour JBHT (source: ibkr)
2026-09-05 12:55:55,333 [INFO] [260/504] JBL (Jabil), depuis 2026-08-25...
2026-09-05 12:56:06,487 [INFO]   -> 9 jours récupérés pour JBL (source: ibkr)
2026-09-05 12:56:06,488 [INFO] [261/504] JCI (Johnson Controls), depuis 2026-08-25...
2026-09-05 12:56:17,644 [INFO]   -> 9 jours récupérés pour JCI (source: ibkr)
2026-09-05 12:56:17,644 [INFO] [262/504] JKHY (Jack Henry & Associates), depuis 2026-08-25...
2026-09-05 12:56:28,808 [INFO]   -> 9 jours récupérés pour JKHY (source: ibkr)
2026-09-05 12:56:28,809 [INFO] [263/504] JNJ (Johnson & Johnson), depuis 2026-08-25...
2026-09-05 12:56:39,968 [INFO]   -> 9 jours récupérés pour JNJ (source: ibkr)
2026-09-05 12:56:39,969 [INFO] [264/504] JPM (JPMorgan Chase), depuis 2026-08-25...
2026-09-05 12:56:51,137 [INFO]   -> 9 jours récupérés pour JPM (source: ibkr)
2026-09-05 12:56:51,137 [INFO] [265/504] KDP (Keurig Dr Pepper), depuis 2026-08-25...
2026-09-05 12:57:02,297 [INFO]   -> 9 jours récupérés pour KDP (source: ibkr)
2026-09-05 12:57:02,298 [INFO] [266/504] KEY (KeyCorp), depuis 2026-08-25...
2026-09-05 12:57:13,454 [INFO]   -> 9 jours récupérés pour KEY (source: ibkr)
2026-09-05 12:57:13,455 [INFO] [267/504] KEYS (Keysight Technologies), depuis 2026-08-25...
2026-09-05 12:57:24,615 [INFO]   -> 9 jours récupérés pour KEYS (source: ibkr)
2026-09-05 12:57:24,615 [INFO] [268/504] KHC (Kraft Heinz), depuis 2026-08-25...
2026-09-05 12:57:35,776 [INFO]   -> 9 jours récupérés pour KHC (source: ibkr)
2026-09-05 12:57:35,777 [INFO] [269/504] KIM (Kimco Realty), depuis 2026-08-25...
2026-09-05 12:57:46,934 [INFO]   -> 9 jours récupérés pour KIM (source: ibkr)
2026-09-05 12:57:46,934 [INFO] [270/504] KKR (KKR & Co.), depuis 2026-08-25...
2026-09-05 12:57:58,091 [INFO]   -> 9 jours récupérés pour KKR (source: ibkr)
2026-09-05 12:57:58,091 [INFO] [271/504] KLAC (KLA Corporation), depuis 2026-08-25...
2026-09-05 12:58:09,251 [INFO]   -> 9 jours récupérés pour KLAC (source: ibkr)
2026-09-05 12:58:09,251 [INFO] [272/504] KMB (Kimberly-Clark), depuis 2026-08-25...
2026-09-05 12:58:20,496 [INFO]   -> 9 jours récupérés pour KMB (source: ibkr)
2026-09-05 12:58:20,497 [INFO] [273/504] KMI (Kinder Morgan), depuis 2026-08-25...
2026-09-05 12:58:31,660 [INFO]   -> 9 jours récupérés pour KMI (source: ibkr)
2026-09-05 12:58:31,660 [INFO] [274/504] KO (Coca-Cola Company (The)), depuis 2026-08-25...
2026-09-05 12:58:42,813 [INFO]   -> 9 jours récupérés pour KO (source: ibkr)
2026-09-05 12:58:42,813 [INFO] [275/504] KR (Kroger), depuis 2026-08-25...
2026-09-05 12:58:53,967 [INFO]   -> 9 jours récupérés pour KR (source: ibkr)
2026-09-05 12:58:58,030 [INFO]   [point de reprise] 275/504 tickers traités, 2457 lignes en cache.
2026-09-05 12:58:58,031 [INFO] [276/504] KVUE (Kenvue), depuis 2026-08-25...
2026-09-05 12:59:09,189 [INFO]   -> 9 jours récupérés pour KVUE (source: ibkr)
2026-09-05 12:59:09,190 [INFO] [277/504] L (Loews Corporation), depuis 2026-08-25...
2026-09-05 12:59:20,365 [INFO]   -> 9 jours récupérés pour L (source: ibkr)
2026-09-05 12:59:20,365 [INFO] [278/504] LDOS (Leidos), depuis 2026-08-25...
2026-09-05 12:59:31,538 [INFO]   -> 9 jours récupérés pour LDOS (source: ibkr)
2026-09-05 12:59:31,538 [INFO] [279/504] LEN (Lennar), depuis 2026-08-25...
2026-09-05 12:59:42,696 [INFO]   -> 9 jours récupérés pour LEN (source: ibkr)
2026-09-05 12:59:42,696 [INFO] [280/504] LH (Labcorp), depuis 2026-08-25...
2026-09-05 12:59:53,853 [INFO]   -> 9 jours récupérés pour LH (source: ibkr)
2026-09-05 12:59:53,854 [INFO] [281/504] LHX (L3Harris), depuis 2026-08-25...
2026-09-05 13:00:05,011 [INFO]   -> 9 jours récupérés pour LHX (source: ibkr)
2026-09-05 13:00:05,012 [INFO] [282/504] LII (Lennox International), depuis 2026-08-17...
2026-09-05 13:00:16,171 [INFO]   -> 15 jours récupérés pour LII (source: ibkr)
2026-09-05 13:00:16,171 [INFO] [283/504] LIN (Linde plc), depuis 2026-08-17...
2026-09-05 13:00:27,330 [INFO]   -> 15 jours récupérés pour LIN (source: ibkr)
2026-09-05 13:00:27,330 [INFO] [284/504] LITE (Lumentum), depuis 2026-08-17...
2026-09-05 13:00:38,494 [INFO]   -> 15 jours récupérés pour LITE (source: ibkr)
2026-09-05 13:00:38,494 [INFO] [285/504] LLY (Lilly (Eli)), depuis 2026-08-17...
2026-09-05 13:00:49,664 [INFO]   -> 15 jours récupérés pour LLY (source: ibkr)
2026-09-05 13:00:49,664 [INFO] [286/504] LMT (Lockheed Martin), depuis 2026-08-17...
2026-09-05 13:01:00,823 [INFO]   -> 15 jours récupérés pour LMT (source: ibkr)
2026-09-05 13:01:00,824 [INFO] [287/504] LNT (Alliant Energy), depuis 2026-08-17...
2026-09-05 13:01:11,988 [INFO]   -> 15 jours récupérés pour LNT (source: ibkr)
2026-09-05 13:01:11,989 [INFO] [288/504] LOW (Lowe's), depuis 2026-08-17...
2026-09-05 13:01:23,148 [INFO]   -> 15 jours récupérés pour LOW (source: ibkr)
2026-09-05 13:01:23,149 [INFO] [289/504] LRCX (Lam Research), depuis 2026-08-17...
2026-09-05 13:01:34,316 [INFO]   -> 15 jours récupérés pour LRCX (source: ibkr)
2026-09-05 13:01:34,316 [INFO] [290/504] LULU (Lululemon Athletica), depuis 2026-08-17...
2026-09-05 13:01:45,485 [INFO]   -> 15 jours récupérés pour LULU (source: ibkr)
2026-09-05 13:01:45,486 [INFO] [291/504] LUV (Southwest Airlines), depuis 2026-08-17...
2026-09-05 13:01:56,642 [INFO]   -> 15 jours récupérés pour LUV (source: ibkr)
2026-09-05 13:01:56,642 [INFO] [292/504] LVS (Las Vegas Sands), depuis 2026-08-17...
2026-09-05 13:02:07,802 [INFO]   -> 15 jours récupérés pour LVS (source: ibkr)
2026-09-05 13:02:07,802 [INFO] [293/504] LYB (LyondellBasell), depuis 2026-08-17...
2026-09-05 13:02:18,965 [INFO]   -> 15 jours récupérés pour LYB (source: ibkr)
2026-09-05 13:02:18,966 [INFO] [294/504] LYV (Live Nation Entertainment), depuis 2026-08-17...
2026-09-05 13:02:30,125 [INFO]   -> 15 jours récupérés pour LYV (source: ibkr)
2026-09-05 13:02:30,125 [INFO] [295/504] MA (Mastercard), depuis 2026-08-17...
2026-09-05 13:02:41,285 [INFO]   -> 15 jours récupérés pour MA (source: ibkr)
2026-09-05 13:02:41,286 [INFO] [296/504] MAA (Mid-America Apartment Communities), depuis 2026-08-17...
2026-09-05 13:02:52,447 [INFO]   -> 15 jours récupérés pour MAA (source: ibkr)
2026-09-05 13:02:52,448 [INFO] [297/504] MAR (Marriott International), depuis 2026-08-17...
2026-09-05 13:03:03,614 [INFO]   -> 15 jours récupérés pour MAR (source: ibkr)
2026-09-05 13:03:03,614 [INFO] [298/504] MAS (Masco), depuis 2026-08-17...
2026-09-05 13:03:14,794 [INFO]   -> 15 jours récupérés pour MAS (source: ibkr)
2026-09-05 13:03:14,794 [INFO] [299/504] MCD (McDonald's), depuis 2026-08-17...
2026-09-05 13:03:25,958 [INFO]   -> 15 jours récupérés pour MCD (source: ibkr)
2026-09-05 13:03:25,958 [INFO] [300/504] MCHP (Microchip Technology), depuis 2026-08-17...
2026-09-05 13:03:37,122 [INFO]   -> 15 jours récupérés pour MCHP (source: ibkr)
2026-09-05 13:03:41,182 [INFO]   [point de reprise] 300/504 tickers traités, 2796 lignes en cache.
2026-09-05 13:03:41,183 [INFO] [301/504] MCK (McKesson Corporation), depuis 2026-08-17...
2026-09-05 13:03:52,342 [INFO]   -> 15 jours récupérés pour MCK (source: ibkr)
2026-09-05 13:03:52,342 [INFO] [302/504] MCO (Moody's Corporation), depuis 2026-08-17...
2026-09-05 13:04:03,502 [INFO]   -> 15 jours récupérés pour MCO (source: ibkr)
2026-09-05 13:04:03,503 [INFO] [303/504] MDLZ (Mondelez International), depuis 2026-08-17...
2026-09-05 13:04:14,794 [INFO]   -> 15 jours récupérés pour MDLZ (source: ibkr)
2026-09-05 13:04:14,794 [INFO] [304/504] MDT (Medtronic), depuis 2026-08-17...
2026-09-05 13:04:25,953 [INFO]   -> 15 jours récupérés pour MDT (source: ibkr)
2026-09-05 13:04:25,953 [INFO] [305/504] MET (MetLife), depuis 2026-08-17...
2026-09-05 13:04:37,114 [INFO]   -> 15 jours récupérés pour MET (source: ibkr)
2026-09-05 13:04:37,115 [INFO] [306/504] META (Meta Platforms), depuis 2026-08-17...
2026-09-05 13:04:48,280 [INFO]   -> 15 jours récupérés pour META (source: ibkr)
2026-09-05 13:04:48,280 [INFO] [307/504] MGM (MGM Resorts), depuis 2026-08-17...
2026-09-05 13:04:59,441 [INFO]   -> 15 jours récupérés pour MGM (source: ibkr)
2026-09-05 13:04:59,442 [INFO] [308/504] MKC (McCormick & Company), depuis 2026-08-17...
2026-09-05 13:05:10,664 [INFO]   -> 15 jours récupérés pour MKC (source: ibkr)
2026-09-05 13:05:10,664 [INFO] [309/504] MLM (Martin Marietta Materials), depuis 2026-08-17...
2026-09-05 13:05:21,824 [INFO]   -> 15 jours récupérés pour MLM (source: ibkr)
2026-09-05 13:05:21,824 [INFO] [310/504] MMM (3M), depuis 2026-08-17...
2026-09-05 13:05:32,985 [INFO]   -> 15 jours récupérés pour MMM (source: ibkr)
2026-09-05 13:05:32,985 [INFO] [311/504] MNST (Monster Beverage), depuis 2026-08-17...
2026-09-05 13:05:44,142 [INFO]   -> 15 jours récupérés pour MNST (source: ibkr)
2026-09-05 13:05:44,143 [INFO] [312/504] MO (Altria), depuis 2026-08-17...
2026-09-05 13:05:55,312 [INFO]   -> 15 jours récupérés pour MO (source: ibkr)
2026-09-05 13:05:55,313 [INFO] [313/504] MOS (Mosaic Company (The)), depuis 2026-08-17...
2026-09-05 13:06:06,472 [INFO]   -> 15 jours récupérés pour MOS (source: ibkr)
2026-09-05 13:06:06,472 [INFO] [314/504] MPC (Marathon Petroleum), depuis 2026-08-17...
2026-09-05 13:06:17,638 [INFO]   -> 15 jours récupérés pour MPC (source: ibkr)
2026-09-05 13:06:17,638 [INFO] [315/504] MPWR (Monolithic Power Systems), depuis 2026-08-17...
2026-09-05 13:06:28,802 [INFO]   -> 15 jours récupérés pour MPWR (source: ibkr)
2026-09-05 13:06:28,802 [INFO] [316/504] MRK (Merck & Co.), depuis 2026-08-17...
2026-09-05 13:06:39,965 [INFO]   -> 15 jours récupérés pour MRK (source: ibkr)
2026-09-05 13:06:39,965 [INFO] [317/504] MRNA (Moderna), depuis 2026-08-17...
2026-09-05 13:06:51,125 [INFO]   -> 15 jours récupérés pour MRNA (source: ibkr)
2026-09-05 13:06:51,126 [INFO] [318/504] MRSH (Marsh McLennan), depuis 2026-08-17...
2026-09-05 13:07:02,284 [INFO]   -> 15 jours récupérés pour MRSH (source: ibkr)
2026-09-05 13:07:02,285 [INFO] [319/504] MRVL (Marvell Technology), depuis 2026-08-17...
2026-09-05 13:07:13,441 [INFO]   -> 15 jours récupérés pour MRVL (source: ibkr)
2026-09-05 13:07:13,441 [INFO] [320/504] MS (Morgan Stanley), depuis 2026-08-17...
2026-09-05 13:07:24,608 [INFO]   -> 15 jours récupérés pour MS (source: ibkr)
2026-09-05 13:07:24,608 [INFO] [321/504] MSCI (MSCI), depuis 2026-08-17...
2026-09-05 13:07:35,768 [INFO]   -> 15 jours récupérés pour MSCI (source: ibkr)
2026-09-05 13:07:35,769 [INFO] [322/504] MSFT (Microsoft), depuis 2026-08-17...
2026-09-05 13:07:46,930 [INFO]   -> 15 jours récupérés pour MSFT (source: ibkr)
2026-09-05 13:07:46,930 [INFO] [323/504] MSI (Motorola Solutions), depuis 2026-08-17...
2026-09-05 13:07:58,089 [INFO]   -> 15 jours récupérés pour MSI (source: ibkr)
2026-09-05 13:07:58,089 [INFO] [324/504] MTB (M&T Bank), depuis 2026-08-17...
2026-09-05 13:08:09,459 [INFO]   -> 15 jours récupérés pour MTB (source: ibkr)
2026-09-05 13:08:09,460 [INFO] [325/504] MTD (Mettler Toledo), depuis 2026-08-17...
2026-09-05 13:08:20,822 [INFO]   -> 15 jours récupérés pour MTD (source: ibkr)
2026-09-05 13:08:24,981 [INFO]   [point de reprise] 325/504 tickers traités, 3171 lignes en cache.
2026-09-05 13:08:24,982 [INFO] [326/504] MU (Micron Technology), depuis 2026-08-17...
2026-09-05 13:08:36,376 [INFO]   -> 15 jours récupérés pour MU (source: ibkr)
2026-09-05 13:08:36,377 [INFO] [327/504] NCLH (Norwegian Cruise Line Holdings), depuis 2026-08-17...
2026-09-05 13:08:47,711 [INFO]   -> 15 jours récupérés pour NCLH (source: ibkr)
2026-09-05 13:08:47,712 [INFO] [328/504] NDAQ (Nasdaq, Inc.), depuis 2026-08-17...
2026-09-05 13:08:59,102 [INFO]   -> 15 jours récupérés pour NDAQ (source: ibkr)
2026-09-05 13:08:59,102 [INFO] [329/504] NDSN (Nordson Corporation), depuis 2026-08-17...
2026-09-05 13:09:10,691 [INFO]   -> 15 jours récupérés pour NDSN (source: ibkr)
2026-09-05 13:09:10,691 [INFO] [330/504] NEE (NextEra Energy), depuis 2026-08-17...
2026-09-05 13:09:22,146 [INFO]   -> 15 jours récupérés pour NEE (source: ibkr)
2026-09-05 13:09:22,146 [INFO] [331/504] NEM (Newmont), depuis 2026-08-17...
2026-09-05 13:09:33,587 [INFO]   -> 15 jours récupérés pour NEM (source: ibkr)
2026-09-05 13:09:33,588 [INFO] [332/504] NFLX (Netflix), depuis 2026-08-17...
2026-09-05 13:09:44,905 [INFO]   -> 15 jours récupérés pour NFLX (source: ibkr)
2026-09-05 13:09:44,905 [INFO] [333/504] NI (NiSource), depuis 2026-08-17...
2026-09-05 13:09:56,336 [INFO]   -> 15 jours récupérés pour NI (source: ibkr)
2026-09-05 13:09:56,336 [INFO] [334/504] NKE (Nike, Inc.), depuis 2026-08-17...
2026-09-05 13:10:07,760 [INFO]   -> 15 jours récupérés pour NKE (source: ibkr)
2026-09-05 13:10:07,760 [INFO] [335/504] NOC (Northrop Grumman), depuis 2026-08-17...
2026-09-05 13:10:19,215 [INFO]   -> 15 jours récupérés pour NOC (source: ibkr)
2026-09-05 13:10:19,215 [INFO] [336/504] NOW (ServiceNow), depuis 2026-08-17...
2026-09-05 13:10:30,556 [INFO]   -> 15 jours récupérés pour NOW (source: ibkr)
2026-09-05 13:10:30,557 [INFO] [337/504] NRG (NRG Energy), depuis 2026-08-17...
2026-09-05 13:10:41,947 [INFO]   -> 15 jours récupérés pour NRG (source: ibkr)
2026-09-05 13:10:41,947 [INFO] [338/504] NSC (Norfolk Southern), depuis 2026-08-17...
2026-09-05 13:10:53,436 [INFO]   -> 15 jours récupérés pour NSC (source: ibkr)
2026-09-05 13:10:53,436 [INFO] [339/504] NTAP (NetApp), depuis 2026-08-17...
2026-09-05 13:11:04,878 [INFO]   -> 15 jours récupérés pour NTAP (source: ibkr)
2026-09-05 13:11:04,878 [INFO] [340/504] NTRS (Northern Trust), depuis 2026-08-17...
2026-09-05 13:11:16,320 [INFO]   -> 15 jours récupérés pour NTRS (source: ibkr)
2026-09-05 13:11:16,321 [INFO] [341/504] NUE (Nucor), depuis 2026-08-17...
2026-09-05 13:11:27,755 [INFO]   -> 15 jours récupérés pour NUE (source: ibkr)
2026-09-05 13:11:27,755 [INFO] [342/504] NVDA (Nvidia), depuis 2026-08-17...
2026-09-05 13:11:39,126 [INFO]   -> 15 jours récupérés pour NVDA (source: ibkr)
2026-09-05 13:11:39,127 [INFO] [343/504] NVR (NVR, Inc.), depuis 2026-08-17...
2026-09-05 13:11:50,475 [INFO]   -> 15 jours récupérés pour NVR (source: ibkr)
2026-09-05 13:11:50,476 [INFO] [344/504] NWS (News Corp (Class B)), depuis 2026-08-17...
2026-09-05 13:12:01,794 [INFO]   -> 15 jours récupérés pour NWS (source: ibkr)
2026-09-05 13:12:01,794 [INFO] [345/504] NWSA (News Corp (Class A)), depuis 2026-08-17...
2026-09-05 13:12:13,192 [INFO]   -> 15 jours récupérés pour NWSA (source: ibkr)
2026-09-05 13:12:13,192 [INFO] [346/504] NXPI (NXP Semiconductors), depuis 2026-08-17...
2026-09-05 13:12:24,520 [INFO]   -> 15 jours récupérés pour NXPI (source: ibkr)
2026-09-05 13:12:24,520 [INFO] [347/504] O (Realty Income), depuis 2026-08-17...
2026-09-05 13:12:36,196 [INFO]   -> 15 jours récupérés pour O (source: ibkr)
2026-09-05 13:12:36,197 [INFO] [348/504] ODFL (Old Dominion), depuis 2026-08-17...
2026-09-05 13:12:47,639 [INFO]   -> 15 jours récupérés pour ODFL (source: ibkr)
2026-09-05 13:12:47,639 [INFO] [349/504] OKE (Oneok), depuis 2026-08-17...
2026-09-05 13:12:59,085 [INFO]   -> 15 jours récupérés pour OKE (source: ibkr)
2026-09-05 13:12:59,086 [INFO] [350/504] OMC (Omnicom Group), depuis 2026-08-17...
2026-09-05 13:13:10,505 [INFO]   -> 15 jours récupérés pour OMC (source: ibkr)
2026-09-05 13:13:14,880 [INFO]   [point de reprise] 350/504 tickers traités, 3546 lignes en cache.
2026-09-05 13:13:14,881 [INFO] [351/504] ON (ON Semiconductor), depuis 2026-08-17...
2026-09-05 13:13:26,208 [INFO]   -> 15 jours récupérés pour ON (source: ibkr)
2026-09-05 13:13:26,208 [INFO] [352/504] ORCL (Oracle Corporation), depuis 2026-08-17...
2026-09-05 13:13:37,661 [INFO]   -> 15 jours récupérés pour ORCL (source: ibkr)
2026-09-05 13:13:37,662 [INFO] [353/504] ORLY (O'Reilly Automotive), depuis 2026-08-17...
2026-09-05 13:13:48,986 [INFO]   -> 15 jours récupérés pour ORLY (source: ibkr)
2026-09-05 13:13:48,987 [INFO] [354/504] OTIS (Otis Worldwide), depuis 2026-08-17...
2026-09-05 13:14:00,311 [INFO]   -> 15 jours récupérés pour OTIS (source: ibkr)
2026-09-05 13:14:00,311 [INFO] [355/504] OXY (Occidental Petroleum), depuis 2026-08-17...
2026-09-05 13:14:11,808 [INFO]   -> 15 jours récupérés pour OXY (source: ibkr)
2026-09-05 13:14:11,809 [INFO] [356/504] PANW (Palo Alto Networks), depuis 2026-08-17...
2026-09-05 13:14:23,324 [INFO]   -> 15 jours récupérés pour PANW (source: ibkr)
2026-09-05 13:14:23,324 [INFO] [357/504] PAYX (Paychex), depuis 2026-08-17...
2026-09-05 13:14:34,789 [INFO]   -> 15 jours récupérés pour PAYX (source: ibkr)
2026-09-05 13:14:34,790 [INFO] [358/504] PCAR (Paccar), depuis 2026-08-17...
2026-09-05 13:14:46,272 [INFO]   -> 15 jours récupérés pour PCAR (source: ibkr)
2026-09-05 13:14:46,272 [INFO] [359/504] PCG (PG&E Corporation), depuis 2026-08-17...
2026-09-05 13:14:57,650 [INFO]   -> 15 jours récupérés pour PCG (source: ibkr)
2026-09-05 13:14:57,650 [INFO] [360/504] PEG (Public Service Enterprise Group), depuis 2026-08-17...
2026-09-05 13:15:09,138 [INFO]   -> 15 jours récupérés pour PEG (source: ibkr)
2026-09-05 13:15:09,139 [INFO] [361/504] PEP (PepsiCo), depuis 2026-08-17...
2026-09-05 13:15:20,792 [INFO]   -> 15 jours récupérés pour PEP (source: ibkr)
2026-09-05 13:15:20,793 [INFO] [362/504] PFE (Pfizer), depuis 2026-08-17...
2026-09-05 13:15:32,270 [INFO]   -> 15 jours récupérés pour PFE (source: ibkr)
2026-09-05 13:15:32,271 [INFO] [363/504] PFG (Principal Financial Group), depuis 2026-08-17...
2026-09-05 13:15:43,705 [INFO]   -> 15 jours récupérés pour PFG (source: ibkr)
2026-09-05 13:15:43,706 [INFO] [364/504] PG (Procter & Gamble), depuis 2026-08-17...
2026-09-05 13:15:55,209 [INFO]   -> 15 jours récupérés pour PG (source: ibkr)
2026-09-05 13:15:55,210 [INFO] [365/504] PGR (Progressive Corporation), depuis 2026-08-17...
2026-09-05 13:16:06,645 [INFO]   -> 15 jours récupérés pour PGR (source: ibkr)
2026-09-05 13:16:06,646 [INFO] [366/504] PH (Parker Hannifin), depuis 2026-08-17...
2026-09-05 13:16:18,081 [INFO]   -> 15 jours récupérés pour PH (source: ibkr)
2026-09-05 13:16:18,081 [INFO] [367/504] PHM (PulteGroup), depuis 2026-08-17...
2026-09-05 13:16:29,438 [INFO]   -> 15 jours récupérés pour PHM (source: ibkr)
2026-09-05 13:16:29,438 [INFO] [368/504] PKG (Packaging Corporation of America), depuis 2026-08-17...
2026-09-05 13:16:40,926 [INFO]   -> 15 jours récupérés pour PKG (source: ibkr)
2026-09-05 13:16:40,926 [INFO] [369/504] PLD (Prologis), depuis 2026-08-17...
2026-09-05 13:16:52,356 [INFO]   -> 15 jours récupérés pour PLD (source: ibkr)
2026-09-05 13:16:52,356 [INFO] [370/504] PLTR (Palantir Technologies), depuis 2026-08-17...
2026-09-05 13:17:03,686 [INFO]   -> 15 jours récupérés pour PLTR (source: ibkr)
2026-09-05 13:17:03,686 [INFO] [371/504] PM (Philip Morris International), depuis 2026-08-17...
2026-09-05 13:17:15,138 [INFO]   -> 15 jours récupérés pour PM (source: ibkr)
2026-09-05 13:17:15,139 [INFO] [372/504] PNC (PNC Financial Services), depuis 2026-08-17...
2026-09-05 13:17:26,602 [INFO]   -> 15 jours récupérés pour PNC (source: ibkr)
2026-09-05 13:17:26,602 [INFO] [373/504] PNR (Pentair), depuis 2026-08-17...
2026-09-05 13:17:38,051 [INFO]   -> 15 jours récupérés pour PNR (source: ibkr)
2026-09-05 13:17:38,051 [INFO] [374/504] PNW (Pinnacle West Capital), depuis 2026-08-17...
2026-09-05 13:17:49,503 [INFO]   -> 15 jours récupérés pour PNW (source: ibkr)
2026-09-05 13:17:49,503 [INFO] [375/504] PODD (Insulet Corporation), depuis 2026-08-17...
2026-09-05 13:18:00,901 [INFO]   -> 15 jours récupérés pour PODD (source: ibkr)
2026-09-05 13:18:05,261 [INFO]   [point de reprise] 375/504 tickers traités, 3921 lignes en cache.
2026-09-05 13:18:05,262 [INFO] [376/504] PPG (PPG Industries), depuis 2026-08-17...
2026-09-05 13:18:16,717 [INFO]   -> 15 jours récupérés pour PPG (source: ibkr)
2026-09-05 13:18:16,717 [INFO] [377/504] PPL (PPL Corporation), depuis 2026-08-17...
2026-09-05 13:18:28,193 [INFO]   -> 15 jours récupérés pour PPL (source: ibkr)
2026-09-05 13:18:28,193 [INFO] [378/504] PRU (Prudential Financial), depuis 2026-08-17...
2026-09-05 13:18:39,590 [INFO]   -> 15 jours récupérés pour PRU (source: ibkr)
2026-09-05 13:18:39,590 [INFO] [379/504] PSA (Public Storage), depuis 2026-08-17...
2026-09-05 13:18:51,156 [INFO]   -> 15 jours récupérés pour PSA (source: ibkr)
2026-09-05 13:18:51,156 [INFO] [380/504] PSKY (Paramount Skydance Corporation), depuis 2026-08-17...
2026-09-05 13:19:02,549 [INFO]   -> 15 jours récupérés pour PSKY (source: ibkr)
2026-09-05 13:19:02,549 [INFO] [381/504] PSX (Phillips 66), depuis 2026-08-17...
2026-09-05 13:19:13,932 [INFO]   -> 15 jours récupérés pour PSX (source: ibkr)
2026-09-05 13:19:13,932 [INFO] [382/504] PTC (PTC Inc.), depuis 2026-08-17...
2026-09-05 13:19:25,240 [INFO]   -> 15 jours récupérés pour PTC (source: ibkr)
2026-09-05 13:19:25,241 [INFO] [383/504] PWR (Quanta Services), depuis 2026-08-17...
2026-09-05 13:19:36,571 [INFO]   -> 15 jours récupérés pour PWR (source: ibkr)
2026-09-05 13:19:36,571 [INFO] [384/504] PYPL (PayPal), depuis 2026-08-17...
2026-09-05 13:19:47,914 [INFO]   -> 15 jours récupérés pour PYPL (source: ibkr)
2026-09-05 13:19:47,914 [INFO] [385/504] Q (Qnity Electronics), depuis 2026-08-17...
2026-09-05 13:19:59,268 [INFO]   -> 15 jours récupérés pour Q (source: ibkr)
2026-09-05 13:19:59,268 [INFO] [386/504] QCOM (Qualcomm), depuis 2026-08-17...
2026-09-05 13:20:10,798 [INFO]   -> 15 jours récupérés pour QCOM (source: ibkr)
2026-09-05 13:20:10,798 [INFO] [387/504] RCL (Royal Caribbean Group), depuis 2026-08-17...
2026-09-05 13:20:22,234 [INFO]   -> 15 jours récupérés pour RCL (source: ibkr)
2026-09-05 13:20:22,235 [INFO] [388/504] REG (Regency Centers), depuis 2026-08-17...
2026-09-05 13:20:33,649 [INFO]   -> 15 jours récupérés pour REG (source: ibkr)
2026-09-05 13:20:33,650 [INFO] [389/504] REGN (Regeneron Pharmaceuticals), depuis 2026-08-17...
2026-09-05 13:20:44,973 [INFO]   -> 15 jours récupérés pour REGN (source: ibkr)
2026-09-05 13:20:44,973 [INFO] [390/504] RF (Regions Financial Corporation), depuis 2026-08-17...
2026-09-05 13:20:56,408 [INFO]   -> 15 jours récupérés pour RF (source: ibkr)
2026-09-05 13:20:56,409 [INFO] [391/504] RJF (Raymond James Financial), depuis 2026-08-17...
2026-09-05 13:21:07,906 [INFO]   -> 15 jours récupérés pour RJF (source: ibkr)
2026-09-05 13:21:07,907 [INFO] [392/504] RL (Ralph Lauren Corporation), depuis 2026-08-17...
2026-09-05 13:21:19,353 [INFO]   -> 15 jours récupérés pour RL (source: ibkr)
2026-09-05 13:21:19,353 [INFO] [393/504] RMD (ResMed|), depuis 2026-08-17...
2026-09-05 13:21:30,836 [INFO]   -> 15 jours récupérés pour RMD (source: ibkr)
2026-09-05 13:21:30,836 [INFO] [394/504] ROK (Rockwell Automation), depuis 2026-08-17...
2026-09-05 13:21:42,272 [INFO]   -> 15 jours récupérés pour ROK (source: ibkr)
2026-09-05 13:21:42,272 [INFO] [395/504] ROL (Rollins, Inc.), depuis 2026-08-17...
2026-09-05 13:21:53,709 [INFO]   -> 15 jours récupérés pour ROL (source: ibkr)
2026-09-05 13:21:53,710 [INFO] [396/504] ROP (Roper Technologies), depuis 2026-08-17...
2026-09-05 13:22:05,147 [INFO]   -> 15 jours récupérés pour ROP (source: ibkr)
2026-09-05 13:22:05,147 [INFO] [397/504] ROST (Ross Stores), depuis 2026-08-17...
2026-09-05 13:22:16,620 [INFO]   -> 15 jours récupérés pour ROST (source: ibkr)
2026-09-05 13:22:16,620 [INFO] [398/504] RSG (Republic Services), depuis 2026-08-17...
2026-09-05 13:22:28,046 [INFO]   -> 15 jours récupérés pour RSG (source: ibkr)
2026-09-05 13:22:28,046 [INFO] [399/504] RTX (RTX Corporation), depuis 2026-08-17...
2026-09-05 13:22:39,494 [INFO]   -> 15 jours récupérés pour RTX (source: ibkr)
2026-09-05 13:22:39,494 [INFO] [400/504] RVTY (Revvity), depuis 2026-08-17...
2026-09-05 13:22:50,932 [INFO]   -> 15 jours récupérés pour RVTY (source: ibkr)
2026-09-05 13:22:55,035 [INFO]   [point de reprise] 400/504 tickers traités, 4296 lignes en cache.
2026-09-05 13:22:55,035 [INFO] [401/504] SBAC (SBA Communications), depuis 2026-08-17...
2026-09-05 13:23:06,357 [INFO]   -> 15 jours récupérés pour SBAC (source: ibkr)
2026-09-05 13:23:06,357 [INFO] [402/504] SBUX (Starbucks), depuis 2026-08-17...
2026-09-05 13:23:17,749 [INFO]   -> 15 jours récupérés pour SBUX (source: ibkr)
2026-09-05 13:23:17,750 [INFO] [403/504] SCHW (Charles Schwab Corporation), depuis 2026-08-17...
2026-09-05 13:23:29,158 [INFO]   -> 15 jours récupérés pour SCHW (source: ibkr)
2026-09-05 13:23:29,159 [INFO] [404/504] SHW (Sherwin-Williams), depuis 2026-08-17...
2026-09-05 13:23:40,595 [INFO]   -> 15 jours récupérés pour SHW (source: ibkr)
2026-09-05 13:23:40,595 [INFO] [405/504] SJM (J.M. Smucker Company (The)), depuis 2026-08-17...
2026-09-05 13:23:52,031 [INFO]   -> 15 jours récupérés pour SJM (source: ibkr)
2026-09-05 13:23:52,031 [INFO] [406/504] SLB (Schlumberger), depuis 2026-08-17...
2026-09-05 13:24:03,531 [INFO]   -> 15 jours récupérés pour SLB (source: ibkr)
2026-09-05 13:24:03,531 [INFO] [407/504] SMCI (Supermicro), depuis 2026-08-17...
2026-09-05 13:24:14,844 [INFO]   -> 15 jours récupérés pour SMCI (source: ibkr)
2026-09-05 13:24:14,845 [INFO] [408/504] SNA (Snap-on), depuis 2026-08-17...
2026-09-05 13:24:26,349 [INFO]   -> 15 jours récupérés pour SNA (source: ibkr)
2026-09-05 13:24:26,350 [INFO] [409/504] SNDK (Sandisk), depuis 2026-08-17...
2026-09-05 13:24:37,746 [INFO]   -> 15 jours récupérés pour SNDK (source: ibkr)
2026-09-05 13:24:37,747 [INFO] [410/504] SNPS (Synopsys), depuis 2026-08-17...
2026-09-05 13:24:49,129 [INFO]   -> 15 jours récupérés pour SNPS (source: ibkr)
2026-09-05 13:24:49,129 [INFO] [411/504] SO (Southern Company), depuis 2026-08-17...
2026-09-05 13:25:00,572 [INFO]   -> 15 jours récupérés pour SO (source: ibkr)
2026-09-05 13:25:00,572 [INFO] [412/504] SOLV (Solventum), depuis 2026-08-17...
2026-09-05 13:25:11,888 [INFO]   -> 15 jours récupérés pour SOLV (source: ibkr)
2026-09-05 13:25:11,889 [INFO] [413/504] SPG (Simon Property Group), depuis 2026-08-17...
2026-09-05 13:25:23,362 [INFO]   -> 15 jours récupérés pour SPG (source: ibkr)
2026-09-05 13:25:23,362 [INFO] [414/504] SPGI (S&P Global), depuis 2026-08-17...
2026-09-05 13:25:34,775 [INFO]   -> 15 jours récupérés pour SPGI (source: ibkr)
2026-09-05 13:25:34,775 [INFO] [415/504] SRE (Sempra), depuis 2026-08-17...
2026-09-05 13:25:46,226 [INFO]   -> 15 jours récupérés pour SRE (source: ibkr)
2026-09-05 13:25:46,226 [INFO] [416/504] STE (Steris), depuis 2026-08-17...
2026-09-05 13:25:57,723 [INFO]   -> 15 jours récupérés pour STE (source: ibkr)
2026-09-05 13:25:57,723 [INFO] [417/504] STLD (Steel Dynamics), depuis 2026-08-17...
2026-09-05 13:26:09,158 [INFO]   -> 15 jours récupérés pour STLD (source: ibkr)
2026-09-05 13:26:09,158 [INFO] [418/504] STT (State Street Corporation), depuis 2026-08-17...
2026-09-05 13:26:20,595 [INFO]   -> 15 jours récupérés pour STT (source: ibkr)
2026-09-05 13:26:20,595 [INFO] [419/504] STX (Seagate Technology), depuis 2026-08-17...
2026-09-05 13:26:32,005 [INFO]   -> 15 jours récupérés pour STX (source: ibkr)
2026-09-05 13:26:32,005 [INFO] [420/504] STZ (Constellation Brands), depuis 2026-08-17...
2026-09-05 13:26:43,448 [INFO]   -> 15 jours récupérés pour STZ (source: ibkr)
2026-09-05 13:26:43,449 [INFO] [421/504] SW (Smurfit Westrock), depuis 2026-08-17...
2026-09-05 13:26:54,892 [INFO]   -> 15 jours récupérés pour SW (source: ibkr)
2026-09-05 13:26:54,892 [INFO] [422/504] SWK (Stanley Black & Decker), depuis 2026-08-17...
2026-09-05 13:27:06,400 [INFO]   -> 15 jours récupérés pour SWK (source: ibkr)
2026-09-05 13:27:06,401 [INFO] [423/504] SWKS (Skyworks Solutions), depuis 2026-08-17...
2026-09-05 13:27:17,786 [INFO]   -> 15 jours récupérés pour SWKS (source: ibkr)
2026-09-05 13:27:17,787 [INFO] [424/504] SYF (Synchrony Financial), depuis 2026-08-17...
2026-09-05 13:27:29,215 [INFO]   -> 15 jours récupérés pour SYF (source: ibkr)
2026-09-05 13:27:29,216 [INFO] [425/504] SYK (Stryker Corporation), depuis 2026-08-17...
2026-09-05 13:27:40,617 [INFO]   -> 15 jours récupérés pour SYK (source: ibkr)
2026-09-05 13:27:44,714 [INFO]   [point de reprise] 425/504 tickers traités, 4671 lignes en cache.
2026-09-05 13:27:44,714 [INFO] [426/504] SYY (Sysco), depuis 2026-08-17...
2026-09-05 13:27:56,143 [INFO]   -> 15 jours récupérés pour SYY (source: ibkr)
2026-09-05 13:27:56,143 [INFO] [427/504] T (AT&T), depuis 2026-08-17...
2026-09-05 13:28:07,584 [INFO]   -> 15 jours récupérés pour T (source: ibkr)
2026-09-05 13:28:07,584 [INFO] [428/504] TAP (Molson Coors Beverage Company), depuis 2026-08-17...
2026-09-05 13:28:18,967 [INFO]   -> 15 jours récupérés pour TAP (source: ibkr)
2026-09-05 13:28:18,968 [INFO] [429/504] TDG (TransDigm Group), depuis 2026-08-17...
2026-09-05 13:28:30,342 [INFO]   -> 15 jours récupérés pour TDG (source: ibkr)
2026-09-05 13:28:30,342 [INFO] [430/504] TDY (Teledyne Technologies), depuis 2026-08-17...
2026-09-05 13:28:41,677 [INFO]   -> 15 jours récupérés pour TDY (source: ibkr)
2026-09-05 13:28:41,678 [INFO] [431/504] TECH (Bio-Techne), depuis 2026-08-17...
2026-09-05 13:28:53,057 [INFO]   -> 15 jours récupérés pour TECH (source: ibkr)
2026-09-05 13:28:53,058 [INFO] [432/504] TEL (TE Connectivity), depuis 2026-08-17...
2026-09-05 13:29:04,466 [INFO]   -> 15 jours récupérés pour TEL (source: ibkr)
2026-09-05 13:29:04,466 [INFO] [433/504] TER (Teradyne), depuis 2026-08-17...
2026-09-05 13:29:15,916 [INFO]   -> 15 jours récupérés pour TER (source: ibkr)
2026-09-05 13:29:15,917 [INFO] [434/504] TFC (Truist Financial), depuis 2026-08-17...
2026-09-05 13:29:27,343 [INFO]   -> 15 jours récupérés pour TFC (source: ibkr)
2026-09-05 13:29:27,343 [INFO] [435/504] TGT (Target Corporation), depuis 2026-08-17...
2026-09-05 13:29:38,796 [INFO]   -> 15 jours récupérés pour TGT (source: ibkr)
2026-09-05 13:29:38,796 [INFO] [436/504] TJX (TJX Companies), depuis 2026-08-17...
2026-09-05 13:29:50,246 [INFO]   -> 15 jours récupérés pour TJX (source: ibkr)
2026-09-05 13:29:50,246 [INFO] [437/504] TKO (TKO Group Holdings), depuis 2026-08-17...
2026-09-05 13:30:01,744 [INFO]   -> 15 jours récupérés pour TKO (source: ibkr)
2026-09-05 13:30:01,745 [INFO] [438/504] TMO (Thermo Fisher Scientific), depuis 2026-08-17...
2026-09-05 13:30:13,190 [INFO]   -> 15 jours récupérés pour TMO (source: ibkr)
2026-09-05 13:30:13,190 [INFO] [439/504] TMUS (T-Mobile US), depuis 2026-08-17...
2026-09-05 13:30:24,502 [INFO]   -> 15 jours récupérés pour TMUS (source: ibkr)
2026-09-05 13:30:24,503 [INFO] [440/504] TPL (Texas Pacific Land Corporation), depuis 2026-08-17...
2026-09-05 13:30:35,889 [INFO]   -> 15 jours récupérés pour TPL (source: ibkr)
2026-09-05 13:30:35,890 [INFO] [441/504] TPR (Tapestry, Inc.), depuis 2026-08-17...
2026-09-05 13:30:47,291 [INFO]   -> 15 jours récupérés pour TPR (source: ibkr)
2026-09-05 13:30:47,291 [INFO] [442/504] TRGP (Targa Resources), depuis 2026-08-17...
2026-09-05 13:30:58,692 [INFO]   -> 15 jours récupérés pour TRGP (source: ibkr)
2026-09-05 13:30:58,692 [INFO] [443/504] TRMB (Trimble Inc.), depuis 2026-08-17...
2026-09-05 13:31:10,070 [INFO]   -> 15 jours récupérés pour TRMB (source: ibkr)
2026-09-05 13:31:10,071 [INFO] [444/504] TROW (T. Rowe Price), depuis 2026-08-17...
2026-09-05 13:31:21,522 [INFO]   -> 15 jours récupérés pour TROW (source: ibkr)
2026-09-05 13:31:21,522 [INFO] [445/504] TRV (Travelers Companies (The)), depuis 2026-08-17...
2026-09-05 13:31:32,979 [INFO]   -> 15 jours récupérés pour TRV (source: ibkr)
2026-09-05 13:31:32,980 [INFO] [446/504] TSCO (Tractor Supply), depuis 2026-08-17...
2026-09-05 13:31:44,429 [INFO]   -> 15 jours récupérés pour TSCO (source: ibkr)
2026-09-05 13:31:44,429 [INFO] [447/504] TSLA (Tesla, Inc.), depuis 2026-08-17...
2026-09-05 13:31:55,757 [INFO]   -> 15 jours récupérés pour TSLA (source: ibkr)
2026-09-05 13:31:55,758 [INFO] [448/504] TSN (Tyson Foods), depuis 2026-08-17...
2026-09-05 13:32:07,263 [INFO]   -> 15 jours récupérés pour TSN (source: ibkr)
2026-09-05 13:32:07,263 [INFO] [449/504] TT (Trane Technologies), depuis 2026-08-17...
2026-09-05 13:32:18,774 [INFO]   -> 15 jours récupérés pour TT (source: ibkr)
2026-09-05 13:32:18,775 [INFO] [450/504] TTD (Trade Desk (The)), depuis 2026-08-17...
2026-09-05 13:32:30,080 [INFO]   -> 15 jours récupérés pour TTD (source: ibkr)
2026-09-05 13:32:34,179 [INFO]   [point de reprise] 450/504 tickers traités, 5046 lignes en cache.
2026-09-05 13:32:34,179 [INFO] [451/504] TTWO (Take-Two Interactive), depuis 2026-08-17...
2026-09-05 13:32:45,503 [INFO]   -> 15 jours récupérés pour TTWO (source: ibkr)
2026-09-05 13:32:45,504 [INFO] [452/504] TXN (Texas Instruments), depuis 2026-08-17...
2026-09-05 13:32:56,997 [INFO]   -> 15 jours récupérés pour TXN (source: ibkr)
2026-09-05 13:32:56,998 [INFO] [453/504] TXT (Textron), depuis 2026-08-17...
2026-09-05 13:33:08,493 [INFO]   -> 15 jours récupérés pour TXT (source: ibkr)
2026-09-05 13:33:08,493 [INFO] [454/504] TYL (Tyler Technologies), depuis 2026-08-17...
2026-09-05 13:33:19,843 [INFO]   -> 15 jours récupérés pour TYL (source: ibkr)
2026-09-05 13:33:19,843 [INFO] [455/504] UAL (United Airlines Holdings), depuis 2026-08-17...
2026-09-05 13:33:31,157 [INFO]   -> 15 jours récupérés pour UAL (source: ibkr)
2026-09-05 13:33:31,158 [INFO] [456/504] UBER (Uber), depuis 2026-08-17...
2026-09-05 13:33:42,478 [INFO]   -> 15 jours récupérés pour UBER (source: ibkr)
2026-09-05 13:33:42,479 [INFO] [457/504] UDR (UDR, Inc.), depuis 2026-08-17...
2026-09-05 13:33:53,963 [INFO]   -> 15 jours récupérés pour UDR (source: ibkr)
2026-09-05 13:33:53,963 [INFO] [458/504] UHS (Universal Health Services), depuis 2026-08-17...
2026-09-05 13:34:05,457 [INFO]   -> 15 jours récupérés pour UHS (source: ibkr)
2026-09-05 13:34:05,458 [INFO] [459/504] ULTA (Ulta Beauty), depuis 2026-08-17...
2026-09-05 13:34:16,844 [INFO]   -> 15 jours récupérés pour ULTA (source: ibkr)
2026-09-05 13:34:16,844 [INFO] [460/504] UNH (UnitedHealth Group), depuis 2026-08-17...
2026-09-05 13:34:28,195 [INFO]   -> 15 jours récupérés pour UNH (source: ibkr)
2026-09-05 13:34:28,195 [INFO] [461/504] UNP (Union Pacific Corporation), depuis 2026-08-17...
2026-09-05 13:34:39,638 [INFO]   -> 15 jours récupérés pour UNP (source: ibkr)
2026-09-05 13:34:39,639 [INFO] [462/504] UPS (United Parcel Service), depuis 2026-08-17...
2026-09-05 13:34:51,209 [INFO]   -> 15 jours récupérés pour UPS (source: ibkr)
2026-09-05 13:34:51,210 [INFO] [463/504] URI (United Rentals), depuis 2026-08-17...
2026-09-05 13:35:02,600 [INFO]   -> 15 jours récupérés pour URI (source: ibkr)
2026-09-05 13:35:02,601 [INFO] [464/504] USB (U.S. Bancorp), depuis 2026-08-17...
2026-09-05 13:35:14,049 [INFO]   -> 15 jours récupérés pour USB (source: ibkr)
2026-09-05 13:35:14,050 [INFO] [465/504] V (Visa Inc.), depuis 2026-08-17...
2026-09-05 13:35:25,459 [INFO]   -> 15 jours récupérés pour V (source: ibkr)
2026-09-05 13:35:25,459 [INFO] [466/504] VEEV (Veeva Systems), depuis 2026-08-17...
2026-09-05 13:35:36,771 [INFO]   -> 15 jours récupérés pour VEEV (source: ibkr)
2026-09-05 13:35:36,772 [INFO] [467/504] VICI (Vici Properties), depuis 2026-08-17...
2026-09-05 13:35:48,111 [INFO]   -> 15 jours récupérés pour VICI (source: ibkr)
2026-09-05 13:35:48,112 [INFO] [468/504] VLO (Valero Energy), depuis 2026-08-17...
2026-09-05 13:35:59,563 [INFO]   -> 15 jours récupérés pour VLO (source: ibkr)
2026-09-05 13:35:59,563 [INFO] [469/504] VLTO (Veralto), depuis 2026-08-17...
2026-09-05 13:36:10,963 [INFO]   -> 15 jours récupérés pour VLTO (source: ibkr)
2026-09-05 13:36:10,963 [INFO] [470/504] VMC (Vulcan Materials Company), depuis 2026-08-17...
2026-09-05 13:36:22,463 [INFO]   -> 15 jours récupérés pour VMC (source: ibkr)
2026-09-05 13:36:22,464 [INFO] [471/504] VRSK (Verisk Analytics), depuis 2026-08-17...
2026-09-05 13:36:33,815 [INFO]   -> 15 jours récupérés pour VRSK (source: ibkr)
2026-09-05 13:36:33,815 [INFO] [472/504] VRSN (Verisign), depuis 2026-08-17...
2026-09-05 13:36:45,202 [INFO]   -> 15 jours récupérés pour VRSN (source: ibkr)
2026-09-05 13:36:45,203 [INFO] [473/504] VRT (Vertiv), depuis 2026-08-17...
2026-09-05 13:36:56,587 [INFO]   -> 15 jours récupérés pour VRT (source: ibkr)
2026-09-05 13:36:56,587 [INFO] [474/504] VRTX (Vertex Pharmaceuticals), depuis 2026-08-17...
2026-09-05 13:37:07,915 [INFO]   -> 15 jours récupérés pour VRTX (source: ibkr)
2026-09-05 13:37:07,915 [INFO] [475/504] VST (Vistra Corp.), depuis 2026-08-17...
2026-09-05 13:37:19,250 [INFO]   -> 15 jours récupérés pour VST (source: ibkr)
2026-09-05 13:37:23,381 [INFO]   [point de reprise] 475/504 tickers traités, 5421 lignes en cache.
2026-09-05 13:37:23,381 [INFO] [476/504] VTR (Ventas), depuis 2026-08-17...
2026-09-05 13:37:34,854 [INFO]   -> 15 jours récupérés pour VTR (source: ibkr)
2026-09-05 13:37:34,855 [INFO] [477/504] VTRS (Viatris), depuis 2026-08-17...
2026-09-05 13:37:46,169 [INFO]   -> 15 jours récupérés pour VTRS (source: ibkr)
2026-09-05 13:37:46,169 [INFO] [478/504] VZ (Verizon), depuis 2026-08-17...
2026-09-05 13:37:57,599 [INFO]   -> 15 jours récupérés pour VZ (source: ibkr)
2026-09-05 13:37:57,600 [INFO] [479/504] WAB (Wabtec), depuis 2026-08-17...
2026-09-05 13:38:09,114 [INFO]   -> 15 jours récupérés pour WAB (source: ibkr)
2026-09-05 13:38:09,114 [INFO] [480/504] WAT (Waters Corporation), depuis 2026-08-17...
2026-09-05 13:38:20,447 [INFO]   -> 15 jours récupérés pour WAT (source: ibkr)
2026-09-05 13:38:20,447 [INFO] [481/504] WBD (Warner Bros. Discovery), depuis 2026-08-17...
2026-09-05 13:38:31,795 [INFO]   -> 15 jours récupérés pour WBD (source: ibkr)
2026-09-05 13:38:31,796 [INFO] [482/504] WDAY (Workday, Inc.), depuis 2026-08-17...
2026-09-05 13:38:43,186 [INFO]   -> 15 jours récupérés pour WDAY (source: ibkr)
2026-09-05 13:38:43,186 [INFO] [483/504] WDC (Western Digital), depuis 2026-08-17...
2026-09-05 13:38:54,515 [INFO]   -> 15 jours récupérés pour WDC (source: ibkr)
2026-09-05 13:38:54,515 [INFO] [484/504] WEC (WEC Energy Group), depuis 2026-08-17...
2026-09-05 13:39:05,949 [INFO]   -> 15 jours récupérés pour WEC (source: ibkr)
2026-09-05 13:39:05,949 [INFO] [485/504] WELL (Welltower), depuis 2026-08-17...
2026-09-05 13:39:17,518 [INFO]   -> 15 jours récupérés pour WELL (source: ibkr)
2026-09-05 13:39:17,519 [INFO] [486/504] WFC (Wells Fargo), depuis 2026-08-17...
2026-09-05 13:39:28,976 [INFO]   -> 15 jours récupérés pour WFC (source: ibkr)
2026-09-05 13:39:28,977 [INFO] [487/504] WM (Waste Management), depuis 2026-08-17...
2026-09-05 13:39:40,408 [INFO]   -> 15 jours récupérés pour WM (source: ibkr)
2026-09-05 13:39:40,409 [INFO] [488/504] WMB (Williams Companies), depuis 2026-08-17...
2026-09-05 13:39:51,839 [INFO]   -> 15 jours récupérés pour WMB (source: ibkr)
2026-09-05 13:39:51,839 [INFO] [489/504] WMT (Walmart), depuis 2026-08-17...
2026-09-05 13:40:03,274 [INFO]   -> 15 jours récupérés pour WMT (source: ibkr)
2026-09-05 13:40:03,275 [INFO] [490/504] WRB (W. R. Berkley Corporation), depuis 2026-08-17...
2026-09-05 13:40:14,728 [INFO]   -> 15 jours récupérés pour WRB (source: ibkr)
2026-09-05 13:40:14,728 [INFO] [491/504] WSM (Williams-Sonoma, Inc.), depuis 2026-08-17...
2026-09-05 13:40:26,146 [INFO]   -> 15 jours récupérés pour WSM (source: ibkr)
2026-09-05 13:40:26,147 [INFO] [492/504] WST (West Pharmaceutical Services), depuis 2026-08-17...
2026-09-05 13:40:37,580 [INFO]   -> 15 jours récupérés pour WST (source: ibkr)
2026-09-05 13:40:37,580 [INFO] [493/504] WTW (Willis Towers Watson), depuis 2026-08-17...
2026-09-05 13:40:49,017 [INFO]   -> 15 jours récupérés pour WTW (source: ibkr)
2026-09-05 13:40:49,017 [INFO] [494/504] WY (Weyerhaeuser), depuis 2026-08-17...
2026-09-05 13:41:00,468 [INFO]   -> 15 jours récupérés pour WY (source: ibkr)
2026-09-05 13:41:00,469 [INFO] [495/504] WYNN (Wynn Resorts), depuis 2026-08-17...
2026-09-05 13:41:11,852 [INFO]   -> 15 jours récupérés pour WYNN (source: ibkr)
2026-09-05 13:41:11,853 [INFO] [496/504] XEL (Xcel Energy), depuis 2026-08-17...
2026-09-05 13:41:23,345 [INFO]   -> 15 jours récupérés pour XEL (source: ibkr)
2026-09-05 13:41:23,345 [INFO] [497/504] XOM (ExxonMobil), depuis 2026-08-17...
2026-09-05 13:41:34,865 [INFO]   -> 15 jours récupérés pour XOM (source: ibkr)
2026-09-05 13:41:34,866 [INFO] [498/504] XYL (Xylem Inc.), depuis 2026-08-17...
2026-09-05 13:41:46,270 [INFO]   -> 15 jours récupérés pour XYL (source: ibkr)
2026-09-05 13:41:46,271 [INFO] [499/504] XYZ (Block, Inc.), depuis 2026-08-17...
2026-09-05 13:41:57,602 [INFO]   -> 15 jours récupérés pour XYZ (source: ibkr)
2026-09-05 13:41:57,603 [INFO] [500/504] YUM (Yum! Brands), depuis 2026-08-17...
2026-09-05 13:42:09,054 [INFO]   -> 15 jours récupérés pour YUM (source: ibkr)
2026-09-05 13:42:13,251 [INFO]   [point de reprise] 500/504 tickers traités, 5796 lignes en cache.
2026-09-05 13:42:13,252 [INFO] [501/504] ZBH (Zimmer Biomet), depuis 2026-08-17...
2026-09-05 13:42:24,621 [INFO]   -> 15 jours récupérés pour ZBH (source: ibkr)
2026-09-05 13:42:24,621 [INFO] [502/504] ZBRA (Zebra Technologies), depuis 2026-08-17...
2026-09-05 13:42:35,966 [INFO]   -> 15 jours récupérés pour ZBRA (source: ibkr)
2026-09-05 13:42:35,966 [INFO] [503/504] ZTS (Zoetis), depuis 2026-08-17...
2026-09-05 13:42:47,344 [INFO]   -> 15 jours récupérés pour ZTS (source: ibkr)
2026-09-05 13:42:47,345 [INFO] [504/504] SPY (SPDR S&P 500 ETF Trust), depuis 2026-08-17...
2026-09-05 13:42:58,829 [INFO]   -> 15 jours récupérés pour SPY (source: ibkr)
2026-09-05 13:42:58,830 [INFO] Disconnecting from 127.0.0.1:4002, 66.9 kB sent in 1012 messages, 1.14 MB received in 1956 messages, session time 5.74 ks.
2026-09-05 13:42:58,830 [INFO] Disconnecting
2026-09-05 13:42:58,830 [INFO] Déconnecté d'IBKR.
2026-09-05 13:42:58,831 [INFO] Terminé. OK: 502 | Échecs (trous de couverture): 2 | Déjà à jour (ignorés): 0 | Nouvelles lignes: 5856 | Sources: {'ibkr': 502}
2026-09-05 13:43:03,119 [INFO] Fichier écrit : data\prices\daily_prices.parquet (1931665 lignes au total, 5856 nouvelles/mises à jour ce run).
