2026-09-05 10:48:43,895 [INFO] Log file: data\prices\daily_prices_20260905_104843.log
2026-09-05 10:48:43,912 [INFO] Univers chargé : 503 tickers.
2026-09-05 10:48:43,912 [INFO] Indice de référence SPY ajouté aux tickers à récupérer (SPDR S&P 500 ETF Trust). Il n'entre PAS dans l'univers investissable, qui vient de sp500_universe_history.parquet.
2026-09-05 10:48:44,155 [INFO] Cache existant chargé : data\prices\daily_prices.parquet (1926311 lignes, 505 symboles).
2026-09-05 10:48:57,054 [INFO] 0/504 tickers déjà à jour (ignorés), 504 à récupérer.
2026-09-05 10:48:57,142 [INFO] Connecting to 127.0.0.1:4002 with clientId 4...
2026-09-05 10:48:57,143 [INFO] Connected
2026-09-05 10:48:57,153 [INFO] Logged on to server version 176
2026-09-05 10:48:57,162 [INFO] API connection ready
2026-09-05 10:48:57,163 [INFO] Warning 2104, reqId -1: Market data farm connection is OK:eufarm
2026-09-05 10:48:57,163 [INFO] Warning 2106, reqId -1: HMDS data farm connection is OK:euhmds
2026-09-05 10:48:57,163 [INFO] Warning 2106, reqId -1: HMDS data farm connection is OK:ushmds
2026-09-05 10:48:57,163 [INFO] Warning 2158, reqId -1: Sec-def data farm connection is OK:secdefeu
2026-09-05 10:48:57,470 [INFO] Synchronization complete
2026-09-05 10:48:57,470 [INFO] Connecté à IBKR sur 127.0.0.1:4002 (clientId=4, readonly=True).
2026-09-05 10:48:57,470 [INFO] [1/504] A (Agilent Technologies), depuis 2026-08-25...
2026-09-05 10:49:08,632 [INFO]   -> 9 jours récupérés pour A (source: ibkr)
2026-09-05 10:49:08,632 [INFO] [2/504] AAPL (Apple Inc.), depuis 2026-08-25...
2026-09-05 10:49:19,784 [INFO]   -> 9 jours récupérés pour AAPL (source: ibkr)
2026-09-05 10:49:19,784 [INFO] [3/504] ABBV (AbbVie), depuis 2026-08-25...
2026-09-05 10:49:30,944 [INFO]   -> 9 jours récupérés pour ABBV (source: ibkr)
2026-09-05 10:49:30,944 [INFO] [4/504] ABNB (Airbnb), depuis 2026-08-25...
2026-09-05 10:49:42,100 [INFO]   -> 9 jours récupérés pour ABNB (source: ibkr)
2026-09-05 10:49:42,101 [INFO] [5/504] ABT (Abbott Laboratories), depuis 2026-08-25...
2026-09-05 10:49:53,258 [INFO]   -> 9 jours récupérés pour ABT (source: ibkr)
2026-09-05 10:49:53,259 [INFO] [6/504] ACGL (Arch Capital Group), depuis 2026-08-25...
2026-09-05 10:50:04,411 [INFO]   -> 9 jours récupérés pour ACGL (source: ibkr)
2026-09-05 10:50:04,411 [INFO] [7/504] ACN (Accenture), depuis 2026-08-25...
2026-09-05 10:50:15,578 [INFO]   -> 9 jours récupérés pour ACN (source: ibkr)
2026-09-05 10:50:15,579 [INFO] [8/504] ADBE (Adobe Inc.), depuis 2026-08-25...
2026-09-05 10:50:26,736 [INFO]   -> 9 jours récupérés pour ADBE (source: ibkr)
2026-09-05 10:50:26,736 [INFO] [9/504] ADI (Analog Devices), depuis 2026-08-25...
2026-09-05 10:50:37,896 [INFO]   -> 9 jours récupérés pour ADI (source: ibkr)
2026-09-05 10:50:37,897 [INFO] [10/504] ADM (Archer Daniels Midland), depuis 2026-08-25...
2026-09-05 10:50:49,059 [INFO]   -> 9 jours récupérés pour ADM (source: ibkr)
2026-09-05 10:50:49,059 [INFO] [11/504] ADP (Automatic Data Processing), depuis 2026-08-25...
2026-09-05 10:51:00,214 [INFO]   -> 9 jours récupérés pour ADP (source: ibkr)
2026-09-05 10:51:00,215 [INFO] [12/504] ADSK (Autodesk), depuis 2026-08-25...
2026-09-05 10:51:11,385 [INFO]   -> 9 jours récupérés pour ADSK (source: ibkr)
2026-09-05 10:51:11,386 [INFO] [13/504] AEE (Ameren), depuis 2026-08-25...
2026-09-05 10:51:22,538 [INFO]   -> 9 jours récupérés pour AEE (source: ibkr)
2026-09-05 10:51:22,538 [INFO] [14/504] AEP (American Electric Power), depuis 2026-08-25...
2026-09-05 10:51:33,693 [INFO]   -> 9 jours récupérés pour AEP (source: ibkr)
2026-09-05 10:51:33,694 [INFO] [15/504] AES (AES Corporation), depuis 2026-08-25...
2026-09-05 10:51:44,844 [INFO]   -> 9 jours récupérés pour AES (source: ibkr)
2026-09-05 10:51:44,844 [INFO] [16/504] AFL (Aflac), depuis 2026-08-25...
2026-09-05 10:51:56,003 [INFO]   -> 9 jours récupérés pour AFL (source: ibkr)
2026-09-05 10:51:56,003 [INFO] [17/504] AIG (American International Group), depuis 2026-08-25...
2026-09-05 10:52:07,153 [INFO]   -> 9 jours récupérés pour AIG (source: ibkr)
2026-09-05 10:52:07,153 [INFO] [18/504] AIZ (Assurant), depuis 2026-08-25...
2026-09-05 10:52:18,308 [INFO]   -> 9 jours récupérés pour AIZ (source: ibkr)
2026-09-05 10:52:18,308 [INFO] [19/504] AJG (Arthur J. Gallagher & Co.), depuis 2026-08-25...
2026-09-05 10:52:29,464 [INFO]   -> 9 jours récupérés pour AJG (source: ibkr)
2026-09-05 10:52:29,464 [INFO] [20/504] AKAM (Akamai Technologies), depuis 2026-08-25...
2026-09-05 10:52:40,613 [INFO]   -> 9 jours récupérés pour AKAM (source: ibkr)
2026-09-05 10:52:40,613 [INFO] [21/504] ALB (Albemarle Corporation), depuis 2026-08-25...
2026-09-05 10:52:51,806 [INFO]   -> 9 jours récupérés pour ALB (source: ibkr)
2026-09-05 10:52:51,806 [INFO] [22/504] ALGN (Align Technology), depuis 2026-08-25...
2026-09-05 10:53:02,960 [INFO]   -> 9 jours récupérés pour ALGN (source: ibkr)
2026-09-05 10:53:02,960 [INFO] [23/504] ALL (Allstate), depuis 2026-08-25...
2026-09-05 10:53:14,115 [INFO]   -> 9 jours récupérés pour ALL (source: ibkr)
2026-09-05 10:53:14,115 [INFO] [24/504] ALLE (Allegion), depuis 2026-08-25...
2026-09-05 10:53:25,267 [INFO]   -> 9 jours récupérés pour ALLE (source: ibkr)
2026-09-05 10:53:25,268 [INFO] [25/504] AMAT (Applied Materials), depuis 2026-08-25...
2026-09-05 10:53:36,422 [INFO]   -> 9 jours récupérés pour AMAT (source: ibkr)
2026-09-05 10:53:36,422 [INFO] [26/504] AMCR (Amcor), depuis 2026-08-25...
2026-09-05 10:53:47,577 [INFO]   -> 9 jours récupérés pour AMCR (source: ibkr)
2026-09-05 10:53:47,577 [INFO] [27/504] AMD (Advanced Micro Devices), depuis 2026-08-25...
2026-09-05 10:53:58,728 [INFO]   -> 9 jours récupérés pour AMD (source: ibkr)
2026-09-05 10:53:58,729 [INFO] [28/504] AME (Ametek), depuis 2026-08-25...
2026-09-05 10:54:09,883 [INFO]   -> 9 jours récupérés pour AME (source: ibkr)
2026-09-05 10:54:09,884 [INFO] [29/504] AMGN (Amgen), depuis 2026-08-25...
2026-09-05 10:54:21,038 [INFO]   -> 9 jours récupérés pour AMGN (source: ibkr)
2026-09-05 10:54:21,038 [INFO] [30/504] AMP (Ameriprise Financial), depuis 2026-08-25...
2026-09-05 10:54:32,193 [INFO]   -> 9 jours récupérés pour AMP (source: ibkr)
2026-09-05 10:54:32,193 [INFO] [31/504] AMT (American Tower), depuis 2026-08-25...
2026-09-05 10:54:43,348 [INFO]   -> 9 jours récupérés pour AMT (source: ibkr)
2026-09-05 10:54:43,348 [INFO] [32/504] AMZN (Amazon), depuis 2026-08-25...
2026-09-05 10:54:54,505 [INFO]   -> 9 jours récupérés pour AMZN (source: ibkr)
2026-09-05 10:54:54,506 [INFO] [33/504] ANET (Arista Networks), depuis 2026-08-25...
2026-09-05 10:55:05,660 [INFO]   -> 9 jours récupérés pour ANET (source: ibkr)
2026-09-05 10:55:05,661 [INFO] [34/504] AON (Aon plc), depuis 2026-08-25...
2026-09-05 10:55:16,816 [INFO]   -> 9 jours récupérés pour AON (source: ibkr)
2026-09-05 10:55:16,817 [INFO] [35/504] AOS (A. O. Smith), depuis 2026-08-25...
2026-09-05 10:55:27,976 [INFO]   -> 9 jours récupérés pour AOS (source: ibkr)
2026-09-05 10:55:27,977 [INFO] [36/504] APA (APA Corporation), depuis 2026-08-25...
2026-09-05 10:55:39,130 [INFO]   -> 9 jours récupérés pour APA (source: ibkr)
2026-09-05 10:55:39,130 [INFO] [37/504] APD (Air Products), depuis 2026-08-25...
2026-09-05 10:55:50,283 [INFO]   -> 9 jours récupérés pour APD (source: ibkr)
2026-09-05 10:55:50,283 [INFO] [38/504] APH (Amphenol), depuis 2026-08-25...
2026-09-05 10:56:01,442 [INFO]   -> 9 jours récupérés pour APH (source: ibkr)
2026-09-05 10:56:01,442 [INFO] [39/504] APO (Apollo Global Management), depuis 2026-08-25...
2026-09-05 10:56:12,599 [INFO]   -> 9 jours récupérés pour APO (source: ibkr)
2026-09-05 10:56:12,599 [INFO] [40/504] APP (AppLovin), depuis 2026-08-25...
2026-09-05 10:56:23,752 [INFO]   -> 9 jours récupérés pour APP (source: ibkr)
2026-09-05 10:56:23,753 [INFO] [41/504] APTV (Aptiv), depuis 2026-08-25...
2026-09-05 10:56:34,919 [INFO]   -> 9 jours récupérés pour APTV (source: ibkr)
2026-09-05 10:56:34,919 [INFO] [42/504] ARE (Alexandria Real Estate Equities), depuis 2026-08-25...
2026-09-05 10:56:46,077 [INFO]   -> 9 jours récupérés pour ARE (source: ibkr)
2026-09-05 10:56:46,077 [INFO] [43/504] ARES (Ares Management), depuis 2026-08-25...
2026-09-05 10:56:57,232 [INFO]   -> 9 jours récupérés pour ARES (source: ibkr)
2026-09-05 10:56:57,233 [INFO] [44/504] ATO (Atmos Energy), depuis 2026-08-25...
2026-09-05 10:57:08,384 [INFO]   -> 9 jours récupérés pour ATO (source: ibkr)
2026-09-05 10:57:08,385 [INFO] [45/504] AVB (AvalonBay Communities), depuis 2026-08-13...
2026-09-05 10:57:08,407 [ERROR] Error 200, reqId 91: No security definition has been found for the request, contract: Stock(symbol='AVB', exchange='SMART', currency='USD')
2026-09-05 10:57:09,752 [WARNING]   -> ECHEC (ni IBKR ni Stooq) pour AVB : Aucune donnée (ni IBKR ni Stooq) pour AVB -- TROU DE COUVERTURE.
2026-09-05 10:57:09,752 [INFO] [46/504] AVGO (Broadcom), depuis 2026-08-25...
2026-09-05 10:57:20,912 [INFO]   -> 9 jours récupérés pour AVGO (source: ibkr)
2026-09-05 10:57:20,913 [INFO] [47/504] AVY (Avery Dennison), depuis 2026-08-25...
2026-09-05 10:57:32,067 [INFO]   -> 9 jours récupérés pour AVY (source: ibkr)
2026-09-05 10:57:32,068 [INFO] [48/504] AWK (American Water Works), depuis 2026-08-25...
2026-09-05 10:57:43,222 [INFO]   -> 9 jours récupérés pour AWK (source: ibkr)
2026-09-05 10:57:43,222 [INFO] [49/504] AXON (Axon Enterprise), depuis 2026-08-25...
2026-09-05 10:57:54,381 [INFO]   -> 9 jours récupérés pour AXON (source: ibkr)
2026-09-05 10:57:54,381 [INFO] [50/504] AXP (American Express), depuis 2026-08-25...
2026-09-05 10:58:05,538 [INFO]   -> 9 jours récupérés pour AXP (source: ibkr)
2026-09-05 10:58:05,538 [INFO] [51/504] AZO (AutoZone), depuis 2026-08-25...
2026-09-05 10:58:16,702 [INFO]   -> 9 jours récupérés pour AZO (source: ibkr)
2026-09-05 10:58:16,702 [INFO] [52/504] BA (Boeing), depuis 2026-08-25...
2026-09-05 10:58:27,859 [INFO]   -> 9 jours récupérés pour BA (source: ibkr)
2026-09-05 10:58:27,860 [INFO] [53/504] BAC (Bank of America), depuis 2026-08-25...
2026-09-05 10:58:39,018 [INFO]   -> 9 jours récupérés pour BAC (source: ibkr)
2026-09-05 10:58:39,018 [INFO] [54/504] BALL (Ball Corporation), depuis 2026-08-25...
2026-09-05 10:58:50,175 [INFO]   -> 9 jours récupérés pour BALL (source: ibkr)
2026-09-05 10:58:50,175 [INFO] [55/504] BAX (Baxter International), depuis 2026-08-25...
2026-09-05 10:59:01,333 [INFO]   -> 9 jours récupérés pour BAX (source: ibkr)
2026-09-05 10:59:01,334 [INFO] [56/504] BBY (Best Buy), depuis 2026-08-25...
2026-09-05 10:59:12,510 [INFO]   -> 9 jours récupérés pour BBY (source: ibkr)
2026-09-05 10:59:12,511 [INFO] [57/504] BDX (Becton Dickinson), depuis 2026-08-25...
2026-09-05 10:59:23,663 [INFO]   -> 9 jours récupérés pour BDX (source: ibkr)
2026-09-05 10:59:23,664 [INFO] [58/504] BEN (Franklin Resources), depuis 2026-08-25...
2026-09-05 10:59:34,827 [INFO]   -> 9 jours récupérés pour BEN (source: ibkr)
2026-09-05 10:59:34,827 [INFO] [59/504] BF B (Brown–Forman), depuis 2026-08-25...
2026-09-05 10:59:45,982 [INFO]   -> 9 jours récupérés pour BF B (source: ibkr)
2026-09-05 10:59:45,982 [INFO] [60/504] BG (Bunge Global), depuis 2026-08-25...
2026-09-05 10:59:57,137 [INFO]   -> 9 jours récupérés pour BG (source: ibkr)
2026-09-05 10:59:57,138 [INFO] [61/504] BIIB (Biogen), depuis 2026-08-25...
2026-09-05 11:00:08,304 [INFO]   -> 9 jours récupérés pour BIIB (source: ibkr)
2026-09-05 11:00:08,304 [INFO] [62/504] BKNG (Booking Holdings), depuis 2026-08-25...
2026-09-05 11:00:19,462 [INFO]   -> 9 jours récupérés pour BKNG (source: ibkr)
2026-09-05 11:00:19,462 [INFO] [63/504] BKR (Baker Hughes), depuis 2026-08-25...
2026-09-05 11:00:30,617 [INFO]   -> 9 jours récupérés pour BKR (source: ibkr)
2026-09-05 11:00:30,617 [INFO] [64/504] BLDR (Builders FirstSource), depuis 2026-08-25...
2026-09-05 11:00:41,782 [INFO]   -> 9 jours récupérés pour BLDR (source: ibkr)
2026-09-05 11:00:41,783 [INFO] [65/504] BLK (BlackRock), depuis 2026-08-25...
2026-09-05 11:00:52,936 [INFO]   -> 9 jours récupérés pour BLK (source: ibkr)
2026-09-05 11:00:52,937 [INFO] [66/504] BMY (Bristol Myers Squibb), depuis 2026-08-25...
2026-09-05 11:01:04,092 [INFO]   -> 9 jours récupérés pour BMY (source: ibkr)
2026-09-05 11:01:04,092 [INFO] [67/504] BNY (BNY Mellon), depuis 2026-08-25...
2026-09-05 11:01:15,244 [INFO]   -> 9 jours récupérés pour BNY (source: ibkr)
2026-09-05 11:01:15,244 [INFO] [68/504] BR (Broadridge Financial Solutions), depuis 2026-08-25...
2026-09-05 11:01:26,398 [INFO]   -> 9 jours récupérés pour BR (source: ibkr)
2026-09-05 11:01:26,399 [INFO] [69/504] BRK B (Berkshire Hathaway), depuis 2026-08-25...
2026-09-05 11:01:37,556 [INFO]   -> 9 jours récupérés pour BRK B (source: ibkr)
2026-09-05 11:01:37,556 [INFO] [70/504] BRO (Brown & Brown), depuis 2026-08-25...
2026-09-05 11:01:48,712 [INFO]   -> 9 jours récupérés pour BRO (source: ibkr)
2026-09-05 11:01:48,712 [INFO] [71/504] BSX (Boston Scientific), depuis 2026-08-25...
2026-09-05 11:01:59,898 [INFO]   -> 9 jours récupérés pour BSX (source: ibkr)
2026-09-05 11:01:59,898 [INFO] [72/504] BX (Blackstone Inc.), depuis 2026-08-25...
2026-09-05 11:02:11,054 [INFO]   -> 9 jours récupérés pour BX (source: ibkr)
2026-09-05 11:02:11,054 [INFO] [73/504] BXP (BXP, Inc.), depuis 2026-08-25...
2026-09-05 11:02:22,221 [INFO]   -> 9 jours récupérés pour BXP (source: ibkr)
2026-09-05 11:02:22,222 [INFO] [74/504] C (Citigroup), depuis 2026-08-25...
2026-09-05 11:02:33,379 [INFO]   -> 9 jours récupérés pour C (source: ibkr)
2026-09-05 11:02:33,379 [INFO] [75/504] CAH (Cardinal Health), depuis 2026-08-25...
2026-09-05 11:02:44,532 [INFO]   -> 9 jours récupérés pour CAH (source: ibkr)
2026-09-05 11:02:44,532 [INFO] [76/504] CARR (Carrier Global), depuis 2026-08-25...
2026-09-05 11:02:55,688 [INFO]   -> 9 jours récupérés pour CARR (source: ibkr)
2026-09-05 11:02:55,688 [INFO] [77/504] CASY (Casey's), depuis 2026-08-25...
2026-09-05 11:03:06,843 [INFO]   -> 9 jours récupérés pour CASY (source: ibkr)
2026-09-05 11:03:06,843 [INFO] [78/504] CAT (Caterpillar Inc.), depuis 2026-08-25...
2026-09-05 11:03:17,996 [INFO]   -> 9 jours récupérés pour CAT (source: ibkr)
2026-09-05 11:03:17,997 [INFO] [79/504] CB (Chubb Limited), depuis 2026-08-25...
2026-09-05 11:03:29,153 [INFO]   -> 9 jours récupérés pour CB (source: ibkr)
2026-09-05 11:03:29,154 [INFO] [80/504] CBOE (Cboe Global Markets), depuis 2026-08-25...
2026-09-05 11:03:40,311 [INFO]   -> 9 jours récupérés pour CBOE (source: ibkr)
2026-09-05 11:03:40,311 [INFO] [81/504] CBRE (CBRE Group), depuis 2026-08-25...
2026-09-05 11:03:51,470 [INFO]   -> 9 jours récupérés pour CBRE (source: ibkr)
2026-09-05 11:03:51,470 [INFO] [82/504] CCI (Crown Castle), depuis 2026-08-25...
2026-09-05 11:04:02,624 [INFO]   -> 9 jours récupérés pour CCI (source: ibkr)
2026-09-05 11:04:02,624 [INFO] [83/504] CCL (Carnival Corporation), depuis 2026-08-25...
2026-09-05 11:04:13,779 [INFO]   -> 9 jours récupérés pour CCL (source: ibkr)
2026-09-05 11:04:13,779 [INFO] [84/504] CDNS (Cadence Design Systems), depuis 2026-08-25...
2026-09-05 11:04:24,945 [INFO]   -> 9 jours récupérés pour CDNS (source: ibkr)
2026-09-05 11:04:24,946 [INFO] [85/504] CDW (CDW Corporation), depuis 2026-08-25...
2026-09-05 11:04:36,100 [INFO]   -> 9 jours récupérés pour CDW (source: ibkr)
2026-09-05 11:04:36,100 [INFO] [86/504] CEG (Constellation Energy), depuis 2026-08-25...
2026-09-05 11:04:47,271 [INFO]   -> 9 jours récupérés pour CEG (source: ibkr)
2026-09-05 11:04:47,271 [INFO] [87/504] CF (CF Industries), depuis 2026-08-25...
2026-09-05 11:04:58,427 [INFO]   -> 9 jours récupérés pour CF (source: ibkr)
2026-09-05 11:04:58,427 [INFO] [88/504] CFG (Citizens Financial Group), depuis 2026-08-25...
2026-09-05 11:05:09,586 [INFO]   -> 9 jours récupérés pour CFG (source: ibkr)
2026-09-05 11:05:09,586 [INFO] [89/504] CHD (Church & Dwight), depuis 2026-08-25...
2026-09-05 11:05:20,745 [INFO]   -> 9 jours récupérés pour CHD (source: ibkr)
2026-09-05 11:05:20,745 [INFO] [90/504] CHRW (C.H. Robinson), depuis 2026-08-25...
2026-09-05 11:05:31,897 [INFO]   -> 9 jours récupérés pour CHRW (source: ibkr)
2026-09-05 11:05:31,898 [INFO] [91/504] CHTR (Charter Communications), depuis 2026-08-25...
2026-09-05 11:05:43,049 [INFO]   -> 9 jours récupérés pour CHTR (source: ibkr)
2026-09-05 11:05:43,049 [INFO] [92/504] CI (Cigna), depuis 2026-08-25...
2026-09-05 11:05:54,203 [INFO]   -> 9 jours récupérés pour CI (source: ibkr)
2026-09-05 11:05:54,203 [INFO] [93/504] CIEN (Ciena), depuis 2026-08-25...
2026-09-05 11:06:05,352 [INFO]   -> 9 jours récupérés pour CIEN (source: ibkr)
2026-09-05 11:06:05,352 [INFO] [94/504] CINF (Cincinnati Financial), depuis 2026-08-25...
2026-09-05 11:06:16,503 [INFO]   -> 9 jours récupérés pour CINF (source: ibkr)
2026-09-05 11:06:16,504 [INFO] [95/504] CL (Colgate-Palmolive), depuis 2026-08-25...
2026-09-05 11:06:27,669 [INFO]   -> 9 jours récupérés pour CL (source: ibkr)
2026-09-05 11:06:27,669 [INFO] [96/504] CLX (Clorox), depuis 2026-08-25...
2026-09-05 11:06:38,839 [INFO]   -> 9 jours récupérés pour CLX (source: ibkr)
2026-09-05 11:06:38,840 [INFO] [97/504] CMCSA (Comcast), depuis 2026-08-25...
2026-09-05 11:06:50,003 [INFO]   -> 9 jours récupérés pour CMCSA (source: ibkr)
2026-09-05 11:06:50,003 [INFO] [98/504] CME (CME Group), depuis 2026-08-25...
2026-09-05 11:07:01,157 [INFO]   -> 9 jours récupérés pour CME (source: ibkr)
2026-09-05 11:07:01,158 [INFO] [99/504] CMG (Chipotle Mexican Grill), depuis 2026-08-25...
2026-09-05 11:07:12,312 [INFO]   -> 9 jours récupérés pour CMG (source: ibkr)
2026-09-05 11:07:12,313 [INFO] [100/504] CMI (Cummins), depuis 2026-08-25...
2026-09-05 11:07:23,473 [INFO]   -> 9 jours récupérés pour CMI (source: ibkr)
2026-09-05 11:07:23,474 [INFO] [101/504] CMS (CMS Energy), depuis 2026-08-25...
2026-09-05 11:07:34,629 [INFO]   -> 9 jours récupérés pour CMS (source: ibkr)
2026-09-05 11:07:34,629 [INFO] [102/504] CNC (Centene Corporation), depuis 2026-08-25...
2026-09-05 11:07:45,783 [INFO]   -> 9 jours récupérés pour CNC (source: ibkr)
2026-09-05 11:07:45,784 [INFO] [103/504] CNP (CenterPoint Energy), depuis 2026-08-25...
2026-09-05 11:07:56,942 [INFO]   -> 9 jours récupérés pour CNP (source: ibkr)
2026-09-05 11:07:56,942 [INFO] [104/504] COF (Capital One), depuis 2026-08-25...
2026-09-05 11:08:08,094 [INFO]   -> 9 jours récupérés pour COF (source: ibkr)
2026-09-05 11:08:08,094 [INFO] [105/504] COHR (Coherent Corp.), depuis 2026-08-25...
2026-09-05 11:08:19,253 [INFO]   -> 9 jours récupérés pour COHR (source: ibkr)
2026-09-05 11:08:19,253 [INFO] [106/504] COIN (Coinbase), depuis 2026-08-25...
2026-09-05 11:08:30,407 [INFO]   -> 9 jours récupérés pour COIN (source: ibkr)
2026-09-05 11:08:30,408 [INFO] [107/504] COO (Cooper Companies (The)), depuis 2026-08-25...
2026-09-05 11:08:41,570 [INFO]   -> 9 jours récupérés pour COO (source: ibkr)
2026-09-05 11:08:41,571 [INFO] [108/504] COP (ConocoPhillips), depuis 2026-08-25...
2026-09-05 11:08:52,727 [INFO]   -> 9 jours récupérés pour COP (source: ibkr)
2026-09-05 11:08:52,727 [INFO] [109/504] COR (Cencora), depuis 2026-08-25...
2026-09-05 11:09:03,895 [INFO]   -> 9 jours récupérés pour COR (source: ibkr)
2026-09-05 11:09:03,895 [INFO] [110/504] COST (Costco), depuis 2026-08-25...
2026-09-05 11:09:15,053 [INFO]   -> 9 jours récupérés pour COST (source: ibkr)
2026-09-05 11:09:15,053 [INFO] [111/504] CPAY (Corpay), depuis 2026-08-25...
2026-09-05 11:09:26,205 [INFO]   -> 9 jours récupérés pour CPAY (source: ibkr)
2026-09-05 11:09:26,205 [INFO] [112/504] CPRT (Copart), depuis 2026-08-25...
2026-09-05 11:09:37,359 [INFO]   -> 9 jours récupérés pour CPRT (source: ibkr)
2026-09-05 11:09:37,359 [INFO] [113/504] CPT (Camden Property Trust), depuis 2026-08-25...
2026-09-05 11:09:48,517 [INFO]   -> 9 jours récupérés pour CPT (source: ibkr)
2026-09-05 11:09:48,518 [INFO] [114/504] CRH (CRH plc), depuis 2026-08-25...
2026-09-05 11:09:59,672 [INFO]   -> 9 jours récupérés pour CRH (source: ibkr)
2026-09-05 11:09:59,673 [INFO] [115/504] CRL (Charles River Laboratories), depuis 2026-08-25...
2026-09-05 11:10:10,828 [INFO]   -> 9 jours récupérés pour CRL (source: ibkr)
2026-09-05 11:10:10,828 [INFO] [116/504] CRM (Salesforce), depuis 2026-08-25...
2026-09-05 11:10:21,986 [INFO]   -> 9 jours récupérés pour CRM (source: ibkr)
2026-09-05 11:10:21,986 [INFO] [117/504] CRWD (CrowdStrike), depuis 2026-08-25...
2026-09-05 11:10:33,152 [INFO]   -> 9 jours récupérés pour CRWD (source: ibkr)
2026-09-05 11:10:33,152 [INFO] [118/504] CSCO (Cisco), depuis 2026-08-25...
2026-09-05 11:10:44,306 [INFO]   -> 9 jours récupérés pour CSCO (source: ibkr)
2026-09-05 11:10:44,306 [INFO] [119/504] CSGP (CoStar Group), depuis 2026-08-25...
2026-09-05 11:10:55,482 [INFO]   -> 9 jours récupérés pour CSGP (source: ibkr)
2026-09-05 11:10:55,482 [INFO] [120/504] CSX (CSX Corporation), depuis 2026-08-25...
2026-09-05 11:11:06,647 [INFO]   -> 9 jours récupérés pour CSX (source: ibkr)
2026-09-05 11:11:06,648 [INFO] [121/504] CTAS (Cintas), depuis 2026-08-25...
2026-09-05 11:11:17,806 [INFO]   -> 9 jours récupérés pour CTAS (source: ibkr)
2026-09-05 11:11:17,806 [INFO] [122/504] CTSH (Cognizant), depuis 2026-08-25...
2026-09-05 11:11:28,961 [INFO]   -> 9 jours récupérés pour CTSH (source: ibkr)
2026-09-05 11:11:28,961 [INFO] [123/504] CTVA (Corteva), depuis 2026-08-25...
2026-09-05 11:11:40,110 [INFO]   -> 9 jours récupérés pour CTVA (source: ibkr)
2026-09-05 11:11:40,110 [INFO] [124/504] CVNA (Carvana), depuis 2026-08-25...
2026-09-05 11:11:51,270 [INFO]   -> 9 jours récupérés pour CVNA (source: ibkr)
2026-09-05 11:11:51,271 [INFO] [125/504] CVS (CVS Health), depuis 2026-08-25...
2026-09-05 11:12:02,435 [INFO]   -> 9 jours récupérés pour CVS (source: ibkr)
2026-09-05 11:12:02,435 [INFO] [126/504] CVX (Chevron Corporation), depuis 2026-08-25...
2026-09-05 11:12:13,598 [INFO]   -> 9 jours récupérés pour CVX (source: ibkr)
2026-09-05 11:12:13,598 [INFO] [127/504] D (Dominion Energy), depuis 2026-08-25...
2026-09-05 11:12:24,755 [INFO]   -> 9 jours récupérés pour D (source: ibkr)
2026-09-05 11:12:24,755 [INFO] [128/504] DAL (Delta Air Lines), depuis 2026-08-25...
2026-09-05 11:12:35,908 [INFO]   -> 9 jours récupérés pour DAL (source: ibkr)
2026-09-05 11:12:35,908 [INFO] [129/504] DASH (DoorDash), depuis 2026-08-25...
2026-09-05 11:12:47,066 [INFO]   -> 9 jours récupérés pour DASH (source: ibkr)
2026-09-05 11:12:47,066 [INFO] [130/504] DD (DuPont), depuis 2026-08-25...
2026-09-05 11:12:58,224 [INFO]   -> 9 jours récupérés pour DD (source: ibkr)
2026-09-05 11:12:58,224 [INFO] [131/504] DDOG (Datadog), depuis 2026-08-25...
2026-09-05 11:13:09,465 [INFO]   -> 9 jours récupérés pour DDOG (source: ibkr)
2026-09-05 11:13:09,465 [INFO] [132/504] DE (Deere & Company), depuis 2026-08-25...
2026-09-05 11:13:20,629 [INFO]   -> 9 jours récupérés pour DE (source: ibkr)
2026-09-05 11:13:20,630 [INFO] [133/504] DECK (Deckers Brands), depuis 2026-08-25...
2026-09-05 11:13:31,786 [INFO]   -> 9 jours récupérés pour DECK (source: ibkr)
2026-09-05 11:13:31,786 [INFO] [134/504] DELL (Dell Technologies), depuis 2026-08-25...
2026-09-05 11:13:42,942 [INFO]   -> 9 jours récupérés pour DELL (source: ibkr)
2026-09-05 11:13:42,942 [INFO] [135/504] DG (Dollar General), depuis 2026-08-25...
2026-09-05 11:13:54,097 [INFO]   -> 9 jours récupérés pour DG (source: ibkr)
2026-09-05 11:13:54,097 [INFO] [136/504] DGX (Quest Diagnostics), depuis 2026-08-25...
2026-09-05 11:14:05,257 [INFO]   -> 9 jours récupérés pour DGX (source: ibkr)
2026-09-05 11:14:05,257 [INFO] [137/504] DHI (D. R. Horton), depuis 2026-08-25...
2026-09-05 11:14:16,412 [INFO]   -> 9 jours récupérés pour DHI (source: ibkr)
2026-09-05 11:14:16,413 [INFO] [138/504] DHR (Danaher Corporation), depuis 2026-08-25...
2026-09-05 11:14:27,577 [INFO]   -> 9 jours récupérés pour DHR (source: ibkr)
2026-09-05 11:14:27,577 [INFO] [139/504] DIS (Walt Disney Company (The)), depuis 2026-08-25...
2026-09-05 11:14:38,736 [INFO]   -> 9 jours récupérés pour DIS (source: ibkr)
2026-09-05 11:14:38,736 [INFO] [140/504] DLR (Digital Realty), depuis 2026-08-25...
2026-09-05 11:14:49,888 [INFO]   -> 9 jours récupérés pour DLR (source: ibkr)
2026-09-05 11:14:49,888 [INFO] [141/504] DLTR (Dollar Tree), depuis 2026-08-25...
2026-09-05 11:15:01,043 [INFO]   -> 9 jours récupérés pour DLTR (source: ibkr)
2026-09-05 11:15:01,043 [INFO] [142/504] DOC (Healthpeak Properties), depuis 2026-08-25...
2026-09-05 11:15:12,205 [INFO]   -> 9 jours récupérés pour DOC (source: ibkr)
2026-09-05 11:15:12,206 [INFO] [143/504] DOV (Dover Corporation), depuis 2026-08-25...
2026-09-05 11:15:23,358 [INFO]   -> 9 jours récupérés pour DOV (source: ibkr)
2026-09-05 11:15:23,358 [INFO] [144/504] DOW (Dow Inc.), depuis 2026-08-25...
2026-09-05 11:15:34,513 [INFO]   -> 9 jours récupérés pour DOW (source: ibkr)
2026-09-05 11:15:34,513 [INFO] [145/504] DPZ (Domino's), depuis 2026-08-25...
2026-09-05 11:15:45,671 [INFO]   -> 9 jours récupérés pour DPZ (source: ibkr)
2026-09-05 11:15:45,671 [INFO] [146/504] DRI (Darden Restaurants), depuis 2026-08-25...
2026-09-05 11:15:56,829 [INFO]   -> 9 jours récupérés pour DRI (source: ibkr)
2026-09-05 11:15:56,829 [INFO] [147/504] DTE (DTE Energy), depuis 2026-08-25...
2026-09-05 11:16:07,985 [INFO]   -> 9 jours récupérés pour DTE (source: ibkr)
2026-09-05 11:16:07,985 [INFO] [148/504] DUK (Duke Energy), depuis 2026-08-25...
2026-09-05 11:16:19,141 [INFO]   -> 9 jours récupérés pour DUK (source: ibkr)
2026-09-05 11:16:19,141 [INFO] [149/504] DVA (DaVita), depuis 2026-08-25...
2026-09-05 11:16:30,295 [INFO]   -> 9 jours récupérés pour DVA (source: ibkr)
2026-09-05 11:16:30,295 [INFO] [150/504] DVN (Devon Energy), depuis 2026-08-25...
2026-09-05 11:16:41,449 [INFO]   -> 9 jours récupérés pour DVN (source: ibkr)
2026-09-05 11:16:41,450 [INFO] [151/504] DXCM (Dexcom), depuis 2026-08-25...
2026-09-05 11:16:52,600 [INFO]   -> 9 jours récupérés pour DXCM (source: ibkr)
2026-09-05 11:16:52,600 [INFO] [152/504] EBAY (eBay Inc.), depuis 2026-08-25...
2026-09-05 11:17:03,753 [INFO]   -> 9 jours récupérés pour EBAY (source: ibkr)
2026-09-05 11:17:03,753 [INFO] [153/504] ECHO (EchoStar), depuis 2026-08-25...
2026-09-05 11:17:14,905 [INFO]   -> 9 jours récupérés pour ECHO (source: ibkr)
2026-09-05 11:17:14,905 [INFO] [154/504] ECL (Ecolab), depuis 2026-08-25...
2026-09-05 11:17:26,065 [INFO]   -> 9 jours récupérés pour ECL (source: ibkr)
2026-09-05 11:17:26,065 [INFO] [155/504] ED (Consolidated Edison), depuis 2026-08-25...
2026-09-05 11:17:37,219 [INFO]   -> 9 jours récupérés pour ED (source: ibkr)
2026-09-05 11:17:37,219 [INFO] [156/504] EFX (Equifax), depuis 2026-08-25...
2026-09-05 11:17:48,374 [INFO]   -> 9 jours récupérés pour EFX (source: ibkr)
2026-09-05 11:17:48,375 [INFO] [157/504] EG (Everest Group), depuis 2026-08-25...
2026-09-05 11:17:59,598 [INFO]   -> 9 jours récupérés pour EG (source: ibkr)
2026-09-05 11:17:59,598 [INFO] [158/504] EIX (Edison International), depuis 2026-08-25...
2026-09-05 11:18:10,754 [INFO]   -> 9 jours récupérés pour EIX (source: ibkr)
2026-09-05 11:18:10,754 [INFO] [159/504] EL (Estée Lauder Companies (The)), depuis 2026-08-25...
2026-09-05 11:18:21,913 [INFO]   -> 9 jours récupérés pour EL (source: ibkr)
2026-09-05 11:18:21,913 [INFO] [160/504] ELV (Elevance Health), depuis 2026-08-25...
2026-09-05 11:18:33,070 [INFO]   -> 9 jours récupérés pour ELV (source: ibkr)
2026-09-05 11:18:33,070 [INFO] [161/504] EME (Emcor), depuis 2026-08-25...
2026-09-05 11:18:44,224 [INFO]   -> 9 jours récupérés pour EME (source: ibkr)
2026-09-05 11:18:44,224 [INFO] [162/504] EMR (Emerson Electric), depuis 2026-08-25...
2026-09-05 11:18:55,379 [INFO]   -> 9 jours récupérés pour EMR (source: ibkr)
2026-09-05 11:18:55,379 [INFO] [163/504] EOG (EOG Resources), depuis 2026-08-25...
2026-09-05 11:19:06,534 [INFO]   -> 9 jours récupérés pour EOG (source: ibkr)
2026-09-05 11:19:06,535 [INFO] [164/504] EQIX (Equinix), depuis 2026-08-25...
2026-09-05 11:19:17,689 [INFO]   -> 9 jours récupérés pour EQIX (source: ibkr)
2026-09-05 11:19:17,689 [INFO] [165/504] EQR (Equity Residential), depuis 2026-08-17...
2026-09-05 11:19:17,710 [ERROR] Error 200, reqId 330: No security definition has been found for the request, contract: Stock(symbol='EQR', exchange='SMART', currency='USD')
2026-09-05 11:19:18,985 [WARNING]   -> ECHEC (ni IBKR ni Stooq) pour EQR : Aucune donnée (ni IBKR ni Stooq) pour EQR -- TROU DE COUVERTURE.
2026-09-05 11:19:18,986 [INFO] [166/504] EQT (EQT Corporation), depuis 2026-08-25...
2026-09-05 11:19:30,138 [INFO]   -> 9 jours récupérés pour EQT (source: ibkr)
2026-09-05 11:19:30,139 [INFO] [167/504] ERIE (Erie Indemnity), depuis 2026-08-25...
2026-09-05 11:19:41,292 [INFO]   -> 9 jours récupérés pour ERIE (source: ibkr)
2026-09-05 11:19:41,292 [INFO] [168/504] ES (Eversource Energy), depuis 2026-08-25...
2026-09-05 11:19:52,445 [INFO]   -> 9 jours récupérés pour ES (source: ibkr)
2026-09-05 11:19:52,446 [INFO] [169/504] ESS (Essex Property Trust), depuis 2026-08-25...
2026-09-05 11:20:03,595 [INFO]   -> 9 jours récupérés pour ESS (source: ibkr)
2026-09-05 11:20:03,595 [INFO] [170/504] ETN (Eaton Corporation), depuis 2026-08-25...
2026-09-05 11:20:14,749 [INFO]   -> 9 jours récupérés pour ETN (source: ibkr)
2026-09-05 11:20:14,749 [INFO] [171/504] ETR (Entergy), depuis 2026-08-25...
2026-09-05 11:20:25,902 [INFO]   -> 9 jours récupérés pour ETR (source: ibkr)
2026-09-05 11:20:25,902 [INFO] [172/504] EVRG (Evergy), depuis 2026-08-25...
2026-09-05 11:20:37,064 [INFO]   -> 9 jours récupérés pour EVRG (source: ibkr)
2026-09-05 11:20:37,065 [INFO] [173/504] EW (Edwards Lifesciences), depuis 2026-08-25...
2026-09-05 11:20:48,213 [INFO]   -> 9 jours récupérés pour EW (source: ibkr)
2026-09-05 11:20:48,214 [INFO] [174/504] EXC (Exelon), depuis 2026-08-25...
2026-09-05 11:20:59,367 [INFO]   -> 9 jours récupérés pour EXC (source: ibkr)
2026-09-05 11:20:59,367 [INFO] [175/504] EXE (Expand Energy), depuis 2026-08-25...
2026-09-05 11:21:10,519 [INFO]   -> 9 jours récupérés pour EXE (source: ibkr)
2026-09-05 11:21:10,519 [INFO] [176/504] EXPD (Expeditors International), depuis 2026-08-25...
2026-09-05 11:21:21,676 [INFO]   -> 9 jours récupérés pour EXPD (source: ibkr)
2026-09-05 11:21:21,676 [INFO] [177/504] EXPE (Expedia Group), depuis 2026-08-25...
2026-09-05 11:21:32,833 [INFO]   -> 9 jours récupérés pour EXPE (source: ibkr)
2026-09-05 11:21:32,834 [INFO] [178/504] EXR (Extra Space Storage), depuis 2026-08-25...
2026-09-05 11:21:43,992 [INFO]   -> 9 jours récupérés pour EXR (source: ibkr)
2026-09-05 11:21:43,993 [INFO] [179/504] F (Ford Motor Company), depuis 2026-08-25...
2026-09-05 11:21:55,144 [INFO]   -> 9 jours récupérés pour F (source: ibkr)
2026-09-05 11:21:55,145 [INFO] [180/504] FANG (Diamondback Energy), depuis 2026-08-25...
2026-09-05 11:22:06,319 [INFO]   -> 9 jours récupérés pour FANG (source: ibkr)
2026-09-05 11:22:06,319 [INFO] [181/504] FAST (Fastenal), depuis 2026-08-25...
2026-09-05 11:22:17,474 [INFO]   -> 9 jours récupérés pour FAST (source: ibkr)
2026-09-05 11:22:17,475 [INFO] [182/504] FCX (Freeport-McMoRan), depuis 2026-08-25...
2026-09-05 11:22:28,628 [INFO]   -> 9 jours récupérés pour FCX (source: ibkr)
2026-09-05 11:22:28,628 [INFO] [183/504] FDS (FactSet), depuis 2026-08-25...
2026-09-05 11:22:39,782 [INFO]   -> 9 jours récupérés pour FDS (source: ibkr)
2026-09-05 11:22:39,782 [INFO] [184/504] FDX (FedEx), depuis 2026-08-25...
2026-09-05 11:22:50,935 [INFO]   -> 9 jours récupérés pour FDX (source: ibkr)
2026-09-05 11:22:50,935 [INFO] [185/504] FDXF (FedEx Freight), depuis 2026-08-25...
2026-09-05 11:23:02,089 [INFO]   -> 9 jours récupérés pour FDXF (source: ibkr)
2026-09-05 11:23:02,090 [INFO] [186/504] FE (FirstEnergy), depuis 2026-08-25...
2026-09-05 11:23:13,243 [INFO]   -> 9 jours récupérés pour FE (source: ibkr)
2026-09-05 11:23:13,243 [INFO] [187/504] FERG (Ferguson Enterprises), depuis 2026-08-25...
2026-09-05 11:23:24,399 [INFO]   -> 9 jours récupérés pour FERG (source: ibkr)
2026-09-05 11:23:24,399 [INFO] [188/504] FFIV (F5, Inc.), depuis 2026-08-25...
2026-09-05 11:23:35,551 [INFO]   -> 9 jours récupérés pour FFIV (source: ibkr)
2026-09-05 11:23:35,551 [INFO] [189/504] FICO (Fair Isaac), depuis 2026-08-25...
2026-09-05 11:23:46,701 [INFO]   -> 9 jours récupérés pour FICO (source: ibkr)
2026-09-05 11:23:46,702 [INFO] [190/504] FIS (Fidelity National Information Services), depuis 2026-08-25...
2026-09-05 11:23:57,856 [INFO]   -> 9 jours récupérés pour FIS (source: ibkr)
2026-09-05 11:23:57,856 [INFO] [191/504] FISV (Fiserv), depuis 2026-08-25...
2026-09-05 11:24:09,008 [INFO]   -> 9 jours récupérés pour FISV (source: ibkr)
2026-09-05 11:24:09,009 [INFO] [192/504] FITB (Fifth Third Bancorp), depuis 2026-08-25...
2026-09-05 11:24:20,161 [INFO]   -> 9 jours récupérés pour FITB (source: ibkr)
2026-09-05 11:24:20,161 [INFO] [193/504] FIX (Comfort Systems USA), depuis 2026-08-25...
2026-09-05 11:24:31,313 [INFO]   -> 9 jours récupérés pour FIX (source: ibkr)
2026-09-05 11:24:31,313 [INFO] [194/504] FLEX (Flex Ltd.), depuis 2026-08-25...
2026-09-05 11:24:42,469 [INFO]   -> 9 jours récupérés pour FLEX (source: ibkr)
2026-09-05 11:24:42,469 [INFO] [195/504] FOX (Fox Corporation (Class B)), depuis 2026-08-25...
2026-09-05 11:24:53,619 [INFO]   -> 9 jours récupérés pour FOX (source: ibkr)
2026-09-05 11:24:53,620 [INFO] [196/504] FOXA (Fox Corporation (Class A)), depuis 2026-08-25...
2026-09-05 11:25:04,769 [INFO]   -> 9 jours récupérés pour FOXA (source: ibkr)
2026-09-05 11:25:04,770 [INFO] [197/504] FRT (Federal Realty Investment Trust), depuis 2026-08-25...
2026-09-05 11:25:15,923 [INFO]   -> 9 jours récupérés pour FRT (source: ibkr)
2026-09-05 11:25:15,923 [INFO] [198/504] FSLR (First Solar), depuis 2026-08-25...
2026-09-05 11:25:27,075 [INFO]   -> 9 jours récupérés pour FSLR (source: ibkr)
2026-09-05 11:25:27,075 [INFO] [199/504] FTNT (Fortinet), depuis 2026-08-25...
2026-09-05 11:25:38,227 [INFO]   -> 9 jours récupérés pour FTNT (source: ibkr)
2026-09-05 11:25:38,227 [INFO] [200/504] FTV (Fortive), depuis 2026-08-25...
2026-09-05 11:25:49,380 [INFO]   -> 9 jours récupérés pour FTV (source: ibkr)
2026-09-05 11:25:49,381 [INFO] [201/504] GD (General Dynamics), depuis 2026-08-25...
2026-09-05 11:26:00,536 [INFO]   -> 9 jours récupérés pour GD (source: ibkr)
2026-09-05 11:26:00,536 [INFO] [202/504] GDDY (GoDaddy), depuis 2026-08-25...
2026-09-05 11:26:11,688 [INFO]   -> 9 jours récupérés pour GDDY (source: ibkr)
2026-09-05 11:26:11,688 [INFO] [203/504] GE (GE Aerospace), depuis 2026-08-25...
2026-09-05 11:26:22,842 [INFO]   -> 9 jours récupérés pour GE (source: ibkr)
2026-09-05 11:26:22,842 [INFO] [204/504] GEHC (GE HealthCare), depuis 2026-08-25...
2026-09-05 11:26:33,994 [INFO]   -> 9 jours récupérés pour GEHC (source: ibkr)
2026-09-05 11:26:33,994 [INFO] [205/504] GEN (Gen Digital), depuis 2026-08-25...
2026-09-05 11:26:45,147 [INFO]   -> 9 jours récupérés pour GEN (source: ibkr)
2026-09-05 11:26:45,147 [INFO] [206/504] GEV (GE Vernova), depuis 2026-08-25...
2026-09-05 11:26:56,301 [INFO]   -> 9 jours récupérés pour GEV (source: ibkr)
2026-09-05 11:26:56,302 [INFO] [207/504] GILD (Gilead Sciences), depuis 2026-08-25...
2026-09-05 11:27:07,458 [INFO]   -> 9 jours récupérés pour GILD (source: ibkr)
2026-09-05 11:27:07,458 [INFO] [208/504] GIS (General Mills), depuis 2026-08-25...
2026-09-05 11:27:18,611 [INFO]   -> 9 jours récupérés pour GIS (source: ibkr)
2026-09-05 11:27:18,611 [INFO] [209/504] GL (Globe Life), depuis 2026-08-25...
2026-09-05 11:27:29,766 [INFO]   -> 9 jours récupérés pour GL (source: ibkr)
2026-09-05 11:27:29,766 [INFO] [210/504] GLW (Corning Inc.), depuis 2026-08-25...
2026-09-05 11:27:41,070 [INFO]   -> 9 jours récupérés pour GLW (source: ibkr)
2026-09-05 11:27:41,070 [INFO] [211/504] GM (General Motors), depuis 2026-08-25...
2026-09-05 11:27:52,219 [INFO]   -> 9 jours récupérés pour GM (source: ibkr)
2026-09-05 11:27:52,219 [INFO] [212/504] GNRC (Generac), depuis 2026-08-25...
2026-09-05 11:28:03,375 [INFO]   -> 9 jours récupérés pour GNRC (source: ibkr)
2026-09-05 11:28:03,376 [INFO] [213/504] GOOG (Alphabet Inc. (Class C)), depuis 2026-08-25...
2026-09-05 11:28:14,526 [INFO]   -> 9 jours récupérés pour GOOG (source: ibkr)
2026-09-05 11:28:14,526 [INFO] [214/504] GOOGL (Alphabet Inc. (Class A)), depuis 2026-08-25...
2026-09-05 11:28:25,675 [INFO]   -> 9 jours récupérés pour GOOGL (source: ibkr)
2026-09-05 11:28:25,676 [INFO] [215/504] GPC (Genuine Parts Company), depuis 2026-08-25...
2026-09-05 11:28:36,834 [INFO]   -> 9 jours récupérés pour GPC (source: ibkr)
2026-09-05 11:28:36,835 [INFO] [216/504] GPN (Global Payments), depuis 2026-08-25...
2026-09-05 11:28:47,989 [INFO]   -> 9 jours récupérés pour GPN (source: ibkr)
2026-09-05 11:28:47,990 [INFO] [217/504] GRMN (Garmin), depuis 2026-08-25...
2026-09-05 11:28:59,143 [INFO]   -> 9 jours récupérés pour GRMN (source: ibkr)
2026-09-05 11:28:59,144 [INFO] [218/504] GS (Goldman Sachs), depuis 2026-08-25...
2026-09-05 11:29:10,307 [INFO]   -> 9 jours récupérés pour GS (source: ibkr)
2026-09-05 11:29:10,307 [INFO] [219/504] GWW (W. W. Grainger), depuis 2026-08-25...
2026-09-05 11:29:21,467 [INFO]   -> 9 jours récupérés pour GWW (source: ibkr)
2026-09-05 11:29:21,468 [INFO] [220/504] HAL (Halliburton), depuis 2026-08-25...
2026-09-05 11:29:32,630 [INFO]   -> 9 jours récupérés pour HAL (source: ibkr)
2026-09-05 11:29:32,631 [INFO] [221/504] HAS (Hasbro), depuis 2026-08-25...
2026-09-05 11:29:43,792 [INFO]   -> 9 jours récupérés pour HAS (source: ibkr)
2026-09-05 11:29:43,792 [INFO] [222/504] HBAN (Huntington Bancshares), depuis 2026-08-25...
2026-09-05 11:29:54,950 [INFO]   -> 9 jours récupérés pour HBAN (source: ibkr)
2026-09-05 11:29:54,950 [INFO] [223/504] HCA (HCA Healthcare), depuis 2026-08-25...
2026-09-05 11:30:06,106 [INFO]   -> 9 jours récupérés pour HCA (source: ibkr)
2026-09-05 11:30:06,107 [INFO] [224/504] HD (Home Depot (The)), depuis 2026-08-25...
2026-09-05 11:30:17,263 [INFO]   -> 9 jours récupérés pour HD (source: ibkr)
2026-09-05 11:30:17,264 [INFO] [225/504] HIG (Hartford (The)), depuis 2026-08-25...
2026-09-05 11:30:28,432 [INFO]   -> 9 jours récupérés pour HIG (source: ibkr)
2026-09-05 11:30:28,433 [INFO] [226/504] HII (Huntington Ingalls Industries), depuis 2026-08-25...
2026-09-05 11:30:39,667 [INFO]   -> 9 jours récupérés pour HII (source: ibkr)
2026-09-05 11:30:39,667 [INFO] [227/504] HLT (Hilton Worldwide), depuis 2026-08-25...
2026-09-05 11:30:50,820 [INFO]   -> 9 jours récupérés pour HLT (source: ibkr)
2026-09-05 11:30:50,821 [INFO] [228/504] HON (Honeywell Technologies), depuis 2026-08-25...
2026-09-05 11:31:01,975 [INFO]   -> 9 jours récupérés pour HON (source: ibkr)
2026-09-05 11:31:01,976 [INFO] [229/504] HONA (Honeywell Aerospace), depuis 2026-08-25...
2026-09-05 11:31:13,135 [INFO]   -> 9 jours récupérés pour HONA (source: ibkr)
2026-09-05 11:31:13,135 [INFO] [230/504] HOOD (Robinhood Markets), depuis 2026-08-25...
2026-09-05 11:31:24,287 [INFO]   -> 9 jours récupérés pour HOOD (source: ibkr)
2026-09-05 11:31:24,288 [INFO] [231/504] HPE (Hewlett Packard Enterprise), depuis 2026-08-25...
2026-09-05 11:31:35,442 [INFO]   -> 9 jours récupérés pour HPE (source: ibkr)
2026-09-05 11:31:35,443 [INFO] [232/504] HPQ (HP Inc.), depuis 2026-08-25...
2026-09-05 11:31:46,600 [INFO]   -> 9 jours récupérés pour HPQ (source: ibkr)
2026-09-05 11:31:46,601 [INFO] [233/504] HRL (Hormel Foods), depuis 2026-08-25...
2026-09-05 11:31:57,755 [INFO]   -> 9 jours récupérés pour HRL (source: ibkr)
2026-09-05 11:31:57,755 [INFO] [234/504] HSIC (Henry Schein), depuis 2026-08-25...
2026-09-05 11:32:08,914 [INFO]   -> 9 jours récupérés pour HSIC (source: ibkr)
2026-09-05 11:32:08,914 [INFO] [235/504] HST (Host Hotels & Resorts), depuis 2026-08-25...
2026-09-05 11:32:20,076 [INFO]   -> 9 jours récupérés pour HST (source: ibkr)
2026-09-05 11:32:20,076 [INFO] [236/504] HSY (Hershey Company (The)), depuis 2026-08-25...
2026-09-05 11:32:31,237 [INFO]   -> 9 jours récupérés pour HSY (source: ibkr)
2026-09-05 11:32:31,237 [INFO] [237/504] HUBB (Hubbell Incorporated), depuis 2026-08-25...
2026-09-05 11:32:42,401 [INFO]   -> 9 jours récupérés pour HUBB (source: ibkr)
2026-09-05 11:32:42,401 [INFO] [238/504] HUM (Humana), depuis 2026-08-25...
2026-09-05 11:32:53,595 [INFO]   -> 9 jours récupérés pour HUM (source: ibkr)
2026-09-05 11:32:53,595 [INFO] [239/504] HWM (Howmet Aerospace), depuis 2026-08-25...
2026-09-05 11:33:04,764 [INFO]   -> 9 jours récupérés pour HWM (source: ibkr)
2026-09-05 11:33:04,764 [INFO] [240/504] IBKR (Interactive Brokers), depuis 2026-08-25...
2026-09-05 11:33:15,927 [INFO]   -> 9 jours récupérés pour IBKR (source: ibkr)
2026-09-05 11:33:15,928 [INFO] [241/504] IBM (IBM), depuis 2026-08-25...
2026-09-05 11:33:27,107 [INFO]   -> 9 jours récupérés pour IBM (source: ibkr)
2026-09-05 11:33:27,107 [INFO] [242/504] ICE (Intercontinental Exchange), depuis 2026-08-25...
2026-09-05 11:33:38,266 [INFO]   -> 9 jours récupérés pour ICE (source: ibkr)
2026-09-05 11:33:38,266 [INFO] [243/504] IDXX (Idexx Laboratories), depuis 2026-08-25...
2026-09-05 11:33:49,425 [INFO]   -> 9 jours récupérés pour IDXX (source: ibkr)
2026-09-05 11:33:49,425 [INFO] [244/504] IEX (IDEX Corporation), depuis 2026-08-25...
2026-09-05 11:34:00,589 [INFO]   -> 9 jours récupérés pour IEX (source: ibkr)
2026-09-05 11:34:00,589 [INFO] [245/504] IFF (International Flavors & Fragrances), depuis 2026-08-25...
2026-09-05 11:34:11,754 [INFO]   -> 9 jours récupérés pour IFF (source: ibkr)
2026-09-05 11:34:11,754 [INFO] [246/504] INCY (Incyte), depuis 2026-08-25...
2026-09-05 11:34:22,914 [INFO]   -> 9 jours récupérés pour INCY (source: ibkr)
2026-09-05 11:34:22,915 [INFO] [247/504] INTC (Intel), depuis 2026-08-25...
2026-09-05 11:34:34,090 [INFO]   -> 9 jours récupérés pour INTC (source: ibkr)
2026-09-05 11:34:34,091 [INFO] [248/504] INTU (Intuit), depuis 2026-08-25...
2026-09-05 11:34:45,251 [INFO]   -> 9 jours récupérés pour INTU (source: ibkr)
2026-09-05 11:34:45,251 [INFO] [249/504] INVH (Invitation Homes), depuis 2026-08-25...
2026-09-05 11:34:56,409 [INFO]   -> 9 jours récupérés pour INVH (source: ibkr)
2026-09-05 11:34:56,410 [INFO] [250/504] IP (International Paper), depuis 2026-08-25...
2026-09-05 11:35:07,567 [INFO]   -> 9 jours récupérés pour IP (source: ibkr)
2026-09-05 11:35:07,568 [INFO] [251/504] IQV (IQVIA), depuis 2026-08-25...
2026-09-05 11:35:18,726 [INFO]   -> 9 jours récupérés pour IQV (source: ibkr)
2026-09-05 11:35:18,727 [INFO] [252/504] IR (Ingersoll Rand), depuis 2026-08-25...
2026-09-05 11:35:29,884 [INFO]   -> 9 jours récupérés pour IR (source: ibkr)
2026-09-05 11:35:29,884 [INFO] [253/504] IRM (Iron Mountain), depuis 2026-08-25...
2026-09-05 11:35:41,040 [INFO]   -> 9 jours récupérés pour IRM (source: ibkr)
2026-09-05 11:35:41,040 [INFO] [254/504] ISRG (Intuitive Surgical), depuis 2026-08-25...
2026-09-05 11:35:52,200 [INFO]   -> 9 jours récupérés pour ISRG (source: ibkr)
2026-09-05 11:35:52,200 [INFO] [255/504] IT (Gartner), depuis 2026-08-25...
2026-09-05 11:36:03,359 [INFO]   -> 9 jours récupérés pour IT (source: ibkr)
2026-09-05 11:36:03,359 [INFO] [256/504] ITW (Illinois Tool Works), depuis 2026-08-25...
2026-09-05 11:36:14,532 [INFO]   -> 9 jours récupérés pour ITW (source: ibkr)
2026-09-05 11:36:14,533 [INFO] [257/504] IVZ (Invesco), depuis 2026-08-25...
2026-09-05 11:36:25,687 [INFO]   -> 9 jours récupérés pour IVZ (source: ibkr)
2026-09-05 11:36:25,687 [INFO] [258/504] J (Jacobs Solutions), depuis 2026-08-25...
2026-09-05 11:36:36,847 [INFO]   -> 9 jours récupérés pour J (source: ibkr)
2026-09-05 11:36:36,847 [INFO] [259/504] JBHT (J.B. Hunt), depuis 2026-08-25...
2026-09-05 11:36:47,999 [INFO]   -> 9 jours récupérés pour JBHT (source: ibkr)
2026-09-05 11:36:48,000 [INFO] [260/504] JBL (Jabil), depuis 2026-08-25...
2026-09-05 11:36:59,152 [INFO]   -> 9 jours récupérés pour JBL (source: ibkr)
2026-09-05 11:36:59,153 [INFO] [261/504] JCI (Johnson Controls), depuis 2026-08-25...
2026-09-05 11:37:10,317 [INFO]   -> 9 jours récupérés pour JCI (source: ibkr)
2026-09-05 11:37:10,317 [INFO] [262/504] JKHY (Jack Henry & Associates), depuis 2026-08-25...
2026-09-05 11:37:21,479 [INFO]   -> 9 jours récupérés pour JKHY (source: ibkr)
2026-09-05 11:37:21,479 [INFO] [263/504] JNJ (Johnson & Johnson), depuis 2026-08-25...
2026-09-05 11:37:32,637 [INFO]   -> 9 jours récupérés pour JNJ (source: ibkr)
2026-09-05 11:37:32,637 [INFO] [264/504] JPM (JPMorgan Chase), depuis 2026-08-25...
2026-09-05 11:37:43,797 [INFO]   -> 9 jours récupérés pour JPM (source: ibkr)
2026-09-05 11:37:43,798 [INFO] [265/504] KDP (Keurig Dr Pepper), depuis 2026-08-25...
2026-09-05 11:37:54,968 [INFO]   -> 9 jours récupérés pour KDP (source: ibkr)
2026-09-05 11:37:54,968 [INFO] [266/504] KEY (KeyCorp), depuis 2026-08-25...
2026-09-05 11:38:06,136 [INFO]   -> 9 jours récupérés pour KEY (source: ibkr)
2026-09-05 11:38:06,136 [INFO] [267/504] KEYS (Keysight Technologies), depuis 2026-08-25...
2026-09-05 11:38:17,303 [INFO]   -> 9 jours récupérés pour KEYS (source: ibkr)
2026-09-05 11:38:17,304 [INFO] [268/504] KHC (Kraft Heinz), depuis 2026-08-25...
2026-09-05 11:38:28,473 [INFO]   -> 9 jours récupérés pour KHC (source: ibkr)
2026-09-05 11:38:28,474 [INFO] [269/504] KIM (Kimco Realty), depuis 2026-08-25...
2026-09-05 11:38:39,756 [INFO]   -> 9 jours récupérés pour KIM (source: ibkr)
2026-09-05 11:38:39,756 [INFO] [270/504] KKR (KKR & Co.), depuis 2026-08-25...
2026-09-05 11:38:50,914 [INFO]   -> 9 jours récupérés pour KKR (source: ibkr)
2026-09-05 11:38:50,914 [INFO] [271/504] KLAC (KLA Corporation), depuis 2026-08-25...
2026-09-05 11:39:02,079 [INFO]   -> 9 jours récupérés pour KLAC (source: ibkr)
2026-09-05 11:39:02,079 [INFO] [272/504] KMB (Kimberly-Clark), depuis 2026-08-25...
2026-09-05 11:39:13,238 [INFO]   -> 9 jours récupérés pour KMB (source: ibkr)
2026-09-05 11:39:13,239 [INFO] [273/504] KMI (Kinder Morgan), depuis 2026-08-25...
2026-09-05 11:39:24,402 [INFO]   -> 9 jours récupérés pour KMI (source: ibkr)
2026-09-05 11:39:24,402 [INFO] [274/504] KO (Coca-Cola Company (The)), depuis 2026-08-25...
2026-09-05 11:39:35,567 [INFO]   -> 9 jours récupérés pour KO (source: ibkr)
2026-09-05 11:39:35,568 [INFO] [275/504] KR (Kroger), depuis 2026-08-25...
2026-09-05 11:39:46,724 [INFO]   -> 9 jours récupérés pour KR (source: ibkr)
2026-09-05 11:39:46,724 [INFO] [276/504] KVUE (Kenvue), depuis 2026-08-25...
2026-09-05 11:39:57,877 [INFO]   -> 9 jours récupérés pour KVUE (source: ibkr)
2026-09-05 11:39:57,878 [INFO] [277/504] L (Loews Corporation), depuis 2026-08-25...
2026-09-05 11:40:09,034 [INFO]   -> 9 jours récupérés pour L (source: ibkr)
2026-09-05 11:40:09,035 [INFO] [278/504] LDOS (Leidos), depuis 2026-08-25...
2026-09-05 11:40:20,194 [INFO]   -> 9 jours récupérés pour LDOS (source: ibkr)
2026-09-05 11:40:20,194 [INFO] [279/504] LEN (Lennar), depuis 2026-08-25...
2026-09-05 11:40:31,446 [INFO]   -> 9 jours récupérés pour LEN (source: ibkr)
2026-09-05 11:40:31,446 [INFO] [280/504] LH (Labcorp), depuis 2026-08-25...
2026-09-05 11:40:42,607 [INFO]   -> 9 jours récupérés pour LH (source: ibkr)
2026-09-05 11:40:42,608 [INFO] [281/504] LHX (L3Harris), depuis 2026-08-25...
2026-09-05 11:40:53,763 [INFO]   -> 9 jours récupérés pour LHX (source: ibkr)
2026-09-05 11:40:53,764 [INFO] [282/504] LII (Lennox International), depuis 2026-08-17...
2026-09-05 11:41:04,920 [INFO]   -> 15 jours récupérés pour LII (source: ibkr)
2026-09-05 11:41:04,920 [INFO] [283/504] LIN (Linde plc), depuis 2026-08-17...
2026-09-05 11:41:16,083 [INFO]   -> 15 jours récupérés pour LIN (source: ibkr)
2026-09-05 11:41:16,084 [INFO] [284/504] LITE (Lumentum), depuis 2026-08-17...
2026-09-05 11:41:27,255 [INFO]   -> 15 jours récupérés pour LITE (source: ibkr)
2026-09-05 11:41:27,256 [INFO] [285/504] LLY (Lilly (Eli)), depuis 2026-08-17...
2026-09-05 11:41:38,455 [INFO]   -> 15 jours récupérés pour LLY (source: ibkr)
2026-09-05 11:41:38,455 [INFO] [286/504] LMT (Lockheed Martin), depuis 2026-08-17...
2026-09-05 11:41:49,619 [INFO]   -> 15 jours récupérés pour LMT (source: ibkr)
2026-09-05 11:41:49,620 [INFO] [287/504] LNT (Alliant Energy), depuis 2026-08-17...
2026-09-05 11:42:00,789 [INFO]   -> 15 jours récupérés pour LNT (source: ibkr)
2026-09-05 11:42:00,789 [INFO] [288/504] LOW (Lowe's), depuis 2026-08-17...
2026-09-05 11:42:11,956 [INFO]   -> 15 jours récupérés pour LOW (source: ibkr)
2026-09-05 11:42:11,957 [INFO] [289/504] LRCX (Lam Research), depuis 2026-08-17...
2026-09-05 11:42:23,121 [INFO]   -> 15 jours récupérés pour LRCX (source: ibkr)
2026-09-05 11:42:23,121 [INFO] [290/504] LULU (Lululemon Athletica), depuis 2026-08-17...
2026-09-05 11:42:34,279 [INFO]   -> 15 jours récupérés pour LULU (source: ibkr)
2026-09-05 11:42:34,279 [INFO] [291/504] LUV (Southwest Airlines), depuis 2026-08-17...
2026-09-05 11:42:45,438 [INFO]   -> 15 jours récupérés pour LUV (source: ibkr)
2026-09-05 11:42:45,438 [INFO] [292/504] LVS (Las Vegas Sands), depuis 2026-08-17...
2026-09-05 11:42:56,598 [INFO]   -> 15 jours récupérés pour LVS (source: ibkr)
2026-09-05 11:42:56,598 [INFO] [293/504] LYB (LyondellBasell), depuis 2026-08-17...
2026-09-05 11:43:07,757 [INFO]   -> 15 jours récupérés pour LYB (source: ibkr)
2026-09-05 11:43:07,757 [INFO] [294/504] LYV (Live Nation Entertainment), depuis 2026-08-17...
2026-09-05 11:43:18,919 [INFO]   -> 15 jours récupérés pour LYV (source: ibkr)
2026-09-05 11:43:18,920 [INFO] [295/504] MA (Mastercard), depuis 2026-08-17...
2026-09-05 11:43:30,090 [INFO]   -> 15 jours récupérés pour MA (source: ibkr)
2026-09-05 11:43:30,090 [INFO] [296/504] MAA (Mid-America Apartment Communities), depuis 2026-08-17...
2026-09-05 11:43:41,252 [INFO]   -> 15 jours récupérés pour MAA (source: ibkr)
2026-09-05 11:43:41,252 [INFO] [297/504] MAR (Marriott International), depuis 2026-08-17...
2026-09-05 11:43:52,413 [INFO]   -> 15 jours récupérés pour MAR (source: ibkr)
2026-09-05 11:43:52,414 [INFO] [298/504] MAS (Masco), depuis 2026-08-17...
2026-09-05 11:44:03,594 [INFO]   -> 15 jours récupérés pour MAS (source: ibkr)
2026-09-05 11:44:03,595 [INFO] [299/504] MCD (McDonald's), depuis 2026-08-17...
2026-09-05 11:44:14,757 [INFO]   -> 15 jours récupérés pour MCD (source: ibkr)
2026-09-05 11:44:14,758 [INFO] [300/504] MCHP (Microchip Technology), depuis 2026-08-17...
2026-09-05 11:44:25,914 [INFO]   -> 15 jours récupérés pour MCHP (source: ibkr)
2026-09-05 11:44:25,915 [INFO] [301/504] MCK (McKesson Corporation), depuis 2026-08-17...
2026-09-05 11:44:37,080 [INFO]   -> 15 jours récupérés pour MCK (source: ibkr)
2026-09-05 11:44:37,081 [INFO] [302/504] MCO (Moody's Corporation), depuis 2026-08-17...
2026-09-05 11:44:48,245 [INFO]   -> 15 jours récupérés pour MCO (source: ibkr)
2026-09-05 11:44:48,245 [INFO] [303/504] MDLZ (Mondelez International), depuis 2026-08-17...
2026-09-05 11:44:59,425 [INFO]   -> 15 jours récupérés pour MDLZ (source: ibkr)
2026-09-05 11:44:59,426 [INFO] [304/504] MDT (Medtronic), depuis 2026-08-17...
2026-09-05 11:45:10,587 [INFO]   -> 15 jours récupérés pour MDT (source: ibkr)
2026-09-05 11:45:10,587 [INFO] [305/504] MET (MetLife), depuis 2026-08-17...
2026-09-05 11:45:21,750 [INFO]   -> 15 jours récupérés pour MET (source: ibkr)
2026-09-05 11:45:21,751 [INFO] [306/504] META (Meta Platforms), depuis 2026-08-17...
2026-09-05 11:45:32,917 [INFO]   -> 15 jours récupérés pour META (source: ibkr)
2026-09-05 11:45:32,918 [INFO] [307/504] MGM (MGM Resorts), depuis 2026-08-17...
2026-09-05 11:45:44,075 [INFO]   -> 15 jours récupérés pour MGM (source: ibkr)
2026-09-05 11:45:44,076 [INFO] [308/504] MKC (McCormick & Company), depuis 2026-08-17...
2026-09-05 11:45:55,238 [INFO]   -> 15 jours récupérés pour MKC (source: ibkr)
2026-09-05 11:45:55,239 [INFO] [309/504] MLM (Martin Marietta Materials), depuis 2026-08-17...
2026-09-05 11:46:06,401 [INFO]   -> 15 jours récupérés pour MLM (source: ibkr)
2026-09-05 11:46:06,402 [INFO] [310/504] MMM (3M), depuis 2026-08-17...
2026-09-05 11:46:17,614 [INFO]   -> 15 jours récupérés pour MMM (source: ibkr)
2026-09-05 11:46:17,614 [INFO] [311/504] MNST (Monster Beverage), depuis 2026-08-17...
2026-09-05 11:46:28,780 [INFO]   -> 15 jours récupérés pour MNST (source: ibkr)
2026-09-05 11:46:28,780 [INFO] [312/504] MO (Altria), depuis 2026-08-17...
2026-09-05 11:46:39,950 [INFO]   -> 15 jours récupérés pour MO (source: ibkr)
2026-09-05 11:46:39,950 [INFO] [313/504] MOS (Mosaic Company (The)), depuis 2026-08-17...
2026-09-05 11:46:51,113 [INFO]   -> 15 jours récupérés pour MOS (source: ibkr)
2026-09-05 11:46:51,114 [INFO] [314/504] MPC (Marathon Petroleum), depuis 2026-08-17...
2026-09-05 11:47:02,275 [INFO]   -> 15 jours récupérés pour MPC (source: ibkr)
2026-09-05 11:47:02,275 [INFO] [315/504] MPWR (Monolithic Power Systems), depuis 2026-08-17...
2026-09-05 11:47:13,438 [INFO]   -> 15 jours récupérés pour MPWR (source: ibkr)
2026-09-05 11:47:13,439 [INFO] [316/504] MRK (Merck & Co.), depuis 2026-08-17...
2026-09-05 11:47:24,607 [INFO]   -> 15 jours récupérés pour MRK (source: ibkr)
2026-09-05 11:47:24,607 [INFO] [317/504] MRNA (Moderna), depuis 2026-08-17...
2026-09-05 11:47:35,770 [INFO]   -> 15 jours récupérés pour MRNA (source: ibkr)
2026-09-05 11:47:35,771 [INFO] [318/504] MRSH (Marsh McLennan), depuis 2026-08-17...
2026-09-05 11:47:46,932 [INFO]   -> 15 jours récupérés pour MRSH (source: ibkr)
2026-09-05 11:47:46,932 [INFO] [319/504] MRVL (Marvell Technology), depuis 2026-08-17...
2026-09-05 11:47:58,144 [INFO]   -> 15 jours récupérés pour MRVL (source: ibkr)
2026-09-05 11:47:58,144 [INFO] [320/504] MS (Morgan Stanley), depuis 2026-08-17...
2026-09-05 11:48:09,306 [INFO]   -> 15 jours récupérés pour MS (source: ibkr)
2026-09-05 11:48:09,306 [INFO] [321/504] MSCI (MSCI), depuis 2026-08-17...
2026-09-05 11:48:20,470 [INFO]   -> 15 jours récupérés pour MSCI (source: ibkr)
2026-09-05 11:48:20,471 [INFO] [322/504] MSFT (Microsoft), depuis 2026-08-17...
2026-09-05 11:48:31,641 [INFO]   -> 15 jours récupérés pour MSFT (source: ibkr)
2026-09-05 11:48:31,641 [INFO] [323/504] MSI (Motorola Solutions), depuis 2026-08-17...
2026-09-05 11:48:42,839 [INFO]   -> 15 jours récupérés pour MSI (source: ibkr)
2026-09-05 11:48:42,840 [INFO] [324/504] MTB (M&T Bank), depuis 2026-08-17...
