2026-07-30 20:46:38,651 [INFO] Log file: data\prices\daily_prices_20260730_204638.log
2026-07-30 20:46:38,699 [INFO] Univers chargé : 503 tickers.
2026-07-30 20:46:38,742 [INFO] 0/503 tickers déjà à jour (ignorés), 503 à récupérer.
2026-07-30 20:46:38,850 [INFO] Connecting to 127.0.0.1:4002 with clientId 4...
2026-07-30 20:46:38,851 [INFO] Connected
2026-07-30 20:46:38,858 [INFO] Logged on to server version 176
2026-07-30 20:46:38,879 [INFO] Warning 2104, reqId -1: Market data farm connection is OK:eufarm
2026-07-30 20:46:38,880 [INFO] Warning 2106, reqId -1: HMDS data farm connection is OK:euhmds
2026-07-30 20:46:38,881 [INFO] Warning 2158, reqId -1: Sec-def data farm connection is OK:secdefeu
2026-07-30 20:46:38,882 [INFO] API connection ready
2026-07-30 20:46:39,336 [INFO] Synchronization complete
2026-07-30 20:46:39,336 [INFO] Connecté à IBKR sur 127.0.0.1:4002 (clientId=4)
2026-07-30 20:46:39,337 [INFO] [1/503] A (Agilent Technologies), depuis 2010-01-01...
2026-07-30 20:46:39,396 [ERROR] Error 321, reqId 4: Error validating request.-'bH' : cause - Historical data requests for durations longer than 365 days must be made in years., contract: Contract(secType='STK', conId=1715006, symbol='A', exchange='SMART', primaryExchange='NYSE', currency='USD', localSymbol='A', tradingClass='A')
2026-07-30 20:46:51,926 [WARNING]   -> ECHEC (ni IBKR ni Stooq) pour A : Aucune donnée (ni IBKR ni Stooq) pour A -- TROU DE COUVERTURE.
2026-07-30 20:46:51,926 [INFO] [2/503] AAPL (Apple Inc.), depuis 2010-01-01...
2026-07-30 20:46:52,073 [ERROR] Error 321, reqId 6: Error validating request.-'bH' : cause - Historical data requests for durations longer than 365 days must be made in years., contract: Contract(secType='STK', conId=265598, symbol='AAPL', exchange='SMART', primaryExchange='NASDAQ', currency='USD', localSymbol='AAPL', tradingClass='NMS')
2026-07-30 20:47:04,871 [WARNING]   -> ECHEC (ni IBKR ni Stooq) pour AAPL : Aucune donnée (ni IBKR ni Stooq) pour AAPL -- TROU DE COUVERTURE.
2026-07-30 20:47:04,875 [INFO] [3/503] ABBV (AbbVie), depuis 2010-01-01...
2026-07-30 20:47:05,107 [ERROR] Error 321, reqId 8: Error validating request.-'bH' : cause - Historical data requests for durations longer than 365 days must be made in years., contract: Contract(secType='STK', conId=118089500, symbol='ABBV', exchange='SMART', primaryExchange='NYSE', currency='USD', localSymbol='ABBV', tradingClass='ABBV')
2026-07-30 20:47:17,825 [WARNING]   -> ECHEC (ni IBKR ni Stooq) pour ABBV : Aucune donnée (ni IBKR ni Stooq) pour ABBV -- TROU DE COUVERTURE.
2026-07-30 20:47:17,826 [INFO] [4/503] ABNB (Airbnb), depuis 2010-01-01...
2026-07-30 20:47:18,177 [ERROR] Error 321, reqId 10: Error validating request.-'bH' : cause - Historical data requests for durations longer than 365 days must be made in years., contract: Contract(secType='STK', conId=459530964, symbol='ABNB', exchange='SMART', primaryExchange='NASDAQ', currency='USD', localSymbol='ABNB', tradingClass='NMS')
2026-07-30 20:47:30,688 [WARNING]   -> ECHEC (ni IBKR ni Stooq) pour ABNB : Aucune donnée (ni IBKR ni Stooq) pour ABNB -- TROU DE COUVERTURE.
2026-07-30 20:47:30,689 [INFO] [5/503] ABT (Abbott Laboratories), depuis 2010-01-01...
2026-07-30 20:47:30,832 [ERROR] Error 321, reqId 12: Error validating request.-'bH' : cause - Historical data requests for durations longer than 365 days must be made in years., contract: Contract(secType='STK', conId=4065, symbol='ABT', exchange='SMART', primaryExchange='NYSE', currency='USD', localSymbol='ABT', tradingClass='ABT')
2026-07-30 20:47:43,283 [WARNING]   -> ECHEC (ni IBKR ni Stooq) pour ABT : Aucune donnée (ni IBKR ni Stooq) pour ABT -- TROU DE COUVERTURE.
2026-07-30 20:47:43,284 [INFO] [6/503] ACGL (Arch Capital Group), depuis 2010-01-01...
2026-07-30 20:47:43,399 [ERROR] Error 321, reqId 14: Error validating request.-'bH' : cause - Historical data requests for durations longer than 365 days must be made in years., contract: Contract(secType='STK', conId=10763362, symbol='ACGL', exchange='SMART', primaryExchange='NASDAQ', currency='USD', localSymbol='ACGL', tradingClass='NMS')
2026-07-30 20:47:56,020 [WARNING]   -> ECHEC (ni IBKR ni Stooq) pour ACGL : Aucune donnée (ni IBKR ni Stooq) pour ACGL -- TROU DE COUVERTURE.
2026-07-30 20:47:56,021 [INFO] [7/503] ACN (Accenture), depuis 2010-01-01...
2026-07-30 20:47:56,149 [ERROR] Error 321, reqId 16: Error validating request.-'bH' : cause - Historical data requests for durations longer than 365 days must be made in years., contract: Contract(secType='STK', conId=67889930, symbol='ACN', exchange='SMART', primaryExchange='NYSE', currency='USD', localSymbol='ACN', tradingClass='ACN')
2026-07-30 20:48:08,692 [WARNING]   -> ECHEC (ni IBKR ni Stooq) pour ACN : Aucune donnée (ni IBKR ni Stooq) pour ACN -- TROU DE COUVERTURE.
2026-07-30 20:48:08,695 [INFO] [8/503] ADBE (Adobe Inc.), depuis 2010-01-01...
2026-07-30 20:48:08,799 [ERROR] Error 321, reqId 18: Error validating request.-'bH' : cause - Historical data requests for durations longer than 365 days must be made in years., contract: Contract(secType='STK', conId=265768, symbol='ADBE', exchange='SMART', primaryExchange='NASDAQ', currency='USD', localSymbol='ADBE', tradingClass='NMS')
2026-07-30 20:48:21,327 [WARNING]   -> ECHEC (ni IBKR ni Stooq) pour ADBE : Aucune donnée (ni IBKR ni Stooq) pour ADBE -- TROU DE COUVERTURE.
2026-07-30 20:48:21,328 [INFO] [9/503] ADI (Analog Devices), depuis 2010-01-01...
2026-07-30 20:48:21,457 [ERROR] Error 321, reqId 20: Error validating request.-'bH' : cause - Historical data requests for durations longer than 365 days must be made in years., contract: Contract(secType='STK', conId=4157, symbol='ADI', exchange='SMART', primaryExchange='NASDAQ', currency='USD', localSymbol='ADI', tradingClass='NMS')
2026-07-30 20:48:34,178 [WARNING]   -> ECHEC (ni IBKR ni Stooq) pour ADI : Aucune donnée (ni IBKR ni Stooq) pour ADI -- TROU DE COUVERTURE.
2026-07-30 20:48:34,180 [INFO] [10/503] ADM (Archer Daniels Midland), depuis 2010-01-01...
2026-07-30 20:48:34,272 [ERROR] Error 321, reqId 22: Error validating request.-'bH' : cause - Historical data requests for durations longer than 365 days must be made in years., contract: Contract(secType='STK', conId=4165, symbol='ADM', exchange='SMART', primaryExchange='NYSE', currency='USD', localSymbol='ADM', tradingClass='ADM')
2026-07-30 20:48:46,713 [WARNING]   -> ECHEC (ni IBKR ni Stooq) pour ADM : Aucune donnée (ni IBKR ni Stooq) pour ADM -- TROU DE COUVERTURE.
2026-07-30 20:48:46,717 [INFO] [11/503] ADP (Automatic Data Processing), depuis 2010-01-01...
2026-07-30 20:48:46,803 [ERROR] Error 321, reqId 24: Error validating request.-'bH' : cause - Historical data requests for durations longer than 365 days must be made in years., contract: Contract(secType='STK', conId=4661, symbol='ADP', exchange='SMART', primaryExchange='NASDAQ', currency='USD', localSymbol='ADP', tradingClass='NMS')
2026-07-30 20:48:59,418 [WARNING]   -> ECHEC (ni IBKR ni Stooq) pour ADP : Aucune donnée (ni IBKR ni Stooq) pour ADP -- TROU DE COUVERTURE.
2026-07-30 20:48:59,419 [INFO] [12/503] ADSK (Autodesk), depuis 2010-01-01...
2026-07-30 20:48:59,566 [ERROR] Error 321, reqId 26: Error validating request.-'bH' : cause - Historical data requests for durations longer than 365 days must be made in years., contract: Contract(secType='STK', conId=265681, symbol='ADSK', exchange='SMART', primaryExchange='NASDAQ', currency='USD', localSymbol='ADSK', tradingClass='NMS')
2026-07-30 20:49:12,223 [WARNING]   -> ECHEC (ni IBKR ni Stooq) pour ADSK : Aucune donnée (ni IBKR ni Stooq) pour ADSK -- TROU DE COUVERTURE.
2026-07-30 20:49:12,224 [INFO] [13/503] AEE (Ameren), depuis 2010-01-01...
2026-07-30 20:49:12,359 [ERROR] Error 321, reqId 28: Error validating request.-'bH' : cause - Historical data requests for durations longer than 365 days must be made in years., contract: Contract(secType='STK', conId=13181, symbol='AEE', exchange='SMART', primaryExchange='NYSE', currency='USD', localSymbol='AEE', tradingClass='AEE')
2026-07-30 20:49:24,885 [WARNING]   -> ECHEC (ni IBKR ni Stooq) pour AEE : Aucune donnée (ni IBKR ni Stooq) pour AEE -- TROU DE COUVERTURE.
2026-07-30 20:49:24,886 [INFO] [14/503] AEP (American Electric Power), depuis 2010-01-01...
2026-07-30 20:49:24,978 [ERROR] Error 321, reqId 30: Error validating request.-'bH' : cause - Historical data requests for durations longer than 365 days must be made in years., contract: Contract(secType='STK', conId=4211, symbol='AEP', exchange='SMART', primaryExchange='NASDAQ', currency='USD', localSymbol='AEP', tradingClass='NMS')
2026-07-30 20:49:37,614 [WARNING]   -> ECHEC (ni IBKR ni Stooq) pour AEP : Aucune donnée (ni IBKR ni Stooq) pour AEP -- TROU DE COUVERTURE.
2026-07-30 20:49:37,615 [INFO] [15/503] AES (AES Corporation), depuis 2010-01-01...
2026-07-30 20:49:37,753 [ERROR] Error 321, reqId 32: Error validating request.-'bH' : cause - Historical data requests for durations longer than 365 days must be made in years., contract: Contract(secType='STK', conId=2560358, symbol='AES', exchange='SMART', primaryExchange='NYSE', currency='USD', localSymbol='AES', tradingClass='AES')
2026-07-30 20:49:51,329 [WARNING]   -> ECHEC (ni IBKR ni Stooq) pour AES : Aucune donnée (ni IBKR ni Stooq) pour AES -- TROU DE COUVERTURE.
2026-07-30 20:49:51,333 [INFO] [16/503] AFL (Aflac), depuis 2010-01-01...
2026-07-30 20:49:51,674 [ERROR] Error 321, reqId 34: Error validating request.-'bH' : cause - Historical data requests for durations longer than 365 days must be made in years., contract: Contract(secType='STK', conId=4227, symbol='AFL', exchange='SMART', primaryExchange='NYSE', currency='USD', localSymbol='AFL', tradingClass='AFL')
2026-07-30 20:50:05,460 [WARNING]   -> ECHEC (ni IBKR ni Stooq) pour AFL : Aucune donnée (ni IBKR ni Stooq) pour AFL -- TROU DE COUVERTURE.
2026-07-30 20:50:05,461 [INFO] [17/503] AIG (American International Group), depuis 2010-01-01...
2026-07-30 20:50:06,022 [ERROR] Error 321, reqId 36: Error validating request.-'bH' : cause - Historical data requests for durations longer than 365 days must be made in years., contract: Contract(secType='STK', conId=61319701, symbol='AIG', exchange='SMART', primaryExchange='NYSE', currency='USD', localSymbol='AIG', tradingClass='AIG')
2026-07-30 20:50:18,974 [WARNING]   -> ECHEC (ni IBKR ni Stooq) pour AIG : Aucune donnée (ni IBKR ni Stooq) pour AIG -- TROU DE COUVERTURE.
2026-07-30 20:50:18,976 [INFO] [18/503] AIZ (Assurant), depuis 2010-01-01...
2026-07-30 20:50:19,309 [ERROR] Error 321, reqId 38: Error validating request.-'bH' : cause - Historical data requests for durations longer than 365 days must be made in years., contract: Contract(secType='STK', conId=27727424, symbol='AIZ', exchange='SMART', primaryExchange='NYSE', currency='USD', localSymbol='AIZ', tradingClass='AIZ')
2026-07-30 20:50:32,901 [WARNING]   -> ECHEC (ni IBKR ni Stooq) pour AIZ : Aucune donnée (ni IBKR ni Stooq) pour AIZ -- TROU DE COUVERTURE.
2026-07-30 20:50:32,904 [INFO] [19/503] AJG (Arthur J. Gallagher & Co.), depuis 2010-01-01...
2026-07-30 20:50:33,275 [ERROR] Error 321, reqId 40: Error validating request.-'bH' : cause - Historical data requests for durations longer than 365 days must be made in years., contract: Contract(secType='STK', conId=4325, symbol='AJG', exchange='SMART', primaryExchange='NYSE', currency='USD', localSymbol='AJG', tradingClass='AJG')
2026-07-30 20:50:45,986 [WARNING]   -> ECHEC (ni IBKR ni Stooq) pour AJG : Aucune donnée (ni IBKR ni Stooq) pour AJG -- TROU DE COUVERTURE.
2026-07-30 20:50:45,988 [INFO] [20/503] AKAM (Akamai Technologies), depuis 2010-01-01...
2026-07-30 20:50:46,098 [ERROR] Error 321, reqId 42: Error validating request.-'bH' : cause - Historical data requests for durations longer than 365 days must be made in years., contract: Contract(secType='STK', conId=6220356, symbol='AKAM', exchange='SMART', primaryExchange='NASDAQ', currency='USD', localSymbol='AKAM', tradingClass='NMS')
2026-07-30 20:50:59,628 [WARNING]   -> ECHEC (ni IBKR ni Stooq) pour AKAM : Aucune donnée (ni IBKR ni Stooq) pour AKAM -- TROU DE COUVERTURE.
2026-07-30 20:50:59,630 [INFO] [21/503] ALB (Albemarle Corporation), depuis 2010-01-01...
2026-07-30 20:51:00,045 [ERROR] Error 321, reqId 44: Error validating request.-'bH' : cause - Historical data requests for durations longer than 365 days must be made in years., contract: Contract(secType='STK', conId=4347, symbol='ALB', exchange='SMART', primaryExchange='NYSE', currency='USD', localSymbol='ALB', tradingClass='ALB')
2026-07-30 20:51:14,070 [WARNING]   -> ECHEC (ni IBKR ni Stooq) pour ALB : Aucune donnée (ni IBKR ni Stooq) pour ALB -- TROU DE COUVERTURE.
2026-07-30 20:51:14,070 [INFO] [22/503] ALGN (Align Technology), depuis 2010-01-01...
2026-07-30 20:51:14,071 [INFO] Warning 2107, reqId -1: HMDS data farm connection is inactive but should be available upon demand.euhmds
2026-07-30 20:51:14,474 [ERROR] Error 321, reqId 46: Error validating request.-'bH' : cause - Historical data requests for durations longer than 365 days must be made in years., contract: Contract(secType='STK', conId=11459264, symbol='ALGN', exchange='SMART', primaryExchange='NASDAQ', currency='USD', localSymbol='ALGN', tradingClass='NMS')
2026-07-30 20:51:27,592 [WARNING]   -> ECHEC (ni IBKR ni Stooq) pour ALGN : Aucune donnée (ni IBKR ni Stooq) pour ALGN -- TROU DE COUVERTURE.
2026-07-30 20:51:27,593 [INFO] [23/503] ALL (Allstate), depuis 2010-01-01...
2026-07-30 20:51:28,031 [ERROR] Error 321, reqId 48: Error validating request.-'bH' : cause - Historical data requests for durations longer than 365 days must be made in years., contract: Contract(secType='STK', conId=4357, symbol='ALL', exchange='SMART', primaryExchange='NYSE', currency='USD', localSymbol='ALL', tradingClass='ALL')
2026-07-30 20:51:41,056 [WARNING]   -> ECHEC (ni IBKR ni Stooq) pour ALL : Aucune donnée (ni IBKR ni Stooq) pour ALL -- TROU DE COUVERTURE.
2026-07-30 20:51:41,057 [INFO] [24/503] ALLE (Allegion), depuis 2010-01-01...
2026-07-30 20:51:41,447 [ERROR] Error 321, reqId 50: Error validating request.-'bH' : cause - Historical data requests for durations longer than 365 days must be made in years., contract: Contract(secType='STK', conId=138438437, symbol='ALLE', exchange='SMART', primaryExchange='NYSE', currency='USD', localSymbol='ALLE', tradingClass='ALLE')
2026-07-30 20:51:54,188 [WARNING]   -> ECHEC (ni IBKR ni Stooq) pour ALLE : Aucune donnée (ni IBKR ni Stooq) pour ALLE -- TROU DE COUVERTURE.
2026-07-30 20:51:54,189 [INFO] [25/503] AMAT (Applied Materials), depuis 2010-01-01...
2026-07-30 20:51:54,273 [ERROR] Error 321, reqId 52: Error validating request.-'bH' : cause - Historical data requests for durations longer than 365 days must be made in years., contract: Contract(secType='STK', conId=266093, symbol='AMAT', exchange='SMART', primaryExchange='NASDAQ', currency='USD', localSymbol='AMAT', tradingClass='NMS')
2026-07-30 20:52:07,124 [WARNING]   -> ECHEC (ni IBKR ni Stooq) pour AMAT : Aucune donnée (ni IBKR ni Stooq) pour AMAT -- TROU DE COUVERTURE.
2026-07-30 20:52:07,126 [INFO] [26/503] AMCR (Amcor), depuis 2010-01-01...
2026-07-30 20:52:07,233 [ERROR] Error 321, reqId 54: Error validating request.-'bH' : cause - Historical data requests for durations longer than 365 days must be made in years., contract: Contract(secType='STK', conId=845305949, symbol='AMCR', exchange='SMART', primaryExchange='NYSE', currency='USD', localSymbol='AMCR', tradingClass='AMCR')
2026-07-30 20:52:19,811 [WARNING]   -> ECHEC (ni IBKR ni Stooq) pour AMCR : Aucune donnée (ni IBKR ni Stooq) pour AMCR -- TROU DE COUVERTURE.
2026-07-30 20:52:19,812 [INFO] [27/503] AMD (Advanced Micro Devices), depuis 2010-01-01...
2026-07-30 20:52:20,169 [ERROR] Error 321, reqId 56: Error validating request.-'bH' : cause - Historical data requests for durations longer than 365 days must be made in years., contract: Contract(secType='STK', conId=4391, symbol='AMD', exchange='SMART', primaryExchange='NASDAQ', currency='USD', localSymbol='AMD', tradingClass='NMS')
2026-07-30 20:52:32,780 [WARNING]   -> ECHEC (ni IBKR ni Stooq) pour AMD : Aucune donnée (ni IBKR ni Stooq) pour AMD -- TROU DE COUVERTURE.
2026-07-30 20:52:32,781 [INFO] [28/503] AME (Ametek), depuis 2010-01-01...
2026-07-30 20:52:33,058 [ERROR] Error 321, reqId 58: Error validating request.-'bH' : cause - Historical data requests for durations longer than 365 days must be made in years., contract: Contract(secType='STK', conId=4392, symbol='AME', exchange='SMART', primaryExchange='NYSE', currency='USD', localSymbol='AME', tradingClass='AME')
2026-07-30 20:52:45,971 [WARNING]   -> ECHEC (ni IBKR ni Stooq) pour AME : Aucune donnée (ni IBKR ni Stooq) pour AME -- TROU DE COUVERTURE.
2026-07-30 20:52:45,972 [INFO] [29/503] AMGN (Amgen), depuis 2010-01-01...
2026-07-30 20:52:46,175 [ERROR] Error 321, reqId 60: Error validating request.-'bH' : cause - Historical data requests for durations longer than 365 days must be made in years., contract: Contract(secType='STK', conId=266145, symbol='AMGN', exchange='SMART', primaryExchange='NASDAQ', currency='USD', localSymbol='AMGN', tradingClass='NMS')
2026-07-30 20:52:58,998 [WARNING]   -> ECHEC (ni IBKR ni Stooq) pour AMGN : Aucune donnée (ni IBKR ni Stooq) pour AMGN -- TROU DE COUVERTURE.
2026-07-30 20:52:59,000 [INFO] [30/503] AMP (Ameriprise Financial), depuis 2010-01-01...
2026-07-30 20:52:59,302 [ERROR] Error 321, reqId 62: Error validating request.-'bH' : cause - Historical data requests for durations longer than 365 days must be made in years., contract: Contract(secType='STK', conId=35970258, symbol='AMP', exchange='SMART', primaryExchange='NYSE', currency='USD', localSymbol='AMP', tradingClass='AMP')
2026-07-30 20:53:12,010 [WARNING]   -> ECHEC (ni IBKR ni Stooq) pour AMP : Aucune donnée (ni IBKR ni Stooq) pour AMP -- TROU DE COUVERTURE.
2026-07-30 20:53:12,014 [INFO] [31/503] AMT (American Tower), depuis 2010-01-01...
2026-07-30 20:53:12,182 [ERROR] Error 321, reqId 64: Error validating request.-'bH' : cause - Historical data requests for durations longer than 365 days must be made in years., contract: Contract(secType='STK', conId=99831145, symbol='AMT', exchange='SMART', primaryExchange='NYSE', currency='USD', localSymbol='AMT', tradingClass='AMT')
2026-07-30 20:53:25,568 [WARNING]   -> ECHEC (ni IBKR ni Stooq) pour AMT : Aucune donnée (ni IBKR ni Stooq) pour AMT -- TROU DE COUVERTURE.
2026-07-30 20:53:25,569 [INFO] [32/503] AMZN (Amazon), depuis 2010-01-01...
2026-07-30 20:53:25,772 [ERROR] Error 321, reqId 66: Error validating request.-'bH' : cause - Historical data requests for durations longer than 365 days must be made in years., contract: Contract(secType='STK', conId=3691937, symbol='AMZN', exchange='SMART', primaryExchange='NASDAQ', currency='USD', localSymbol='AMZN', tradingClass='NMS')
2026-07-30 20:53:39,410 [WARNING]   -> ECHEC (ni IBKR ni Stooq) pour AMZN : Aucune donnée (ni IBKR ni Stooq) pour AMZN -- TROU DE COUVERTURE.
2026-07-30 20:53:39,412 [INFO] [33/503] ANET (Arista Networks), depuis 2010-01-01...
2026-07-30 20:53:40,039 [ERROR] Error 321, reqId 68: Error validating request.-'bH' : cause - Historical data requests for durations longer than 365 days must be made in years., contract: Contract(secType='STK', conId=740948854, symbol='ANET', exchange='SMART', primaryExchange='NYSE', currency='USD', localSymbol='ANET', tradingClass='ANET')
2026-07-30 20:53:53,353 [WARNING]   -> ECHEC (ni IBKR ni Stooq) pour ANET : Aucune donnée (ni IBKR ni Stooq) pour ANET -- TROU DE COUVERTURE.
2026-07-30 20:53:53,355 [INFO] [34/503] AON (Aon plc), depuis 2010-01-01...
2026-07-30 20:53:53,680 [ERROR] Error 321, reqId 70: Error validating request.-'bH' : cause - Historical data requests for durations longer than 365 days must be made in years., contract: Contract(secType='STK', conId=414366114, symbol='AON', exchange='SMART', primaryExchange='NYSE', currency='USD', localSymbol='AON', tradingClass='AON')
2026-07-30 20:54:06,830 [WARNING]   -> ECHEC (ni IBKR ni Stooq) pour AON : Aucune donnée (ni IBKR ni Stooq) pour AON -- TROU DE COUVERTURE.
2026-07-30 20:54:06,832 [INFO] [35/503] AOS (A. O. Smith), depuis 2010-01-01...
2026-07-30 20:54:06,930 [ERROR] Error 321, reqId 72: Error validating request.-'bH' : cause - Historical data requests for durations longer than 365 days must be made in years., contract: Contract(secType='STK', conId=12225, symbol='AOS', exchange='SMART', primaryExchange='NYSE', currency='USD', localSymbol='AOS', tradingClass='AOS')
2026-07-30 20:54:19,687 [WARNING]   -> ECHEC (ni IBKR ni Stooq) pour AOS : Aucune donnée (ni IBKR ni Stooq) pour AOS -- TROU DE COUVERTURE.
2026-07-30 20:54:19,689 [INFO] [36/503] APA (APA Corporation), depuis 2010-01-01...
2026-07-30 20:54:19,868 [ERROR] Error 321, reqId 74: Error validating request.-'bH' : cause - Historical data requests for durations longer than 365 days must be made in years., contract: Contract(secType='STK', conId=474515500, symbol='APA', exchange='SMART', primaryExchange='NASDAQ', currency='USD', localSymbol='APA', tradingClass='NMS')
2026-07-30 20:54:32,496 [WARNING]   -> ECHEC (ni IBKR ni Stooq) pour APA : Aucune donnée (ni IBKR ni Stooq) pour APA -- TROU DE COUVERTURE.
2026-07-30 20:54:32,497 [INFO] [37/503] APD (Air Products), depuis 2010-01-01...
2026-07-30 20:54:32,576 [ERROR] Error 321, reqId 76: Error validating request.-'bH' : cause - Historical data requests for durations longer than 365 days must be made in years., contract: Contract(secType='STK', conId=4487, symbol='APD', exchange='SMART', primaryExchange='NYSE', currency='USD', localSymbol='APD', tradingClass='APD')
2026-07-30 20:54:45,297 [WARNING]   -> ECHEC (ni IBKR ni Stooq) pour APD : Aucune donnée (ni IBKR ni Stooq) pour APD -- TROU DE COUVERTURE.
2026-07-30 20:54:45,298 [INFO] [38/503] APH (Amphenol), depuis 2010-01-01...
2026-07-30 20:54:45,436 [ERROR] Error 321, reqId 78: Error validating request.-'bH' : cause - Historical data requests for durations longer than 365 days must be made in years., contract: Contract(secType='STK', conId=4493, symbol='APH', exchange='SMART', primaryExchange='NYSE', currency='USD', localSymbol='APH', tradingClass='APH')
2026-07-30 20:54:58,202 [WARNING]   -> ECHEC (ni IBKR ni Stooq) pour APH : Aucune donnée (ni IBKR ni Stooq) pour APH -- TROU DE COUVERTURE.
2026-07-30 20:54:58,203 [INFO] [39/503] APO (Apollo Global Management), depuis 2010-01-01...
2026-07-30 20:54:58,283 [ERROR] Error 321, reqId 80: Error validating request.-'bH' : cause - Historical data requests for durations longer than 365 days must be made in years., contract: Contract(secType='STK', conId=535288388, symbol='APO', exchange='SMART', primaryExchange='NYSE', currency='USD', localSymbol='APO', tradingClass='APO')
2026-07-30 20:55:11,319 [WARNING]   -> ECHEC (ni IBKR ni Stooq) pour APO : Aucune donnée (ni IBKR ni Stooq) pour APO -- TROU DE COUVERTURE.
2026-07-30 20:55:11,320 [INFO] [40/503] APP (AppLovin), depuis 2010-01-01...
2026-07-30 20:55:11,426 [ERROR] Error 321, reqId 82: Error validating request.-'bH' : cause - Historical data requests for durations longer than 365 days must be made in years., contract: Contract(secType='STK', conId=481863646, symbol='APP', exchange='SMART', primaryExchange='NASDAQ', currency='USD', localSymbol='APP', tradingClass='NMS')
2026-07-30 20:55:24,068 [WARNING]   -> ECHEC (ni IBKR ni Stooq) pour APP : Aucune donnée (ni IBKR ni Stooq) pour APP -- TROU DE COUVERTURE.
2026-07-30 20:55:24,070 [INFO] [41/503] APTV (Aptiv), depuis 2010-01-01...
2026-07-30 20:55:24,441 [ERROR] Error 321, reqId 84: Error validating request.-'bH' : cause - Historical data requests for durations longer than 365 days must be made in years., contract: Contract(secType='STK', conId=748351585, symbol='APTV', exchange='SMART', primaryExchange='NYSE', currency='USD', localSymbol='APTV', tradingClass='APTV')
2026-07-30 20:55:38,572 [WARNING]   -> ECHEC (ni IBKR ni Stooq) pour APTV : Aucune donnée (ni IBKR ni Stooq) pour APTV -- TROU DE COUVERTURE.
2026-07-30 20:55:38,573 [INFO] [42/503] ARE (Alexandria Real Estate Equities), depuis 2010-01-01...
2026-07-30 20:55:38,721 [ERROR] Error 321, reqId 86: Error validating request.-'bH' : cause - Historical data requests for durations longer than 365 days must be made in years., contract: Contract(secType='STK', conId=6607487, symbol='ARE', exchange='SMART', primaryExchange='NYSE', currency='USD', localSymbol='ARE', tradingClass='ARE')
2026-07-30 20:55:51,493 [WARNING]   -> ECHEC (ni IBKR ni Stooq) pour ARE : Aucune donnée (ni IBKR ni Stooq) pour ARE -- TROU DE COUVERTURE.
2026-07-30 20:55:51,504 [INFO] [43/503] ARES (Ares Management), depuis 2010-01-01...
2026-07-30 20:55:51,583 [ERROR] Error 321, reqId 88: Error validating request.-'bH' : cause - Historical data requests for durations longer than 365 days must be made in years., contract: Contract(secType='STK', conId=341904548, symbol='ARES', exchange='SMART', primaryExchange='NYSE', currency='USD', localSymbol='ARES', tradingClass='ARES')
2026-07-30 20:56:04,687 [WARNING]   -> ECHEC (ni IBKR ni Stooq) pour ARES : Aucune donnée (ni IBKR ni Stooq) pour ARES -- TROU DE COUVERTURE.
2026-07-30 20:56:04,688 [INFO] [44/503] ATO (Atmos Energy), depuis 2010-01-01...
2026-07-30 20:56:04,973 [ERROR] Error 321, reqId 90: Error validating request.-'bH' : cause - Historical data requests for durations longer than 365 days must be made in years., contract: Contract(secType='STK', conId=4644, symbol='ATO', exchange='SMART', primaryExchange='NYSE', currency='USD', localSymbol='ATO', tradingClass='ATO')
2026-07-30 20:56:17,837 [WARNING]   -> ECHEC (ni IBKR ni Stooq) pour ATO : Aucune donnée (ni IBKR ni Stooq) pour ATO -- TROU DE COUVERTURE.
2026-07-30 20:56:17,838 [INFO] [45/503] AVB (AvalonBay Communities), depuis 2010-01-01...
2026-07-30 20:56:17,900 [ERROR] Error 321, reqId 92: Error validating request.-'bH' : cause - Historical data requests for durations longer than 365 days must be made in years., contract: Contract(secType='STK', conId=5026974, symbol='AVB', exchange='SMART', primaryExchange='NYSE', currency='USD', localSymbol='AVB', tradingClass='AVB')
2026-07-30 20:56:30,530 [WARNING]   -> ECHEC (ni IBKR ni Stooq) pour AVB : Aucune donnée (ni IBKR ni Stooq) pour AVB -- TROU DE COUVERTURE.
2026-07-30 20:56:30,532 [INFO] [46/503] AVGO (Broadcom), depuis 2010-01-01...
2026-07-30 20:56:30,634 [ERROR] Error 321, reqId 94: Error validating request.-'bH' : cause - Historical data requests for durations longer than 365 days must be made in years., contract: Contract(secType='STK', conId=313130367, symbol='AVGO', exchange='SMART', primaryExchange='NASDAQ', currency='USD', localSymbol='AVGO', tradingClass='NMS')
2026-07-30 20:56:43,336 [WARNING]   -> ECHEC (ni IBKR ni Stooq) pour AVGO : Aucune donnée (ni IBKR ni Stooq) pour AVGO -- TROU DE COUVERTURE.
2026-07-30 20:56:43,338 [INFO] [47/503] AVY (Avery Dennison), depuis 2010-01-01...
2026-07-30 20:56:43,411 [ERROR] Error 321, reqId 96: Error validating request.-'bH' : cause - Historical data requests for durations longer than 365 days must be made in years., contract: Contract(secType='STK', conId=4694, symbol='AVY', exchange='SMART', primaryExchange='NYSE', currency='USD', localSymbol='AVY', tradingClass='AVY')
2026-07-30 20:56:55,966 [WARNING]   -> ECHEC (ni IBKR ni Stooq) pour AVY : Aucune donnée (ni IBKR ni Stooq) pour AVY -- TROU DE COUVERTURE.
2026-07-30 20:56:55,967 [INFO] [48/503] AWK (American Water Works), depuis 2010-01-01...
2026-07-30 20:56:56,040 [ERROR] Error 321, reqId 98: Error validating request.-'bH' : cause - Historical data requests for durations longer than 365 days must be made in years., contract: Contract(secType='STK', conId=50530752, symbol='AWK', exchange='SMART', primaryExchange='NYSE', currency='USD', localSymbol='AWK', tradingClass='AWK')
2026-07-30 20:57:08,585 [WARNING]   -> ECHEC (ni IBKR ni Stooq) pour AWK : Aucune donnée (ni IBKR ni Stooq) pour AWK -- TROU DE COUVERTURE.
2026-07-30 20:57:08,587 [INFO] [49/503] AXON (Axon Enterprise), depuis 2010-01-01...
2026-07-30 20:57:08,662 [ERROR] Error 321, reqId 100: Error validating request.-'bH' : cause - Historical data requests for durations longer than 365 days must be made in years., contract: Contract(secType='STK', conId=272104927, symbol='AXON', exchange='SMART', primaryExchange='NASDAQ', currency='USD', localSymbol='AXON', tradingClass='NMS')
2026-07-30 20:57:21,306 [WARNING]   -> ECHEC (ni IBKR ni Stooq) pour AXON : Aucune donnée (ni IBKR ni Stooq) pour AXON -- TROU DE COUVERTURE.
2026-07-30 20:57:21,308 [INFO] [50/503] AXP (American Express), depuis 2010-01-01...
2026-07-30 20:57:21,392 [ERROR] Error 321, reqId 102: Error validating request.-'bH' : cause - Historical data requests for durations longer than 365 days must be made in years., contract: Contract(secType='STK', conId=4721, symbol='AXP', exchange='SMART', primaryExchange='NYSE', currency='USD', localSymbol='AXP', tradingClass='AXP')
2026-07-30 20:57:34,025 [WARNING]   -> ECHEC (ni IBKR ni Stooq) pour AXP : Aucune donnée (ni IBKR ni Stooq) pour AXP -- TROU DE COUVERTURE.
2026-07-30 20:57:34,026 [INFO] [51/503] AZO (AutoZone), depuis 2010-01-01...
2026-07-30 20:57:34,114 [ERROR] Error 321, reqId 104: Error validating request.-'bH' : cause - Historical data requests for durations longer than 365 days must be made in years., contract: Contract(secType='STK', conId=4750, symbol='AZO', exchange='SMART', primaryExchange='NYSE', currency='USD', localSymbol='AZO', tradingClass='AZO')
2026-07-30 20:57:46,826 [WARNING]   -> ECHEC (ni IBKR ni Stooq) pour AZO : Aucune donnée (ni IBKR ni Stooq) pour AZO -- TROU DE COUVERTURE.
2026-07-30 20:57:46,827 [INFO] [52/503] BA (Boeing), depuis 2010-01-01...
2026-07-30 20:57:46,965 [ERROR] Error 321, reqId 106: Error validating request.-'bH' : cause - Historical data requests for durations longer than 365 days must be made in years., contract: Contract(secType='STK', conId=4762, symbol='BA', exchange='SMART', primaryExchange='NYSE', currency='USD', localSymbol='BA', tradingClass='BA')
2026-07-30 20:57:59,718 [WARNING]   -> ECHEC (ni IBKR ni Stooq) pour BA : Aucune donnée (ni IBKR ni Stooq) pour BA -- TROU DE COUVERTURE.
2026-07-30 20:57:59,720 [INFO] [53/503] BAC (Bank of America), depuis 2010-01-01...
2026-07-30 20:57:59,849 [ERROR] Error 321, reqId 108: Error validating request.-'bH' : cause - Historical data requests for durations longer than 365 days must be made in years., contract: Contract(secType='STK', conId=10098, symbol='BAC', exchange='SMART', primaryExchange='NYSE', currency='USD', localSymbol='BAC', tradingClass='BAC')
2026-07-30 20:58:12,516 [WARNING]   -> ECHEC (ni IBKR ni Stooq) pour BAC : Aucune donnée (ni IBKR ni Stooq) pour BAC -- TROU DE COUVERTURE.
2026-07-30 20:58:12,517 [INFO] [54/503] BALL (Ball Corporation), depuis 2010-01-01...
2026-07-30 20:58:12,588 [ERROR] Error 321, reqId 110: Error validating request.-'bH' : cause - Historical data requests for durations longer than 365 days must be made in years., contract: Contract(secType='STK', conId=5052, symbol='BALL', exchange='SMART', primaryExchange='NYSE', currency='USD', localSymbol='BALL', tradingClass='BALL')
2026-07-30 20:58:25,333 [WARNING]   -> ECHEC (ni IBKR ni Stooq) pour BALL : Aucune donnée (ni IBKR ni Stooq) pour BALL -- TROU DE COUVERTURE.
2026-07-30 20:58:25,334 [INFO] [55/503] BAX (Baxter International), depuis 2010-01-01...
2026-07-30 20:58:25,409 [ERROR] Error 321, reqId 112: Error validating request.-'bH' : cause - Historical data requests for durations longer than 365 days must be made in years., contract: Contract(secType='STK', conId=8111188, symbol='BAX', exchange='SMART', primaryExchange='NYSE', currency='USD', localSymbol='BAX', tradingClass='BAX')
2026-07-30 20:58:38,084 [WARNING]   -> ECHEC (ni IBKR ni Stooq) pour BAX : Aucune donnée (ni IBKR ni Stooq) pour BAX -- TROU DE COUVERTURE.
2026-07-30 20:58:38,085 [INFO] [56/503] BBY (Best Buy), depuis 2010-01-01...
2026-07-30 20:58:38,155 [ERROR] Error 321, reqId 114: Error validating request.-'bH' : cause - Historical data requests for durations longer than 365 days must be made in years., contract: Contract(secType='STK', conId=4817, symbol='BBY', exchange='SMART', primaryExchange='NYSE', currency='USD', localSymbol='BBY', tradingClass='BBY')
2026-07-30 20:58:50,848 [WARNING]   -> ECHEC (ni IBKR ni Stooq) pour BBY : Aucune donnée (ni IBKR ni Stooq) pour BBY -- TROU DE COUVERTURE.
2026-07-30 20:58:50,849 [INFO] [57/503] BDX (Becton Dickinson), depuis 2010-01-01...
2026-07-30 20:58:50,945 [ERROR] Error 321, reqId 116: Error validating request.-'bH' : cause - Historical data requests for durations longer than 365 days must be made in years., contract: Contract(secType='STK', conId=4886, symbol='BDX', exchange='SMART', primaryExchange='NYSE', currency='USD', localSymbol='BDX', tradingClass='BDX')
2026-07-30 20:59:03,586 [WARNING]   -> ECHEC (ni IBKR ni Stooq) pour BDX : Aucune donnée (ni IBKR ni Stooq) pour BDX -- TROU DE COUVERTURE.
2026-07-30 20:59:03,588 [INFO] [58/503] BEN (Franklin Resources), depuis 2010-01-01...
2026-07-30 20:59:03,662 [ERROR] Error 321, reqId 118: Error validating request.-'bH' : cause - Historical data requests for durations longer than 365 days must be made in years., contract: Contract(secType='STK', conId=4906, symbol='BEN', exchange='SMART', primaryExchange='NYSE', currency='USD', localSymbol='BEN', tradingClass='BEN')
2026-07-30 20:59:16,284 [WARNING]   -> ECHEC (ni IBKR ni Stooq) pour BEN : Aucune donnée (ni IBKR ni Stooq) pour BEN -- TROU DE COUVERTURE.
2026-07-30 20:59:16,285 [INFO] [59/503] BF B (Brown–Forman), depuis 2010-01-01...
2026-07-30 20:59:16,365 [ERROR] Error 321, reqId 120: Error validating request.-'bH' : cause - Historical data requests for durations longer than 365 days must be made in years., contract: Contract(secType='STK', conId=4931, symbol='BF B', exchange='SMART', primaryExchange='NYSE', currency='USD', localSymbol='BF B', tradingClass='BF B')
2026-07-30 20:59:29,048 [WARNING]   -> ECHEC (ni IBKR ni Stooq) pour BF B : Aucune donnée (ni IBKR ni Stooq) pour BF B -- TROU DE COUVERTURE.
2026-07-30 20:59:29,050 [INFO] [60/503] BG (Bunge Global), depuis 2010-01-01...
2026-07-30 20:59:29,130 [ERROR] Error 321, reqId 122: Error validating request.-'bH' : cause - Historical data requests for durations longer than 365 days must be made in years., contract: Contract(secType='STK', conId=663174498, symbol='BG', exchange='SMART', primaryExchange='NYSE', currency='USD', localSymbol='BG', tradingClass='BG')
2026-07-30 20:59:41,750 [WARNING]   -> ECHEC (ni IBKR ni Stooq) pour BG : Aucune donnée (ni IBKR ni Stooq) pour BG -- TROU DE COUVERTURE.
2026-07-30 20:59:41,752 [INFO] [61/503] BIIB (Biogen), depuis 2010-01-01...
2026-07-30 20:59:41,853 [ERROR] Error 321, reqId 124: Error validating request.-'bH' : cause - Historical data requests for durations longer than 365 days must be made in years., contract: Contract(secType='STK', conId=26734397, symbol='BIIB', exchange='SMART', primaryExchange='NASDAQ', currency='USD', localSymbol='BIIB', tradingClass='NMS')
2026-07-30 20:59:54,471 [WARNING]   -> ECHEC (ni IBKR ni Stooq) pour BIIB : Aucune donnée (ni IBKR ni Stooq) pour BIIB -- TROU DE COUVERTURE.
2026-07-30 20:59:54,472 [INFO] [62/503] BKNG (Booking Holdings), depuis 2010-01-01...
2026-07-30 20:59:54,534 [ERROR] Error 321, reqId 126: Error validating request.-'bH' : cause - Historical data requests for durations longer than 365 days must be made in years., contract: Contract(secType='STK', conId=308728373, symbol='BKNG', exchange='SMART', primaryExchange='NASDAQ', currency='USD', localSymbol='BKNG', tradingClass='NMS')
2026-07-30 21:00:07,289 [WARNING]   -> ECHEC (ni IBKR ni Stooq) pour BKNG : Aucune donnée (ni IBKR ni Stooq) pour BKNG -- TROU DE COUVERTURE.
2026-07-30 21:00:07,291 [INFO] [63/503] BKR (Baker Hughes), depuis 2010-01-01...
2026-07-30 21:00:07,370 [ERROR] Error 321, reqId 128: Error validating request.-'bH' : cause - Historical data requests for durations longer than 365 days must be made in years., contract: Contract(secType='STK', conId=281316445, symbol='BKR', exchange='SMART', primaryExchange='NASDAQ', currency='USD', localSymbol='BKR', tradingClass='NMS')
2026-07-30 21:00:19,999 [WARNING]   -> ECHEC (ni IBKR ni Stooq) pour BKR : Aucune donnée (ni IBKR ni Stooq) pour BKR -- TROU DE COUVERTURE.
2026-07-30 21:00:20,001 [INFO] [64/503] BLDR (Builders FirstSource), depuis 2010-01-01...
2026-07-30 21:00:20,082 [ERROR] Error 321, reqId 130: Error validating request.-'bH' : cause - Historical data requests for durations longer than 365 days must be made in years., contract: Contract(secType='STK', conId=34851874, symbol='BLDR', exchange='SMART', primaryExchange='NYSE', currency='USD', localSymbol='BLDR', tradingClass='BLDR')
2026-07-30 21:00:32,652 [WARNING]   -> ECHEC (ni IBKR ni Stooq) pour BLDR : Aucune donnée (ni IBKR ni Stooq) pour BLDR -- TROU DE COUVERTURE.
2026-07-30 21:00:32,653 [INFO] [65/503] BLK (BlackRock), depuis 2010-01-01...
2026-07-30 21:00:32,725 [ERROR] Error 321, reqId 132: Error validating request.-'bH' : cause - Historical data requests for durations longer than 365 days must be made in years., contract: Contract(secType='STK', conId=729193719, symbol='BLK', exchange='SMART', primaryExchange='NYSE', currency='USD', localSymbol='BLK', tradingClass='BLK')
2026-07-30 21:00:45,393 [WARNING]   -> ECHEC (ni IBKR ni Stooq) pour BLK : Aucune donnée (ni IBKR ni Stooq) pour BLK -- TROU DE COUVERTURE.
2026-07-30 21:00:45,395 [INFO] [66/503] BMY (Bristol Myers Squibb), depuis 2010-01-01...
2026-07-30 21:00:45,491 [ERROR] Error 321, reqId 134: Error validating request.-'bH' : cause - Historical data requests for durations longer than 365 days must be made in years., contract: Contract(secType='STK', conId=5111, symbol='BMY', exchange='SMART', primaryExchange='NYSE', currency='USD', localSymbol='BMY', tradingClass='BMY')
2026-07-30 21:00:58,140 [WARNING]   -> ECHEC (ni IBKR ni Stooq) pour BMY : Aucune donnée (ni IBKR ni Stooq) pour BMY -- TROU DE COUVERTURE.
2026-07-30 21:00:58,141 [INFO] [67/503] BNY (BNY Mellon), depuis 2010-01-01...
2026-07-30 21:00:58,228 [ERROR] Error 321, reqId 136: Error validating request.-'bH' : cause - Historical data requests for durations longer than 365 days must be made in years., contract: Contract(secType='STK', conId=44986804, symbol='BNY', exchange='SMART', primaryExchange='NYSE', currency='USD', localSymbol='BNY', tradingClass='BNY')
2026-07-30 21:01:10,868 [WARNING]   -> ECHEC (ni IBKR ni Stooq) pour BNY : Aucune donnée (ni IBKR ni Stooq) pour BNY -- TROU DE COUVERTURE.
2026-07-30 21:01:10,874 [INFO] [68/503] BR (Broadridge Financial Solutions), depuis 2010-01-01...
2026-07-30 21:01:10,964 [ERROR] Error 321, reqId 138: Error validating request.-'bH' : cause - Historical data requests for durations longer than 365 days must be made in years., contract: Contract(secType='STK', conId=43523793, symbol='BR', exchange='SMART', primaryExchange='NYSE', currency='USD', localSymbol='BR', tradingClass='BR')
2026-07-30 21:01:23,714 [WARNING]   -> ECHEC (ni IBKR ni Stooq) pour BR : Aucune donnée (ni IBKR ni Stooq) pour BR -- TROU DE COUVERTURE.
2026-07-30 21:01:23,716 [INFO] [69/503] BRK B (Berkshire Hathaway), depuis 2010-01-01...
2026-07-30 21:01:23,803 [ERROR] Error 321, reqId 140: Error validating request.-'bH' : cause - Historical data requests for durations longer than 365 days must be made in years., contract: Contract(secType='STK', conId=72063691, symbol='BRK B', exchange='SMART', primaryExchange='NYSE', currency='USD', localSymbol='BRK B', tradingClass='BRK B')
2026-07-30 21:01:36,477 [WARNING]   -> ECHEC (ni IBKR ni Stooq) pour BRK B : Aucune donnée (ni IBKR ni Stooq) pour BRK B -- TROU DE COUVERTURE.
2026-07-30 21:01:36,479 [INFO] [70/503] BRO (Brown & Brown), depuis 2010-01-01...
2026-07-30 21:01:36,583 [ERROR] Error 321, reqId 142: Error validating request.-'bH' : cause - Historical data requests for durations longer than 365 days must be made in years., contract: Contract(secType='STK', conId=6607613, symbol='BRO', exchange='SMART', primaryExchange='NYSE', currency='USD', localSymbol='BRO', tradingClass='BRO')
2026-07-30 21:01:49,336 [WARNING]   -> ECHEC (ni IBKR ni Stooq) pour BRO : Aucune donnée (ni IBKR ni Stooq) pour BRO -- TROU DE COUVERTURE.
2026-07-30 21:01:49,337 [INFO] [71/503] BSX (Boston Scientific), depuis 2010-01-01...
2026-07-30 21:01:49,416 [ERROR] Error 321, reqId 144: Error validating request.-'bH' : cause - Historical data requests for durations longer than 365 days must be made in years., contract: Contract(secType='STK', conId=5270, symbol='BSX', exchange='SMART', primaryExchange='NYSE', currency='USD', localSymbol='BSX', tradingClass='BSX')
2026-07-30 21:02:01,995 [WARNING]   -> ECHEC (ni IBKR ni Stooq) pour BSX : Aucune donnée (ni IBKR ni Stooq) pour BSX -- TROU DE COUVERTURE.
2026-07-30 21:02:01,996 [INFO] [72/503] BX (Blackstone Inc.), depuis 2010-01-01...
2026-07-30 21:02:02,068 [ERROR] Error 321, reqId 146: Error validating request.-'bH' : cause - Historical data requests for durations longer than 365 days must be made in years., contract: Contract(secType='STK', conId=372834689, symbol='BX', exchange='SMART', primaryExchange='NYSE', currency='USD', localSymbol='BX', tradingClass='BX')
2026-07-30 21:02:14,686 [WARNING]   -> ECHEC (ni IBKR ni Stooq) pour BX : Aucune donnée (ni IBKR ni Stooq) pour BX -- TROU DE COUVERTURE.
2026-07-30 21:02:14,689 [INFO] [73/503] BXP (BXP, Inc.), depuis 2010-01-01...
2026-07-30 21:02:14,783 [ERROR] Error 321, reqId 148: Error validating request.-'bH' : cause - Historical data requests for durations longer than 365 days must be made in years., contract: Contract(secType='STK', conId=5021340, symbol='BXP', exchange='SMART', primaryExchange='NYSE', currency='USD', localSymbol='BXP', tradingClass='BXP')
2026-07-30 21:02:27,436 [WARNING]   -> ECHEC (ni IBKR ni Stooq) pour BXP : Aucune donnée (ni IBKR ni Stooq) pour BXP -- TROU DE COUVERTURE.
2026-07-30 21:02:27,437 [INFO] [74/503] C (Citigroup), depuis 2010-01-01...
2026-07-30 21:02:27,551 [ERROR] Error 321, reqId 150: Error validating request.-'bH' : cause - Historical data requests for durations longer than 365 days must be made in years., contract: Contract(secType='STK', conId=87335484, symbol='C', exchange='SMART', primaryExchange='NYSE', currency='USD', localSymbol='C', tradingClass='C')
2026-07-30 21:02:40,204 [WARNING]   -> ECHEC (ni IBKR ni Stooq) pour C : Aucune donnée (ni IBKR ni Stooq) pour C -- TROU DE COUVERTURE.
2026-07-30 21:02:40,209 [INFO] [75/503] CAH (Cardinal Health), depuis 2010-01-01...
2026-07-30 21:02:40,272 [ERROR] Error 321, reqId 152: Error validating request.-'bH' : cause - Historical data requests for durations longer than 365 days must be made in years., contract: Contract(secType='STK', conId=5407, symbol='CAH', exchange='SMART', primaryExchange='NYSE', currency='USD', localSymbol='CAH', tradingClass='CAH')
2026-07-30 21:02:52,845 [WARNING]   -> ECHEC (ni IBKR ni Stooq) pour CAH : Aucune donnée (ni IBKR ni Stooq) pour CAH -- TROU DE COUVERTURE.
2026-07-30 21:02:52,847 [INFO] [76/503] CARR (Carrier Global), depuis 2010-01-01...
2026-07-30 21:02:52,922 [ERROR] Error 321, reqId 154: Error validating request.-'bH' : cause - Historical data requests for durations longer than 365 days must be made in years., contract: Contract(secType='STK', conId=410755397, symbol='CARR', exchange='SMART', primaryExchange='NYSE', currency='USD', localSymbol='CARR', tradingClass='CARR')
2026-07-30 21:03:05,683 [WARNING]   -> ECHEC (ni IBKR ni Stooq) pour CARR : Aucune donnée (ni IBKR ni Stooq) pour CARR -- TROU DE COUVERTURE.
2026-07-30 21:03:05,684 [INFO] [77/503] CASY (Casey's), depuis 2010-01-01...
2026-07-30 21:03:05,763 [ERROR] Error 321, reqId 156: Error validating request.-'bH' : cause - Historical data requests for durations longer than 365 days must be made in years., contract: Contract(secType='STK', conId=267265, symbol='CASY', exchange='SMART', primaryExchange='NASDAQ', currency='USD', localSymbol='CASY', tradingClass='NMS')
2026-07-30 21:03:18,329 [WARNING]   -> ECHEC (ni IBKR ni Stooq) pour CASY : Aucune donnée (ni IBKR ni Stooq) pour CASY -- TROU DE COUVERTURE.
2026-07-30 21:03:18,331 [INFO] [78/503] CAT (Caterpillar Inc.), depuis 2010-01-01...
2026-07-30 21:03:18,434 [ERROR] Error 321, reqId 158: Error validating request.-'bH' : cause - Historical data requests for durations longer than 365 days must be made in years., contract: Contract(secType='STK', conId=5437, symbol='CAT', exchange='SMART', primaryExchange='NYSE', currency='USD', localSymbol='CAT', tradingClass='CAT')
2026-07-30 21:03:31,032 [WARNING]   -> ECHEC (ni IBKR ni Stooq) pour CAT : Aucune donnée (ni IBKR ni Stooq) pour CAT -- TROU DE COUVERTURE.
2026-07-30 21:03:31,039 [INFO] [79/503] CB (Chubb Limited), depuis 2010-01-01...
2026-07-30 21:03:31,113 [ERROR] Error 321, reqId 160: Error validating request.-'bH' : cause - Historical data requests for durations longer than 365 days must be made in years., contract: Contract(secType='STK', conId=218939694, symbol='CB', exchange='SMART', primaryExchange='NYSE', currency='USD', localSymbol='CB', tradingClass='CB')
2026-07-30 21:03:43,707 [WARNING]   -> ECHEC (ni IBKR ni Stooq) pour CB : Aucune donnée (ni IBKR ni Stooq) pour CB -- TROU DE COUVERTURE.
2026-07-30 21:03:43,708 [INFO] [80/503] CBOE (Cboe Global Markets), depuis 2010-01-01...
2026-07-30 21:03:43,828 [ERROR] Error 321, reqId 162: Error validating request.-'bH' : cause - Historical data requests for durations longer than 365 days must be made in years., contract: Contract(secType='STK', conId=76227954, symbol='CBOE', exchange='SMART', primaryExchange='BATS', currency='USD', localSymbol='CBOE', tradingClass='CBOE')
2026-07-30 21:03:56,453 [WARNING]   -> ECHEC (ni IBKR ni Stooq) pour CBOE : Aucune donnée (ni IBKR ni Stooq) pour CBOE -- TROU DE COUVERTURE.
2026-07-30 21:03:56,453 [INFO] [81/503] CBRE (CBRE Group), depuis 2010-01-01...
2026-07-30 21:03:56,537 [ERROR] Error 321, reqId 164: Error validating request.-'bH' : cause - Historical data requests for durations longer than 365 days must be made in years., contract: Contract(secType='STK', conId=95514904, symbol='CBRE', exchange='SMART', primaryExchange='NYSE', currency='USD', localSymbol='CBRE', tradingClass='CBRE')
2026-07-30 21:04:09,175 [WARNING]   -> ECHEC (ni IBKR ni Stooq) pour CBRE : Aucune donnée (ni IBKR ni Stooq) pour CBRE -- TROU DE COUVERTURE.
2026-07-30 21:04:09,176 [INFO] [82/503] CCI (Crown Castle), depuis 2010-01-01...
2026-07-30 21:04:09,260 [ERROR] Error 321, reqId 166: Error validating request.-'bH' : cause - Historical data requests for durations longer than 365 days must be made in years., contract: Contract(secType='STK', conId=176571182, symbol='CCI', exchange='SMART', primaryExchange='NYSE', currency='USD', localSymbol='CCI', tradingClass='CCI')
2026-07-30 21:04:21,922 [WARNING]   -> ECHEC (ni IBKR ni Stooq) pour CCI : Aucune donnée (ni IBKR ni Stooq) pour CCI -- TROU DE COUVERTURE.
2026-07-30 21:04:21,950 [INFO] [83/503] CCL (Carnival Corporation), depuis 2010-01-01...
2026-07-30 21:04:22,043 [ERROR] Error 321, reqId 168: Error validating request.-'bH' : cause - Historical data requests for durations longer than 365 days must be made in years., contract: Contract(secType='STK', conId=878372298, symbol='CCL', exchange='SMART', primaryExchange='NYSE', currency='USD', localSymbol='CCL', tradingClass='CCL')
2026-07-30 21:04:34,932 [WARNING]   -> ECHEC (ni IBKR ni Stooq) pour CCL : Aucune donnée (ni IBKR ni Stooq) pour CCL -- TROU DE COUVERTURE.
2026-07-30 21:04:34,934 [INFO] [84/503] CDNS (Cadence Design Systems), depuis 2010-01-01...
2026-07-30 21:04:35,087 [ERROR] Error 321, reqId 170: Error validating request.-'bH' : cause - Historical data requests for durations longer than 365 days must be made in years., contract: Contract(secType='STK', conId=5552, symbol='CDNS', exchange='SMART', primaryExchange='NASDAQ', currency='USD', localSymbol='CDNS', tradingClass='NMS')
2026-07-30 21:04:48,005 [WARNING]   -> ECHEC (ni IBKR ni Stooq) pour CDNS : Aucune donnée (ni IBKR ni Stooq) pour CDNS -- TROU DE COUVERTURE.
2026-07-30 21:04:48,008 [INFO] [85/503] CDW (CDW Corporation), depuis 2010-01-01...
2026-07-30 21:04:48,172 [ERROR] Error 321, reqId 172: Error validating request.-'bH' : cause - Historical data requests for durations longer than 365 days must be made in years., contract: Contract(secType='STK', conId=130432552, symbol='CDW', exchange='SMART', primaryExchange='NASDAQ', currency='USD', localSymbol='CDW', tradingClass='NMS')
2026-07-30 21:05:00,854 [WARNING]   -> ECHEC (ni IBKR ni Stooq) pour CDW : Aucune donnée (ni IBKR ni Stooq) pour CDW -- TROU DE COUVERTURE.
2026-07-30 21:05:00,856 [INFO] [86/503] CEG (Constellation Energy), depuis 2010-01-01...
2026-07-30 21:05:00,937 [ERROR] Error 321, reqId 174: Error validating request.-'bH' : cause - Historical data requests for durations longer than 365 days must be made in years., contract: Contract(secType='STK', conId=538132976, symbol='CEG', exchange='SMART', primaryExchange='NASDAQ', currency='USD', localSymbol='CEG', tradingClass='NMS')
2026-07-30 21:05:14,146 [WARNING]   -> ECHEC (ni IBKR ni Stooq) pour CEG : Aucune donnée (ni IBKR ni Stooq) pour CEG -- TROU DE COUVERTURE.
2026-07-30 21:05:14,147 [INFO] [87/503] CF (CF Industries), depuis 2010-01-01...
2026-07-30 21:05:14,265 [ERROR] Error 321, reqId 176: Error validating request.-'bH' : cause - Historical data requests for durations longer than 365 days must be made in years., contract: Contract(secType='STK', conId=35447205, symbol='CF', exchange='SMART', primaryExchange='NYSE', currency='USD', localSymbol='CF', tradingClass='CF')
2026-07-30 21:05:28,929 [WARNING]   -> ECHEC (ni IBKR ni Stooq) pour CF : Aucune donnée (ni IBKR ni Stooq) pour CF -- TROU DE COUVERTURE.
2026-07-30 21:05:28,930 [INFO] [88/503] CFG (Citizens Financial Group), depuis 2010-01-01...
2026-07-30 21:05:29,035 [ERROR] Error 321, reqId 178: Error validating request.-'bH' : cause - Historical data requests for durations longer than 365 days must be made in years., contract: Contract(secType='STK', conId=167955370, symbol='CFG', exchange='SMART', primaryExchange='NYSE', currency='USD', localSymbol='CFG', tradingClass='CFG')
2026-07-30 21:05:41,623 [WARNING]   -> ECHEC (ni IBKR ni Stooq) pour CFG : Aucune donnée (ni IBKR ni Stooq) pour CFG -- TROU DE COUVERTURE.
2026-07-30 21:05:41,624 [INFO] [89/503] CHD (Church & Dwight), depuis 2010-01-01...
2026-07-30 21:05:41,752 [ERROR] Error 321, reqId 180: Error validating request.-'bH' : cause - Historical data requests for durations longer than 365 days must be made in years., contract: Contract(secType='STK', conId=5651, symbol='CHD', exchange='SMART', primaryExchange='NYSE', currency='USD', localSymbol='CHD', tradingClass='CHD')
2026-07-30 21:05:55,357 [WARNING]   -> ECHEC (ni IBKR ni Stooq) pour CHD : Aucune donnée (ni IBKR ni Stooq) pour CHD -- TROU DE COUVERTURE.
2026-07-30 21:05:55,358 [INFO] [90/503] CHRW (C.H. Robinson), depuis 2010-01-01...
2026-07-30 21:05:55,444 [ERROR] Error 321, reqId 182: Error validating request.-'bH' : cause - Historical data requests for durations longer than 365 days must be made in years., contract: Contract(secType='STK', conId=36320731, symbol='CHRW', exchange='SMART', primaryExchange='NASDAQ', currency='USD', localSymbol='CHRW', tradingClass='NMS')
2026-07-30 21:06:08,958 [WARNING]   -> ECHEC (ni IBKR ni Stooq) pour CHRW : Aucune donnée (ni IBKR ni Stooq) pour CHRW -- TROU DE COUVERTURE.
2026-07-30 21:06:08,959 [INFO] [91/503] CHTR (Charter Communications), depuis 2010-01-01...
2026-07-30 21:06:09,082 [ERROR] Error 321, reqId 184: Error validating request.-'bH' : cause - Historical data requests for durations longer than 365 days must be made in years., contract: Contract(secType='STK', conId=233674866, symbol='CHTR', exchange='SMART', primaryExchange='NASDAQ', currency='USD', localSymbol='CHTR', tradingClass='NMS')
2026-07-30 21:06:55,687 [WARNING]   -> ECHEC (ni IBKR ni Stooq) pour CHTR : Aucune donnée (ni IBKR ni Stooq) pour CHTR -- TROU DE COUVERTURE.
2026-07-30 21:06:55,689 [INFO] [92/503] CI (Cigna), depuis 2010-01-01...
2026-07-30 21:06:55,691 [ERROR] Error 1100, reqId -1: Connectivity between IBKR and Trader Workstation has been lost.
2026-07-30 21:06:56,159 [INFO] Warning 2157, reqId -1: Sec-def data farm connection is broken:secdefeu
2026-07-30 21:07:02,627 [ERROR] [WinError 64] The specified network name is no longer available
2026-07-30 21:07:35,499 [WARNING]   -> ECHEC (ni IBKR ni Stooq) pour CI : Aucune donnée (ni IBKR ni Stooq) pour CI -- TROU DE COUVERTURE.
2026-07-30 21:07:35,500 [INFO] [93/503] CIEN (Ciena), depuis 2010-01-01...
2026-07-30 21:07:57,643 [WARNING]   -> ECHEC (ni IBKR ni Stooq) pour CIEN : Aucune donnée (ni IBKR ni Stooq) pour CIEN -- TROU DE COUVERTURE.
2026-07-30 21:07:57,643 [INFO] [94/503] CINF (Cincinnati Financial), depuis 2010-01-01...
2026-07-30 21:08:02,024 [WARNING]   -> ECHEC (ni IBKR ni Stooq) pour CINF : Aucune donnée (ni IBKR ni Stooq) pour CINF -- TROU DE COUVERTURE.
2026-07-30 21:08:02,025 [INFO] [95/503] CL (Colgate-Palmolive), depuis 2010-01-01...
2026-07-30 21:08:04,411 [WARNING]   -> ECHEC (ni IBKR ni Stooq) pour CL : Aucune donnée (ni IBKR ni Stooq) pour CL -- TROU DE COUVERTURE.
2026-07-30 21:08:04,413 [INFO] [96/503] CLX (Clorox), depuis 2010-01-01...
2026-07-30 21:08:06,414 [WARNING]   -> ECHEC (ni IBKR ni Stooq) pour CLX : Aucune donnée (ni IBKR ni Stooq) pour CLX -- TROU DE COUVERTURE.
2026-07-30 21:08:06,414 [INFO] [97/503] CMCSA (Comcast), depuis 2010-01-01...
2026-07-30 21:08:08,483 [WARNING]   -> ECHEC (ni IBKR ni Stooq) pour CMCSA : Aucune donnée (ni IBKR ni Stooq) pour CMCSA -- TROU DE COUVERTURE.
2026-07-30 21:08:08,484 [INFO] [98/503] CME (CME Group), depuis 2010-01-01...
2026-07-30 21:08:10,371 [WARNING]   -> ECHEC (ni IBKR ni Stooq) pour CME : Aucune donnée (ni IBKR ni Stooq) pour CME -- TROU DE COUVERTURE.
2026-07-30 21:08:10,372 [INFO] [99/503] CMG (Chipotle Mexican Grill), depuis 2010-01-01...
2026-07-30 21:08:11,944 [WARNING]   -> ECHEC (ni IBKR ni Stooq) pour CMG : Aucune donnée (ni IBKR ni Stooq) pour CMG -- TROU DE COUVERTURE.
2026-07-30 21:08:11,944 [INFO] [100/503] CMI (Cummins), depuis 2010-01-01...
2026-07-30 21:08:13,415 [WARNING]   -> ECHEC (ni IBKR ni Stooq) pour CMI : Aucune donnée (ni IBKR ni Stooq) pour CMI -- TROU DE COUVERTURE.
2026-07-30 21:08:13,416 [INFO] [101/503] CMS (CMS Energy), depuis 2010-01-01...
2026-07-30 21:08:14,899 [WARNING]   -> ECHEC (ni IBKR ni Stooq) pour CMS : Aucune donnée (ni IBKR ni Stooq) pour CMS -- TROU DE COUVERTURE.
2026-07-30 21:08:14,900 [INFO] [102/503] CNC (Centene Corporation), depuis 2010-01-01...
2026-07-30 21:08:16,720 [WARNING]   -> ECHEC (ni IBKR ni Stooq) pour CNC : Aucune donnée (ni IBKR ni Stooq) pour CNC -- TROU DE COUVERTURE.
2026-07-30 21:08:16,720 [INFO] [103/503] CNP (CenterPoint Energy), depuis 2010-01-01...
2026-07-30 21:08:18,262 [WARNING]   -> ECHEC (ni IBKR ni Stooq) pour CNP : Aucune donnée (ni IBKR ni Stooq) pour CNP -- TROU DE COUVERTURE.
2026-07-30 21:08:18,263 [INFO] [104/503] COF (Capital One), depuis 2010-01-01...
2026-07-30 21:08:19,811 [WARNING]   -> ECHEC (ni IBKR ni Stooq) pour COF : Aucune donnée (ni IBKR ni Stooq) pour COF -- TROU DE COUVERTURE.
2026-07-30 21:08:19,812 [INFO] [105/503] COHR (Coherent Corp.), depuis 2010-01-01...
2026-07-30 21:08:21,331 [WARNING]   -> ECHEC (ni IBKR ni Stooq) pour COHR : Aucune donnée (ni IBKR ni Stooq) pour COHR -- TROU DE COUVERTURE.
2026-07-30 21:08:21,332 [INFO] [106/503] COIN (Coinbase), depuis 2010-01-01...
2026-07-30 21:08:22,999 [WARNING]   -> ECHEC (ni IBKR ni Stooq) pour COIN : Aucune donnée (ni IBKR ni Stooq) pour COIN -- TROU DE COUVERTURE.
2026-07-30 21:08:23,000 [INFO] [107/503] COO (Cooper Companies (The)), depuis 2010-01-01...
2026-07-30 21:08:24,581 [WARNING]   -> ECHEC (ni IBKR ni Stooq) pour COO : Aucune donnée (ni IBKR ni Stooq) pour COO -- TROU DE COUVERTURE.
2026-07-30 21:08:24,582 [INFO] [108/503] COP (ConocoPhillips), depuis 2010-01-01...
2026-07-30 21:08:26,220 [WARNING]   -> ECHEC (ni IBKR ni Stooq) pour COP : Aucune donnée (ni IBKR ni Stooq) pour COP -- TROU DE COUVERTURE.
2026-07-30 21:08:26,221 [INFO] [109/503] COR (Cencora), depuis 2010-01-01...
2026-07-30 21:08:27,852 [WARNING]   -> ECHEC (ni IBKR ni Stooq) pour COR : Aucune donnée (ni IBKR ni Stooq) pour COR -- TROU DE COUVERTURE.
2026-07-30 21:08:27,853 [INFO] [110/503] COST (Costco), depuis 2010-01-01...
2026-07-30 21:08:29,411 [WARNING]   -> ECHEC (ni IBKR ni Stooq) pour COST : Aucune donnée (ni IBKR ni Stooq) pour COST -- TROU DE COUVERTURE.
2026-07-30 21:08:29,412 [INFO] [111/503] CPAY (Corpay), depuis 2010-01-01...
2026-07-30 21:08:30,989 [WARNING]   -> ECHEC (ni IBKR ni Stooq) pour CPAY : Aucune donnée (ni IBKR ni Stooq) pour CPAY -- TROU DE COUVERTURE.
2026-07-30 21:08:30,989 [INFO] [112/503] CPRT (Copart), depuis 2010-01-01...
2026-07-30 21:08:32,493 [WARNING]   -> ECHEC (ni IBKR ni Stooq) pour CPRT : Aucune donnée (ni IBKR ni Stooq) pour CPRT -- TROU DE COUVERTURE.
2026-07-30 21:08:32,494 [INFO] [113/503] CPT (Camden Property Trust), depuis 2010-01-01...
2026-07-30 21:08:33,599 [INFO] Déconnecté d'IBKR.
