2026-08-15 13:16:01,244 [INFO] Log file: data\prices\daily_prices_20260815_131601.log
2026-08-15 13:16:01,422 [INFO] Univers chargé : 503 tickers.
2026-08-15 13:16:03,768 [INFO] Cache existant chargé : data\prices\daily_prices.parquet (1919453 lignes, 504 symboles).
2026-08-15 13:16:39,533 [INFO] 0/503 tickers déjà à jour (ignorés), 503 à récupérer.
2026-08-15 13:16:40,215 [INFO] Connecting to 127.0.0.1:4002 with clientId 4...
2026-08-15 13:16:40,217 [INFO] Connected
2026-08-15 13:16:40,336 [INFO] Logged on to server version 176
2026-08-15 13:16:40,410 [INFO] API connection ready
2026-08-15 13:16:40,425 [INFO] Warning 2104, reqId -1: Market data farm connection is OK:eufarm
2026-08-15 13:16:40,427 [INFO] Warning 2106, reqId -1: HMDS data farm connection is OK:euhmds
2026-08-15 13:16:40,429 [INFO] Warning 2158, reqId -1: Sec-def data farm connection is OK:secdefeu
2026-08-15 13:16:40,800 [INFO] Synchronization complete
2026-08-15 13:16:40,801 [INFO] Connecté à IBKR sur 127.0.0.1:4002 (clientId=4, readonly=True).
2026-08-15 13:16:40,802 [INFO] [1/503] A (Agilent Technologies), depuis 2026-08-13...
2026-08-15 13:16:46,704 [INFO] Warning 2106, reqId -1: HMDS data farm connection is OK:ushmds
2026-08-15 13:16:58,258 [INFO]   -> 2 jours récupérés pour A (source: ibkr)
2026-08-15 13:16:58,260 [INFO] [2/503] AAPL (Apple Inc.), depuis 2026-08-13...
2026-08-15 13:17:09,818 [INFO]   -> 2 jours récupérés pour AAPL (source: ibkr)
2026-08-15 13:17:09,819 [INFO] [3/503] ABBV (AbbVie), depuis 2026-08-13...
2026-08-15 13:17:21,371 [INFO]   -> 2 jours récupérés pour ABBV (source: ibkr)
2026-08-15 13:17:21,371 [INFO] [4/503] ABNB (Airbnb), depuis 2026-08-13...
2026-08-15 13:17:32,940 [INFO]   -> 2 jours récupérés pour ABNB (source: ibkr)
2026-08-15 13:17:32,941 [INFO] [5/503] ABT (Abbott Laboratories), depuis 2026-08-13...
2026-08-15 13:17:44,429 [INFO]   -> 2 jours récupérés pour ABT (source: ibkr)
2026-08-15 13:17:44,430 [INFO] [6/503] ACGL (Arch Capital Group), depuis 2026-08-13...
2026-08-15 13:17:55,847 [INFO]   -> 2 jours récupérés pour ACGL (source: ibkr)
2026-08-15 13:17:55,848 [INFO] [7/503] ACN (Accenture), depuis 2026-08-13...
2026-08-15 13:18:07,458 [INFO]   -> 2 jours récupérés pour ACN (source: ibkr)
2026-08-15 13:18:07,459 [INFO] [8/503] ADBE (Adobe Inc.), depuis 2026-08-13...
2026-08-15 13:18:18,847 [INFO]   -> 2 jours récupérés pour ADBE (source: ibkr)
2026-08-15 13:18:18,848 [INFO] [9/503] ADI (Analog Devices), depuis 2026-08-13...
2026-08-15 13:18:30,415 [INFO]   -> 2 jours récupérés pour ADI (source: ibkr)
2026-08-15 13:18:30,416 [INFO] [10/503] ADM (Archer Daniels Midland), depuis 2026-08-13...
2026-08-15 13:18:42,044 [INFO]   -> 2 jours récupérés pour ADM (source: ibkr)
2026-08-15 13:18:42,045 [INFO] [11/503] ADP (Automatic Data Processing), depuis 2026-08-13...
2026-08-15 13:18:53,616 [INFO]   -> 2 jours récupérés pour ADP (source: ibkr)
2026-08-15 13:18:53,616 [INFO] [12/503] ADSK (Autodesk), depuis 2026-08-13...
2026-08-15 13:19:04,983 [INFO]   -> 2 jours récupérés pour ADSK (source: ibkr)
2026-08-15 13:19:04,989 [INFO] [13/503] AEE (Ameren), depuis 2026-08-13...
2026-08-15 13:19:17,569 [INFO]   -> 2 jours récupérés pour AEE (source: ibkr)
2026-08-15 13:19:17,570 [INFO] [14/503] AEP (American Electric Power), depuis 2026-08-13...
2026-08-15 13:19:29,149 [INFO]   -> 2 jours récupérés pour AEP (source: ibkr)
2026-08-15 13:19:29,149 [INFO] [15/503] AES (AES Corporation), depuis 2026-08-13...
2026-08-15 13:19:40,628 [INFO]   -> 2 jours récupérés pour AES (source: ibkr)
2026-08-15 13:19:40,628 [INFO] [16/503] AFL (Aflac), depuis 2026-08-13...
2026-08-15 13:19:52,235 [INFO]   -> 2 jours récupérés pour AFL (source: ibkr)
2026-08-15 13:19:52,235 [INFO] [17/503] AIG (American International Group), depuis 2026-08-13...
2026-08-15 13:20:03,667 [INFO]   -> 2 jours récupérés pour AIG (source: ibkr)
2026-08-15 13:20:03,667 [INFO] [18/503] AIZ (Assurant), depuis 2026-08-13...
2026-08-15 13:20:15,292 [INFO]   -> 2 jours récupérés pour AIZ (source: ibkr)
2026-08-15 13:20:15,293 [INFO] [19/503] AJG (Arthur J. Gallagher & Co.), depuis 2026-08-13...
2026-08-15 13:20:26,899 [INFO]   -> 2 jours récupérés pour AJG (source: ibkr)
2026-08-15 13:20:26,947 [INFO] [20/503] AKAM (Akamai Technologies), depuis 2026-08-13...
2026-08-15 13:20:38,347 [INFO]   -> 2 jours récupérés pour AKAM (source: ibkr)
2026-08-15 13:20:38,348 [INFO] [21/503] ALB (Albemarle Corporation), depuis 2026-08-13...
2026-08-15 13:20:49,844 [INFO]   -> 2 jours récupérés pour ALB (source: ibkr)
2026-08-15 13:20:49,845 [INFO] [22/503] ALGN (Align Technology), depuis 2026-08-13...
2026-08-15 13:21:01,285 [INFO]   -> 2 jours récupérés pour ALGN (source: ibkr)
2026-08-15 13:21:01,288 [INFO] [23/503] ALL (Allstate), depuis 2026-08-13...
2026-08-15 13:21:12,775 [INFO]   -> 2 jours récupérés pour ALL (source: ibkr)
2026-08-15 13:21:12,780 [INFO] [24/503] ALLE (Allegion), depuis 2026-08-13...
2026-08-15 13:21:24,226 [INFO]   -> 2 jours récupérés pour ALLE (source: ibkr)
2026-08-15 13:21:24,226 [INFO] [25/503] AMAT (Applied Materials), depuis 2026-08-13...
2026-08-15 13:21:35,808 [INFO]   -> 2 jours récupérés pour AMAT (source: ibkr)
2026-08-15 13:21:35,809 [INFO] [26/503] AMCR (Amcor), depuis 2026-08-13...
2026-08-15 13:21:47,167 [INFO]   -> 2 jours récupérés pour AMCR (source: ibkr)
2026-08-15 13:21:47,167 [INFO] [27/503] AMD (Advanced Micro Devices), depuis 2026-08-13...
2026-08-15 13:21:58,511 [INFO]   -> 2 jours récupérés pour AMD (source: ibkr)
2026-08-15 13:21:58,511 [INFO] [28/503] AME (Ametek), depuis 2026-08-13...
2026-08-15 13:22:09,986 [INFO]   -> 2 jours récupérés pour AME (source: ibkr)
2026-08-15 13:22:09,987 [INFO] [29/503] AMGN (Amgen), depuis 2026-08-13...
2026-08-15 13:22:21,466 [INFO]   -> 2 jours récupérés pour AMGN (source: ibkr)
2026-08-15 13:22:21,467 [INFO] [30/503] AMP (Ameriprise Financial), depuis 2026-08-13...
2026-08-15 13:22:32,945 [INFO]   -> 2 jours récupérés pour AMP (source: ibkr)
2026-08-15 13:22:32,946 [INFO] [31/503] AMT (American Tower), depuis 2026-08-13...
2026-08-15 13:22:44,472 [INFO]   -> 2 jours récupérés pour AMT (source: ibkr)
2026-08-15 13:22:44,472 [INFO] [32/503] AMZN (Amazon), depuis 2026-08-13...
2026-08-15 13:22:55,827 [INFO]   -> 2 jours récupérés pour AMZN (source: ibkr)
2026-08-15 13:22:55,827 [INFO] [33/503] ANET (Arista Networks), depuis 2026-08-13...
2026-08-15 13:23:07,350 [INFO]   -> 2 jours récupérés pour ANET (source: ibkr)
2026-08-15 13:23:07,350 [INFO] [34/503] AON (Aon plc), depuis 2026-08-13...
2026-08-15 13:23:18,831 [INFO]   -> 2 jours récupérés pour AON (source: ibkr)
2026-08-15 13:23:18,832 [INFO] [35/503] AOS (A. O. Smith), depuis 2026-08-13...
2026-08-15 13:23:30,289 [INFO]   -> 2 jours récupérés pour AOS (source: ibkr)
2026-08-15 13:23:30,290 [INFO] [36/503] APA (APA Corporation), depuis 2026-08-13...
2026-08-15 13:23:41,990 [INFO]   -> 2 jours récupérés pour APA (source: ibkr)
2026-08-15 13:23:41,990 [INFO] [37/503] APD (Air Products), depuis 2026-08-13...
2026-08-15 13:23:53,551 [INFO]   -> 2 jours récupérés pour APD (source: ibkr)
2026-08-15 13:23:53,553 [INFO] [38/503] APH (Amphenol), depuis 2026-08-13...
2026-08-15 13:24:05,008 [INFO]   -> 2 jours récupérés pour APH (source: ibkr)
2026-08-15 13:24:05,008 [INFO] [39/503] APO (Apollo Global Management), depuis 2026-08-13...
2026-08-15 13:24:16,439 [INFO]   -> 2 jours récupérés pour APO (source: ibkr)
2026-08-15 13:24:16,439 [INFO] [40/503] APP (AppLovin), depuis 2026-08-13...
2026-08-15 13:24:27,795 [INFO]   -> 2 jours récupérés pour APP (source: ibkr)
2026-08-15 13:24:27,795 [INFO] [41/503] APTV (Aptiv), depuis 2026-08-13...
2026-08-15 13:24:39,339 [INFO]   -> 2 jours récupérés pour APTV (source: ibkr)
2026-08-15 13:24:39,341 [INFO] [42/503] ARE (Alexandria Real Estate Equities), depuis 2026-08-13...
2026-08-15 13:24:50,920 [INFO]   -> 2 jours récupérés pour ARE (source: ibkr)
2026-08-15 13:24:50,922 [INFO] [43/503] ARES (Ares Management), depuis 2026-08-13...
2026-08-15 13:25:02,353 [INFO]   -> 2 jours récupérés pour ARES (source: ibkr)
2026-08-15 13:25:02,353 [INFO] [44/503] ATO (Atmos Energy), depuis 2026-08-13...
2026-08-15 13:25:13,920 [INFO]   -> 2 jours récupérés pour ATO (source: ibkr)
2026-08-15 13:25:13,921 [INFO] [45/503] AVB (AvalonBay Communities), depuis 2026-08-13...
2026-08-15 13:25:14,626 [ERROR] Error 162, reqId 92: Historical Market Data Service error message:BEST queries are not supported for this contract, contract: Contract(secType='STK', conId=5026974, symbol='AVB', exchange='SMART', primaryExchange='NYSE', currency='USD', localSymbol='AVB', tradingClass='AVB')
2026-08-15 13:25:28,242 [WARNING]   -> ECHEC (ni IBKR ni Stooq) pour AVB : Aucune donnée (ni IBKR ni Stooq) pour AVB -- TROU DE COUVERTURE.
2026-08-15 13:25:28,242 [INFO] [46/503] AVGO (Broadcom), depuis 2026-08-13...
2026-08-15 13:25:39,694 [INFO]   -> 2 jours récupérés pour AVGO (source: ibkr)
2026-08-15 13:25:39,695 [INFO] [47/503] AVY (Avery Dennison), depuis 2026-08-13...
2026-08-15 13:25:51,155 [INFO]   -> 2 jours récupérés pour AVY (source: ibkr)
2026-08-15 13:25:51,156 [INFO] [48/503] AWK (American Water Works), depuis 2026-08-13...
2026-08-15 13:26:02,571 [INFO]   -> 2 jours récupérés pour AWK (source: ibkr)
2026-08-15 13:26:02,572 [INFO] [49/503] AXON (Axon Enterprise), depuis 2026-08-13...
2026-08-15 13:26:13,937 [INFO]   -> 2 jours récupérés pour AXON (source: ibkr)
2026-08-15 13:26:13,938 [INFO] [50/503] AXP (American Express), depuis 2026-08-13...
2026-08-15 13:26:25,382 [INFO]   -> 2 jours récupérés pour AXP (source: ibkr)
2026-08-15 13:26:25,383 [INFO] [51/503] AZO (AutoZone), depuis 2026-08-13...
2026-08-15 13:26:36,745 [INFO]   -> 2 jours récupérés pour AZO (source: ibkr)
2026-08-15 13:26:36,746 [INFO] [52/503] BA (Boeing), depuis 2026-08-13...
2026-08-15 13:26:48,154 [INFO]   -> 2 jours récupérés pour BA (source: ibkr)
2026-08-15 13:26:48,154 [INFO] [53/503] BAC (Bank of America), depuis 2026-08-13...
2026-08-15 13:26:59,628 [INFO]   -> 2 jours récupérés pour BAC (source: ibkr)
2026-08-15 13:26:59,628 [INFO] [54/503] BALL (Ball Corporation), depuis 2026-08-13...
2026-08-15 13:27:11,124 [INFO]   -> 2 jours récupérés pour BALL (source: ibkr)
2026-08-15 13:27:11,125 [INFO] [55/503] BAX (Baxter International), depuis 2026-08-13...
2026-08-15 13:27:22,645 [INFO]   -> 2 jours récupérés pour BAX (source: ibkr)
2026-08-15 13:27:22,645 [INFO] [56/503] BBY (Best Buy), depuis 2026-08-13...
2026-08-15 13:27:34,518 [INFO]   -> 2 jours récupérés pour BBY (source: ibkr)
2026-08-15 13:27:34,520 [INFO] [57/503] BDX (Becton Dickinson), depuis 2026-08-13...
2026-08-15 13:27:46,090 [INFO]   -> 2 jours récupérés pour BDX (source: ibkr)
2026-08-15 13:27:46,091 [INFO] [58/503] BEN (Franklin Resources), depuis 2026-08-13...
2026-08-15 13:27:57,643 [INFO]   -> 2 jours récupérés pour BEN (source: ibkr)
2026-08-15 13:27:57,644 [INFO] [59/503] BF B (Brown–Forman), depuis 2026-08-13...
2026-08-15 13:28:09,129 [INFO]   -> 2 jours récupérés pour BF B (source: ibkr)
2026-08-15 13:28:09,129 [INFO] [60/503] BG (Bunge Global), depuis 2026-08-13...
2026-08-15 13:28:20,753 [INFO]   -> 2 jours récupérés pour BG (source: ibkr)
2026-08-15 13:28:20,754 [INFO] [61/503] BIIB (Biogen), depuis 2026-08-13...
2026-08-15 13:28:32,112 [INFO]   -> 2 jours récupérés pour BIIB (source: ibkr)
2026-08-15 13:28:32,112 [INFO] [62/503] BKNG (Booking Holdings), depuis 2026-08-13...
2026-08-15 13:28:43,505 [INFO]   -> 2 jours récupérés pour BKNG (source: ibkr)
2026-08-15 13:28:43,506 [INFO] [63/503] BKR (Baker Hughes), depuis 2026-08-13...
2026-08-15 13:28:55,166 [INFO]   -> 2 jours récupérés pour BKR (source: ibkr)
2026-08-15 13:28:55,168 [INFO] [64/503] BLDR (Builders FirstSource), depuis 2026-08-13...
2026-08-15 13:29:06,619 [INFO]   -> 2 jours récupérés pour BLDR (source: ibkr)
2026-08-15 13:29:06,619 [INFO] [65/503] BLK (BlackRock), depuis 2026-08-13...
2026-08-15 13:29:18,091 [INFO]   -> 2 jours récupérés pour BLK (source: ibkr)
2026-08-15 13:29:18,091 [INFO] [66/503] BMY (Bristol Myers Squibb), depuis 2026-08-13...
2026-08-15 13:29:29,616 [INFO]   -> 2 jours récupérés pour BMY (source: ibkr)
2026-08-15 13:29:29,617 [INFO] [67/503] BNY (BNY Mellon), depuis 2026-08-13...
2026-08-15 13:29:41,192 [INFO]   -> 2 jours récupérés pour BNY (source: ibkr)
2026-08-15 13:29:41,193 [INFO] [68/503] BR (Broadridge Financial Solutions), depuis 2026-08-13...
2026-08-15 13:29:52,620 [INFO]   -> 2 jours récupérés pour BR (source: ibkr)
2026-08-15 13:29:52,620 [INFO] [69/503] BRK B (Berkshire Hathaway), depuis 2026-08-13...
2026-08-15 13:30:03,972 [INFO]   -> 2 jours récupérés pour BRK B (source: ibkr)
2026-08-15 13:30:03,973 [INFO] [70/503] BRO (Brown & Brown), depuis 2026-08-13...
2026-08-15 13:30:15,450 [INFO]   -> 2 jours récupérés pour BRO (source: ibkr)
2026-08-15 13:30:15,451 [INFO] [71/503] BSX (Boston Scientific), depuis 2026-08-13...
2026-08-15 13:30:26,881 [INFO]   -> 2 jours récupérés pour BSX (source: ibkr)
2026-08-15 13:30:26,881 [INFO] [72/503] BX (Blackstone Inc.), depuis 2026-08-13...
2026-08-15 13:30:38,435 [INFO]   -> 2 jours récupérés pour BX (source: ibkr)
2026-08-15 13:30:38,435 [INFO] [73/503] BXP (BXP, Inc.), depuis 2026-08-13...
2026-08-15 13:30:49,997 [INFO]   -> 2 jours récupérés pour BXP (source: ibkr)
2026-08-15 13:30:49,998 [INFO] [74/503] C (Citigroup), depuis 2026-08-13...
2026-08-15 13:31:01,410 [INFO]   -> 2 jours récupérés pour C (source: ibkr)
2026-08-15 13:31:01,411 [INFO] [75/503] CAH (Cardinal Health), depuis 2026-08-13...
2026-08-15 13:31:12,934 [INFO]   -> 2 jours récupérés pour CAH (source: ibkr)
2026-08-15 13:31:12,934 [INFO] [76/503] CARR (Carrier Global), depuis 2026-08-13...
2026-08-15 13:31:24,308 [INFO]   -> 2 jours récupérés pour CARR (source: ibkr)
2026-08-15 13:31:24,309 [INFO] [77/503] CASY (Casey's), depuis 2026-08-13...
2026-08-15 13:31:35,973 [INFO]   -> 2 jours récupérés pour CASY (source: ibkr)
2026-08-15 13:31:35,974 [INFO] [78/503] CAT (Caterpillar Inc.), depuis 2026-08-13...
2026-08-15 13:31:47,417 [INFO]   -> 2 jours récupérés pour CAT (source: ibkr)
2026-08-15 13:31:47,417 [INFO] [79/503] CB (Chubb Limited), depuis 2026-08-13...
2026-08-15 13:31:58,876 [INFO]   -> 2 jours récupérés pour CB (source: ibkr)
2026-08-15 13:31:58,878 [INFO] [80/503] CBOE (Cboe Global Markets), depuis 2026-08-13...
2026-08-15 13:32:10,378 [INFO]   -> 2 jours récupérés pour CBOE (source: ibkr)
2026-08-15 13:32:10,381 [INFO] [81/503] CBRE (CBRE Group), depuis 2026-08-13...
2026-08-15 13:32:21,756 [INFO]   -> 2 jours récupérés pour CBRE (source: ibkr)
2026-08-15 13:32:21,757 [INFO] [82/503] CCI (Crown Castle), depuis 2026-08-13...
2026-08-15 13:32:33,193 [INFO]   -> 2 jours récupérés pour CCI (source: ibkr)
2026-08-15 13:32:33,194 [INFO] [83/503] CCL (Carnival Corporation), depuis 2026-08-13...
2026-08-15 13:32:44,651 [INFO]   -> 2 jours récupérés pour CCL (source: ibkr)
2026-08-15 13:32:44,652 [INFO] [84/503] CDNS (Cadence Design Systems), depuis 2026-08-13...
2026-08-15 13:32:56,092 [INFO]   -> 2 jours récupérés pour CDNS (source: ibkr)
2026-08-15 13:32:56,094 [INFO] [85/503] CDW (CDW Corporation), depuis 2026-08-13...
2026-08-15 13:33:07,629 [INFO]   -> 2 jours récupérés pour CDW (source: ibkr)
2026-08-15 13:33:07,630 [INFO] [86/503] CEG (Constellation Energy), depuis 2026-08-13...
2026-08-15 13:33:19,112 [INFO]   -> 2 jours récupérés pour CEG (source: ibkr)
2026-08-15 13:33:19,113 [INFO] [87/503] CF (CF Industries), depuis 2026-08-13...
2026-08-15 13:33:30,665 [INFO]   -> 2 jours récupérés pour CF (source: ibkr)
2026-08-15 13:33:30,665 [INFO] [88/503] CFG (Citizens Financial Group), depuis 2026-08-13...
2026-08-15 13:33:42,118 [INFO]   -> 2 jours récupérés pour CFG (source: ibkr)
2026-08-15 13:33:42,119 [INFO] [89/503] CHD (Church & Dwight), depuis 2026-08-13...
2026-08-15 13:33:53,600 [INFO]   -> 2 jours récupérés pour CHD (source: ibkr)
2026-08-15 13:33:53,601 [INFO] [90/503] CHRW (C.H. Robinson), depuis 2026-08-13...
2026-08-15 13:34:05,074 [INFO]   -> 2 jours récupérés pour CHRW (source: ibkr)
2026-08-15 13:34:05,075 [INFO] [91/503] CHTR (Charter Communications), depuis 2026-08-13...
2026-08-15 13:34:16,433 [INFO]   -> 2 jours récupérés pour CHTR (source: ibkr)
2026-08-15 13:34:16,434 [INFO] [92/503] CI (Cigna), depuis 2026-08-13...
2026-08-15 13:34:27,898 [INFO]   -> 2 jours récupérés pour CI (source: ibkr)
2026-08-15 13:34:27,898 [INFO] [93/503] CIEN (Ciena), depuis 2026-08-13...
2026-08-15 13:34:39,293 [INFO]   -> 2 jours récupérés pour CIEN (source: ibkr)
2026-08-15 13:34:39,301 [INFO] [94/503] CINF (Cincinnati Financial), depuis 2026-08-13...
2026-08-15 13:34:50,851 [INFO]   -> 2 jours récupérés pour CINF (source: ibkr)
2026-08-15 13:34:50,852 [INFO] [95/503] CL (Colgate-Palmolive), depuis 2026-08-13...
2026-08-15 13:35:02,378 [INFO]   -> 2 jours récupérés pour CL (source: ibkr)
2026-08-15 13:35:02,379 [INFO] [96/503] CLX (Clorox), depuis 2026-08-13...
2026-08-15 13:35:13,858 [INFO]   -> 2 jours récupérés pour CLX (source: ibkr)
2026-08-15 13:35:13,859 [INFO] [97/503] CMCSA (Comcast), depuis 2026-08-13...
2026-08-15 13:35:25,451 [INFO]   -> 2 jours récupérés pour CMCSA (source: ibkr)
2026-08-15 13:35:25,452 [INFO] [98/503] CME (CME Group), depuis 2026-08-13...
2026-08-15 13:35:36,916 [INFO]   -> 2 jours récupérés pour CME (source: ibkr)
2026-08-15 13:35:36,917 [INFO] [99/503] CMG (Chipotle Mexican Grill), depuis 2026-08-13...
2026-08-15 13:35:48,277 [INFO]   -> 2 jours récupérés pour CMG (source: ibkr)
2026-08-15 13:35:48,278 [INFO] [100/503] CMI (Cummins), depuis 2026-08-13...
2026-08-15 13:35:59,735 [INFO]   -> 2 jours récupérés pour CMI (source: ibkr)
2026-08-15 13:35:59,736 [INFO] [101/503] CMS (CMS Energy), depuis 2026-08-13...
2026-08-15 13:36:11,202 [INFO]   -> 2 jours récupérés pour CMS (source: ibkr)
2026-08-15 13:36:11,203 [INFO] [102/503] CNC (Centene Corporation), depuis 2026-08-13...
2026-08-15 13:36:22,618 [INFO]   -> 2 jours récupérés pour CNC (source: ibkr)
2026-08-15 13:36:22,619 [INFO] [103/503] CNP (CenterPoint Energy), depuis 2026-08-13...
2026-08-15 13:36:34,165 [INFO]   -> 2 jours récupérés pour CNP (source: ibkr)
2026-08-15 13:36:34,166 [INFO] [104/503] COF (Capital One), depuis 2026-08-13...
2026-08-15 13:36:45,699 [INFO]   -> 2 jours récupérés pour COF (source: ibkr)
2026-08-15 13:36:45,700 [INFO] [105/503] COHR (Coherent Corp.), depuis 2026-08-13...
2026-08-15 13:36:57,044 [INFO]   -> 2 jours récupérés pour COHR (source: ibkr)
2026-08-15 13:36:57,045 [INFO] [106/503] COIN (Coinbase), depuis 2026-08-13...
2026-08-15 13:37:08,433 [INFO]   -> 2 jours récupérés pour COIN (source: ibkr)
2026-08-15 13:37:08,434 [INFO] [107/503] COO (Cooper Companies (The)), depuis 2026-08-13...
2026-08-15 13:37:19,823 [INFO]   -> 2 jours récupérés pour COO (source: ibkr)
2026-08-15 13:37:19,824 [INFO] [108/503] COP (ConocoPhillips), depuis 2026-08-13...
2026-08-15 13:37:31,297 [INFO]   -> 2 jours récupérés pour COP (source: ibkr)
2026-08-15 13:37:31,298 [INFO] [109/503] COR (Cencora), depuis 2026-08-13...
2026-08-15 13:37:42,855 [INFO]   -> 2 jours récupérés pour COR (source: ibkr)
2026-08-15 13:37:42,856 [INFO] [110/503] COST (Costco), depuis 2026-08-13...
2026-08-15 13:37:54,427 [INFO]   -> 2 jours récupérés pour COST (source: ibkr)
2026-08-15 13:37:54,428 [INFO] [111/503] CPAY (Corpay), depuis 2026-08-13...
2026-08-15 13:38:06,061 [INFO]   -> 2 jours récupérés pour CPAY (source: ibkr)
2026-08-15 13:38:06,062 [INFO] [112/503] CPRT (Copart), depuis 2026-08-13...
2026-08-15 13:38:17,421 [INFO]   -> 2 jours récupérés pour CPRT (source: ibkr)
2026-08-15 13:38:17,422 [INFO] [113/503] CPT (Camden Property Trust), depuis 2026-08-13...
2026-08-15 13:38:28,952 [INFO]   -> 2 jours récupérés pour CPT (source: ibkr)
2026-08-15 13:38:28,953 [INFO] [114/503] CRH (CRH plc), depuis 2026-08-13...
2026-08-15 13:38:40,381 [INFO]   -> 2 jours récupérés pour CRH (source: ibkr)
2026-08-15 13:38:40,381 [INFO] [115/503] CRL (Charles River Laboratories), depuis 2026-08-13...
2026-08-15 13:38:51,738 [INFO]   -> 2 jours récupérés pour CRL (source: ibkr)
2026-08-15 13:38:51,738 [INFO] [116/503] CRM (Salesforce), depuis 2026-08-13...
2026-08-15 13:39:03,082 [INFO]   -> 2 jours récupérés pour CRM (source: ibkr)
2026-08-15 13:39:03,083 [INFO] [117/503] CRWD (CrowdStrike), depuis 2026-08-13...
2026-08-15 13:39:14,495 [INFO]   -> 2 jours récupérés pour CRWD (source: ibkr)
2026-08-15 13:39:14,495 [INFO] [118/503] CSCO (Cisco), depuis 2026-08-13...
2026-08-15 13:39:25,973 [INFO]   -> 2 jours récupérés pour CSCO (source: ibkr)
2026-08-15 13:39:25,974 [INFO] [119/503] CSGP (CoStar Group), depuis 2026-08-13...
2026-08-15 13:39:37,323 [INFO]   -> 2 jours récupérés pour CSGP (source: ibkr)
2026-08-15 13:39:37,325 [INFO] [120/503] CSX (CSX Corporation), depuis 2026-08-13...
2026-08-15 13:39:48,932 [INFO]   -> 2 jours récupérés pour CSX (source: ibkr)
2026-08-15 13:39:48,933 [INFO] [121/503] CTAS (Cintas), depuis 2026-08-13...
2026-08-15 13:40:00,353 [INFO]   -> 2 jours récupérés pour CTAS (source: ibkr)
2026-08-15 13:40:00,354 [INFO] [122/503] CTSH (Cognizant), depuis 2026-08-13...
2026-08-15 13:40:11,813 [INFO]   -> 2 jours récupérés pour CTSH (source: ibkr)
2026-08-15 13:40:11,814 [INFO] [123/503] CTVA (Corteva), depuis 2026-08-13...
2026-08-15 13:40:23,171 [INFO]   -> 2 jours récupérés pour CTVA (source: ibkr)
2026-08-15 13:40:23,172 [INFO] [124/503] CVNA (Carvana), depuis 2026-08-13...
2026-08-15 13:40:34,521 [INFO]   -> 2 jours récupérés pour CVNA (source: ibkr)
2026-08-15 13:40:34,522 [INFO] [125/503] CVS (CVS Health), depuis 2026-08-13...
2026-08-15 13:40:46,078 [INFO]   -> 2 jours récupérés pour CVS (source: ibkr)
2026-08-15 13:40:46,087 [INFO] [126/503] CVX (Chevron Corporation), depuis 2026-08-13...
2026-08-15 13:40:57,556 [INFO]   -> 2 jours récupérés pour CVX (source: ibkr)
2026-08-15 13:40:57,558 [INFO] [127/503] D (Dominion Energy), depuis 2026-08-13...
2026-08-15 13:41:09,143 [INFO]   -> 2 jours récupérés pour D (source: ibkr)
2026-08-15 13:41:09,144 [INFO] [128/503] DAL (Delta Air Lines), depuis 2026-08-13...
2026-08-15 13:41:20,637 [INFO]   -> 2 jours récupérés pour DAL (source: ibkr)
2026-08-15 13:41:20,638 [INFO] [129/503] DASH (DoorDash), depuis 2026-08-13...
2026-08-15 13:41:32,075 [INFO]   -> 2 jours récupérés pour DASH (source: ibkr)
2026-08-15 13:41:32,075 [INFO] [130/503] DD (DuPont), depuis 2026-08-13...
2026-08-15 13:41:43,724 [INFO]   -> 2 jours récupérés pour DD (source: ibkr)
2026-08-15 13:41:43,724 [INFO] [131/503] DDOG (Datadog), depuis 2026-08-13...
2026-08-15 13:41:55,067 [INFO]   -> 2 jours récupérés pour DDOG (source: ibkr)
2026-08-15 13:41:55,067 [INFO] [132/503] DE (Deere & Company), depuis 2026-08-13...
2026-08-15 13:42:06,571 [INFO]   -> 2 jours récupérés pour DE (source: ibkr)
2026-08-15 13:42:06,572 [INFO] [133/503] DECK (Deckers Brands), depuis 2026-08-13...
2026-08-15 13:42:18,065 [INFO]   -> 2 jours récupérés pour DECK (source: ibkr)
2026-08-15 13:42:18,066 [INFO] [134/503] DELL (Dell Technologies), depuis 2026-08-13...
2026-08-15 13:42:29,426 [INFO]   -> 2 jours récupérés pour DELL (source: ibkr)
2026-08-15 13:42:29,426 [INFO] [135/503] DG (Dollar General), depuis 2026-08-13...
2026-08-15 13:42:40,927 [INFO]   -> 2 jours récupérés pour DG (source: ibkr)
2026-08-15 13:42:40,928 [INFO] [136/503] DGX (Quest Diagnostics), depuis 2026-08-13...
2026-08-15 13:42:52,450 [INFO]   -> 2 jours récupérés pour DGX (source: ibkr)
2026-08-15 13:42:52,451 [INFO] [137/503] DHI (D. R. Horton), depuis 2026-08-13...
2026-08-15 13:43:03,992 [INFO]   -> 2 jours récupérés pour DHI (source: ibkr)
2026-08-15 13:43:03,992 [INFO] [138/503] DHR (Danaher Corporation), depuis 2026-08-13...
2026-08-15 13:43:15,460 [INFO]   -> 2 jours récupérés pour DHR (source: ibkr)
2026-08-15 13:43:15,461 [INFO] [139/503] DIS (Walt Disney Company (The)), depuis 2026-08-13...
2026-08-15 13:43:27,128 [INFO]   -> 2 jours récupérés pour DIS (source: ibkr)
2026-08-15 13:43:27,129 [INFO] [140/503] DLR (Digital Realty), depuis 2026-08-13...
2026-08-15 13:43:38,716 [INFO]   -> 2 jours récupérés pour DLR (source: ibkr)
2026-08-15 13:43:38,718 [INFO] [141/503] DLTR (Dollar Tree), depuis 2026-08-13...
2026-08-15 13:43:50,052 [INFO]   -> 2 jours récupérés pour DLTR (source: ibkr)
2026-08-15 13:43:50,053 [INFO] [142/503] DOC (Healthpeak Properties), depuis 2026-08-13...
2026-08-15 13:44:01,678 [INFO]   -> 2 jours récupérés pour DOC (source: ibkr)
2026-08-15 13:44:01,679 [INFO] [143/503] DOV (Dover Corporation), depuis 2026-08-13...
2026-08-15 13:44:13,129 [INFO]   -> 2 jours récupérés pour DOV (source: ibkr)
2026-08-15 13:44:13,130 [INFO] [144/503] DOW (Dow Inc.), depuis 2026-08-13...
2026-08-15 13:44:24,508 [INFO]   -> 2 jours récupérés pour DOW (source: ibkr)
2026-08-15 13:44:24,509 [INFO] [145/503] DPZ (Domino's), depuis 2026-08-13...
2026-08-15 13:44:35,965 [INFO]   -> 2 jours récupérés pour DPZ (source: ibkr)
2026-08-15 13:44:35,965 [INFO] [146/503] DRI (Darden Restaurants), depuis 2026-08-13...
2026-08-15 13:44:47,818 [INFO]   -> 2 jours récupérés pour DRI (source: ibkr)
2026-08-15 13:44:47,818 [INFO] [147/503] DTE (DTE Energy), depuis 2026-08-13...
2026-08-15 13:44:59,282 [INFO]   -> 2 jours récupérés pour DTE (source: ibkr)
2026-08-15 13:44:59,282 [INFO] [148/503] DUK (Duke Energy), depuis 2026-08-13...
2026-08-15 13:45:10,872 [INFO]   -> 2 jours récupérés pour DUK (source: ibkr)
2026-08-15 13:45:10,873 [INFO] [149/503] DVA (DaVita), depuis 2026-08-13...
2026-08-15 13:45:22,372 [INFO]   -> 2 jours récupérés pour DVA (source: ibkr)
2026-08-15 13:45:22,372 [INFO] [150/503] DVN (Devon Energy), depuis 2026-08-13...
2026-08-15 13:45:33,919 [INFO]   -> 2 jours récupérés pour DVN (source: ibkr)
2026-08-15 13:45:33,920 [INFO] [151/503] DXCM (Dexcom), depuis 2026-08-13...
2026-08-15 13:45:45,335 [INFO]   -> 2 jours récupérés pour DXCM (source: ibkr)
2026-08-15 13:45:45,335 [INFO] [152/503] EBAY (eBay Inc.), depuis 2026-08-13...
2026-08-15 13:45:57,086 [INFO]   -> 2 jours récupérés pour EBAY (source: ibkr)
2026-08-15 13:45:57,087 [INFO] [153/503] ECHO (EchoStar), depuis 2026-08-13...
2026-08-15 13:46:08,440 [INFO]   -> 2 jours récupérés pour ECHO (source: ibkr)
2026-08-15 13:46:08,441 [INFO] [154/503] ECL (Ecolab), depuis 2026-08-13...
2026-08-15 13:46:19,994 [INFO]   -> 2 jours récupérés pour ECL (source: ibkr)
2026-08-15 13:46:19,995 [INFO] [155/503] ED (Consolidated Edison), depuis 2026-08-13...
2026-08-15 13:46:31,602 [INFO]   -> 2 jours récupérés pour ED (source: ibkr)
2026-08-15 13:46:31,602 [INFO] [156/503] EFX (Equifax), depuis 2026-08-13...
2026-08-15 13:46:43,129 [INFO]   -> 2 jours récupérés pour EFX (source: ibkr)
2026-08-15 13:46:43,129 [INFO] [157/503] EG (Everest Group), depuis 2026-08-13...
2026-08-15 13:46:54,699 [INFO]   -> 2 jours récupérés pour EG (source: ibkr)
2026-08-15 13:46:54,699 [INFO] [158/503] EIX (Edison International), depuis 2026-08-13...
2026-08-15 13:47:06,155 [INFO]   -> 2 jours récupérés pour EIX (source: ibkr)
2026-08-15 13:47:06,156 [INFO] [159/503] EL (Estée Lauder Companies (The)), depuis 2026-08-13...
2026-08-15 13:47:17,633 [INFO]   -> 2 jours récupérés pour EL (source: ibkr)
2026-08-15 13:47:17,633 [INFO] [160/503] ELV (Elevance Health), depuis 2026-08-13...
2026-08-15 13:47:29,031 [INFO]   -> 2 jours récupérés pour ELV (source: ibkr)
2026-08-15 13:47:29,032 [INFO] [161/503] EME (Emcor), depuis 2026-08-13...
2026-08-15 13:47:40,468 [INFO]   -> 2 jours récupérés pour EME (source: ibkr)
2026-08-15 13:47:40,468 [INFO] [162/503] EMR (Emerson Electric), depuis 2026-08-13...
2026-08-15 13:47:51,946 [INFO]   -> 2 jours récupérés pour EMR (source: ibkr)
2026-08-15 13:47:51,946 [INFO] [163/503] EOG (EOG Resources), depuis 2026-08-13...
2026-08-15 13:48:03,428 [INFO]   -> 2 jours récupérés pour EOG (source: ibkr)
2026-08-15 13:48:03,429 [INFO] [164/503] EQIX (Equinix), depuis 2026-08-13...
2026-08-15 13:48:14,864 [INFO]   -> 2 jours récupérés pour EQIX (source: ibkr)
2026-08-15 13:48:14,864 [INFO] [165/503] EQR (Equity Residential), depuis 2026-08-13...
2026-08-15 13:48:27,197 [INFO]   -> 2 jours récupérés pour EQR (source: ibkr)
2026-08-15 13:48:27,198 [INFO] [166/503] EQT (EQT Corporation), depuis 2026-08-13...
2026-08-15 13:48:38,615 [INFO]   -> 2 jours récupérés pour EQT (source: ibkr)
2026-08-15 13:48:38,617 [INFO] [167/503] ERIE (Erie Indemnity), depuis 2026-08-13...
2026-08-15 13:48:50,111 [INFO]   -> 2 jours récupérés pour ERIE (source: ibkr)
2026-08-15 13:48:50,111 [INFO] [168/503] ES (Eversource Energy), depuis 2026-08-13...
2026-08-15 13:49:01,596 [INFO]   -> 2 jours récupérés pour ES (source: ibkr)
2026-08-15 13:49:01,596 [INFO] [169/503] ESS (Essex Property Trust), depuis 2026-08-13...
2026-08-15 13:49:13,146 [INFO]   -> 2 jours récupérés pour ESS (source: ibkr)
2026-08-15 13:49:13,147 [INFO] [170/503] ETN (Eaton Corporation), depuis 2026-08-13...
2026-08-15 13:49:24,631 [INFO]   -> 2 jours récupérés pour ETN (source: ibkr)
2026-08-15 13:49:24,633 [INFO] [171/503] ETR (Entergy), depuis 2026-08-13...
2026-08-15 13:49:36,091 [INFO]   -> 2 jours récupérés pour ETR (source: ibkr)
2026-08-15 13:49:36,092 [INFO] [172/503] EVRG (Evergy), depuis 2026-08-13...
2026-08-15 13:49:47,855 [INFO]   -> 2 jours récupérés pour EVRG (source: ibkr)
2026-08-15 13:49:47,856 [INFO] [173/503] EW (Edwards Lifesciences), depuis 2026-08-13...
2026-08-15 13:49:59,200 [INFO]   -> 2 jours récupérés pour EW (source: ibkr)
2026-08-15 13:49:59,200 [INFO] [174/503] EXC (Exelon), depuis 2026-08-13...
2026-08-15 13:50:10,660 [INFO]   -> 2 jours récupérés pour EXC (source: ibkr)
2026-08-15 13:50:10,661 [INFO] [175/503] EXE (Expand Energy), depuis 2026-08-13...
2026-08-15 13:50:22,066 [INFO]   -> 2 jours récupérés pour EXE (source: ibkr)
2026-08-15 13:50:22,067 [INFO] [176/503] EXPD (Expeditors International), depuis 2026-08-13...
2026-08-15 13:50:33,783 [INFO]   -> 2 jours récupérés pour EXPD (source: ibkr)
2026-08-15 13:50:33,784 [INFO] [177/503] EXPE (Expedia Group), depuis 2026-08-13...
2026-08-15 13:50:45,159 [INFO]   -> 2 jours récupérés pour EXPE (source: ibkr)
2026-08-15 13:50:45,160 [INFO] [178/503] EXR (Extra Space Storage), depuis 2026-08-13...
2026-08-15 13:50:57,334 [INFO]   -> 2 jours récupérés pour EXR (source: ibkr)
2026-08-15 13:50:57,335 [INFO] [179/503] F (Ford Motor Company), depuis 2026-08-13...
2026-08-15 13:51:08,784 [INFO]   -> 2 jours récupérés pour F (source: ibkr)
2026-08-15 13:51:08,785 [INFO] [180/503] FANG (Diamondback Energy), depuis 2026-08-13...
2026-08-15 13:51:20,215 [INFO]   -> 2 jours récupérés pour FANG (source: ibkr)
2026-08-15 13:51:20,219 [INFO] [181/503] FAST (Fastenal), depuis 2026-08-13...
2026-08-15 13:51:31,631 [INFO]   -> 2 jours récupérés pour FAST (source: ibkr)
2026-08-15 13:51:31,632 [INFO] [182/503] FCX (Freeport-McMoRan), depuis 2026-08-13...
2026-08-15 13:51:43,013 [INFO]   -> 2 jours récupérés pour FCX (source: ibkr)
2026-08-15 13:51:43,013 [INFO] [183/503] FDS (FactSet), depuis 2026-08-13...
2026-08-15 13:51:54,483 [INFO]   -> 2 jours récupérés pour FDS (source: ibkr)
2026-08-15 13:51:54,483 [INFO] [184/503] FDX (FedEx), depuis 2026-08-13...
2026-08-15 13:52:05,940 [INFO]   -> 2 jours récupérés pour FDX (source: ibkr)
2026-08-15 13:52:05,941 [INFO] [185/503] FDXF (FedEx Freight), depuis 2026-08-13...
2026-08-15 13:52:17,294 [INFO]   -> 2 jours récupérés pour FDXF (source: ibkr)
2026-08-15 13:52:17,295 [INFO] [186/503] FE (FirstEnergy), depuis 2026-08-13...
2026-08-15 13:52:28,820 [INFO]   -> 2 jours récupérés pour FE (source: ibkr)
2026-08-15 13:52:28,821 [INFO] [187/503] FERG (Ferguson Enterprises), depuis 2026-08-13...
2026-08-15 13:52:40,239 [INFO]   -> 2 jours récupérés pour FERG (source: ibkr)
2026-08-15 13:52:40,240 [INFO] [188/503] FFIV (F5, Inc.), depuis 2026-08-13...
2026-08-15 13:52:51,592 [INFO]   -> 2 jours récupérés pour FFIV (source: ibkr)
2026-08-15 13:52:51,593 [INFO] [189/503] FICO (Fair Isaac), depuis 2026-08-13...
2026-08-15 13:53:02,992 [INFO]   -> 2 jours récupérés pour FICO (source: ibkr)
2026-08-15 13:53:02,993 [INFO] [190/503] FIS (Fidelity National Information Services), depuis 2026-08-13...
2026-08-15 13:53:14,505 [INFO]   -> 2 jours récupérés pour FIS (source: ibkr)
2026-08-15 13:53:14,505 [INFO] [191/503] FISV (Fiserv), depuis 2026-08-13...
2026-08-15 13:53:25,942 [INFO]   -> 2 jours récupérés pour FISV (source: ibkr)
2026-08-15 13:53:25,943 [INFO] [192/503] FITB (Fifth Third Bancorp), depuis 2026-08-13...
2026-08-15 13:53:37,434 [INFO]   -> 2 jours récupérés pour FITB (source: ibkr)
2026-08-15 13:53:37,435 [INFO] [193/503] FIX (Comfort Systems USA), depuis 2026-08-13...
2026-08-15 13:53:48,989 [INFO]   -> 2 jours récupérés pour FIX (source: ibkr)
2026-08-15 13:53:48,990 [INFO] [194/503] FLEX (Flex Ltd.), depuis 2026-08-13...
2026-08-15 13:54:00,357 [INFO]   -> 2 jours récupérés pour FLEX (source: ibkr)
2026-08-15 13:54:00,357 [INFO] [195/503] FOX (Fox Corporation (Class B)), depuis 2026-08-13...
2026-08-15 13:54:11,777 [INFO]   -> 2 jours récupérés pour FOX (source: ibkr)
2026-08-15 13:54:11,778 [INFO] [196/503] FOXA (Fox Corporation (Class A)), depuis 2026-08-13...
2026-08-15 13:54:23,121 [INFO]   -> 2 jours récupérés pour FOXA (source: ibkr)
2026-08-15 13:54:23,122 [INFO] [197/503] FRT (Federal Realty Investment Trust), depuis 2026-08-13...
2026-08-15 13:54:34,641 [INFO]   -> 2 jours récupérés pour FRT (source: ibkr)
2026-08-15 13:54:34,641 [INFO] [198/503] FSLR (First Solar), depuis 2026-08-13...
2026-08-15 13:54:46,161 [INFO]   -> 2 jours récupérés pour FSLR (source: ibkr)
2026-08-15 13:54:46,162 [INFO] [199/503] FTNT (Fortinet), depuis 2026-08-13...
2026-08-15 13:54:57,521 [INFO]   -> 2 jours récupérés pour FTNT (source: ibkr)
2026-08-15 13:54:57,522 [INFO] [200/503] FTV (Fortive), depuis 2026-08-13...
2026-08-15 13:55:08,983 [INFO]   -> 2 jours récupérés pour FTV (source: ibkr)
2026-08-15 13:55:08,984 [INFO] [201/503] GD (General Dynamics), depuis 2026-08-13...
2026-08-15 13:55:20,563 [INFO]   -> 2 jours récupérés pour GD (source: ibkr)
2026-08-15 13:55:20,564 [INFO] [202/503] GDDY (GoDaddy), depuis 2026-08-13...
2026-08-15 13:55:31,908 [INFO]   -> 2 jours récupérés pour GDDY (source: ibkr)
2026-08-15 13:55:31,909 [INFO] [203/503] GE (GE Aerospace), depuis 2026-08-13...
2026-08-15 13:55:43,401 [INFO]   -> 2 jours récupérés pour GE (source: ibkr)
2026-08-15 13:55:43,402 [INFO] [204/503] GEHC (GE HealthCare), depuis 2026-08-13...
2026-08-15 13:55:54,842 [INFO]   -> 2 jours récupérés pour GEHC (source: ibkr)
2026-08-15 13:55:54,842 [INFO] [205/503] GEN (Gen Digital), depuis 2026-08-13...
2026-08-15 13:56:06,270 [INFO]   -> 2 jours récupérés pour GEN (source: ibkr)
2026-08-15 13:56:06,271 [INFO] [206/503] GEV (GE Vernova), depuis 2026-08-13...
2026-08-15 13:56:17,808 [INFO]   -> 2 jours récupérés pour GEV (source: ibkr)
2026-08-15 13:56:17,808 [INFO] [207/503] GILD (Gilead Sciences), depuis 2026-08-13...
2026-08-15 13:56:29,281 [INFO]   -> 2 jours récupérés pour GILD (source: ibkr)
2026-08-15 13:56:29,282 [INFO] [208/503] GIS (General Mills), depuis 2026-08-13...
2026-08-15 13:56:40,964 [INFO]   -> 2 jours récupérés pour GIS (source: ibkr)
2026-08-15 13:56:40,965 [INFO] [209/503] GL (Globe Life), depuis 2026-08-13...
2026-08-15 13:56:52,515 [INFO]   -> 2 jours récupérés pour GL (source: ibkr)
2026-08-15 13:56:52,516 [INFO] [210/503] GLW (Corning Inc.), depuis 2026-08-13...
2026-08-15 13:57:03,981 [INFO]   -> 2 jours récupérés pour GLW (source: ibkr)
2026-08-15 13:57:03,982 [INFO] [211/503] GM (General Motors), depuis 2026-08-13...
2026-08-15 13:57:15,457 [INFO]   -> 2 jours récupérés pour GM (source: ibkr)
2026-08-15 13:57:15,458 [INFO] [212/503] GNRC (Generac), depuis 2026-08-13...
2026-08-15 13:57:26,920 [INFO]   -> 2 jours récupérés pour GNRC (source: ibkr)
2026-08-15 13:57:26,921 [INFO] [213/503] GOOG (Alphabet Inc. (Class C)), depuis 2026-08-13...
2026-08-15 13:57:38,255 [INFO]   -> 2 jours récupérés pour GOOG (source: ibkr)
2026-08-15 13:57:38,256 [INFO] [214/503] GOOGL (Alphabet Inc. (Class A)), depuis 2026-08-13...
2026-08-15 13:57:49,647 [INFO]   -> 2 jours récupérés pour GOOGL (source: ibkr)
2026-08-15 13:57:49,649 [INFO] [215/503] GPC (Genuine Parts Company), depuis 2026-08-13...
2026-08-15 13:58:01,120 [INFO]   -> 2 jours récupérés pour GPC (source: ibkr)
2026-08-15 13:58:01,121 [INFO] [216/503] GPN (Global Payments), depuis 2026-08-13...
2026-08-15 13:58:12,571 [INFO]   -> 2 jours récupérés pour GPN (source: ibkr)
2026-08-15 13:58:12,571 [INFO] [217/503] GRMN (Garmin), depuis 2026-08-13...
2026-08-15 13:58:23,990 [INFO]   -> 2 jours récupérés pour GRMN (source: ibkr)
2026-08-15 13:58:23,990 [INFO] [218/503] GS (Goldman Sachs), depuis 2026-08-13...
2026-08-15 13:58:35,529 [INFO]   -> 2 jours récupérés pour GS (source: ibkr)
2026-08-15 13:58:35,530 [INFO] [219/503] GWW (W. W. Grainger), depuis 2026-08-13...
2026-08-15 13:58:47,005 [INFO]   -> 2 jours récupérés pour GWW (source: ibkr)
2026-08-15 13:58:47,005 [INFO] [220/503] HAL (Halliburton), depuis 2026-08-13...
2026-08-15 13:58:58,455 [INFO]   -> 2 jours récupérés pour HAL (source: ibkr)
2026-08-15 13:58:58,456 [INFO] [221/503] HAS (Hasbro), depuis 2026-08-13...
2026-08-15 13:59:09,912 [INFO]   -> 2 jours récupérés pour HAS (source: ibkr)
2026-08-15 13:59:09,913 [INFO] [222/503] HBAN (Huntington Bancshares), depuis 2026-08-13...
2026-08-15 13:59:21,404 [INFO]   -> 2 jours récupérés pour HBAN (source: ibkr)
2026-08-15 13:59:21,404 [INFO] [223/503] HCA (HCA Healthcare), depuis 2026-08-13...
2026-08-15 13:59:32,827 [INFO]   -> 2 jours récupérés pour HCA (source: ibkr)
2026-08-15 13:59:32,828 [INFO] [224/503] HD (Home Depot (The)), depuis 2026-08-13...
2026-08-15 13:59:44,289 [INFO]   -> 2 jours récupérés pour HD (source: ibkr)
2026-08-15 13:59:44,289 [INFO] [225/503] HIG (Hartford (The)), depuis 2026-08-13...
2026-08-15 13:59:55,913 [INFO]   -> 2 jours récupérés pour HIG (source: ibkr)
2026-08-15 13:59:55,914 [INFO] [226/503] HII (Huntington Ingalls Industries), depuis 2026-08-13...
2026-08-15 14:00:07,334 [INFO]   -> 2 jours récupérés pour HII (source: ibkr)
2026-08-15 14:00:07,335 [INFO] [227/503] HLT (Hilton Worldwide), depuis 2026-08-13...
2026-08-15 14:00:18,804 [INFO]   -> 2 jours récupérés pour HLT (source: ibkr)
2026-08-15 14:00:18,806 [INFO] [228/503] HON (Honeywell Technologies), depuis 2026-08-13...
2026-08-15 14:00:30,326 [INFO]   -> 2 jours récupérés pour HON (source: ibkr)
2026-08-15 14:00:30,327 [INFO] [229/503] HONA (Honeywell Aerospace), depuis 2026-08-13...
2026-08-15 14:00:41,666 [INFO]   -> 2 jours récupérés pour HONA (source: ibkr)
2026-08-15 14:00:41,667 [INFO] [230/503] HOOD (Robinhood Markets), depuis 2026-08-13...
2026-08-15 14:00:53,029 [INFO]   -> 2 jours récupérés pour HOOD (source: ibkr)
2026-08-15 14:00:53,030 [INFO] [231/503] HPE (Hewlett Packard Enterprise), depuis 2026-08-13...
2026-08-15 14:01:04,432 [INFO]   -> 2 jours récupérés pour HPE (source: ibkr)
2026-08-15 14:01:04,433 [INFO] [232/503] HPQ (HP Inc.), depuis 2026-08-13...
2026-08-15 14:01:15,958 [INFO]   -> 2 jours récupérés pour HPQ (source: ibkr)
2026-08-15 14:01:15,959 [INFO] [233/503] HRL (Hormel Foods), depuis 2026-08-13...
2026-08-15 14:01:27,562 [INFO]   -> 2 jours récupérés pour HRL (source: ibkr)
2026-08-15 14:01:27,563 [INFO] [234/503] HSIC (Henry Schein), depuis 2026-08-13...
2026-08-15 14:01:38,996 [INFO]   -> 2 jours récupérés pour HSIC (source: ibkr)
2026-08-15 14:01:39,003 [INFO] [235/503] HST (Host Hotels & Resorts), depuis 2026-08-13...
2026-08-15 14:01:50,504 [INFO]   -> 2 jours récupérés pour HST (source: ibkr)
2026-08-15 14:01:50,506 [INFO] [236/503] HSY (Hershey Company (The)), depuis 2026-08-13...
2026-08-15 14:02:01,993 [INFO]   -> 2 jours récupérés pour HSY (source: ibkr)
2026-08-15 14:02:01,993 [INFO] [237/503] HUBB (Hubbell Incorporated), depuis 2026-08-13...
2026-08-15 14:02:13,649 [INFO]   -> 2 jours récupérés pour HUBB (source: ibkr)
2026-08-15 14:02:13,650 [INFO] [238/503] HUM (Humana), depuis 2026-08-13...
2026-08-15 14:02:25,057 [INFO]   -> 2 jours récupérés pour HUM (source: ibkr)
2026-08-15 14:02:25,059 [INFO] [239/503] HWM (Howmet Aerospace), depuis 2026-08-13...
2026-08-15 14:02:36,583 [INFO]   -> 2 jours récupérés pour HWM (source: ibkr)
2026-08-15 14:02:36,584 [INFO] [240/503] IBKR (Interactive Brokers), depuis 2026-08-13...
2026-08-15 14:02:48,042 [INFO]   -> 2 jours récupérés pour IBKR (source: ibkr)
2026-08-15 14:02:48,043 [INFO] [241/503] IBM (IBM), depuis 2026-08-13...
2026-08-15 14:02:59,825 [INFO]   -> 2 jours récupérés pour IBM (source: ibkr)
2026-08-15 14:02:59,826 [INFO] [242/503] ICE (Intercontinental Exchange), depuis 2026-08-13...
2026-08-15 14:03:11,217 [INFO]   -> 2 jours récupérés pour ICE (source: ibkr)
2026-08-15 14:03:11,217 [INFO] [243/503] IDXX (Idexx Laboratories), depuis 2026-08-13...
2026-08-15 14:03:22,634 [INFO]   -> 2 jours récupérés pour IDXX (source: ibkr)
2026-08-15 14:03:22,647 [INFO] [244/503] IEX (IDEX Corporation), depuis 2026-08-13...
2026-08-15 14:03:34,133 [INFO]   -> 2 jours récupérés pour IEX (source: ibkr)
2026-08-15 14:03:34,136 [INFO] [245/503] IFF (International Flavors & Fragrances), depuis 2026-08-13...
2026-08-15 14:03:45,681 [INFO]   -> 2 jours récupérés pour IFF (source: ibkr)
2026-08-15 14:03:45,682 [INFO] [246/503] INCY (Incyte), depuis 2026-08-13...
2026-08-15 14:03:57,264 [INFO]   -> 2 jours récupérés pour INCY (source: ibkr)
2026-08-15 14:03:57,265 [INFO] [247/503] INTC (Intel), depuis 2026-08-13...
2026-08-15 14:04:08,676 [INFO]   -> 2 jours récupérés pour INTC (source: ibkr)
2026-08-15 14:04:08,678 [INFO] [248/503] INTU (Intuit), depuis 2026-08-13...
2026-08-15 14:04:20,090 [INFO]   -> 2 jours récupérés pour INTU (source: ibkr)
2026-08-15 14:04:20,091 [INFO] [249/503] INVH (Invitation Homes), depuis 2026-08-13...
2026-08-15 14:04:31,470 [INFO]   -> 2 jours récupérés pour INVH (source: ibkr)
2026-08-15 14:04:31,472 [INFO] [250/503] IP (International Paper), depuis 2026-08-13...
2026-08-15 14:04:42,958 [INFO]   -> 2 jours récupérés pour IP (source: ibkr)
2026-08-15 14:04:42,959 [INFO] [251/503] IQV (IQVIA), depuis 2026-08-13...
2026-08-15 14:04:54,346 [INFO]   -> 2 jours récupérés pour IQV (source: ibkr)
2026-08-15 14:04:54,346 [INFO] [252/503] IR (Ingersoll Rand), depuis 2026-08-13...
2026-08-15 14:05:05,737 [INFO]   -> 2 jours récupérés pour IR (source: ibkr)
2026-08-15 14:05:05,737 [INFO] [253/503] IRM (Iron Mountain), depuis 2026-08-13...
2026-08-15 14:05:17,169 [INFO]   -> 2 jours récupérés pour IRM (source: ibkr)
2026-08-15 14:05:17,169 [INFO] [254/503] ISRG (Intuitive Surgical), depuis 2026-08-13...
2026-08-15 14:05:28,539 [INFO]   -> 2 jours récupérés pour ISRG (source: ibkr)
2026-08-15 14:05:28,539 [INFO] [255/503] IT (Gartner), depuis 2026-08-13...
2026-08-15 14:05:39,914 [INFO]   -> 2 jours récupérés pour IT (source: ibkr)
2026-08-15 14:05:39,916 [INFO] [256/503] ITW (Illinois Tool Works), depuis 2026-08-13...
2026-08-15 14:05:51,455 [INFO]   -> 2 jours récupérés pour ITW (source: ibkr)
2026-08-15 14:05:51,455 [INFO] [257/503] IVZ (Invesco), depuis 2026-08-13...
2026-08-15 14:06:02,950 [INFO]   -> 2 jours récupérés pour IVZ (source: ibkr)
2026-08-15 14:06:02,952 [INFO] [258/503] J (Jacobs Solutions), depuis 2026-08-13...
2026-08-15 14:06:14,372 [INFO]   -> 2 jours récupérés pour J (source: ibkr)
2026-08-15 14:06:14,372 [INFO] [259/503] JBHT (J.B. Hunt), depuis 2026-08-13...
2026-08-15 14:06:25,835 [INFO]   -> 2 jours récupérés pour JBHT (source: ibkr)
2026-08-15 14:06:25,837 [INFO] [260/503] JBL (Jabil), depuis 2026-08-13...
2026-08-15 14:06:37,321 [INFO]   -> 2 jours récupérés pour JBL (source: ibkr)
2026-08-15 14:06:37,322 [INFO] [261/503] JCI (Johnson Controls), depuis 2026-08-13...
2026-08-15 14:06:48,905 [INFO]   -> 2 jours récupérés pour JCI (source: ibkr)
2026-08-15 14:06:48,912 [INFO] [262/503] JKHY (Jack Henry & Associates), depuis 2026-08-13...
2026-08-15 14:07:00,683 [INFO]   -> 2 jours récupérés pour JKHY (source: ibkr)
2026-08-15 14:07:00,683 [INFO] [263/503] JNJ (Johnson & Johnson), depuis 2026-08-13...
2026-08-15 14:07:12,239 [INFO]   -> 2 jours récupérés pour JNJ (source: ibkr)
2026-08-15 14:07:12,240 [INFO] [264/503] JPM (JPMorgan Chase), depuis 2026-08-13...
2026-08-15 14:07:23,818 [INFO]   -> 2 jours récupérés pour JPM (source: ibkr)
2026-08-15 14:07:23,819 [INFO] [265/503] KDP (Keurig Dr Pepper), depuis 2026-08-13...
2026-08-15 14:07:35,238 [INFO]   -> 2 jours récupérés pour KDP (source: ibkr)
2026-08-15 14:07:35,239 [INFO] [266/503] KEY (KeyCorp), depuis 2026-08-13...
2026-08-15 14:07:46,756 [INFO]   -> 2 jours récupérés pour KEY (source: ibkr)
2026-08-15 14:07:46,757 [INFO] [267/503] KEYS (Keysight Technologies), depuis 2026-08-13...
2026-08-15 14:07:58,163 [INFO]   -> 2 jours récupérés pour KEYS (source: ibkr)
2026-08-15 14:07:58,164 [INFO] [268/503] KHC (Kraft Heinz), depuis 2026-08-13...
2026-08-15 14:08:09,651 [INFO]   -> 2 jours récupérés pour KHC (source: ibkr)
2026-08-15 14:08:09,652 [INFO] [269/503] KIM (Kimco Realty), depuis 2026-08-13...
2026-08-15 14:08:21,233 [INFO]   -> 2 jours récupérés pour KIM (source: ibkr)
2026-08-15 14:08:21,235 [INFO] [270/503] KKR (KKR & Co.), depuis 2026-08-13...
2026-08-15 14:08:32,683 [INFO]   -> 2 jours récupérés pour KKR (source: ibkr)
2026-08-15 14:08:32,685 [INFO] [271/503] KLAC (KLA Corporation), depuis 2026-08-13...
2026-08-15 14:08:44,196 [INFO]   -> 2 jours récupérés pour KLAC (source: ibkr)
2026-08-15 14:08:44,197 [INFO] [272/503] KMB (Kimberly-Clark), depuis 2026-08-13...
2026-08-15 14:08:55,784 [INFO]   -> 2 jours récupérés pour KMB (source: ibkr)
2026-08-15 14:08:55,785 [INFO] [273/503] KMI (Kinder Morgan), depuis 2026-08-13...
2026-08-15 14:09:07,211 [INFO]   -> 2 jours récupérés pour KMI (source: ibkr)
2026-08-15 14:09:07,213 [INFO] [274/503] KO (Coca-Cola Company (The)), depuis 2026-08-13...
2026-08-15 14:09:18,814 [INFO]   -> 2 jours récupérés pour KO (source: ibkr)
2026-08-15 14:09:18,816 [INFO] [275/503] KR (Kroger), depuis 2026-08-13...
2026-08-15 14:09:30,335 [INFO]   -> 2 jours récupérés pour KR (source: ibkr)
2026-08-15 14:09:30,336 [INFO] [276/503] KVUE (Kenvue), depuis 2026-08-13...
2026-08-15 14:09:41,731 [INFO]   -> 2 jours récupérés pour KVUE (source: ibkr)
2026-08-15 14:09:41,732 [INFO] [277/503] L (Loews Corporation), depuis 2026-08-13...
2026-08-15 14:09:53,315 [INFO]   -> 2 jours récupérés pour L (source: ibkr)
2026-08-15 14:09:53,316 [INFO] [278/503] LDOS (Leidos), depuis 2026-08-13...
2026-08-15 14:10:04,775 [INFO]   -> 2 jours récupérés pour LDOS (source: ibkr)
2026-08-15 14:10:04,777 [INFO] [279/503] LEN (Lennar), depuis 2026-08-13...
2026-08-15 14:10:16,360 [INFO]   -> 2 jours récupérés pour LEN (source: ibkr)
2026-08-15 14:10:16,361 [INFO] [280/503] LH (Labcorp), depuis 2026-08-13...
2026-08-15 14:10:27,724 [INFO]   -> 2 jours récupérés pour LH (source: ibkr)
2026-08-15 14:10:27,725 [INFO] [281/503] LHX (L3Harris), depuis 2026-08-13...
2026-08-15 14:10:39,291 [INFO]   -> 2 jours récupérés pour LHX (source: ibkr)
2026-08-15 14:10:39,291 [INFO] [282/503] LII (Lennox International), depuis 2026-08-13...
2026-08-15 14:10:50,761 [INFO]   -> 2 jours récupérés pour LII (source: ibkr)
2026-08-15 14:10:50,762 [INFO] [283/503] LIN (Linde plc), depuis 2026-08-13...
2026-08-15 14:11:02,528 [INFO]   -> 2 jours récupérés pour LIN (source: ibkr)
2026-08-15 14:11:02,528 [INFO] [284/503] LITE (Lumentum), depuis 2026-08-13...
2026-08-15 14:11:13,958 [INFO]   -> 2 jours récupérés pour LITE (source: ibkr)
2026-08-15 14:11:13,959 [INFO] [285/503] LLY (Lilly (Eli)), depuis 2026-08-13...
2026-08-15 14:11:25,483 [INFO]   -> 2 jours récupérés pour LLY (source: ibkr)
2026-08-15 14:11:25,484 [INFO] [286/503] LMT (Lockheed Martin), depuis 2026-08-13...
2026-08-15 14:11:36,966 [INFO]   -> 2 jours récupérés pour LMT (source: ibkr)
2026-08-15 14:11:36,972 [INFO] [287/503] LNT (Alliant Energy), depuis 2026-08-13...
2026-08-15 14:11:48,622 [INFO]   -> 2 jours récupérés pour LNT (source: ibkr)
2026-08-15 14:11:48,625 [INFO] [288/503] LOW (Lowe's), depuis 2026-08-13...
2026-08-15 14:12:00,094 [INFO]   -> 2 jours récupérés pour LOW (source: ibkr)
2026-08-15 14:12:00,095 [INFO] [289/503] LRCX (Lam Research), depuis 2026-08-13...
2026-08-15 14:12:11,501 [INFO]   -> 2 jours récupérés pour LRCX (source: ibkr)
2026-08-15 14:12:11,502 [INFO] [290/503] LULU (Lululemon Athletica), depuis 2026-08-13...
2026-08-15 14:12:22,874 [INFO]   -> 2 jours récupérés pour LULU (source: ibkr)
2026-08-15 14:12:22,875 [INFO] [291/503] LUV (Southwest Airlines), depuis 2026-08-13...
2026-08-15 14:12:34,343 [INFO]   -> 2 jours récupérés pour LUV (source: ibkr)
2026-08-15 14:12:34,344 [INFO] [292/503] LVS (Las Vegas Sands), depuis 2026-08-13...
2026-08-15 14:12:45,784 [INFO]   -> 2 jours récupérés pour LVS (source: ibkr)
2026-08-15 14:12:45,784 [INFO] [293/503] LYB (LyondellBasell), depuis 2026-08-13...
2026-08-15 14:12:57,220 [INFO]   -> 2 jours récupérés pour LYB (source: ibkr)
2026-08-15 14:12:57,221 [INFO] [294/503] LYV (Live Nation Entertainment), depuis 2026-08-13...
2026-08-15 14:13:08,622 [INFO]   -> 2 jours récupérés pour LYV (source: ibkr)
2026-08-15 14:13:08,623 [INFO] [295/503] MA (Mastercard), depuis 2026-08-13...
2026-08-15 14:13:20,162 [INFO]   -> 2 jours récupérés pour MA (source: ibkr)
2026-08-15 14:13:20,163 [INFO] [296/503] MAA (Mid-America Apartment Communities), depuis 2026-08-13...
2026-08-15 14:13:31,859 [INFO]   -> 2 jours récupérés pour MAA (source: ibkr)
2026-08-15 14:13:31,861 [INFO] [297/503] MAR (Marriott International), depuis 2026-08-13...
2026-08-15 14:13:43,307 [INFO]   -> 2 jours récupérés pour MAR (source: ibkr)
2026-08-15 14:13:43,308 [INFO] [298/503] MAS (Masco), depuis 2026-08-13...
2026-08-15 14:13:54,797 [INFO]   -> 2 jours récupérés pour MAS (source: ibkr)
2026-08-15 14:13:54,800 [INFO] [299/503] MCD (McDonald's), depuis 2026-08-13...
2026-08-15 14:14:06,232 [INFO]   -> 2 jours récupérés pour MCD (source: ibkr)
2026-08-15 14:14:06,233 [INFO] [300/503] MCHP (Microchip Technology), depuis 2026-08-13...
2026-08-15 14:14:17,704 [INFO]   -> 2 jours récupérés pour MCHP (source: ibkr)
2026-08-15 14:14:17,705 [INFO] [301/503] MCK (McKesson Corporation), depuis 2026-08-13...
2026-08-15 14:14:29,283 [INFO]   -> 2 jours récupérés pour MCK (source: ibkr)
2026-08-15 14:14:29,284 [INFO] [302/503] MCO (Moody's Corporation), depuis 2026-08-13...
2026-08-15 14:14:40,733 [INFO]   -> 2 jours récupérés pour MCO (source: ibkr)
2026-08-15 14:14:40,735 [INFO] [303/503] MDLZ (Mondelez International), depuis 2026-08-13...
2026-08-15 14:14:52,202 [INFO]   -> 2 jours récupérés pour MDLZ (source: ibkr)
2026-08-15 14:14:52,202 [INFO] [304/503] MDT (Medtronic), depuis 2026-08-13...
2026-08-15 14:15:03,903 [INFO]   -> 2 jours récupérés pour MDT (source: ibkr)
2026-08-15 14:15:03,904 [INFO] [305/503] MET (MetLife), depuis 2026-08-13...
2026-08-15 14:15:15,330 [INFO]   -> 2 jours récupérés pour MET (source: ibkr)
2026-08-15 14:15:15,330 [INFO] [306/503] META (Meta Platforms), depuis 2026-08-13...
2026-08-15 14:15:26,765 [INFO]   -> 2 jours récupérés pour META (source: ibkr)
2026-08-15 14:15:26,766 [INFO] [307/503] MGM (MGM Resorts), depuis 2026-08-13...
2026-08-15 14:15:38,182 [INFO]   -> 2 jours récupérés pour MGM (source: ibkr)
2026-08-15 14:15:38,184 [INFO] [308/503] MKC (McCormick & Company), depuis 2026-08-13...
2026-08-15 14:15:49,676 [INFO]   -> 2 jours récupérés pour MKC (source: ibkr)
2026-08-15 14:15:49,677 [INFO] [309/503] MLM (Martin Marietta Materials), depuis 2026-08-13...
2026-08-15 14:16:01,221 [INFO]   -> 2 jours récupérés pour MLM (source: ibkr)
2026-08-15 14:16:01,221 [INFO] [310/503] MMM (3M), depuis 2026-08-13...
2026-08-15 14:16:12,810 [INFO]   -> 2 jours récupérés pour MMM (source: ibkr)
2026-08-15 14:16:12,812 [INFO] [311/503] MNST (Monster Beverage), depuis 2026-08-13...
2026-08-15 14:16:24,279 [INFO]   -> 2 jours récupérés pour MNST (source: ibkr)
2026-08-15 14:16:24,281 [INFO] [312/503] MO (Altria), depuis 2026-08-13...
2026-08-15 14:16:35,861 [INFO]   -> 2 jours récupérés pour MO (source: ibkr)
2026-08-15 14:16:35,862 [INFO] [313/503] MOS (Mosaic Company (The)), depuis 2026-08-13...
2026-08-15 14:16:47,388 [INFO]   -> 2 jours récupérés pour MOS (source: ibkr)
2026-08-15 14:16:47,389 [INFO] [314/503] MPC (Marathon Petroleum), depuis 2026-08-13...
2026-08-15 14:16:58,864 [INFO]   -> 2 jours récupérés pour MPC (source: ibkr)
2026-08-15 14:16:58,867 [INFO] [315/503] MPWR (Monolithic Power Systems), depuis 2026-08-13...
2026-08-15 14:17:10,313 [INFO]   -> 2 jours récupérés pour MPWR (source: ibkr)
2026-08-15 14:17:10,314 [INFO] [316/503] MRK (Merck & Co.), depuis 2026-08-13...
2026-08-15 14:17:21,827 [INFO]   -> 2 jours récupérés pour MRK (source: ibkr)
2026-08-15 14:17:21,828 [INFO] [317/503] MRNA (Moderna), depuis 2026-08-13...
2026-08-15 14:17:33,184 [INFO]   -> 2 jours récupérés pour MRNA (source: ibkr)
2026-08-15 14:17:33,185 [INFO] [318/503] MRSH (Marsh McLennan), depuis 2026-08-13...
2026-08-15 14:17:44,775 [INFO]   -> 2 jours récupérés pour MRSH (source: ibkr)
2026-08-15 14:17:44,776 [INFO] [319/503] MRVL (Marvell Technology), depuis 2026-08-13...
2026-08-15 14:17:56,471 [INFO]   -> 2 jours récupérés pour MRVL (source: ibkr)
2026-08-15 14:17:56,472 [INFO] [320/503] MS (Morgan Stanley), depuis 2026-08-13...
2026-08-15 14:18:08,025 [INFO]   -> 2 jours récupérés pour MS (source: ibkr)
2026-08-15 14:18:08,027 [INFO] [321/503] MSCI (MSCI), depuis 2026-08-13...
2026-08-15 14:18:19,438 [INFO]   -> 2 jours récupérés pour MSCI (source: ibkr)
2026-08-15 14:18:19,443 [INFO] [322/503] MSFT (Microsoft), depuis 2026-08-13...
2026-08-15 14:18:30,948 [INFO]   -> 2 jours récupérés pour MSFT (source: ibkr)
2026-08-15 14:18:30,949 [INFO] [323/503] MSI (Motorola Solutions), depuis 2026-08-13...
2026-08-15 14:18:42,403 [INFO]   -> 2 jours récupérés pour MSI (source: ibkr)
2026-08-15 14:18:42,404 [INFO] [324/503] MTB (M&T Bank), depuis 2026-08-13...
2026-08-15 14:18:53,884 [INFO]   -> 2 jours récupérés pour MTB (source: ibkr)
2026-08-15 14:18:53,885 [INFO] [325/503] MTD (Mettler Toledo), depuis 2026-08-13...
2026-08-15 14:19:05,255 [INFO]   -> 2 jours récupérés pour MTD (source: ibkr)
2026-08-15 14:19:05,256 [INFO] [326/503] MU (Micron Technology), depuis 2026-08-13...
2026-08-15 14:19:16,820 [INFO]   -> 2 jours récupérés pour MU (source: ibkr)
2026-08-15 14:19:16,821 [INFO] [327/503] NCLH (Norwegian Cruise Line Holdings), depuis 2026-08-13...
2026-08-15 14:19:28,219 [INFO]   -> 2 jours récupérés pour NCLH (source: ibkr)
2026-08-15 14:19:28,221 [INFO] [328/503] NDAQ (Nasdaq, Inc.), depuis 2026-08-13...
2026-08-15 14:19:39,648 [INFO]   -> 2 jours récupérés pour NDAQ (source: ibkr)
2026-08-15 14:19:39,648 [INFO] [329/503] NDSN (Nordson Corporation), depuis 2026-08-13...
2026-08-15 14:19:51,123 [INFO]   -> 2 jours récupérés pour NDSN (source: ibkr)
2026-08-15 14:19:51,123 [INFO] [330/503] NEE (NextEra Energy), depuis 2026-08-13...
2026-08-15 14:20:02,610 [INFO]   -> 2 jours récupérés pour NEE (source: ibkr)
2026-08-15 14:20:02,612 [INFO] [331/503] NEM (Newmont), depuis 2026-08-13...
2026-08-15 14:20:14,166 [INFO]   -> 2 jours récupérés pour NEM (source: ibkr)
2026-08-15 14:20:14,168 [INFO] [332/503] NFLX (Netflix), depuis 2026-08-13...
2026-08-15 14:20:25,584 [INFO]   -> 2 jours récupérés pour NFLX (source: ibkr)
2026-08-15 14:20:25,585 [INFO] [333/503] NI (NiSource), depuis 2026-08-13...
2026-08-15 14:20:37,105 [INFO]   -> 2 jours récupérés pour NI (source: ibkr)
2026-08-15 14:20:37,106 [INFO] [334/503] NKE (Nike, Inc.), depuis 2026-08-13...
2026-08-15 14:20:48,681 [INFO]   -> 2 jours récupérés pour NKE (source: ibkr)
2026-08-15 14:20:48,682 [INFO] [335/503] NOC (Northrop Grumman), depuis 2026-08-13...
2026-08-15 14:21:00,199 [INFO]   -> 2 jours récupérés pour NOC (source: ibkr)
2026-08-15 14:21:00,201 [INFO] [336/503] NOW (ServiceNow), depuis 2026-08-13...
2026-08-15 14:21:11,567 [INFO]   -> 2 jours récupérés pour NOW (source: ibkr)
2026-08-15 14:21:11,568 [INFO] [337/503] NRG (NRG Energy), depuis 2026-08-13...
2026-08-15 14:21:22,988 [INFO]   -> 2 jours récupérés pour NRG (source: ibkr)
2026-08-15 14:21:22,991 [INFO] [338/503] NSC (Norfolk Southern), depuis 2026-08-13...
2026-08-15 14:21:34,553 [INFO]   -> 2 jours récupérés pour NSC (source: ibkr)
2026-08-15 14:21:34,553 [INFO] [339/503] NTAP (NetApp), depuis 2026-08-13...
2026-08-15 14:21:45,978 [INFO]   -> 2 jours récupérés pour NTAP (source: ibkr)
2026-08-15 14:21:45,987 [INFO] [340/503] NTRS (Northern Trust), depuis 2026-08-13...
2026-08-15 14:21:57,480 [INFO]   -> 2 jours récupérés pour NTRS (source: ibkr)
2026-08-15 14:21:57,481 [INFO] [341/503] NUE (Nucor), depuis 2026-08-13...
2026-08-15 14:22:09,059 [INFO]   -> 2 jours récupérés pour NUE (source: ibkr)
2026-08-15 14:22:09,060 [INFO] [342/503] NVDA (Nvidia), depuis 2026-08-13...
2026-08-15 14:22:20,495 [INFO]   -> 2 jours récupérés pour NVDA (source: ibkr)
2026-08-15 14:22:20,497 [INFO] [343/503] NVR (NVR, Inc.), depuis 2026-08-13...
2026-08-15 14:22:31,936 [INFO]   -> 2 jours récupérés pour NVR (source: ibkr)
2026-08-15 14:22:31,937 [INFO] [344/503] NWS (News Corp (Class B)), depuis 2026-08-13...
2026-08-15 14:22:43,372 [INFO]   -> 2 jours récupérés pour NWS (source: ibkr)
2026-08-15 14:22:43,372 [INFO] [345/503] NWSA (News Corp (Class A)), depuis 2026-08-13...
2026-08-15 14:22:54,840 [INFO]   -> 2 jours récupérés pour NWSA (source: ibkr)
2026-08-15 14:22:54,844 [INFO] [346/503] NXPI (NXP Semiconductors), depuis 2026-08-13...
2026-08-15 14:23:06,214 [INFO]   -> 2 jours récupérés pour NXPI (source: ibkr)
2026-08-15 14:23:06,215 [INFO] [347/503] O (Realty Income), depuis 2026-08-13...
2026-08-15 14:23:18,281 [INFO]   -> 2 jours récupérés pour O (source: ibkr)
2026-08-15 14:23:18,282 [INFO] [348/503] ODFL (Old Dominion), depuis 2026-08-13...
2026-08-15 14:23:29,689 [INFO]   -> 2 jours récupérés pour ODFL (source: ibkr)
2026-08-15 14:23:29,690 [INFO] [349/503] OKE (Oneok), depuis 2026-08-13...
2026-08-15 14:23:41,193 [INFO]   -> 2 jours récupérés pour OKE (source: ibkr)
2026-08-15 14:23:41,194 [INFO] [350/503] OMC (Omnicom Group), depuis 2026-08-13...
2026-08-15 14:23:52,795 [INFO]   -> 2 jours récupérés pour OMC (source: ibkr)
2026-08-15 14:23:52,796 [INFO] [351/503] ON (ON Semiconductor), depuis 2026-08-13...
2026-08-15 14:24:04,156 [INFO]   -> 2 jours récupérés pour ON (source: ibkr)
2026-08-15 14:24:04,158 [INFO] [352/503] ORCL (Oracle Corporation), depuis 2026-08-13...
2026-08-15 14:24:15,581 [INFO]   -> 2 jours récupérés pour ORCL (source: ibkr)
2026-08-15 14:24:15,584 [INFO] [353/503] ORLY (O'Reilly Automotive), depuis 2026-08-13...
2026-08-15 14:24:27,262 [INFO]   -> 2 jours récupérés pour ORLY (source: ibkr)
2026-08-15 14:24:27,263 [INFO] [354/503] OTIS (Otis Worldwide), depuis 2026-08-13...
2026-08-15 14:24:38,610 [INFO]   -> 2 jours récupérés pour OTIS (source: ibkr)
2026-08-15 14:24:38,611 [INFO] [355/503] OXY (Occidental Petroleum), depuis 2026-08-13...
2026-08-15 14:24:50,054 [INFO]   -> 2 jours récupérés pour OXY (source: ibkr)
2026-08-15 14:24:50,055 [INFO] [356/503] PANW (Palo Alto Networks), depuis 2026-08-13...
2026-08-15 14:25:01,478 [INFO]   -> 2 jours récupérés pour PANW (source: ibkr)
2026-08-15 14:25:01,479 [INFO] [357/503] PAYX (Paychex), depuis 2026-08-13...
2026-08-15 14:25:13,081 [INFO]   -> 2 jours récupérés pour PAYX (source: ibkr)
2026-08-15 14:25:13,088 [INFO] [358/503] PCAR (Paccar), depuis 2026-08-13...
2026-08-15 14:25:24,806 [INFO]   -> 2 jours récupérés pour PCAR (source: ibkr)
2026-08-15 14:25:24,811 [INFO] [359/503] PCG (PG&E Corporation), depuis 2026-08-13...
2026-08-15 14:25:36,216 [INFO]   -> 2 jours récupérés pour PCG (source: ibkr)
2026-08-15 14:25:36,226 [INFO] [360/503] PEG (Public Service Enterprise Group), depuis 2026-08-13...
2026-08-15 14:25:47,794 [INFO]   -> 2 jours récupérés pour PEG (source: ibkr)
2026-08-15 14:25:47,804 [INFO] [361/503] PEP (PepsiCo), depuis 2026-08-13...
2026-08-15 14:25:59,287 [INFO]   -> 2 jours récupérés pour PEP (source: ibkr)
2026-08-15 14:25:59,288 [INFO] [362/503] PFE (Pfizer), depuis 2026-08-13...
2026-08-15 14:26:10,839 [INFO]   -> 2 jours récupérés pour PFE (source: ibkr)
2026-08-15 14:26:10,840 [INFO] [363/503] PFG (Principal Financial Group), depuis 2026-08-13...
2026-08-15 14:26:22,286 [INFO]   -> 2 jours récupérés pour PFG (source: ibkr)
2026-08-15 14:26:22,287 [INFO] [364/503] PG (Procter & Gamble), depuis 2026-08-13...
2026-08-15 14:26:33,862 [INFO]   -> 2 jours récupérés pour PG (source: ibkr)
2026-08-15 14:26:33,864 [INFO] [365/503] PGR (Progressive Corporation), depuis 2026-08-13...
2026-08-15 14:26:45,333 [INFO]   -> 2 jours récupérés pour PGR (source: ibkr)
2026-08-15 14:26:45,334 [INFO] [366/503] PH (Parker Hannifin), depuis 2026-08-13...
2026-08-15 14:26:57,013 [INFO]   -> 2 jours récupérés pour PH (source: ibkr)
2026-08-15 14:26:57,013 [INFO] [367/503] PHM (PulteGroup), depuis 2026-08-13...
2026-08-15 14:27:08,480 [INFO]   -> 2 jours récupérés pour PHM (source: ibkr)
2026-08-15 14:27:08,481 [INFO] [368/503] PKG (Packaging Corporation of America), depuis 2026-08-13...
2026-08-15 14:27:19,986 [INFO]   -> 2 jours récupérés pour PKG (source: ibkr)
2026-08-15 14:27:19,986 [INFO] [369/503] PLD (Prologis), depuis 2026-08-13...
2026-08-15 14:27:31,732 [INFO]   -> 2 jours récupérés pour PLD (source: ibkr)
2026-08-15 14:27:31,736 [INFO] [370/503] PLTR (Palantir Technologies), depuis 2026-08-13...
2026-08-15 14:27:43,129 [INFO]   -> 2 jours récupérés pour PLTR (source: ibkr)
2026-08-15 14:27:43,130 [INFO] [371/503] PM (Philip Morris International), depuis 2026-08-13...
2026-08-15 14:27:54,583 [INFO]   -> 2 jours récupérés pour PM (source: ibkr)
2026-08-15 14:27:54,583 [INFO] [372/503] PNC (PNC Financial Services), depuis 2026-08-13...
2026-08-15 14:28:06,049 [INFO]   -> 2 jours récupérés pour PNC (source: ibkr)
2026-08-15 14:28:06,050 [INFO] [373/503] PNR (Pentair), depuis 2026-08-13...
2026-08-15 14:28:17,558 [INFO]   -> 2 jours récupérés pour PNR (source: ibkr)
2026-08-15 14:28:17,559 [INFO] [374/503] PNW (Pinnacle West Capital), depuis 2026-08-13...
2026-08-15 14:28:29,035 [INFO]   -> 2 jours récupérés pour PNW (source: ibkr)
2026-08-15 14:28:29,037 [INFO] [375/503] PODD (Insulet Corporation), depuis 2026-08-13...
2026-08-15 14:28:40,369 [INFO]   -> 2 jours récupérés pour PODD (source: ibkr)
2026-08-15 14:28:40,371 [INFO] [376/503] PPG (PPG Industries), depuis 2026-08-13...
2026-08-15 14:28:51,905 [INFO]   -> 2 jours récupérés pour PPG (source: ibkr)
2026-08-15 14:28:51,906 [INFO] [377/503] PPL (PPL Corporation), depuis 2026-08-13...
2026-08-15 14:29:03,400 [INFO]   -> 2 jours récupérés pour PPL (source: ibkr)
2026-08-15 14:29:03,401 [INFO] [378/503] PRU (Prudential Financial), depuis 2026-08-13...
2026-08-15 14:29:14,821 [INFO]   -> 2 jours récupérés pour PRU (source: ibkr)
2026-08-15 14:29:14,823 [INFO] [379/503] PSA (Public Storage), depuis 2026-08-13...
2026-08-15 14:29:26,439 [INFO]   -> 2 jours récupérés pour PSA (source: ibkr)
2026-08-15 14:29:26,439 [INFO] [380/503] PSKY (Paramount Skydance Corporation), depuis 2026-08-13...
2026-08-15 14:29:37,787 [INFO]   -> 2 jours récupérés pour PSKY (source: ibkr)
2026-08-15 14:29:37,788 [INFO] [381/503] PSX (Phillips 66), depuis 2026-08-13...
2026-08-15 14:29:49,192 [INFO]   -> 2 jours récupérés pour PSX (source: ibkr)
2026-08-15 14:29:49,194 [INFO] [382/503] PTC (PTC Inc.), depuis 2026-08-13...
2026-08-15 14:30:00,548 [INFO]   -> 2 jours récupérés pour PTC (source: ibkr)
2026-08-15 14:30:00,549 [INFO] [383/503] PWR (Quanta Services), depuis 2026-08-13...
2026-08-15 14:30:11,942 [INFO]   -> 2 jours récupérés pour PWR (source: ibkr)
2026-08-15 14:30:11,943 [INFO] [384/503] PYPL (PayPal), depuis 2026-08-13...
2026-08-15 14:30:23,311 [INFO]   -> 2 jours récupérés pour PYPL (source: ibkr)
2026-08-15 14:30:23,312 [INFO] [385/503] Q (Qnity Electronics), depuis 2026-08-13...
2026-08-15 14:30:34,702 [INFO]   -> 2 jours récupérés pour Q (source: ibkr)
2026-08-15 14:30:34,703 [INFO] [386/503] QCOM (Qualcomm), depuis 2026-08-13...
2026-08-15 14:30:46,292 [INFO]   -> 2 jours récupérés pour QCOM (source: ibkr)
2026-08-15 14:30:46,298 [INFO] [387/503] RCL (Royal Caribbean Group), depuis 2026-08-13...
2026-08-15 14:30:57,726 [INFO]   -> 2 jours récupérés pour RCL (source: ibkr)
2026-08-15 14:30:57,730 [INFO] [388/503] REG (Regency Centers), depuis 2026-08-13...
2026-08-15 14:31:09,326 [INFO]   -> 2 jours récupérés pour REG (source: ibkr)
2026-08-15 14:31:09,327 [INFO] [389/503] REGN (Regeneron Pharmaceuticals), depuis 2026-08-13...
2026-08-15 14:31:20,890 [INFO]   -> 2 jours récupérés pour REGN (source: ibkr)
2026-08-15 14:31:20,893 [INFO] [390/503] RF (Regions Financial Corporation), depuis 2026-08-13...
2026-08-15 14:31:32,476 [INFO]   -> 2 jours récupérés pour RF (source: ibkr)
2026-08-15 14:31:32,478 [INFO] [391/503] RJF (Raymond James Financial), depuis 2026-08-13...
2026-08-15 14:31:44,352 [INFO]   -> 2 jours récupérés pour RJF (source: ibkr)
2026-08-15 14:31:44,352 [INFO] [392/503] RL (Ralph Lauren Corporation), depuis 2026-08-13...
2026-08-15 14:31:55,823 [INFO]   -> 2 jours récupérés pour RL (source: ibkr)
2026-08-15 14:31:55,827 [INFO] [393/503] RMD (ResMed|), depuis 2026-08-13...
2026-08-15 14:32:07,247 [INFO]   -> 2 jours récupérés pour RMD (source: ibkr)
2026-08-15 14:32:07,249 [INFO] [394/503] ROK (Rockwell Automation), depuis 2026-08-13...
2026-08-15 14:32:18,718 [INFO]   -> 2 jours récupérés pour ROK (source: ibkr)
2026-08-15 14:32:18,720 [INFO] [395/503] ROL (Rollins, Inc.), depuis 2026-08-13...
2026-08-15 14:32:30,224 [INFO]   -> 2 jours récupérés pour ROL (source: ibkr)
2026-08-15 14:32:30,225 [INFO] [396/503] ROP (Roper Technologies), depuis 2026-08-13...
2026-08-15 14:32:41,748 [INFO]   -> 2 jours récupérés pour ROP (source: ibkr)
2026-08-15 14:32:41,750 [INFO] [397/503] ROST (Ross Stores), depuis 2026-08-13...
2026-08-15 14:32:53,270 [INFO]   -> 2 jours récupérés pour ROST (source: ibkr)
2026-08-15 14:32:53,270 [INFO] [398/503] RSG (Republic Services), depuis 2026-08-13...
2026-08-15 14:33:04,735 [INFO]   -> 2 jours récupérés pour RSG (source: ibkr)
2026-08-15 14:33:04,736 [INFO] [399/503] RTX (RTX Corporation), depuis 2026-08-13...
2026-08-15 14:33:16,299 [INFO]   -> 2 jours récupérés pour RTX (source: ibkr)
2026-08-15 14:33:16,301 [INFO] [400/503] RVTY (Revvity), depuis 2026-08-13...
2026-08-15 14:33:27,869 [INFO]   -> 2 jours récupérés pour RVTY (source: ibkr)
2026-08-15 14:33:27,870 [INFO] [401/503] SBAC (SBA Communications), depuis 2026-08-13...
2026-08-15 14:33:39,270 [INFO]   -> 2 jours récupérés pour SBAC (source: ibkr)
2026-08-15 14:33:39,270 [INFO] [402/503] SBUX (Starbucks), depuis 2026-08-13...
2026-08-15 14:33:50,718 [INFO]   -> 2 jours récupérés pour SBUX (source: ibkr)
2026-08-15 14:33:50,720 [INFO] [403/503] SCHW (Charles Schwab Corporation), depuis 2026-08-13...
2026-08-15 14:34:02,192 [INFO]   -> 2 jours récupérés pour SCHW (source: ibkr)
2026-08-15 14:34:02,193 [INFO] [404/503] SHW (Sherwin-Williams), depuis 2026-08-13...
2026-08-15 14:34:13,743 [INFO]   -> 2 jours récupérés pour SHW (source: ibkr)
2026-08-15 14:34:13,751 [INFO] [405/503] SJM (J.M. Smucker Company (The)), depuis 2026-08-13...
2026-08-15 14:34:25,321 [INFO]   -> 2 jours récupérés pour SJM (source: ibkr)
2026-08-15 14:34:25,322 [INFO] [406/503] SLB (Schlumberger), depuis 2026-08-13...
2026-08-15 14:34:36,929 [INFO]   -> 2 jours récupérés pour SLB (source: ibkr)
2026-08-15 14:34:36,931 [INFO] [407/503] SMCI (Supermicro), depuis 2026-08-13...
2026-08-15 14:34:48,350 [INFO]   -> 2 jours récupérés pour SMCI (source: ibkr)
2026-08-15 14:34:48,350 [INFO] [408/503] SNA (Snap-on), depuis 2026-08-13...
2026-08-15 14:34:59,826 [INFO]   -> 2 jours récupérés pour SNA (source: ibkr)
2026-08-15 14:34:59,826 [INFO] [409/503] SNDK (Sandisk), depuis 2026-08-13...
2026-08-15 14:35:11,197 [INFO]   -> 2 jours récupérés pour SNDK (source: ibkr)
2026-08-15 14:35:11,197 [INFO] [410/503] SNPS (Synopsys), depuis 2026-08-13...
2026-08-15 14:35:22,559 [INFO]   -> 2 jours récupérés pour SNPS (source: ibkr)
2026-08-15 14:35:22,561 [INFO] [411/503] SO (Southern Company), depuis 2026-08-13...
2026-08-15 14:35:34,137 [INFO]   -> 2 jours récupérés pour SO (source: ibkr)
2026-08-15 14:35:34,138 [INFO] [412/503] SOLV (Solventum), depuis 2026-08-13...
2026-08-15 14:35:45,557 [INFO]   -> 2 jours récupérés pour SOLV (source: ibkr)
2026-08-15 14:35:45,558 [INFO] [413/503] SPG (Simon Property Group), depuis 2026-08-13...
2026-08-15 14:35:57,070 [INFO]   -> 2 jours récupérés pour SPG (source: ibkr)
2026-08-15 14:35:57,071 [INFO] [414/503] SPGI (S&P Global), depuis 2026-08-13...
2026-08-15 14:36:08,648 [INFO]   -> 2 jours récupérés pour SPGI (source: ibkr)
2026-08-15 14:36:08,649 [INFO] [415/503] SRE (Sempra), depuis 2026-08-13...
2026-08-15 14:36:20,119 [INFO]   -> 2 jours récupérés pour SRE (source: ibkr)
2026-08-15 14:36:20,119 [INFO] [416/503] STE (Steris), depuis 2026-08-13...
2026-08-15 14:36:31,691 [INFO]   -> 2 jours récupérés pour STE (source: ibkr)
2026-08-15 14:36:31,692 [INFO] [417/503] STLD (Steel Dynamics), depuis 2026-08-13...
2026-08-15 14:36:43,143 [INFO]   -> 2 jours récupérés pour STLD (source: ibkr)
2026-08-15 14:36:43,144 [INFO] [418/503] STT (State Street Corporation), depuis 2026-08-13...
2026-08-15 14:36:54,827 [INFO]   -> 2 jours récupérés pour STT (source: ibkr)
2026-08-15 14:36:54,829 [INFO] [419/503] STX (Seagate Technology), depuis 2026-08-13...
2026-08-15 14:37:06,351 [INFO]   -> 2 jours récupérés pour STX (source: ibkr)
2026-08-15 14:37:06,355 [INFO] [420/503] STZ (Constellation Brands), depuis 2026-08-13...
2026-08-15 14:37:17,769 [INFO]   -> 2 jours récupérés pour STZ (source: ibkr)
2026-08-15 14:37:17,770 [INFO] [421/503] SW (Smurfit Westrock), depuis 2026-08-13...
2026-08-15 14:37:29,178 [INFO]   -> 2 jours récupérés pour SW (source: ibkr)
2026-08-15 14:37:29,179 [INFO] [422/503] SWK (Stanley Black & Decker), depuis 2026-08-13...
2026-08-15 14:37:40,692 [INFO]   -> 2 jours récupérés pour SWK (source: ibkr)
2026-08-15 14:37:40,698 [INFO] [423/503] SWKS (Skyworks Solutions), depuis 2026-08-13...
2026-08-15 14:37:52,131 [INFO]   -> 2 jours récupérés pour SWKS (source: ibkr)
2026-08-15 14:37:52,134 [INFO] [424/503] SYF (Synchrony Financial), depuis 2026-08-13...
2026-08-15 14:38:03,535 [INFO]   -> 2 jours récupérés pour SYF (source: ibkr)
2026-08-15 14:38:03,536 [INFO] [425/503] SYK (Stryker Corporation), depuis 2026-08-13...
2026-08-15 14:38:15,009 [INFO]   -> 2 jours récupérés pour SYK (source: ibkr)
2026-08-15 14:38:15,010 [INFO] [426/503] SYY (Sysco), depuis 2026-08-13...
2026-08-15 14:38:26,883 [INFO]   -> 2 jours récupérés pour SYY (source: ibkr)
2026-08-15 14:38:26,885 [INFO] [427/503] T (AT&T), depuis 2026-08-13...
2026-08-15 14:38:38,354 [INFO]   -> 2 jours récupérés pour T (source: ibkr)
2026-08-15 14:38:38,362 [INFO] [428/503] TAP (Molson Coors Beverage Company), depuis 2026-08-13...
2026-08-15 14:38:49,756 [INFO]   -> 2 jours récupérés pour TAP (source: ibkr)
2026-08-15 14:38:49,758 [INFO] [429/503] TDG (TransDigm Group), depuis 2026-08-13...
2026-08-15 14:39:01,126 [INFO]   -> 2 jours récupérés pour TDG (source: ibkr)
2026-08-15 14:39:01,128 [INFO] [430/503] TDY (Teledyne Technologies), depuis 2026-08-13...
2026-08-15 14:39:12,503 [INFO]   -> 2 jours récupérés pour TDY (source: ibkr)
2026-08-15 14:39:12,505 [INFO] [431/503] TECH (Bio-Techne), depuis 2026-08-13...
2026-08-15 14:39:23,988 [INFO]   -> 2 jours récupérés pour TECH (source: ibkr)
2026-08-15 14:39:23,990 [INFO] [432/503] TEL (TE Connectivity), depuis 2026-08-13...
2026-08-15 14:39:35,418 [INFO]   -> 2 jours récupérés pour TEL (source: ibkr)
2026-08-15 14:39:35,419 [INFO] [433/503] TER (Teradyne), depuis 2026-08-13...
2026-08-15 14:39:46,803 [INFO]   -> 2 jours récupérés pour TER (source: ibkr)
2026-08-15 14:39:46,804 [INFO] [434/503] TFC (Truist Financial), depuis 2026-08-13...
2026-08-15 14:39:58,386 [INFO]   -> 2 jours récupérés pour TFC (source: ibkr)
2026-08-15 14:39:58,388 [INFO] [435/503] TGT (Target Corporation), depuis 2026-08-13...
2026-08-15 14:40:09,899 [INFO]   -> 2 jours récupérés pour TGT (source: ibkr)
2026-08-15 14:40:09,906 [INFO] [436/503] TJX (TJX Companies), depuis 2026-08-13...
2026-08-15 14:40:21,476 [INFO]   -> 2 jours récupérés pour TJX (source: ibkr)
2026-08-15 14:40:21,477 [INFO] [437/503] TKO (TKO Group Holdings), depuis 2026-08-13...
2026-08-15 14:40:33,034 [INFO]   -> 2 jours récupérés pour TKO (source: ibkr)
2026-08-15 14:40:33,036 [INFO] [438/503] TMO (Thermo Fisher Scientific), depuis 2026-08-13...
2026-08-15 14:40:44,482 [INFO]   -> 2 jours récupérés pour TMO (source: ibkr)
2026-08-15 14:40:44,482 [INFO] [439/503] TMUS (T-Mobile US), depuis 2026-08-13...
2026-08-15 14:40:55,841 [INFO]   -> 2 jours récupérés pour TMUS (source: ibkr)
2026-08-15 14:40:55,844 [INFO] [440/503] TPL (Texas Pacific Land Corporation), depuis 2026-08-13...
2026-08-15 14:41:07,325 [INFO]   -> 2 jours récupérés pour TPL (source: ibkr)
2026-08-15 14:41:07,326 [INFO] [441/503] TPR (Tapestry, Inc.), depuis 2026-08-13...
2026-08-15 14:41:18,781 [INFO]   -> 2 jours récupérés pour TPR (source: ibkr)
2026-08-15 14:41:18,784 [INFO] [442/503] TRGP (Targa Resources), depuis 2026-08-13...
2026-08-15 14:41:30,219 [INFO]   -> 2 jours récupérés pour TRGP (source: ibkr)
2026-08-15 14:41:30,220 [INFO] [443/503] TRMB (Trimble Inc.), depuis 2026-08-13...
2026-08-15 14:41:41,627 [INFO]   -> 2 jours récupérés pour TRMB (source: ibkr)
2026-08-15 14:41:41,629 [INFO] [444/503] TROW (T. Rowe Price), depuis 2026-08-13...
2026-08-15 14:41:53,219 [INFO]   -> 2 jours récupérés pour TROW (source: ibkr)
2026-08-15 14:41:53,220 [INFO] [445/503] TRV (Travelers Companies (The)), depuis 2026-08-13...
2026-08-15 14:42:04,713 [INFO]   -> 2 jours récupérés pour TRV (source: ibkr)
2026-08-15 14:42:04,714 [INFO] [446/503] TSCO (Tractor Supply), depuis 2026-08-13...
2026-08-15 14:42:16,121 [INFO]   -> 2 jours récupérés pour TSCO (source: ibkr)
2026-08-15 14:42:16,123 [INFO] [447/503] TSLA (Tesla, Inc.), depuis 2026-08-13...
2026-08-15 14:42:27,481 [INFO]   -> 2 jours récupérés pour TSLA (source: ibkr)
2026-08-15 14:42:27,483 [INFO] [448/503] TSN (Tyson Foods), depuis 2026-08-13...
2026-08-15 14:42:39,092 [INFO]   -> 2 jours récupérés pour TSN (source: ibkr)
2026-08-15 14:42:39,093 [INFO] [449/503] TT (Trane Technologies), depuis 2026-08-13...
2026-08-15 14:42:50,669 [INFO]   -> 2 jours récupérés pour TT (source: ibkr)
2026-08-15 14:42:50,671 [INFO] [450/503] TTD (Trade Desk (The)), depuis 2026-08-13...
2026-08-15 14:43:02,087 [INFO]   -> 2 jours récupérés pour TTD (source: ibkr)
2026-08-15 14:43:02,088 [INFO] [451/503] TTWO (Take-Two Interactive), depuis 2026-08-13...
2026-08-15 14:43:13,446 [INFO]   -> 2 jours récupérés pour TTWO (source: ibkr)
2026-08-15 14:43:13,446 [INFO] [452/503] TXN (Texas Instruments), depuis 2026-08-13...
2026-08-15 14:43:24,965 [INFO]   -> 2 jours récupérés pour TXN (source: ibkr)
2026-08-15 14:43:24,966 [INFO] [453/503] TXT (Textron), depuis 2026-08-13...
2026-08-15 14:43:36,530 [INFO]   -> 2 jours récupérés pour TXT (source: ibkr)
2026-08-15 14:43:36,532 [INFO] [454/503] TYL (Tyler Technologies), depuis 2026-08-13...
2026-08-15 14:43:47,923 [INFO]   -> 2 jours récupérés pour TYL (source: ibkr)
2026-08-15 14:43:47,924 [INFO] [455/503] UAL (United Airlines Holdings), depuis 2026-08-13...
2026-08-15 14:43:59,282 [INFO]   -> 2 jours récupérés pour UAL (source: ibkr)
2026-08-15 14:43:59,283 [INFO] [456/503] UBER (Uber), depuis 2026-08-13...
2026-08-15 14:44:10,710 [INFO]   -> 2 jours récupérés pour UBER (source: ibkr)
2026-08-15 14:44:10,711 [INFO] [457/503] UDR (UDR, Inc.), depuis 2026-08-13...
2026-08-15 14:44:22,313 [INFO]   -> 2 jours récupérés pour UDR (source: ibkr)
2026-08-15 14:44:22,313 [INFO] [458/503] UHS (Universal Health Services), depuis 2026-08-13...
2026-08-15 14:44:33,729 [INFO]   -> 2 jours récupérés pour UHS (source: ibkr)
2026-08-15 14:44:33,730 [INFO] [459/503] ULTA (Ulta Beauty), depuis 2026-08-13...
2026-08-15 14:44:45,107 [INFO]   -> 2 jours récupérés pour ULTA (source: ibkr)
2026-08-15 14:44:45,116 [INFO] [460/503] UNH (UnitedHealth Group), depuis 2026-08-13...
2026-08-15 14:44:56,650 [INFO]   -> 2 jours récupérés pour UNH (source: ibkr)
2026-08-15 14:44:56,655 [INFO] [461/503] UNP (Union Pacific Corporation), depuis 2026-08-13...
2026-08-15 14:45:08,260 [INFO]   -> 2 jours récupérés pour UNP (source: ibkr)
2026-08-15 14:45:08,260 [INFO] [462/503] UPS (United Parcel Service), depuis 2026-08-13...
2026-08-15 14:45:19,778 [INFO]   -> 2 jours récupérés pour UPS (source: ibkr)
2026-08-15 14:45:19,780 [INFO] [463/503] URI (United Rentals), depuis 2026-08-13...
2026-08-15 14:45:31,152 [INFO]   -> 2 jours récupérés pour URI (source: ibkr)
2026-08-15 14:45:31,153 [INFO] [464/503] USB (U.S. Bancorp), depuis 2026-08-13...
2026-08-15 14:45:42,697 [INFO]   -> 2 jours récupérés pour USB (source: ibkr)
2026-08-15 14:45:42,698 [INFO] [465/503] V (Visa Inc.), depuis 2026-08-13...
2026-08-15 14:45:54,109 [INFO]   -> 2 jours récupérés pour V (source: ibkr)
2026-08-15 14:45:54,110 [INFO] [466/503] VEEV (Veeva Systems), depuis 2026-08-13...
2026-08-15 14:46:05,536 [INFO]   -> 2 jours récupérés pour VEEV (source: ibkr)
2026-08-15 14:46:05,537 [INFO] [467/503] VICI (Vici Properties), depuis 2026-08-13...
2026-08-15 14:46:16,924 [INFO]   -> 2 jours récupérés pour VICI (source: ibkr)
2026-08-15 14:46:16,926 [INFO] [468/503] VLO (Valero Energy), depuis 2026-08-13...
2026-08-15 14:46:28,387 [INFO]   -> 2 jours récupérés pour VLO (source: ibkr)
2026-08-15 14:46:28,388 [INFO] [469/503] VLTO (Veralto), depuis 2026-08-13...
2026-08-15 14:46:39,786 [INFO]   -> 2 jours récupérés pour VLTO (source: ibkr)
2026-08-15 14:46:39,788 [INFO] [470/503] VMC (Vulcan Materials Company), depuis 2026-08-13...
2026-08-15 14:46:51,404 [INFO]   -> 2 jours récupérés pour VMC (source: ibkr)
2026-08-15 14:46:51,405 [INFO] [471/503] VRSK (Verisk Analytics), depuis 2026-08-13...
2026-08-15 14:47:02,766 [INFO]   -> 2 jours récupérés pour VRSK (source: ibkr)
2026-08-15 14:47:02,767 [INFO] [472/503] VRSN (Verisign), depuis 2026-08-13...
2026-08-15 14:47:14,174 [INFO]   -> 2 jours récupérés pour VRSN (source: ibkr)
2026-08-15 14:47:14,176 [INFO] [473/503] VRT (Vertiv), depuis 2026-08-13...
2026-08-15 14:47:25,608 [INFO]   -> 2 jours récupérés pour VRT (source: ibkr)
2026-08-15 14:47:25,609 [INFO] [474/503] VRTX (Vertex Pharmaceuticals), depuis 2026-08-13...
2026-08-15 14:47:37,034 [INFO]   -> 2 jours récupérés pour VRTX (source: ibkr)
2026-08-15 14:47:37,034 [INFO] [475/503] VST (Vistra Corp.), depuis 2026-08-13...
2026-08-15 14:47:48,471 [INFO]   -> 2 jours récupérés pour VST (source: ibkr)
2026-08-15 14:47:48,472 [INFO] [476/503] VTR (Ventas), depuis 2026-08-13...
2026-08-15 14:47:59,966 [INFO]   -> 2 jours récupérés pour VTR (source: ibkr)
2026-08-15 14:47:59,967 [INFO] [477/503] VTRS (Viatris), depuis 2026-08-13...
2026-08-15 14:48:11,334 [INFO]   -> 2 jours récupérés pour VTRS (source: ibkr)
2026-08-15 14:48:11,336 [INFO] [478/503] VZ (Verizon), depuis 2026-08-13...
2026-08-15 14:48:22,806 [INFO]   -> 2 jours récupérés pour VZ (source: ibkr)
2026-08-15 14:48:22,807 [INFO] [479/503] WAB (Wabtec), depuis 2026-08-13...
2026-08-15 14:48:34,653 [INFO]   -> 2 jours récupérés pour WAB (source: ibkr)
2026-08-15 14:48:34,654 [INFO] [480/503] WAT (Waters Corporation), depuis 2026-08-13...
2026-08-15 14:48:46,073 [INFO]   -> 2 jours récupérés pour WAT (source: ibkr)
2026-08-15 14:48:46,075 [INFO] [481/503] WBD (Warner Bros. Discovery), depuis 2026-08-13...
2026-08-15 14:48:57,430 [INFO]   -> 2 jours récupérés pour WBD (source: ibkr)
2026-08-15 14:48:57,430 [INFO] [482/503] WDAY (Workday, Inc.), depuis 2026-08-13...
2026-08-15 14:49:08,806 [INFO]   -> 2 jours récupérés pour WDAY (source: ibkr)
2026-08-15 14:49:08,810 [INFO] [483/503] WDC (Western Digital), depuis 2026-08-13...
2026-08-15 14:49:20,254 [INFO]   -> 2 jours récupérés pour WDC (source: ibkr)
2026-08-15 14:49:20,256 [INFO] [484/503] WEC (WEC Energy Group), depuis 2026-08-13...
2026-08-15 14:49:31,744 [INFO]   -> 2 jours récupérés pour WEC (source: ibkr)
2026-08-15 14:49:31,745 [INFO] [485/503] WELL (Welltower), depuis 2026-08-13...
2026-08-15 14:49:43,437 [INFO]   -> 2 jours récupérés pour WELL (source: ibkr)
2026-08-15 14:49:43,437 [INFO] [486/503] WFC (Wells Fargo), depuis 2026-08-13...
2026-08-15 14:49:54,900 [INFO]   -> 2 jours récupérés pour WFC (source: ibkr)
2026-08-15 14:49:54,902 [INFO] [487/503] WM (Waste Management), depuis 2026-08-13...
2026-08-15 14:50:06,366 [INFO]   -> 2 jours récupérés pour WM (source: ibkr)
2026-08-15 14:50:06,367 [INFO] [488/503] WMB (Williams Companies), depuis 2026-08-13...
2026-08-15 14:50:17,960 [INFO]   -> 2 jours récupérés pour WMB (source: ibkr)
2026-08-15 14:50:17,961 [INFO] [489/503] WMT (Walmart), depuis 2026-08-13...
2026-08-15 14:50:29,442 [INFO]   -> 2 jours récupérés pour WMT (source: ibkr)
2026-08-15 14:50:29,443 [INFO] [490/503] WRB (W. R. Berkley Corporation), depuis 2026-08-13...
2026-08-15 14:50:40,942 [INFO]   -> 2 jours récupérés pour WRB (source: ibkr)
2026-08-15 14:50:40,943 [INFO] [491/503] WSM (Williams-Sonoma, Inc.), depuis 2026-08-13...
2026-08-15 14:50:52,454 [INFO]   -> 2 jours récupérés pour WSM (source: ibkr)
2026-08-15 14:50:52,456 [INFO] [492/503] WST (West Pharmaceutical Services), depuis 2026-08-13...
2026-08-15 14:51:03,981 [INFO]   -> 2 jours récupérés pour WST (source: ibkr)
2026-08-15 14:51:03,981 [INFO] [493/503] WTW (Willis Towers Watson), depuis 2026-08-13...
2026-08-15 14:51:15,493 [INFO]   -> 2 jours récupérés pour WTW (source: ibkr)
2026-08-15 14:51:15,493 [INFO] [494/503] WY (Weyerhaeuser), depuis 2026-08-13...
2026-08-15 14:51:26,976 [INFO]   -> 2 jours récupérés pour WY (source: ibkr)
2026-08-15 14:51:26,978 [INFO] [495/503] WYNN (Wynn Resorts), depuis 2026-08-13...
2026-08-15 14:51:38,413 [INFO]   -> 2 jours récupérés pour WYNN (source: ibkr)
2026-08-15 14:51:38,414 [INFO] [496/503] XEL (Xcel Energy), depuis 2026-08-13...
2026-08-15 14:51:49,903 [INFO]   -> 2 jours récupérés pour XEL (source: ibkr)
2026-08-15 14:51:49,905 [INFO] [497/503] XOM (ExxonMobil), depuis 2026-08-13...
2026-08-15 14:52:01,580 [INFO]   -> 2 jours récupérés pour XOM (source: ibkr)
2026-08-15 14:52:01,581 [INFO] [498/503] XYL (Xylem Inc.), depuis 2026-08-13...
2026-08-15 14:52:13,019 [INFO]   -> 2 jours récupérés pour XYL (source: ibkr)
2026-08-15 14:52:13,020 [INFO] [499/503] XYZ (Block, Inc.), depuis 2026-08-13...
2026-08-15 14:52:24,381 [INFO]   -> 2 jours récupérés pour XYZ (source: ibkr)
2026-08-15 14:52:24,382 [INFO] [500/503] YUM (Yum! Brands), depuis 2026-08-13...
2026-08-15 14:52:35,883 [INFO]   -> 2 jours récupérés pour YUM (source: ibkr)
2026-08-15 14:52:35,883 [INFO] [501/503] ZBH (Zimmer Biomet), depuis 2026-08-13...
2026-08-15 14:52:47,494 [INFO]   -> 2 jours récupérés pour ZBH (source: ibkr)
2026-08-15 14:52:47,495 [INFO] [502/503] ZBRA (Zebra Technologies), depuis 2026-08-13...
2026-08-15 14:52:58,974 [INFO]   -> 2 jours récupérés pour ZBRA (source: ibkr)
2026-08-15 14:52:58,975 [INFO] [503/503] ZTS (Zoetis), depuis 2026-08-13...
2026-08-15 14:53:10,389 [INFO]   -> 2 jours récupérés pour ZTS (source: ibkr)
2026-08-15 14:53:10,399 [INFO] Disconnecting from 127.0.0.1:4002, 66.4 kB sent in 1012 messages, 801 kB received in 1893 messages, session time 5.79 ks.
2026-08-15 14:53:10,402 [INFO] Disconnecting
2026-08-15 14:53:10,407 [INFO] Déconnecté d'IBKR.
2026-08-15 14:53:10,408 [INFO] Terminé. OK: 502 | Échecs (trous de couverture): 1 | Déjà à jour (ignorés): 0 | Nouvelles lignes: 1004 | Sources: {'ibkr': 502}
2026-08-15 14:53:17,493 [INFO] Fichier écrit : data\prices\daily_prices.parquet (1919955 lignes au total, 1004 nouvelles/mises à jour ce run).
