2026-07-31 00:18:07,130 [INFO] Log file: data\prices\daily_prices_20260731_001807.log
2026-07-31 00:18:07,152 [INFO] Univers chargé : 503 tickers.
2026-07-31 00:18:07,211 [INFO] 0/503 tickers déjà à jour (ignorés), 503 à récupérer.
2026-07-31 00:18:07,394 [INFO] Connecting to 127.0.0.1:4002 with clientId 4...
2026-07-31 00:18:07,403 [INFO] Connected
2026-07-31 00:18:07,624 [INFO] Logged on to server version 176
2026-07-31 00:18:07,830 [INFO] API connection ready
2026-07-31 00:18:07,880 [INFO] Warning 2104, reqId -1: Market data farm connection is OK:eufarm
2026-07-31 00:18:07,885 [INFO] Warning 2106, reqId -1: HMDS data farm connection is OK:euhmds
2026-07-31 00:18:07,888 [INFO] Warning 2158, reqId -1: Sec-def data farm connection is OK:secdefeu
2026-07-31 00:18:08,655 [INFO] Synchronization complete
2026-07-31 00:18:08,657 [INFO] Connecté à IBKR sur 127.0.0.1:4002 (clientId=4)
2026-07-31 00:18:08,658 [INFO] [1/503] A (Agilent Technologies), depuis 2010-01-01...
2026-07-31 00:18:20,618 [INFO] Warning 2106, reqId -1: HMDS data farm connection is OK:ushmds
2026-07-31 00:18:36,419 [INFO]   -> 4168 jours récupérés pour A (source: ibkr)
2026-07-31 00:18:36,420 [INFO] [2/503] AAPL (Apple Inc.), depuis 2010-01-01...
2026-07-31 00:19:00,791 [INFO]   -> 4168 jours récupérés pour AAPL (source: ibkr)
2026-07-31 00:19:00,792 [INFO] [3/503] ABBV (AbbVie), depuis 2010-01-01...
2026-07-31 00:19:22,573 [INFO]   -> 3429 jours récupérés pour ABBV (source: ibkr)
2026-07-31 00:19:22,573 [INFO] [4/503] ABNB (Airbnb), depuis 2010-01-01...
2026-07-31 00:19:37,790 [INFO]   -> 1414 jours récupérés pour ABNB (source: ibkr)
2026-07-31 00:19:37,791 [INFO] [5/503] ABT (Abbott Laboratories), depuis 2010-01-01...
2026-07-31 00:19:55,641 [INFO]   -> 4168 jours récupérés pour ABT (source: ibkr)
2026-07-31 00:19:55,641 [INFO] [6/503] ACGL (Arch Capital Group), depuis 2010-01-01...
2026-07-31 00:20:11,580 [INFO]   -> 4168 jours récupérés pour ACGL (source: ibkr)
2026-07-31 00:20:11,581 [INFO] [7/503] ACN (Accenture), depuis 2010-01-01...
2026-07-31 00:20:26,757 [INFO]   -> 4168 jours récupérés pour ACN (source: ibkr)
2026-07-31 00:20:26,758 [INFO] [8/503] ADBE (Adobe Inc.), depuis 2010-01-01...
2026-07-31 00:20:42,335 [INFO]   -> 4168 jours récupérés pour ADBE (source: ibkr)
2026-07-31 00:20:42,336 [INFO] [9/503] ADI (Analog Devices), depuis 2010-01-01...
2026-07-31 00:20:59,952 [INFO]   -> 3602 jours récupérés pour ADI (source: ibkr)
2026-07-31 00:20:59,952 [INFO] [10/503] ADM (Archer Daniels Midland), depuis 2010-01-01...
2026-07-31 00:21:15,313 [INFO]   -> 4168 jours récupérés pour ADM (source: ibkr)
2026-07-31 00:21:15,314 [INFO] [11/503] ADP (Automatic Data Processing), depuis 2010-01-01...
2026-07-31 00:21:32,980 [INFO]   -> 4168 jours récupérés pour ADP (source: ibkr)
2026-07-31 00:21:32,980 [INFO] [12/503] ADSK (Autodesk), depuis 2010-01-01...
2026-07-31 00:21:50,194 [INFO]   -> 4168 jours récupérés pour ADSK (source: ibkr)
2026-07-31 00:21:50,194 [INFO] [13/503] AEE (Ameren), depuis 2010-01-01...
2026-07-31 00:22:05,353 [INFO]   -> 4168 jours récupérés pour AEE (source: ibkr)
2026-07-31 00:22:05,353 [INFO] [14/503] AEP (American Electric Power), depuis 2010-01-01...
2026-07-31 00:22:26,864 [INFO]   -> 4168 jours récupérés pour AEP (source: ibkr)
2026-07-31 00:22:26,865 [INFO] [15/503] AES (AES Corporation), depuis 2010-01-01...
2026-07-31 00:22:42,173 [INFO]   -> 4168 jours récupérés pour AES (source: ibkr)
2026-07-31 00:22:42,174 [INFO] [16/503] AFL (Aflac), depuis 2010-01-01...
2026-07-31 00:22:57,666 [INFO]   -> 4168 jours récupérés pour AFL (source: ibkr)
2026-07-31 00:22:57,666 [INFO] [17/503] AIG (American International Group), depuis 2010-01-01...
2026-07-31 00:23:11,171 [INFO]   -> 4168 jours récupérés pour AIG (source: ibkr)
2026-07-31 00:23:11,171 [INFO] [18/503] AIZ (Assurant), depuis 2010-01-01...
2026-07-31 00:23:24,456 [INFO]   -> 4168 jours récupérés pour AIZ (source: ibkr)
2026-07-31 00:23:24,457 [INFO] [19/503] AJG (Arthur J. Gallagher & Co.), depuis 2010-01-01...
2026-07-31 00:23:38,663 [INFO]   -> 4168 jours récupérés pour AJG (source: ibkr)
2026-07-31 00:23:38,663 [INFO] [20/503] AKAM (Akamai Technologies), depuis 2010-01-01...
2026-07-31 00:23:52,420 [INFO]   -> 4168 jours récupérés pour AKAM (source: ibkr)
2026-07-31 00:23:52,420 [INFO] [21/503] ALB (Albemarle Corporation), depuis 2010-01-01...
2026-07-31 00:24:06,506 [INFO]   -> 4168 jours récupérés pour ALB (source: ibkr)
2026-07-31 00:24:06,507 [INFO] [22/503] ALGN (Align Technology), depuis 2010-01-01...
2026-07-31 00:24:20,595 [INFO]   -> 4168 jours récupérés pour ALGN (source: ibkr)
2026-07-31 00:24:20,595 [INFO] [23/503] ALL (Allstate), depuis 2010-01-01...
2026-07-31 00:24:36,211 [INFO]   -> 4168 jours récupérés pour ALL (source: ibkr)
2026-07-31 00:24:36,212 [INFO] [24/503] ALLE (Allegion), depuis 2010-01-01...
2026-07-31 00:24:53,838 [INFO]   -> 3192 jours récupérés pour ALLE (source: ibkr)
2026-07-31 00:24:53,838 [INFO] [25/503] AMAT (Applied Materials), depuis 2010-01-01...
2026-07-31 00:25:07,638 [INFO]   -> 4168 jours récupérés pour AMAT (source: ibkr)
2026-07-31 00:25:07,640 [INFO] [26/503] AMCR (Amcor), depuis 2010-01-01...
2026-07-31 00:25:22,739 [INFO]   -> 1794 jours récupérés pour AMCR (source: ibkr)
2026-07-31 00:25:22,739 [INFO] [27/503] AMD (Advanced Micro Devices), depuis 2010-01-01...
2026-07-31 00:25:37,507 [INFO]   -> 2910 jours récupérés pour AMD (source: ibkr)
2026-07-31 00:25:37,507 [INFO] [28/503] AME (Ametek), depuis 2010-01-01...
2026-07-31 00:25:52,379 [INFO]   -> 4168 jours récupérés pour AME (source: ibkr)
2026-07-31 00:25:52,380 [INFO] [29/503] AMGN (Amgen), depuis 2010-01-01...
2026-07-31 00:26:06,587 [INFO]   -> 4168 jours récupérés pour AMGN (source: ibkr)
2026-07-31 00:26:06,588 [INFO] [30/503] AMP (Ameriprise Financial), depuis 2010-01-01...
2026-07-31 00:26:21,946 [INFO]   -> 4168 jours récupérés pour AMP (source: ibkr)
2026-07-31 00:26:21,946 [INFO] [31/503] AMT (American Tower), depuis 2010-01-01...
2026-07-31 00:26:42,653 [INFO]   -> 4168 jours récupérés pour AMT (source: ibkr)
2026-07-31 00:26:42,654 [INFO] [32/503] AMZN (Amazon), depuis 2010-01-01...
2026-07-31 00:27:05,044 [INFO]   -> 4168 jours récupérés pour AMZN (source: ibkr)
2026-07-31 00:27:05,044 [INFO] [33/503] ANET (Arista Networks), depuis 2010-01-01...
2026-07-31 00:27:20,973 [INFO]   -> 3055 jours récupérés pour ANET (source: ibkr)
2026-07-31 00:27:20,974 [INFO] [34/503] AON (Aon plc), depuis 2010-01-01...
2026-07-31 00:27:38,647 [INFO]   -> 4168 jours récupérés pour AON (source: ibkr)
2026-07-31 00:27:38,648 [INFO] [35/503] AOS (A. O. Smith), depuis 2010-01-01...
2026-07-31 00:27:57,387 [INFO]   -> 4168 jours récupérés pour AOS (source: ibkr)
2026-07-31 00:27:57,388 [INFO] [36/503] APA (APA Corporation), depuis 2010-01-01...
2026-07-31 00:28:17,965 [INFO]   -> 4168 jours récupérés pour APA (source: ibkr)
2026-07-31 00:28:17,966 [INFO] [37/503] APD (Air Products), depuis 2010-01-01...
2026-07-31 00:28:43,720 [INFO]   -> 4168 jours récupérés pour APD (source: ibkr)
2026-07-31 00:28:43,721 [INFO] [38/503] APH (Amphenol), depuis 2010-01-01...
2026-07-31 00:29:55,297 [WARNING] reqHistoricalData: Timeout for Contract(secType='STK', conId=4493, symbol='APH', exchange='SMART', primaryExchange='NYSE', currency='USD', localSymbol='APH', tradingClass='APH')
2026-07-31 00:30:42,547 [WARNING]   -> ECHEC (ni IBKR ni Stooq) pour APH : Aucune donnée (ni IBKR ni Stooq) pour APH -- TROU DE COUVERTURE.
2026-07-31 00:30:42,549 [INFO] [39/503] APO (Apollo Global Management), depuis 2010-01-01...
2026-07-31 00:30:42,551 [ERROR] Error 162, reqId 78: Historical Market Data Service error message:API historical data query cancelled: 78, contract: Contract(secType='STK', conId=4493, symbol='APH', exchange='SMART', primaryExchange='NYSE', currency='USD', localSymbol='APH', tradingClass='APH')
2026-07-31 00:30:42,553 [INFO] Warning 2157, reqId -1: Sec-def data farm connection is broken:secdefeu
2026-07-31 00:30:42,555 [INFO] Warning 2105, reqId -1: HMDS data farm connection is broken:euhmds
2026-07-31 00:30:42,557 [INFO] Warning 2103, reqId -1: Market data farm connection is broken:eufarm
2026-07-31 00:30:42,572 [INFO] Warning 2157, reqId -1: Sec-def data farm connection is broken:secdefeu
2026-07-31 00:30:42,575 [INFO] Warning 2105, reqId -1: HMDS data farm connection is broken:euhmds
2026-07-31 00:30:42,578 [INFO] Warning 2103, reqId -1: Market data farm connection is broken:eufarm
2026-07-31 00:31:12,472 [INFO] Warning 2158, reqId -1: Sec-def data farm connection is OK:secdefeu
2026-07-31 00:31:12,491 [INFO] Warning 2106, reqId -1: HMDS data farm connection is OK:euhmds
2026-07-31 00:31:12,702 [INFO] Warning 2104, reqId -1: Market data farm connection is OK:eufarm
2026-07-31 00:31:30,832 [INFO] Warning 2105, reqId -1: HMDS data farm connection is broken:ushmds
2026-07-31 00:31:32,411 [INFO] Warning 2106, reqId -1: HMDS data farm connection is OK:ushmds
2026-07-31 00:32:06,745 [INFO]   -> 2421 jours récupérés pour APO (source: ibkr)
2026-07-31 00:32:06,745 [INFO] [40/503] APP (AppLovin), depuis 2010-01-01...
2026-07-31 00:32:20,084 [INFO]   -> 1329 jours récupérés pour APP (source: ibkr)
2026-07-31 00:32:20,084 [INFO] [41/503] APTV (Aptiv), depuis 2010-01-01...
2026-07-31 00:32:34,722 [INFO]   -> 3694 jours récupérés pour APTV (source: ibkr)
2026-07-31 00:32:34,723 [INFO] [42/503] ARE (Alexandria Real Estate Equities), depuis 2010-01-01...
2026-07-31 00:32:49,971 [INFO]   -> 4168 jours récupérés pour ARE (source: ibkr)
2026-07-31 00:32:49,971 [INFO] [43/503] ARES (Ares Management), depuis 2010-01-01...
2026-07-31 00:33:04,607 [INFO]   -> 3079 jours récupérés pour ARES (source: ibkr)
2026-07-31 00:33:04,608 [INFO] [44/503] ATO (Atmos Energy), depuis 2010-01-01...
2026-07-31 00:33:18,328 [INFO]   -> 4168 jours récupérés pour ATO (source: ibkr)
2026-07-31 00:33:18,329 [INFO] [45/503] AVB (AvalonBay Communities), depuis 2010-01-01...
2026-07-31 00:33:32,539 [INFO]   -> 4168 jours récupérés pour AVB (source: ibkr)
2026-07-31 00:33:32,539 [INFO] [46/503] AVGO (Broadcom), depuis 2010-01-01...
2026-07-31 00:33:46,148 [INFO]   -> 2637 jours récupérés pour AVGO (source: ibkr)
2026-07-31 00:33:46,149 [INFO] [47/503] AVY (Avery Dennison), depuis 2010-01-01...
2026-07-31 00:34:00,695 [INFO]   -> 4168 jours récupérés pour AVY (source: ibkr)
2026-07-31 00:34:00,696 [INFO] [48/503] AWK (American Water Works), depuis 2010-01-01...
2026-07-31 00:34:14,364 [INFO]   -> 4168 jours récupérés pour AWK (source: ibkr)
2026-07-31 00:34:14,365 [INFO] [49/503] AXON (Axon Enterprise), depuis 2010-01-01...
2026-07-31 00:34:29,154 [INFO]   -> 4168 jours récupérés pour AXON (source: ibkr)
2026-07-31 00:34:29,155 [INFO] [50/503] AXP (American Express), depuis 2010-01-01...
2026-07-31 00:34:42,782 [INFO]   -> 4168 jours récupérés pour AXP (source: ibkr)
2026-07-31 00:34:42,782 [INFO] [51/503] AZO (AutoZone), depuis 2010-01-01...
2026-07-31 00:34:56,435 [INFO]   -> 4168 jours récupérés pour AZO (source: ibkr)
2026-07-31 00:34:56,436 [INFO] [52/503] BA (Boeing), depuis 2010-01-01...
2026-07-31 00:35:10,796 [INFO]   -> 4168 jours récupérés pour BA (source: ibkr)
2026-07-31 00:35:10,797 [INFO] [53/503] BAC (Bank of America), depuis 2010-01-01...
2026-07-31 00:35:26,186 [INFO]   -> 4168 jours récupérés pour BAC (source: ibkr)
2026-07-31 00:35:26,187 [INFO] [54/503] BALL (Ball Corporation), depuis 2010-01-01...
2026-07-31 00:35:39,884 [INFO]   -> 4168 jours récupérés pour BALL (source: ibkr)
2026-07-31 00:35:39,884 [INFO] [55/503] BAX (Baxter International), depuis 2010-01-01...
2026-07-31 00:35:56,438 [INFO]   -> 4168 jours récupérés pour BAX (source: ibkr)
2026-07-31 00:35:56,439 [INFO] [56/503] BBY (Best Buy), depuis 2010-01-01...
2026-07-31 00:36:10,714 [INFO]   -> 4168 jours récupérés pour BBY (source: ibkr)
2026-07-31 00:36:10,714 [INFO] [57/503] BDX (Becton Dickinson), depuis 2010-01-01...
2026-07-31 00:36:26,547 [INFO]   -> 4168 jours récupérés pour BDX (source: ibkr)
2026-07-31 00:36:26,548 [INFO] [58/503] BEN (Franklin Resources), depuis 2010-01-01...
2026-07-31 00:36:40,175 [INFO]   -> 4168 jours récupérés pour BEN (source: ibkr)
2026-07-31 00:36:40,176 [INFO] [59/503] BF B (Brown–Forman), depuis 2010-01-01...
2026-07-31 00:36:54,023 [INFO]   -> 4168 jours récupérés pour BF B (source: ibkr)
2026-07-31 00:36:54,023 [INFO] [60/503] BG (Bunge Global), depuis 2010-01-01...
2026-07-31 00:37:08,425 [INFO]   -> 4168 jours récupérés pour BG (source: ibkr)
2026-07-31 00:37:08,426 [INFO] [61/503] BIIB (Biogen), depuis 2010-01-01...
2026-07-31 00:37:22,177 [INFO]   -> 4168 jours récupérés pour BIIB (source: ibkr)
2026-07-31 00:37:22,177 [INFO] [62/503] BKNG (Booking Holdings), depuis 2010-01-01...
2026-07-31 00:37:38,400 [INFO]   -> 4168 jours récupérés pour BKNG (source: ibkr)
2026-07-31 00:37:38,400 [INFO] [63/503] BKR (Baker Hughes), depuis 2010-01-01...
2026-07-31 00:37:54,451 [INFO]   -> 2280 jours récupérés pour BKR (source: ibkr)
2026-07-31 00:37:54,451 [INFO] [64/503] BLDR (Builders FirstSource), depuis 2010-01-01...
2026-07-31 00:38:09,509 [INFO]   -> 4168 jours récupérés pour BLDR (source: ibkr)
2026-07-31 00:38:09,510 [INFO] [65/503] BLK (BlackRock), depuis 2010-01-01...
2026-07-31 00:38:23,791 [INFO]   -> 4168 jours récupérés pour BLK (source: ibkr)
2026-07-31 00:38:23,792 [INFO] [66/503] BMY (Bristol Myers Squibb), depuis 2010-01-01...
2026-07-31 00:38:38,382 [INFO]   -> 4168 jours récupérés pour BMY (source: ibkr)
2026-07-31 00:38:38,382 [INFO] [67/503] BNY (BNY Mellon), depuis 2010-01-01...
2026-07-31 00:38:57,730 [INFO]   -> 4168 jours récupérés pour BNY (source: ibkr)
2026-07-31 00:38:57,731 [INFO] [68/503] BR (Broadridge Financial Solutions), depuis 2010-01-01...
2026-07-31 00:39:13,754 [INFO]   -> 4168 jours récupérés pour BR (source: ibkr)
2026-07-31 00:39:13,755 [INFO] [69/503] BRK B (Berkshire Hathaway), depuis 2010-01-01...
2026-07-31 00:39:28,141 [INFO]   -> 4168 jours récupérés pour BRK B (source: ibkr)
2026-07-31 00:39:28,141 [INFO] [70/503] BRO (Brown & Brown), depuis 2010-01-01...
2026-07-31 00:39:46,284 [INFO]   -> 4168 jours récupérés pour BRO (source: ibkr)
2026-07-31 00:39:46,285 [INFO] [71/503] BSX (Boston Scientific), depuis 2010-01-01...
2026-07-31 00:40:01,424 [INFO]   -> 4168 jours récupérés pour BSX (source: ibkr)
2026-07-31 00:40:01,424 [INFO] [72/503] BX (Blackstone Inc.), depuis 2010-01-01...
2026-07-31 00:40:17,154 [INFO]   -> 4168 jours récupérés pour BX (source: ibkr)
2026-07-31 00:40:17,155 [INFO] [73/503] BXP (BXP, Inc.), depuis 2010-01-01...
2026-07-31 00:40:31,333 [INFO]   -> 4168 jours récupérés pour BXP (source: ibkr)
2026-07-31 00:40:31,337 [INFO] [74/503] C (Citigroup), depuis 2010-01-01...
2026-07-31 00:40:47,316 [INFO]   -> 4168 jours récupérés pour C (source: ibkr)
2026-07-31 00:40:47,317 [INFO] [75/503] CAH (Cardinal Health), depuis 2010-01-01...
2026-07-31 00:41:39,986 [INFO] Warning 2105, reqId -1: HMDS data farm connection is broken:ushmds
2026-07-31 00:41:56,214 [INFO] Warning 2103, reqId -1: Market data farm connection is broken:eufarm
2026-07-31 00:41:58,153 [INFO] Warning 2104, reqId -1: Market data farm connection is OK:eufarm
2026-07-31 00:41:59,736 [INFO] Warning 2157, reqId -1: Sec-def data farm connection is broken:secdefeu
2026-07-31 00:42:00,234 [INFO] Warning 2158, reqId -1: Sec-def data farm connection is OK:secdefeu
2026-07-31 00:42:00,944 [INFO] Warning 2105, reqId -1: HMDS data farm connection is broken:euhmds
2026-07-31 00:42:01,441 [INFO] Warning 2106, reqId -1: HMDS data farm connection is OK:euhmds
2026-07-31 00:42:06,571 [INFO] Warning 2106, reqId -1: HMDS data farm connection is OK:ushmds
2026-07-31 00:42:20,357 [INFO]   -> 4168 jours récupérés pour CAH (source: ibkr)
2026-07-31 00:42:20,358 [INFO] [76/503] CARR (Carrier Global), depuis 2010-01-01...
2026-07-31 00:42:33,421 [INFO]   -> 1599 jours récupérés pour CARR (source: ibkr)
2026-07-31 00:42:33,422 [INFO] [77/503] CASY (Casey's), depuis 2010-01-01...
2026-07-31 00:42:47,304 [INFO]   -> 4168 jours récupérés pour CASY (source: ibkr)
2026-07-31 00:42:47,305 [INFO] [78/503] CAT (Caterpillar Inc.), depuis 2010-01-01...
2026-07-31 00:42:47,306 [INFO] Warning 2105, reqId -1: HMDS data farm connection is broken:ushmds
2026-07-31 00:42:47,308 [INFO] Warning 2106, reqId -1: HMDS data farm connection is OK:ushmds
2026-07-31 00:43:04,034 [INFO]   -> 4168 jours récupérés pour CAT (source: ibkr)
2026-07-31 00:43:04,035 [INFO] [79/503] CB (Chubb Limited), depuis 2010-01-01...
2026-07-31 00:43:17,903 [INFO]   -> 4168 jours récupérés pour CB (source: ibkr)
2026-07-31 00:43:17,904 [INFO] [80/503] CBOE (Cboe Global Markets), depuis 2010-01-01...
2026-07-31 00:43:31,511 [INFO]   -> 4056 jours récupérés pour CBOE (source: ibkr)
2026-07-31 00:43:31,512 [INFO] [81/503] CBRE (CBRE Group), depuis 2010-01-01...
2026-07-31 00:43:46,057 [INFO]   -> 4167 jours récupérés pour CBRE (source: ibkr)
2026-07-31 00:43:46,057 [INFO] [82/503] CCI (Crown Castle), depuis 2010-01-01...
2026-07-31 00:43:59,794 [INFO]   -> 4168 jours récupérés pour CCI (source: ibkr)
2026-07-31 00:43:59,794 [INFO] [83/503] CCL (Carnival Corporation), depuis 2010-01-01...
2026-07-31 00:44:13,584 [INFO]   -> 4168 jours récupérés pour CCL (source: ibkr)
2026-07-31 00:44:13,585 [INFO] [84/503] CDNS (Cadence Design Systems), depuis 2010-01-01...
2026-07-31 00:44:26,772 [INFO]   -> 4168 jours récupérés pour CDNS (source: ibkr)
2026-07-31 00:44:26,773 [INFO] [85/503] CDW (CDW Corporation), depuis 2010-01-01...
2026-07-31 00:44:47,652 [INFO]   -> 3292 jours récupérés pour CDW (source: ibkr)
2026-07-31 00:44:47,652 [INFO] [86/503] CEG (Constellation Energy), depuis 2010-01-01...
2026-07-31 00:45:06,155 [INFO]   -> 1136 jours récupérés pour CEG (source: ibkr)
2026-07-31 00:45:06,155 [INFO] [87/503] CF (CF Industries), depuis 2010-01-01...
2026-07-31 00:45:30,903 [INFO]   -> 4168 jours récupérés pour CF (source: ibkr)
2026-07-31 00:45:30,904 [INFO] [88/503] CFG (Citizens Financial Group), depuis 2010-01-01...
2026-07-31 00:45:52,922 [INFO]   -> 2979 jours récupérés pour CFG (source: ibkr)
2026-07-31 00:45:52,922 [INFO] [89/503] CHD (Church & Dwight), depuis 2010-01-01...
2026-07-31 00:46:12,272 [INFO]   -> 4168 jours récupérés pour CHD (source: ibkr)
2026-07-31 00:46:12,273 [INFO] [90/503] CHRW (C.H. Robinson), depuis 2010-01-01...
2026-07-31 00:46:28,940 [INFO]   -> 4168 jours récupérés pour CHRW (source: ibkr)
2026-07-31 00:46:28,942 [INFO] [91/503] CHTR (Charter Communications), depuis 2010-01-01...
2026-07-31 00:46:51,589 [INFO]   -> 3993 jours récupérés pour CHTR (source: ibkr)
2026-07-31 00:46:51,589 [INFO] [92/503] CI (Cigna), depuis 2010-01-01...
2026-07-31 00:47:13,616 [INFO]   -> 4168 jours récupérés pour CI (source: ibkr)
2026-07-31 00:47:13,617 [INFO] [93/503] CIEN (Ciena), depuis 2010-01-01...
2026-07-31 00:47:39,263 [INFO]   -> 4168 jours récupérés pour CIEN (source: ibkr)
2026-07-31 00:47:39,264 [INFO] [94/503] CINF (Cincinnati Financial), depuis 2010-01-01...
2026-07-31 00:47:57,124 [INFO]   -> 4168 jours récupérés pour CINF (source: ibkr)
2026-07-31 00:47:57,124 [INFO] [95/503] CL (Colgate-Palmolive), depuis 2010-01-01...
2026-07-31 00:48:11,461 [INFO]   -> 4168 jours récupérés pour CL (source: ibkr)
2026-07-31 00:48:11,462 [INFO] [96/503] CLX (Clorox), depuis 2010-01-01...
2026-07-31 00:48:25,485 [INFO]   -> 4168 jours récupérés pour CLX (source: ibkr)
2026-07-31 00:48:25,485 [INFO] [97/503] CMCSA (Comcast), depuis 2010-01-01...
2026-07-31 00:49:11,626 [INFO] Warning 2105, reqId -1: HMDS data farm connection is broken:euhmds
2026-07-31 00:49:36,478 [INFO]   -> 4168 jours récupérés pour CMCSA (source: ibkr)
2026-07-31 00:49:36,479 [INFO] [98/503] CME (CME Group), depuis 2010-01-01...
2026-07-31 00:49:36,480 [INFO] Warning 2106, reqId -1: HMDS data farm connection is OK:euhmds
2026-07-31 00:49:51,095 [INFO]   -> 4168 jours récupérés pour CME (source: ibkr)
2026-07-31 00:49:51,095 [INFO] [99/503] CMG (Chipotle Mexican Grill), depuis 2010-01-01...
2026-07-31 00:50:05,210 [INFO]   -> 4168 jours récupérés pour CMG (source: ibkr)
2026-07-31 00:50:05,210 [INFO] [100/503] CMI (Cummins), depuis 2010-01-01...
2026-07-31 00:50:21,179 [INFO]   -> 4168 jours récupérés pour CMI (source: ibkr)
2026-07-31 00:50:21,180 [INFO] [101/503] CMS (CMS Energy), depuis 2010-01-01...
2026-07-31 00:50:37,305 [INFO]   -> 4168 jours récupérés pour CMS (source: ibkr)
2026-07-31 00:50:37,306 [INFO] [102/503] CNC (Centene Corporation), depuis 2010-01-01...
2026-07-31 00:50:53,842 [INFO]   -> 4168 jours récupérés pour CNC (source: ibkr)
2026-07-31 00:50:53,843 [INFO] [103/503] CNP (CenterPoint Energy), depuis 2010-01-01...
2026-07-31 00:51:09,785 [INFO]   -> 4168 jours récupérés pour CNP (source: ibkr)
2026-07-31 00:51:09,786 [INFO] [104/503] COF (Capital One), depuis 2010-01-01...
2026-07-31 00:51:23,920 [INFO]   -> 4168 jours récupérés pour COF (source: ibkr)
2026-07-31 00:51:23,921 [INFO] [105/503] COHR (Coherent Corp.), depuis 2010-01-01...
2026-07-31 00:51:37,899 [INFO]   -> 4168 jours récupérés pour COHR (source: ibkr)
2026-07-31 00:51:37,900 [INFO] [106/503] COIN (Coinbase), depuis 2010-01-01...
2026-07-31 00:51:50,828 [INFO]   -> 1330 jours récupérés pour COIN (source: ibkr)
2026-07-31 00:51:50,829 [INFO] [107/503] COO (Cooper Companies (The)), depuis 2010-01-01...
2026-07-31 00:52:03,962 [INFO]   -> 713 jours récupérés pour COO (source: ibkr)
2026-07-31 00:52:03,963 [INFO] [108/503] COP (ConocoPhillips), depuis 2010-01-01...
2026-07-31 00:52:30,789 [INFO]   -> 4168 jours récupérés pour COP (source: ibkr)
2026-07-31 00:52:30,790 [INFO] [109/503] COR (Cencora), depuis 2010-01-01...
2026-07-31 00:52:52,005 [INFO]   -> 4168 jours récupérés pour COR (source: ibkr)
2026-07-31 00:52:52,006 [INFO] [110/503] COST (Costco), depuis 2010-01-01...
2026-07-31 00:53:09,523 [INFO]   -> 4168 jours récupérés pour COST (source: ibkr)
2026-07-31 00:53:09,524 [INFO] [111/503] CPAY (Corpay), depuis 2010-01-01...
2026-07-31 00:53:23,911 [INFO]   -> 3928 jours récupérés pour CPAY (source: ibkr)
2026-07-31 00:53:23,912 [INFO] [112/503] CPRT (Copart), depuis 2010-01-01...
2026-07-31 00:53:38,555 [INFO]   -> 4168 jours récupérés pour CPRT (source: ibkr)
2026-07-31 00:53:38,556 [INFO] [113/503] CPT (Camden Property Trust), depuis 2010-01-01...
2026-07-31 00:53:52,848 [INFO]   -> 4168 jours récupérés pour CPT (source: ibkr)
2026-07-31 00:53:52,851 [INFO] [114/503] CRH (CRH plc), depuis 2010-01-01...
2026-07-31 00:54:06,981 [INFO]   -> 714 jours récupérés pour CRH (source: ibkr)
2026-07-31 00:54:06,983 [INFO] [115/503] CRL (Charles River Laboratories), depuis 2010-01-01...
2026-07-31 00:54:20,962 [INFO]   -> 4168 jours récupérés pour CRL (source: ibkr)
2026-07-31 00:54:20,963 [INFO] [116/503] CRM (Salesforce), depuis 2010-01-01...
2026-07-31 00:54:35,980 [INFO]   -> 4168 jours récupérés pour CRM (source: ibkr)
2026-07-31 00:54:35,981 [INFO] [117/503] CRWD (CrowdStrike), depuis 2010-01-01...
2026-07-31 00:54:52,437 [INFO]   -> 1793 jours récupérés pour CRWD (source: ibkr)
2026-07-31 00:54:52,437 [INFO] [118/503] CSCO (Cisco), depuis 2010-01-01...
2026-07-31 00:55:08,934 [INFO]   -> 4168 jours récupérés pour CSCO (source: ibkr)
2026-07-31 00:55:08,935 [INFO] [119/503] CSGP (CoStar Group), depuis 2010-01-01...
2026-07-31 00:55:25,349 [INFO]   -> 4168 jours récupérés pour CSGP (source: ibkr)
2026-07-31 00:55:25,350 [INFO] [120/503] CSX (CSX Corporation), depuis 2010-01-01...
2026-07-31 00:55:40,140 [INFO]   -> 2665 jours récupérés pour CSX (source: ibkr)
2026-07-31 00:55:40,141 [INFO] [121/503] CTAS (Cintas), depuis 2010-01-01...
2026-07-31 00:55:56,181 [INFO]   -> 4168 jours récupérés pour CTAS (source: ibkr)
2026-07-31 00:55:56,182 [INFO] [122/503] CTSH (Cognizant), depuis 2010-01-01...
2026-07-31 00:56:10,918 [INFO]   -> 4168 jours récupérés pour CTSH (source: ibkr)
2026-07-31 00:56:10,919 [INFO] [123/503] CTVA (Corteva), depuis 2010-01-01...
2026-07-31 00:56:24,385 [INFO]   -> 1805 jours récupérés pour CTVA (source: ibkr)
2026-07-31 00:56:24,386 [INFO] [124/503] CVNA (Carvana), depuis 2010-01-01...
2026-07-31 00:56:37,438 [INFO]   -> 2326 jours récupérés pour CVNA (source: ibkr)
2026-07-31 00:56:37,438 [INFO] [125/503] CVS (CVS Health), depuis 2010-01-01...
2026-07-31 00:56:52,111 [INFO]   -> 4168 jours récupérés pour CVS (source: ibkr)
2026-07-31 00:56:52,112 [INFO] [126/503] CVX (Chevron Corporation), depuis 2010-01-01...
2026-07-31 00:57:07,095 [INFO]   -> 4168 jours récupérés pour CVX (source: ibkr)
2026-07-31 00:57:07,096 [INFO] [127/503] D (Dominion Energy), depuis 2010-01-01...
2026-07-31 00:57:21,570 [INFO]   -> 4168 jours récupérés pour D (source: ibkr)
2026-07-31 00:57:21,571 [INFO] [128/503] DAL (Delta Air Lines), depuis 2010-01-01...
2026-07-31 00:57:43,557 [INFO]   -> 4168 jours récupérés pour DAL (source: ibkr)
2026-07-31 00:57:43,558 [INFO] [129/503] DASH (DoorDash), depuis 2010-01-01...
2026-07-31 00:58:02,052 [INFO]   -> 1415 jours récupérés pour DASH (source: ibkr)
2026-07-31 00:58:02,052 [INFO] [130/503] DD (DuPont), depuis 2010-01-01...
2026-07-31 00:58:18,837 [INFO]   -> 2238 jours récupérés pour DD (source: ibkr)
2026-07-31 00:58:18,837 [INFO] [131/503] DDOG (Datadog), depuis 2010-01-01...
2026-07-31 00:58:33,688 [INFO]   -> 1724 jours récupérés pour DDOG (source: ibkr)
2026-07-31 00:58:33,689 [INFO] [132/503] DE (Deere & Company), depuis 2010-01-01...
2026-07-31 00:58:50,421 [INFO]   -> 4168 jours récupérés pour DE (source: ibkr)
2026-07-31 00:58:50,422 [INFO] [133/503] DECK (Deckers Brands), depuis 2010-01-01...
2026-07-31 00:59:11,352 [INFO]   -> 4168 jours récupérés pour DECK (source: ibkr)
2026-07-31 00:59:11,353 [INFO] [134/503] DELL (Dell Technologies), depuis 2010-01-01...
2026-07-31 00:59:26,870 [INFO]   -> 1910 jours récupérés pour DELL (source: ibkr)
2026-07-31 00:59:26,871 [INFO] [135/503] DG (Dollar General), depuis 2010-01-01...
2026-07-31 00:59:41,309 [INFO]   -> 4168 jours récupérés pour DG (source: ibkr)
2026-07-31 00:59:41,312 [INFO] [136/503] DGX (Quest Diagnostics), depuis 2010-01-01...
2026-07-31 00:59:56,854 [INFO]   -> 4168 jours récupérés pour DGX (source: ibkr)
2026-07-31 00:59:56,855 [INFO] [137/503] DHI (D. R. Horton), depuis 2010-01-01...
2026-07-31 01:00:15,092 [INFO]   -> 4168 jours récupérés pour DHI (source: ibkr)
2026-07-31 01:00:15,093 [INFO] [138/503] DHR (Danaher Corporation), depuis 2010-01-01...
2026-07-31 01:00:31,167 [INFO]   -> 4168 jours récupérés pour DHR (source: ibkr)
2026-07-31 01:00:31,168 [INFO] [139/503] DIS (Walt Disney Company (The)), depuis 2010-01-01...
2026-07-31 01:00:48,597 [INFO]   -> 4168 jours récupérés pour DIS (source: ibkr)
2026-07-31 01:00:48,598 [INFO] [140/503] DLR (Digital Realty), depuis 2010-01-01...
2026-07-31 01:01:04,437 [INFO]   -> 4168 jours récupérés pour DLR (source: ibkr)
2026-07-31 01:01:04,439 [INFO] [141/503] DLTR (Dollar Tree), depuis 2010-01-01...
2026-07-31 01:01:19,902 [INFO]   -> 4168 jours récupérés pour DLTR (source: ibkr)
2026-07-31 01:01:19,903 [INFO] [142/503] DOC (Healthpeak Properties), depuis 2010-01-01...
2026-07-31 01:01:43,949 [INFO]   -> 4168 jours récupérés pour DOC (source: ibkr)
2026-07-31 01:01:43,950 [INFO] [143/503] DOV (Dover Corporation), depuis 2010-01-01...
2026-07-31 01:02:03,362 [INFO]   -> 4168 jours récupérés pour DOV (source: ibkr)
2026-07-31 01:02:03,363 [INFO] [144/503] DOW (Dow Inc.), depuis 2010-01-01...
2026-07-31 01:02:21,906 [INFO]   -> 1851 jours récupérés pour DOW (source: ibkr)
2026-07-31 01:02:21,906 [INFO] [145/503] DPZ (Domino's), depuis 2010-01-01...
2026-07-31 01:02:48,183 [INFO]   -> 4168 jours récupérés pour DPZ (source: ibkr)
2026-07-31 01:02:48,184 [INFO] [146/503] DRI (Darden Restaurants), depuis 2010-01-01...
2026-07-31 01:03:08,792 [INFO]   -> 4168 jours récupérés pour DRI (source: ibkr)
2026-07-31 01:03:08,792 [INFO] [147/503] DTE (DTE Energy), depuis 2010-01-01...
2026-07-31 01:03:23,619 [INFO]   -> 4168 jours récupérés pour DTE (source: ibkr)
2026-07-31 01:03:23,620 [INFO] [148/503] DUK (Duke Energy), depuis 2010-01-01...
2026-07-31 01:03:39,238 [INFO]   -> 4168 jours récupérés pour DUK (source: ibkr)
2026-07-31 01:03:39,239 [INFO] [149/503] DVA (DaVita), depuis 2010-01-01...
2026-07-31 01:03:55,513 [INFO]   -> 4168 jours récupérés pour DVA (source: ibkr)
2026-07-31 01:03:55,516 [INFO] [150/503] DVN (Devon Energy), depuis 2010-01-01...
2026-07-31 01:04:12,732 [INFO]   -> 4168 jours récupérés pour DVN (source: ibkr)
2026-07-31 01:04:12,733 [INFO] [151/503] DXCM (Dexcom), depuis 2010-01-01...
2026-07-31 01:04:26,739 [INFO]   -> 4168 jours récupérés pour DXCM (source: ibkr)
2026-07-31 01:04:26,740 [INFO] [152/503] EA (Electronic Arts), depuis 2010-01-01...
2026-07-31 01:04:41,366 [INFO]   -> 4168 jours récupérés pour EA (source: ibkr)
2026-07-31 01:04:41,366 [INFO] [153/503] EBAY (eBay Inc.), depuis 2010-01-01...
2026-07-31 01:04:56,549 [INFO]   -> 4168 jours récupérés pour EBAY (source: ibkr)
2026-07-31 01:04:56,550 [INFO] [154/503] ECHO (EchoStar), depuis 2010-01-01...
2026-07-31 01:05:11,683 [INFO]   -> 4168 jours récupérés pour ECHO (source: ibkr)
2026-07-31 01:05:11,683 [INFO] [155/503] ECL (Ecolab), depuis 2010-01-01...
2026-07-31 01:05:26,794 [INFO]   -> 4168 jours récupérés pour ECL (source: ibkr)
2026-07-31 01:05:26,798 [INFO] [156/503] ED (Consolidated Edison), depuis 2010-01-01...
2026-07-31 01:05:41,837 [INFO]   -> 4168 jours récupérés pour ED (source: ibkr)
2026-07-31 01:05:41,838 [INFO] [157/503] EFX (Equifax), depuis 2010-01-01...
2026-07-31 01:05:56,406 [INFO]   -> 4168 jours récupérés pour EFX (source: ibkr)
2026-07-31 01:05:56,407 [INFO] [158/503] EG (Everest Group), depuis 2010-01-01...
2026-07-31 01:06:10,900 [INFO]   -> 4168 jours récupérés pour EG (source: ibkr)
2026-07-31 01:06:10,900 [INFO] [159/503] EIX (Edison International), depuis 2010-01-01...
2026-07-31 01:06:28,224 [INFO]   -> 4168 jours récupérés pour EIX (source: ibkr)
2026-07-31 01:06:28,225 [INFO] [160/503] EL (Estée Lauder Companies (The)), depuis 2010-01-01...
2026-07-31 01:06:45,095 [INFO]   -> 4168 jours récupérés pour EL (source: ibkr)
2026-07-31 01:06:45,096 [INFO] [161/503] ELV (Elevance Health), depuis 2010-01-01...
2026-07-31 01:06:59,421 [INFO]   -> 4168 jours récupérés pour ELV (source: ibkr)
2026-07-31 01:06:59,422 [INFO] [162/503] EME (Emcor), depuis 2010-01-01...
2026-07-31 01:07:12,998 [INFO]   -> 4168 jours récupérés pour EME (source: ibkr)
2026-07-31 01:07:12,999 [INFO] [163/503] EMR (Emerson Electric), depuis 2010-01-01...
2026-07-31 01:07:26,741 [INFO]   -> 4168 jours récupérés pour EMR (source: ibkr)
2026-07-31 01:07:26,742 [INFO] [164/503] EOG (EOG Resources), depuis 2010-01-01...
2026-07-31 01:07:40,122 [INFO]   -> 4168 jours récupérés pour EOG (source: ibkr)
2026-07-31 01:07:40,123 [INFO] [165/503] EQIX (Equinix), depuis 2010-01-01...
2026-07-31 01:07:55,260 [INFO]   -> 4168 jours récupérés pour EQIX (source: ibkr)
2026-07-31 01:07:55,261 [INFO] [166/503] EQR (Equity Residential), depuis 2010-01-01...
2026-07-31 01:08:09,260 [INFO]   -> 4168 jours récupérés pour EQR (source: ibkr)
2026-07-31 01:08:09,260 [INFO] [167/503] EQT (EQT Corporation), depuis 2010-01-01...
2026-07-31 01:08:23,512 [INFO]   -> 4168 jours récupérés pour EQT (source: ibkr)
2026-07-31 01:08:23,513 [INFO] [168/503] ERIE (Erie Indemnity), depuis 2010-01-01...
2026-07-31 01:08:38,295 [INFO]   -> 4168 jours récupérés pour ERIE (source: ibkr)
2026-07-31 01:08:38,299 [INFO] [169/503] ES (Eversource Energy), depuis 2010-01-01...
2026-07-31 01:08:52,009 [INFO]   -> 4168 jours récupérés pour ES (source: ibkr)
2026-07-31 01:08:52,009 [INFO] [170/503] ESS (Essex Property Trust), depuis 2010-01-01...
2026-07-31 01:09:06,118 [INFO]   -> 4168 jours récupérés pour ESS (source: ibkr)
2026-07-31 01:09:06,119 [INFO] [171/503] ETN (Eaton Corporation), depuis 2010-01-01...
2026-07-31 01:09:19,840 [INFO]   -> 4168 jours récupérés pour ETN (source: ibkr)
2026-07-31 01:09:19,841 [INFO] [172/503] ETR (Entergy), depuis 2010-01-01...
2026-07-31 01:09:33,749 [INFO]   -> 4168 jours récupérés pour ETR (source: ibkr)
2026-07-31 01:09:33,749 [INFO] [173/503] EVRG (Evergy), depuis 2010-01-01...
2026-07-31 01:09:47,225 [INFO]   -> 2049 jours récupérés pour EVRG (source: ibkr)
2026-07-31 01:09:47,225 [INFO] [174/503] EW (Edwards Lifesciences), depuis 2010-01-01...
2026-07-31 01:10:00,903 [INFO]   -> 4168 jours récupérés pour EW (source: ibkr)
2026-07-31 01:10:00,903 [INFO] [175/503] EXC (Exelon), depuis 2010-01-01...
2026-07-31 01:10:16,851 [INFO]   -> 4168 jours récupérés pour EXC (source: ibkr)
2026-07-31 01:10:16,852 [INFO] [176/503] EXE (Expand Energy), depuis 2010-01-01...
2026-07-31 01:10:30,630 [INFO]   -> 1372 jours récupérés pour EXE (source: ibkr)
2026-07-31 01:10:30,631 [INFO] [177/503] EXPD (Expeditors International), depuis 2010-01-01...
2026-07-31 01:10:44,094 [INFO]   -> 4167 jours récupérés pour EXPD (source: ibkr)
2026-07-31 01:10:44,094 [INFO] [178/503] EXPE (Expedia Group), depuis 2010-01-01...
2026-07-31 01:10:58,912 [INFO]   -> 4168 jours récupérés pour EXPE (source: ibkr)
2026-07-31 01:10:58,913 [INFO] [179/503] EXR (Extra Space Storage), depuis 2010-01-01...
2026-07-31 01:11:12,614 [INFO]   -> 4168 jours récupérés pour EXR (source: ibkr)
2026-07-31 01:11:12,614 [INFO] [180/503] F (Ford Motor Company), depuis 2010-01-01...
2026-07-31 01:11:27,054 [INFO]   -> 4168 jours récupérés pour F (source: ibkr)
2026-07-31 01:11:27,055 [INFO] [181/503] FANG (Diamondback Energy), depuis 2010-01-01...
2026-07-31 01:11:40,081 [INFO]   -> 3467 jours récupérés pour FANG (source: ibkr)
2026-07-31 01:11:40,081 [INFO] [182/503] FAST (Fastenal), depuis 2010-01-01...
2026-07-31 01:11:54,412 [INFO]   -> 4168 jours récupérés pour FAST (source: ibkr)
2026-07-31 01:11:54,413 [INFO] [183/503] FCX (Freeport-McMoRan), depuis 2010-01-01...
2026-07-31 01:12:07,966 [INFO]   -> 4168 jours récupérés pour FCX (source: ibkr)
2026-07-31 01:12:07,967 [INFO] [184/503] FDS (FactSet), depuis 2010-01-01...
2026-07-31 01:12:22,352 [INFO]   -> 4168 jours récupérés pour FDS (source: ibkr)
2026-07-31 01:12:22,353 [INFO] [185/503] FDX (FedEx), depuis 2010-01-01...
2026-07-31 01:12:35,790 [INFO]   -> 4168 jours récupérés pour FDX (source: ibkr)
2026-07-31 01:12:35,790 [INFO] [186/503] FDXF (FedEx Freight), depuis 2010-01-01...
2026-07-31 01:12:48,858 [INFO]   -> 45 jours récupérés pour FDXF (source: ibkr)
2026-07-31 01:12:48,858 [INFO] [187/503] FE (FirstEnergy), depuis 2010-01-01...
2026-07-31 01:13:04,092 [INFO]   -> 4168 jours récupérés pour FE (source: ibkr)
2026-07-31 01:13:04,092 [INFO] [188/503] FFIV (F5, Inc.), depuis 2010-01-01...
2026-07-31 01:13:19,310 [INFO]   -> 4168 jours récupérés pour FFIV (source: ibkr)
2026-07-31 01:13:19,311 [INFO] [189/503] FICO (Fair Isaac), depuis 2010-01-01...
2026-07-31 01:13:33,210 [INFO]   -> 4168 jours récupérés pour FICO (source: ibkr)
2026-07-31 01:13:33,210 [INFO] [190/503] FIS (Fidelity National Information Services), depuis 2010-01-01...
2026-07-31 01:13:48,260 [INFO]   -> 4168 jours récupérés pour FIS (source: ibkr)
2026-07-31 01:13:48,261 [INFO] [191/503] FISV (Fiserv), depuis 2010-01-01...
2026-07-31 01:14:04,418 [INFO]   -> 4167 jours récupérés pour FISV (source: ibkr)
2026-07-31 01:14:04,418 [INFO] [192/503] FITB (Fifth Third Bancorp), depuis 2010-01-01...
2026-07-31 01:14:20,750 [INFO]   -> 4167 jours récupérés pour FITB (source: ibkr)
2026-07-31 01:14:20,751 [INFO] [193/503] FIX (Comfort Systems USA), depuis 2010-01-01...
2026-07-31 01:14:36,082 [INFO]   -> 4168 jours récupérés pour FIX (source: ibkr)
2026-07-31 01:14:36,082 [INFO] [194/503] FLEX (Flex Ltd.), depuis 2010-01-01...
2026-07-31 01:14:53,620 [INFO]   -> 4168 jours récupérés pour FLEX (source: ibkr)
2026-07-31 01:14:53,621 [INFO] [195/503] FOX (Fox Corporation (Class B)), depuis 2010-01-01...
2026-07-31 01:15:06,744 [INFO]   -> 1856 jours récupérés pour FOX (source: ibkr)
2026-07-31 01:15:06,745 [INFO] [196/503] FOXA (Fox Corporation (Class A)), depuis 2010-01-01...
2026-07-31 01:15:20,655 [INFO]   -> 1856 jours récupérés pour FOXA (source: ibkr)
2026-07-31 01:15:20,656 [INFO] [197/503] FRT (Federal Realty Investment Trust), depuis 2010-01-01...
2026-07-31 01:15:35,711 [INFO]   -> 4168 jours récupérés pour FRT (source: ibkr)
2026-07-31 01:15:35,712 [INFO] [198/503] FSLR (First Solar), depuis 2010-01-01...
2026-07-31 01:15:49,858 [INFO]   -> 4168 jours récupérés pour FSLR (source: ibkr)
2026-07-31 01:15:49,858 [INFO] [199/503] FTNT (Fortinet), depuis 2010-01-01...
2026-07-31 01:16:05,341 [INFO]   -> 4168 jours récupérés pour FTNT (source: ibkr)
2026-07-31 01:16:05,342 [INFO] [200/503] FTV (Fortive), depuis 2010-01-01...
2026-07-31 01:16:18,996 [INFO]   -> 2547 jours récupérés pour FTV (source: ibkr)
2026-07-31 01:16:18,999 [INFO] [201/503] GD (General Dynamics), depuis 2010-01-01...
2026-07-31 01:16:33,415 [INFO]   -> 4168 jours récupérés pour GD (source: ibkr)
2026-07-31 01:16:33,415 [INFO] [202/503] GDDY (GoDaddy), depuis 2010-01-01...
2026-07-31 01:16:46,985 [INFO]   -> 2850 jours récupérés pour GDDY (source: ibkr)
2026-07-31 01:16:46,986 [INFO] [203/503] GE (GE Aerospace), depuis 2010-01-01...
2026-07-31 01:17:02,241 [INFO]   -> 4168 jours récupérés pour GE (source: ibkr)
2026-07-31 01:17:02,242 [INFO] [204/503] GEHC (GE HealthCare), depuis 2010-01-01...
2026-07-31 01:17:15,101 [INFO]   -> 907 jours récupérés pour GEHC (source: ibkr)
2026-07-31 01:17:15,102 [INFO] [205/503] GEN (Gen Digital), depuis 2010-01-01...
2026-07-31 01:17:29,302 [INFO]   -> 4168 jours récupérés pour GEN (source: ibkr)
2026-07-31 01:17:29,303 [INFO] [206/503] GEV (GE Vernova), depuis 2010-01-01...
2026-07-31 01:17:42,400 [INFO]   -> 587 jours récupérés pour GEV (source: ibkr)
2026-07-31 01:17:42,401 [INFO] [207/503] GILD (Gilead Sciences), depuis 2010-01-01...
2026-07-31 01:17:55,992 [INFO]   -> 4168 jours récupérés pour GILD (source: ibkr)
2026-07-31 01:17:55,993 [INFO] [208/503] GIS (General Mills), depuis 2010-01-01...
2026-07-31 01:18:10,812 [INFO]   -> 4168 jours récupérés pour GIS (source: ibkr)
2026-07-31 01:18:10,813 [INFO] [209/503] GL (Globe Life), depuis 2010-01-01...
2026-07-31 01:18:25,124 [INFO]   -> 4168 jours récupérés pour GL (source: ibkr)
2026-07-31 01:18:25,124 [INFO] [210/503] GLW (Corning Inc.), depuis 2010-01-01...
2026-07-31 01:18:39,272 [INFO]   -> 4168 jours récupérés pour GLW (source: ibkr)
2026-07-31 01:18:39,273 [INFO] [211/503] GM (General Motors), depuis 2010-01-01...
2026-07-31 01:18:53,187 [INFO]   -> 3946 jours récupérés pour GM (source: ibkr)
2026-07-31 01:18:53,188 [INFO] [212/503] GNRC (Generac), depuis 2010-01-01...
2026-07-31 01:19:07,130 [INFO]   -> 4141 jours récupérés pour GNRC (source: ibkr)
2026-07-31 01:19:07,130 [INFO] [213/503] GOOG (Alphabet Inc. (Class C)), depuis 2010-01-01...
2026-07-31 01:19:21,025 [INFO]   -> 3104 jours récupérés pour GOOG (source: ibkr)
2026-07-31 01:19:21,027 [INFO] [214/503] GOOGL (Alphabet Inc. (Class A)), depuis 2010-01-01...
2026-07-31 01:19:36,465 [INFO]   -> 4168 jours récupérés pour GOOGL (source: ibkr)
2026-07-31 01:19:36,466 [INFO] [215/503] GPC (Genuine Parts Company), depuis 2010-01-01...
2026-07-31 01:19:51,888 [INFO]   -> 4168 jours récupérés pour GPC (source: ibkr)
2026-07-31 01:19:51,888 [INFO] [216/503] GPN (Global Payments), depuis 2010-01-01...
2026-07-31 01:20:06,243 [INFO]   -> 4168 jours récupérés pour GPN (source: ibkr)
2026-07-31 01:20:06,244 [INFO] [217/503] GRMN (Garmin), depuis 2010-01-01...
2026-07-31 01:20:20,134 [INFO]   -> 4168 jours récupérés pour GRMN (source: ibkr)
2026-07-31 01:20:20,134 [INFO] [218/503] GS (Goldman Sachs), depuis 2010-01-01...
2026-07-31 01:20:34,870 [INFO]   -> 4168 jours récupérés pour GS (source: ibkr)
2026-07-31 01:20:34,871 [INFO] [219/503] GWW (W. W. Grainger), depuis 2010-01-01...
2026-07-31 01:20:48,930 [INFO]   -> 4168 jours récupérés pour GWW (source: ibkr)
2026-07-31 01:20:48,931 [INFO] [220/503] HAL (Halliburton), depuis 2010-01-01...
2026-07-31 01:21:04,072 [INFO]   -> 4168 jours récupérés pour HAL (source: ibkr)
2026-07-31 01:21:04,074 [INFO] [221/503] HAS (Hasbro), depuis 2010-01-01...
2026-07-31 01:21:18,111 [INFO]   -> 3924 jours récupérés pour HAS (source: ibkr)
2026-07-31 01:21:18,111 [INFO] [222/503] HBAN (Huntington Bancshares), depuis 2010-01-01...
2026-07-31 01:21:31,639 [INFO]   -> 4168 jours récupérés pour HBAN (source: ibkr)
2026-07-31 01:21:31,640 [INFO] [223/503] HCA (HCA Healthcare), depuis 2010-01-01...
2026-07-31 01:21:45,309 [INFO]   -> 3870 jours récupérés pour HCA (source: ibkr)
2026-07-31 01:21:45,309 [INFO] [224/503] HD (Home Depot (The)), depuis 2010-01-01...
2026-07-31 01:21:59,585 [INFO]   -> 4168 jours récupérés pour HD (source: ibkr)
2026-07-31 01:21:59,586 [INFO] [225/503] HIG (Hartford (The)), depuis 2010-01-01...
2026-07-31 01:22:14,401 [INFO]   -> 4168 jours récupérés pour HIG (source: ibkr)
2026-07-31 01:22:14,402 [INFO] [226/503] HII (Huntington Ingalls Industries), depuis 2010-01-01...
2026-07-31 01:22:28,052 [INFO]   -> 3862 jours récupérés pour HII (source: ibkr)
2026-07-31 01:22:28,052 [INFO] [227/503] HLT (Hilton Worldwide), depuis 2010-01-01...
2026-07-31 01:22:42,023 [INFO]   -> 3175 jours récupérés pour HLT (source: ibkr)
2026-07-31 01:22:42,024 [INFO] [228/503] HON (Honeywell Technologies), depuis 2010-01-01...
2026-07-31 01:22:56,207 [INFO]   -> 4168 jours récupérés pour HON (source: ibkr)
2026-07-31 01:22:56,208 [INFO] [229/503] HONA (Honeywell Aerospace), depuis 2010-01-01...
2026-07-31 01:23:09,619 [INFO]   -> 32 jours récupérés pour HONA (source: ibkr)
2026-07-31 01:23:09,620 [INFO] [230/503] HOOD (Robinhood Markets), depuis 2010-01-01...
2026-07-31 01:23:23,051 [INFO]   -> 1256 jours récupérés pour HOOD (source: ibkr)
2026-07-31 01:23:23,052 [INFO] [231/503] HPE (Hewlett Packard Enterprise), depuis 2010-01-01...
2026-07-31 01:23:36,507 [INFO]   -> 2710 jours récupérés pour HPE (source: ibkr)
2026-07-31 01:23:36,507 [INFO] [232/503] HPQ (HP Inc.), depuis 2010-01-01...
2026-07-31 01:23:52,011 [INFO]   -> 4168 jours récupérés pour HPQ (source: ibkr)
2026-07-31 01:23:52,014 [INFO] [233/503] HRL (Hormel Foods), depuis 2010-01-01...
2026-07-31 01:24:11,209 [INFO]   -> 4168 jours récupérés pour HRL (source: ibkr)
2026-07-31 01:24:11,210 [INFO] [234/503] HSIC (Henry Schein), depuis 2010-01-01...
2026-07-31 01:24:24,558 [INFO]   -> 4168 jours récupérés pour HSIC (source: ibkr)
2026-07-31 01:24:24,558 [INFO] [235/503] HST (Host Hotels & Resorts), depuis 2010-01-01...
2026-07-31 01:24:39,093 [INFO]   -> 4168 jours récupérés pour HST (source: ibkr)
2026-07-31 01:24:39,093 [INFO] [236/503] HSY (Hershey Company (The)), depuis 2010-01-01...
2026-07-31 01:24:53,339 [INFO]   -> 4168 jours récupérés pour HSY (source: ibkr)
2026-07-31 01:24:53,340 [INFO] [237/503] HUBB (Hubbell Incorporated), depuis 2010-01-01...
2026-07-31 01:25:07,920 [INFO]   -> 4168 jours récupérés pour HUBB (source: ibkr)
2026-07-31 01:25:07,920 [INFO] [238/503] HUM (Humana), depuis 2010-01-01...
2026-07-31 01:25:21,506 [INFO]   -> 4168 jours récupérés pour HUM (source: ibkr)
2026-07-31 01:25:21,507 [INFO] [239/503] HWM (Howmet Aerospace), depuis 2010-01-01...
2026-07-31 01:25:40,238 [INFO]   -> 4167 jours récupérés pour HWM (source: ibkr)
2026-07-31 01:25:40,238 [INFO] [240/503] IBKR (Interactive Brokers), depuis 2010-01-01...
2026-07-31 01:25:54,904 [INFO]   -> 4168 jours récupérés pour IBKR (source: ibkr)
2026-07-31 01:25:54,904 [INFO] [241/503] IBM (IBM), depuis 2010-01-01...
2026-07-31 01:26:10,005 [INFO]   -> 4168 jours récupérés pour IBM (source: ibkr)
2026-07-31 01:26:10,005 [INFO] [242/503] ICE (Intercontinental Exchange), depuis 2010-01-01...
2026-07-31 01:26:24,248 [INFO]   -> 4168 jours récupérés pour ICE (source: ibkr)
2026-07-31 01:26:24,249 [INFO] [243/503] IDXX (Idexx Laboratories), depuis 2010-01-01...
2026-07-31 01:26:38,332 [INFO]   -> 4168 jours récupérés pour IDXX (source: ibkr)
2026-07-31 01:26:38,333 [INFO] [244/503] IEX (IDEX Corporation), depuis 2010-01-01...
2026-07-31 01:26:53,029 [INFO]   -> 4168 jours récupérés pour IEX (source: ibkr)
2026-07-31 01:26:53,029 [INFO] [245/503] IFF (International Flavors & Fragrances), depuis 2010-01-01...
2026-07-31 01:27:10,176 [INFO]   -> 4168 jours récupérés pour IFF (source: ibkr)
2026-07-31 01:27:10,178 [INFO] [246/503] INCY (Incyte), depuis 2010-01-01...
2026-07-31 01:27:25,252 [INFO]   -> 4168 jours récupérés pour INCY (source: ibkr)
2026-07-31 01:27:25,253 [INFO] [247/503] INTC (Intel), depuis 2010-01-01...
2026-07-31 01:27:40,991 [INFO]   -> 4168 jours récupérés pour INTC (source: ibkr)
2026-07-31 01:27:40,992 [INFO] [248/503] INTU (Intuit), depuis 2010-01-01...
2026-07-31 01:27:56,514 [INFO]   -> 4168 jours récupérés pour INTU (source: ibkr)
2026-07-31 01:27:56,514 [INFO] [249/503] INVH (Invitation Homes), depuis 2010-01-01...
2026-07-31 01:28:12,262 [INFO]   -> 2386 jours récupérés pour INVH (source: ibkr)
2026-07-31 01:28:12,263 [INFO] [250/503] IP (International Paper), depuis 2010-01-01...
2026-07-31 01:28:37,662 [INFO]   -> 4168 jours récupérés pour IP (source: ibkr)
2026-07-31 01:28:37,662 [INFO] [251/503] IQV (IQVIA), depuis 2010-01-01...
2026-07-31 01:28:51,985 [INFO]   -> 3326 jours récupérés pour IQV (source: ibkr)
2026-07-31 01:28:51,986 [INFO] [252/503] IR (Ingersoll Rand), depuis 2010-01-01...
2026-07-31 01:29:05,386 [INFO]   -> 2316 jours récupérés pour IR (source: ibkr)
2026-07-31 01:29:05,388 [INFO] [253/503] IRM (Iron Mountain), depuis 2010-01-01...
2026-07-31 01:29:18,873 [INFO]   -> 4168 jours récupérés pour IRM (source: ibkr)
2026-07-31 01:29:18,874 [INFO] [254/503] ISRG (Intuitive Surgical), depuis 2010-01-01...
2026-07-31 01:29:33,351 [INFO]   -> 4168 jours récupérés pour ISRG (source: ibkr)
2026-07-31 01:29:33,352 [INFO] [255/503] IT (Gartner), depuis 2010-01-01...
2026-07-31 01:29:46,722 [INFO]   -> 4168 jours récupérés pour IT (source: ibkr)
2026-07-31 01:29:46,723 [INFO] [256/503] ITW (Illinois Tool Works), depuis 2010-01-01...
2026-07-31 01:30:00,064 [INFO]   -> 4168 jours récupérés pour ITW (source: ibkr)
2026-07-31 01:30:00,064 [INFO] [257/503] IVZ (Invesco), depuis 2010-01-01...
2026-07-31 01:30:14,421 [INFO]   -> 4168 jours récupérés pour IVZ (source: ibkr)
2026-07-31 01:30:14,422 [INFO] [258/503] J (Jacobs Solutions), depuis 2010-01-01...
2026-07-31 01:30:28,790 [INFO]   -> 4168 jours récupérés pour J (source: ibkr)
2026-07-31 01:30:28,791 [INFO] [259/503] JBHT (J.B. Hunt), depuis 2010-01-01...
2026-07-31 01:30:43,795 [INFO]   -> 4168 jours récupérés pour JBHT (source: ibkr)
2026-07-31 01:30:43,796 [INFO] [260/503] JBL (Jabil), depuis 2010-01-01...
2026-07-31 01:30:57,865 [INFO]   -> 4168 jours récupérés pour JBL (source: ibkr)
2026-07-31 01:30:57,865 [INFO] [261/503] JCI (Johnson Controls), depuis 2010-01-01...
2026-07-31 01:31:12,659 [INFO]   -> 4168 jours récupérés pour JCI (source: ibkr)
2026-07-31 01:31:12,659 [INFO] [262/503] JKHY (Jack Henry & Associates), depuis 2010-01-01...
2026-07-31 01:31:26,580 [INFO]   -> 4168 jours récupérés pour JKHY (source: ibkr)
2026-07-31 01:31:26,581 [INFO] [263/503] JNJ (Johnson & Johnson), depuis 2010-01-01...
2026-07-31 01:31:40,923 [INFO]   -> 4168 jours récupérés pour JNJ (source: ibkr)
2026-07-31 01:31:40,924 [INFO] [264/503] JPM (JPMorgan Chase), depuis 2010-01-01...
2026-07-31 01:31:55,311 [INFO]   -> 4168 jours récupérés pour JPM (source: ibkr)
2026-07-31 01:31:55,311 [INFO] [265/503] KDP (Keurig Dr Pepper), depuis 2010-01-01...
2026-07-31 01:32:09,737 [INFO]   -> 4168 jours récupérés pour KDP (source: ibkr)
2026-07-31 01:32:09,737 [INFO] [266/503] KEY (KeyCorp), depuis 2010-01-01...
2026-07-31 01:32:23,568 [INFO]   -> 4168 jours récupérés pour KEY (source: ibkr)
2026-07-31 01:32:23,568 [INFO] [267/503] KEYS (Keysight Technologies), depuis 2010-01-01...
2026-07-31 01:32:37,491 [INFO]   -> 2961 jours récupérés pour KEYS (source: ibkr)
2026-07-31 01:32:37,492 [INFO] [268/503] KHC (Kraft Heinz), depuis 2010-01-01...
2026-07-31 01:32:51,529 [INFO]   -> 2784 jours récupérés pour KHC (source: ibkr)
2026-07-31 01:32:51,529 [INFO] [269/503] KIM (Kimco Realty), depuis 2010-01-01...
2026-07-31 01:33:05,548 [INFO]   -> 4168 jours récupérés pour KIM (source: ibkr)
2026-07-31 01:33:05,549 [INFO] [270/503] KKR (KKR & Co.), depuis 2010-01-01...
2026-07-31 01:33:19,309 [INFO]   -> 4035 jours récupérés pour KKR (source: ibkr)
2026-07-31 01:33:19,309 [INFO] [271/503] KLAC (KLA Corporation), depuis 2010-01-01...
2026-07-31 01:33:33,756 [INFO]   -> 4168 jours récupérés pour KLAC (source: ibkr)
2026-07-31 01:33:33,758 [INFO] [272/503] KMB (Kimberly-Clark), depuis 2010-01-01...
2026-07-31 01:33:48,103 [INFO]   -> 4168 jours récupérés pour KMB (source: ibkr)
2026-07-31 01:33:48,103 [INFO] [273/503] KMI (Kinder Morgan), depuis 2010-01-01...
2026-07-31 01:34:02,104 [INFO]   -> 3888 jours récupérés pour KMI (source: ibkr)
2026-07-31 01:34:02,105 [INFO] [274/503] KO (Coca-Cola Company (The)), depuis 2010-01-01...
2026-07-31 01:34:15,819 [INFO]   -> 4168 jours récupérés pour KO (source: ibkr)
2026-07-31 01:34:15,820 [INFO] [275/503] KR (Kroger), depuis 2010-01-01...
2026-07-31 01:34:30,285 [INFO]   -> 4168 jours récupérés pour KR (source: ibkr)
2026-07-31 01:34:30,286 [INFO] [276/503] KVUE (Kenvue), depuis 2010-01-01...
2026-07-31 01:34:42,509 [INFO]   -> 812 jours récupérés pour KVUE (source: ibkr)
2026-07-31 01:34:42,510 [INFO] [277/503] L (Loews Corporation), depuis 2010-01-01...
2026-07-31 01:34:56,053 [INFO]   -> 4168 jours récupérés pour L (source: ibkr)
2026-07-31 01:34:56,055 [INFO] [278/503] LDOS (Leidos), depuis 2010-01-01...
2026-07-31 01:35:10,813 [INFO]   -> 3227 jours récupérés pour LDOS (source: ibkr)
2026-07-31 01:35:10,814 [INFO] [279/503] LEN (Lennar), depuis 2010-01-01...
2026-07-31 01:35:24,297 [INFO]   -> 4168 jours récupérés pour LEN (source: ibkr)
2026-07-31 01:35:24,297 [INFO] [280/503] LH (Labcorp), depuis 2010-01-01...
2026-07-31 01:35:39,147 [INFO]   -> 4168 jours récupérés pour LH (source: ibkr)
2026-07-31 01:35:39,148 [INFO] [281/503] LHX (L3Harris), depuis 2010-01-01...
2026-07-31 01:35:53,849 [INFO]   -> 4168 jours récupérés pour LHX (source: ibkr)
2026-07-31 01:35:53,849 [INFO] [282/503] LII (Lennox International), depuis 2010-01-01...
2026-07-31 01:36:07,765 [INFO]   -> 4168 jours récupérés pour LII (source: ibkr)
2026-07-31 01:36:07,766 [INFO] [283/503] LIN (Linde plc), depuis 2010-01-01...
2026-07-31 01:36:21,847 [INFO]   -> 1945 jours récupérés pour LIN (source: ibkr)
2026-07-31 01:36:21,848 [INFO] [284/503] LITE (Lumentum), depuis 2010-01-01...
2026-07-31 01:36:35,186 [INFO]   -> 2771 jours récupérés pour LITE (source: ibkr)
2026-07-31 01:36:35,187 [INFO] [285/503] LLY (Lilly (Eli)), depuis 2010-01-01...
2026-07-31 01:36:48,987 [INFO]   -> 4168 jours récupérés pour LLY (source: ibkr)
2026-07-31 01:36:48,988 [INFO] [286/503] LMT (Lockheed Martin), depuis 2010-01-01...
2026-07-31 01:37:03,323 [INFO]   -> 4168 jours récupérés pour LMT (source: ibkr)
2026-07-31 01:37:03,323 [INFO] [287/503] LNT (Alliant Energy), depuis 2010-01-01...
2026-07-31 01:37:17,404 [INFO]   -> 4168 jours récupérés pour LNT (source: ibkr)
2026-07-31 01:37:17,405 [INFO] [288/503] LOW (Lowe's), depuis 2010-01-01...
2026-07-31 01:37:31,509 [INFO]   -> 4168 jours récupérés pour LOW (source: ibkr)
2026-07-31 01:37:31,509 [INFO] [289/503] LRCX (Lam Research), depuis 2010-01-01...
2026-07-31 01:37:45,764 [INFO]   -> 4168 jours récupérés pour LRCX (source: ibkr)
2026-07-31 01:37:45,765 [INFO] [290/503] LULU (Lululemon Athletica), depuis 2010-01-01...
2026-07-31 01:37:59,230 [INFO]   -> 4168 jours récupérés pour LULU (source: ibkr)
2026-07-31 01:37:59,230 [INFO] [291/503] LUV (Southwest Airlines), depuis 2010-01-01...
2026-07-31 01:38:13,197 [INFO]   -> 4168 jours récupérés pour LUV (source: ibkr)
2026-07-31 01:38:13,198 [INFO] [292/503] LVS (Las Vegas Sands), depuis 2010-01-01...
2026-07-31 01:38:27,477 [INFO]   -> 4168 jours récupérés pour LVS (source: ibkr)
2026-07-31 01:38:27,477 [INFO] [293/503] LYB (LyondellBasell), depuis 2010-01-01...
2026-07-31 01:38:41,813 [INFO]   -> 3971 jours récupérés pour LYB (source: ibkr)
2026-07-31 01:38:41,814 [INFO] [294/503] LYV (Live Nation Entertainment), depuis 2010-01-01...
2026-07-31 01:38:56,076 [INFO]   -> 4168 jours récupérés pour LYV (source: ibkr)
2026-07-31 01:38:56,077 [INFO] [295/503] MA (Mastercard), depuis 2010-01-01...
2026-07-31 01:39:13,198 [INFO]   -> 4168 jours récupérés pour MA (source: ibkr)
2026-07-31 01:39:13,199 [INFO] [296/503] MAA (Mid-America Apartment Communities), depuis 2010-01-01...
2026-07-31 01:39:27,651 [INFO]   -> 4168 jours récupérés pour MAA (source: ibkr)
2026-07-31 01:39:27,651 [INFO] [297/503] MAR (Marriott International), depuis 2010-01-01...
2026-07-31 01:39:43,582 [INFO]   -> 3212 jours récupérés pour MAR (source: ibkr)
2026-07-31 01:39:43,583 [INFO] [298/503] MAS (Masco), depuis 2010-01-01...
2026-07-31 01:39:58,284 [INFO]   -> 4168 jours récupérés pour MAS (source: ibkr)
2026-07-31 01:39:58,285 [INFO] [299/503] MCD (McDonald's), depuis 2010-01-01...
2026-07-31 01:40:12,579 [INFO]   -> 4168 jours récupérés pour MCD (source: ibkr)
2026-07-31 01:40:12,580 [INFO] [300/503] MCHP (Microchip Technology), depuis 2010-01-01...
2026-07-31 01:40:27,145 [INFO]   -> 4168 jours récupérés pour MCHP (source: ibkr)
2026-07-31 01:40:27,145 [INFO] [301/503] MCK (McKesson Corporation), depuis 2010-01-01...
2026-07-31 01:40:42,339 [INFO]   -> 4168 jours récupérés pour MCK (source: ibkr)
2026-07-31 01:40:42,340 [INFO] [302/503] MCO (Moody's Corporation), depuis 2010-01-01...
2026-07-31 01:40:56,331 [INFO]   -> 4168 jours récupérés pour MCO (source: ibkr)
2026-07-31 01:40:56,332 [INFO] [303/503] MDLZ (Mondelez International), depuis 2010-01-01...
2026-07-31 01:41:11,591 [INFO]   -> 4168 jours récupérés pour MDLZ (source: ibkr)
2026-07-31 01:41:11,592 [INFO] [304/503] MDT (Medtronic), depuis 2010-01-01...
2026-07-31 01:41:26,735 [INFO]   -> 4168 jours récupérés pour MDT (source: ibkr)
2026-07-31 01:41:26,735 [INFO] [305/503] MET (MetLife), depuis 2010-01-01...
2026-07-31 01:41:40,604 [INFO]   -> 4168 jours récupérés pour MET (source: ibkr)
2026-07-31 01:41:40,605 [INFO] [306/503] META (Meta Platforms), depuis 2010-01-01...
2026-07-31 01:41:55,295 [INFO]   -> 3569 jours récupérés pour META (source: ibkr)
2026-07-31 01:41:55,296 [INFO] [307/503] MGM (MGM Resorts), depuis 2010-01-01...
2026-07-31 01:42:09,387 [INFO]   -> 4168 jours récupérés pour MGM (source: ibkr)
2026-07-31 01:42:09,388 [INFO] [308/503] MKC (McCormick & Company), depuis 2010-01-01...
2026-07-31 01:42:23,763 [INFO]   -> 4168 jours récupérés pour MKC (source: ibkr)
2026-07-31 01:42:23,764 [INFO] [309/503] MLM (Martin Marietta Materials), depuis 2010-01-01...
2026-07-31 01:42:37,915 [INFO]   -> 4168 jours récupérés pour MLM (source: ibkr)
2026-07-31 01:42:37,915 [INFO] [310/503] MMM (3M), depuis 2010-01-01...
2026-07-31 01:42:52,544 [INFO]   -> 4168 jours récupérés pour MMM (source: ibkr)
2026-07-31 01:42:52,545 [INFO] [311/503] MNST (Monster Beverage), depuis 2010-01-01...
2026-07-31 01:43:06,867 [INFO]   -> 2797 jours récupérés pour MNST (source: ibkr)
2026-07-31 01:43:06,868 [INFO] [312/503] MO (Altria), depuis 2010-01-01...
2026-07-31 01:43:23,555 [INFO]   -> 4168 jours récupérés pour MO (source: ibkr)
2026-07-31 01:43:23,556 [INFO] [313/503] MOS (Mosaic Company (The)), depuis 2010-01-01...
2026-07-31 01:43:37,881 [INFO]   -> 4167 jours récupérés pour MOS (source: ibkr)
2026-07-31 01:43:37,884 [INFO] [314/503] MPC (Marathon Petroleum), depuis 2010-01-01...
2026-07-31 01:43:51,966 [INFO]   -> 3797 jours récupérés pour MPC (source: ibkr)
2026-07-31 01:43:51,968 [INFO] [315/503] MPWR (Monolithic Power Systems), depuis 2010-01-01...
2026-07-31 01:44:06,305 [INFO]   -> 4168 jours récupérés pour MPWR (source: ibkr)
2026-07-31 01:44:06,306 [INFO] [316/503] MRK (Merck & Co.), depuis 2010-01-01...
2026-07-31 01:44:20,461 [INFO]   -> 4168 jours récupérés pour MRK (source: ibkr)
2026-07-31 01:44:20,462 [INFO] [317/503] MRNA (Moderna), depuis 2010-01-01...
2026-07-31 01:44:34,235 [INFO]   -> 1920 jours récupérés pour MRNA (source: ibkr)
2026-07-31 01:44:34,235 [INFO] [318/503] MRSH (Marsh McLennan), depuis 2010-01-01...
2026-07-31 01:44:48,373 [INFO]   -> 4168 jours récupérés pour MRSH (source: ibkr)
2026-07-31 01:44:48,373 [INFO] [319/503] MRVL (Marvell Technology), depuis 2010-01-01...
2026-07-31 01:45:02,160 [INFO]   -> 4168 jours récupérés pour MRVL (source: ibkr)
2026-07-31 01:45:02,160 [INFO] [320/503] MS (Morgan Stanley), depuis 2010-01-01...
2026-07-31 01:45:15,391 [INFO]   -> 4168 jours récupérés pour MS (source: ibkr)
2026-07-31 01:45:15,391 [INFO] [321/503] MSCI (MSCI Inc.), depuis 2010-01-01...
2026-07-31 01:45:28,467 [INFO]   -> 4168 jours récupérés pour MSCI (source: ibkr)
2026-07-31 01:45:28,467 [INFO] [322/503] MSFT (Microsoft), depuis 2010-01-01...
2026-07-31 01:45:42,220 [INFO]   -> 4168 jours récupérés pour MSFT (source: ibkr)
2026-07-31 01:45:42,220 [INFO] [323/503] MSI (Motorola Solutions), depuis 2010-01-01...
2026-07-31 01:45:55,567 [INFO]   -> 4168 jours récupérés pour MSI (source: ibkr)
2026-07-31 01:45:55,567 [INFO] [324/503] MTB (M&T Bank), depuis 2010-01-01...
2026-07-31 01:46:08,752 [INFO]   -> 4168 jours récupérés pour MTB (source: ibkr)
2026-07-31 01:46:08,752 [INFO] [325/503] MTD (Mettler Toledo), depuis 2010-01-01...
2026-07-31 01:46:21,978 [INFO]   -> 4168 jours récupérés pour MTD (source: ibkr)
2026-07-31 01:46:21,979 [INFO] [326/503] MU (Micron Technology), depuis 2010-01-01...
2026-07-31 01:46:34,968 [INFO]   -> 4168 jours récupérés pour MU (source: ibkr)
2026-07-31 01:46:34,969 [INFO] [327/503] NCLH (Norwegian Cruise Line Holdings), depuis 2010-01-01...
2026-07-31 01:46:48,167 [INFO]   -> 3402 jours récupérés pour NCLH (source: ibkr)
2026-07-31 01:46:48,168 [INFO] [328/503] NDAQ (Nasdaq, Inc.), depuis 2010-01-01...
2026-07-31 01:47:01,155 [INFO]   -> 4168 jours récupérés pour NDAQ (source: ibkr)
2026-07-31 01:47:01,156 [INFO] [329/503] NDSN (Nordson Corporation), depuis 2010-01-01...
2026-07-31 01:47:14,187 [INFO]   -> 4168 jours récupérés pour NDSN (source: ibkr)
2026-07-31 01:47:14,187 [INFO] [330/503] NEE (NextEra Energy), depuis 2010-01-01...
2026-07-31 01:47:27,656 [INFO]   -> 4063 jours récupérés pour NEE (source: ibkr)
2026-07-31 01:47:27,656 [INFO] [331/503] NEM (Newmont), depuis 2010-01-01...
2026-07-31 01:47:40,956 [INFO]   -> 4168 jours récupérés pour NEM (source: ibkr)
2026-07-31 01:47:40,957 [INFO] [332/503] NFLX (Netflix), depuis 2010-01-01...
2026-07-31 01:47:53,782 [INFO]   -> 4168 jours récupérés pour NFLX (source: ibkr)
2026-07-31 01:47:53,783 [INFO] [333/503] NI (NiSource), depuis 2010-01-01...
2026-07-31 01:48:07,107 [INFO]   -> 4168 jours récupérés pour NI (source: ibkr)
2026-07-31 01:48:07,107 [INFO] [334/503] NKE (Nike, Inc.), depuis 2010-01-01...
2026-07-31 01:48:20,781 [INFO]   -> 4168 jours récupérés pour NKE (source: ibkr)
2026-07-31 01:48:20,782 [INFO] [335/503] NOC (Northrop Grumman), depuis 2010-01-01...
2026-07-31 01:48:34,247 [INFO]   -> 4168 jours récupérés pour NOC (source: ibkr)
2026-07-31 01:48:34,248 [INFO] [336/503] NOW (ServiceNow), depuis 2010-01-01...
2026-07-31 01:48:47,209 [INFO]   -> 3540 jours récupérés pour NOW (source: ibkr)
2026-07-31 01:48:47,209 [INFO] [337/503] NRG (NRG Energy), depuis 2010-01-01...
2026-07-31 01:49:00,456 [INFO]   -> 4168 jours récupérés pour NRG (source: ibkr)
2026-07-31 01:49:00,456 [INFO] [338/503] NSC (Norfolk Southern), depuis 2010-01-01...
2026-07-31 01:49:13,752 [INFO]   -> 4168 jours récupérés pour NSC (source: ibkr)
2026-07-31 01:49:13,752 [INFO] [339/503] NTAP (NetApp), depuis 2010-01-01...
2026-07-31 01:49:26,860 [INFO]   -> 4168 jours récupérés pour NTAP (source: ibkr)
2026-07-31 01:49:26,862 [INFO] [340/503] NTRS (Northern Trust), depuis 2010-01-01...
2026-07-31 01:49:39,909 [INFO]   -> 4168 jours récupérés pour NTRS (source: ibkr)
2026-07-31 01:49:39,909 [INFO] [341/503] NUE (Nucor), depuis 2010-01-01...
2026-07-31 01:49:53,198 [INFO]   -> 4168 jours récupérés pour NUE (source: ibkr)
2026-07-31 01:49:53,200 [INFO] [342/503] NVDA (Nvidia), depuis 2010-01-01...
2026-07-31 01:50:06,277 [INFO]   -> 4168 jours récupérés pour NVDA (source: ibkr)
2026-07-31 01:50:06,278 [INFO] [343/503] NVR (NVR, Inc.), depuis 2010-01-01...
2026-07-31 01:50:19,184 [INFO]   -> 4168 jours récupérés pour NVR (source: ibkr)
2026-07-31 01:50:19,185 [INFO] [344/503] NWS (News Corp (Class B)), depuis 2010-01-01...
2026-07-31 01:50:32,228 [INFO]   -> 3298 jours récupérés pour NWS (source: ibkr)
2026-07-31 01:50:32,228 [INFO] [345/503] NWSA (News Corp (Class A)), depuis 2010-01-01...
2026-07-31 01:50:44,938 [INFO]   -> 3298 jours récupérés pour NWSA (source: ibkr)
2026-07-31 01:50:44,938 [INFO] [346/503] NXPI (NXP Semiconductors), depuis 2010-01-01...
2026-07-31 01:50:58,376 [INFO]   -> 4019 jours récupérés pour NXPI (source: ibkr)
2026-07-31 01:50:58,376 [INFO] [347/503] O (Realty Income), depuis 2010-01-01...
2026-07-31 01:51:12,334 [INFO]   -> 4168 jours récupérés pour O (source: ibkr)
2026-07-31 01:51:12,334 [INFO] [348/503] ODFL (Old Dominion), depuis 2010-01-01...
2026-07-31 01:51:24,405 [INFO]   -> 559 jours récupérés pour ODFL (source: ibkr)
2026-07-31 01:51:24,406 [INFO] [349/503] OKE (Oneok), depuis 2010-01-01...
2026-07-31 01:51:38,234 [INFO]   -> 4168 jours récupérés pour OKE (source: ibkr)
2026-07-31 01:51:38,235 [INFO] [350/503] OMC (Omnicom Group), depuis 2010-01-01...
2026-07-31 01:51:51,589 [INFO]   -> 4168 jours récupérés pour OMC (source: ibkr)
2026-07-31 01:51:51,589 [INFO] [351/503] ON (ON Semiconductor), depuis 2010-01-01...
2026-07-31 01:52:04,769 [INFO]   -> 4168 jours récupérés pour ON (source: ibkr)
2026-07-31 01:52:04,769 [INFO] [352/503] ORCL (Oracle Corporation), depuis 2010-01-01...
2026-07-31 01:52:18,020 [INFO]   -> 4168 jours récupérés pour ORCL (source: ibkr)
2026-07-31 01:52:18,020 [INFO] [353/503] ORLY (O’Reilly Automotive), depuis 2010-01-01...
2026-07-31 01:52:31,634 [INFO]   -> 4167 jours récupérés pour ORLY (source: ibkr)
2026-07-31 01:52:31,634 [INFO] [354/503] OTIS (Otis Worldwide), depuis 2010-01-01...
2026-07-31 01:52:44,440 [INFO]   -> 1599 jours récupérés pour OTIS (source: ibkr)
2026-07-31 01:52:44,441 [INFO] [355/503] OXY (Occidental Petroleum), depuis 2010-01-01...
2026-07-31 01:52:57,786 [INFO]   -> 4168 jours récupérés pour OXY (source: ibkr)
2026-07-31 01:52:57,787 [INFO] [356/503] PANW (Palo Alto Networks), depuis 2010-01-01...
2026-07-31 01:53:10,900 [INFO]   -> 3526 jours récupérés pour PANW (source: ibkr)
2026-07-31 01:53:10,901 [INFO] [357/503] PAYX (Paychex), depuis 2010-01-01...
2026-07-31 01:53:23,887 [INFO]   -> 4168 jours récupérés pour PAYX (source: ibkr)
2026-07-31 01:53:23,887 [INFO] [358/503] PCAR (Paccar), depuis 2010-01-01...
2026-07-31 01:53:36,993 [INFO]   -> 4168 jours récupérés pour PCAR (source: ibkr)
2026-07-31 01:53:36,993 [INFO] [359/503] PCG (PG&E Corporation), depuis 2010-01-01...
2026-07-31 01:53:50,384 [INFO]   -> 4168 jours récupérés pour PCG (source: ibkr)
2026-07-31 01:53:50,384 [INFO] [360/503] PEG (Public Service Enterprise Group), depuis 2010-01-01...
2026-07-31 01:54:03,813 [INFO]   -> 4168 jours récupérés pour PEG (source: ibkr)
2026-07-31 01:54:03,813 [INFO] [361/503] PEP (PepsiCo), depuis 2010-01-01...
2026-07-31 01:54:16,596 [INFO]   -> 2162 jours récupérés pour PEP (source: ibkr)
2026-07-31 01:54:16,596 [INFO] [362/503] PFE (Pfizer), depuis 2010-01-01...
2026-07-31 01:54:29,987 [INFO]   -> 4168 jours récupérés pour PFE (source: ibkr)
2026-07-31 01:54:29,988 [INFO] [363/503] PFG (Principal Financial Group), depuis 2010-01-01...
2026-07-31 01:54:42,600 [INFO]   -> 2164 jours récupérés pour PFG (source: ibkr)
2026-07-31 01:54:42,601 [INFO] [364/503] PG (Procter & Gamble), depuis 2010-01-01...
2026-07-31 01:54:55,751 [INFO]   -> 4168 jours récupérés pour PG (source: ibkr)
2026-07-31 01:54:55,752 [INFO] [365/503] PGR (Progressive Corporation), depuis 2010-01-01...
2026-07-31 01:55:09,135 [INFO]   -> 4168 jours récupérés pour PGR (source: ibkr)
2026-07-31 01:55:09,136 [INFO] [366/503] PH (Parker Hannifin), depuis 2010-01-01...
2026-07-31 01:55:22,257 [INFO]   -> 4168 jours récupérés pour PH (source: ibkr)
2026-07-31 01:55:22,257 [INFO] [367/503] PHM (PulteGroup), depuis 2010-01-01...
2026-07-31 01:55:35,548 [INFO]   -> 4168 jours récupérés pour PHM (source: ibkr)
2026-07-31 01:55:35,549 [INFO] [368/503] PKG (Packaging Corporation of America), depuis 2010-01-01...
2026-07-31 01:55:48,737 [INFO]   -> 4168 jours récupérés pour PKG (source: ibkr)
2026-07-31 01:55:48,738 [INFO] [369/503] PLD (Prologis), depuis 2010-01-01...
2026-07-31 01:56:02,246 [INFO]   -> 3811 jours récupérés pour PLD (source: ibkr)
2026-07-31 01:56:02,247 [INFO] [370/503] PLTR (Palantir Technologies), depuis 2010-01-01...
2026-07-31 01:56:15,161 [INFO]   -> 1464 jours récupérés pour PLTR (source: ibkr)
2026-07-31 01:56:15,162 [INFO] [371/503] PM (Philip Morris International), depuis 2010-01-01...
2026-07-31 01:56:28,346 [INFO]   -> 4168 jours récupérés pour PM (source: ibkr)
2026-07-31 01:56:28,347 [INFO] [372/503] PNC (PNC Financial Services), depuis 2010-01-01...
2026-07-31 01:56:41,760 [INFO]   -> 4168 jours récupérés pour PNC (source: ibkr)
2026-07-31 01:56:41,761 [INFO] [373/503] PNR (Pentair), depuis 2010-01-01...
2026-07-31 01:56:55,616 [INFO]   -> 4168 jours récupérés pour PNR (source: ibkr)
2026-07-31 01:56:55,616 [INFO] [374/503] PNW (Pinnacle West Capital), depuis 2010-01-01...
2026-07-31 01:57:08,970 [INFO]   -> 4168 jours récupérés pour PNW (source: ibkr)
2026-07-31 01:57:08,971 [INFO] [375/503] PODD (Insulet Corporation), depuis 2010-01-01...
2026-07-31 01:57:21,835 [INFO]   -> 4168 jours récupérés pour PODD (source: ibkr)
2026-07-31 01:57:21,835 [INFO] [376/503] PPG (PPG Industries), depuis 2010-01-01...
2026-07-31 01:57:35,195 [INFO]   -> 4168 jours récupérés pour PPG (source: ibkr)
2026-07-31 01:57:35,195 [INFO] [377/503] PPL (PPL Corporation), depuis 2010-01-01...
2026-07-31 01:57:48,506 [INFO]   -> 4168 jours récupérés pour PPL (source: ibkr)
2026-07-31 01:57:48,507 [INFO] [378/503] PRU (Prudential Financial), depuis 2010-01-01...
2026-07-31 01:58:01,639 [INFO]   -> 4168 jours récupérés pour PRU (source: ibkr)
2026-07-31 01:58:01,640 [INFO] [379/503] PSA (Public Storage), depuis 2010-01-01...
2026-07-31 01:58:14,991 [INFO]   -> 4168 jours récupérés pour PSA (source: ibkr)
2026-07-31 01:58:14,991 [INFO] [380/503] PSKY (Paramount Skydance Corporation), depuis 2010-01-01...
2026-07-31 01:58:26,942 [INFO]   -> 246 jours récupérés pour PSKY (source: ibkr)
2026-07-31 01:58:26,943 [INFO] [381/503] PSX (Phillips 66), depuis 2010-01-01...
2026-07-31 01:58:39,911 [INFO]   -> 3595 jours récupérés pour PSX (source: ibkr)
2026-07-31 01:58:39,912 [INFO] [382/503] PTC (PTC Inc.), depuis 2010-01-01...
2026-07-31 01:58:53,942 [INFO]   -> 4168 jours récupérés pour PTC (source: ibkr)
2026-07-31 01:58:53,943 [INFO] [383/503] PWR (Quanta Services), depuis 2010-01-01...
2026-07-31 01:59:07,279 [INFO]   -> 4168 jours récupérés pour PWR (source: ibkr)
2026-07-31 01:59:07,280 [INFO] [384/503] PYPL (PayPal), depuis 2010-01-01...
2026-07-31 01:59:20,364 [INFO]   -> 2784 jours récupérés pour PYPL (source: ibkr)
2026-07-31 01:59:20,364 [INFO] [385/503] Q (Qnity Electronics), depuis 2010-01-01...
2026-07-31 01:59:32,892 [INFO]   -> 190 jours récupérés pour Q (source: ibkr)
2026-07-31 01:59:32,893 [INFO] [386/503] QCOM (Qualcomm), depuis 2010-01-01...
2026-07-31 01:59:45,811 [INFO]   -> 4168 jours récupérés pour QCOM (source: ibkr)
2026-07-31 01:59:45,812 [INFO] [387/503] RCL (Royal Caribbean Group), depuis 2010-01-01...
2026-07-31 01:59:59,025 [INFO]   -> 4168 jours récupérés pour RCL (source: ibkr)
2026-07-31 01:59:59,025 [INFO] [388/503] REG (Regency Centers), depuis 2010-01-01...
2026-07-31 02:00:12,285 [INFO]   -> 4168 jours récupérés pour REG (source: ibkr)
2026-07-31 02:00:12,286 [INFO] [389/503] REGN (Regeneron Pharmaceuticals), depuis 2010-01-01...
2026-07-31 02:00:25,193 [INFO]   -> 4168 jours récupérés pour REGN (source: ibkr)
2026-07-31 02:00:25,194 [INFO] [390/503] RF (Regions Financial Corporation), depuis 2010-01-01...
2026-07-31 02:00:38,522 [INFO]   -> 4168 jours récupérés pour RF (source: ibkr)
2026-07-31 02:00:38,523 [INFO] [391/503] RJF (Raymond James Financial), depuis 2010-01-01...
2026-07-31 02:00:51,973 [INFO]   -> 4168 jours récupérés pour RJF (source: ibkr)
2026-07-31 02:00:51,973 [INFO] [392/503] RL (Ralph Lauren Corporation), depuis 2010-01-01...
2026-07-31 02:01:05,676 [INFO]   -> 4167 jours récupérés pour RL (source: ibkr)
2026-07-31 02:01:05,676 [INFO] [393/503] RMD (ResMed), depuis 2010-01-01...
2026-07-31 02:01:20,601 [INFO]   -> 4168 jours récupérés pour RMD (source: ibkr)
2026-07-31 02:01:20,601 [INFO] [394/503] ROK (Rockwell Automation), depuis 2010-01-01...
2026-07-31 02:01:34,852 [INFO]   -> 4168 jours récupérés pour ROK (source: ibkr)
2026-07-31 02:01:34,853 [INFO] [395/503] ROL (Rollins, Inc.), depuis 2010-01-01...
2026-07-31 02:01:48,433 [INFO]   -> 4168 jours récupérés pour ROL (source: ibkr)
2026-07-31 02:01:48,434 [INFO] [396/503] ROP (Roper Technologies), depuis 2010-01-01...
2026-07-31 02:02:01,930 [INFO]   -> 4168 jours récupérés pour ROP (source: ibkr)
2026-07-31 02:02:01,930 [INFO] [397/503] ROST (Ross Stores), depuis 2010-01-01...
2026-07-31 02:02:14,996 [INFO]   -> 4168 jours récupérés pour ROST (source: ibkr)
2026-07-31 02:02:14,998 [INFO] [398/503] RSG (Republic Services), depuis 2010-01-01...
2026-07-31 02:02:28,364 [INFO]   -> 4168 jours récupérés pour RSG (source: ibkr)
2026-07-31 02:02:28,364 [INFO] [399/503] RTX (RTX Corporation), depuis 2010-01-01...
2026-07-31 02:02:41,589 [INFO]   -> 4168 jours récupérés pour RTX (source: ibkr)
2026-07-31 02:02:41,589 [INFO] [400/503] RVTY (Revvity), depuis 2010-01-01...
2026-07-31 02:02:55,026 [INFO]   -> 4168 jours récupérés pour RVTY (source: ibkr)
2026-07-31 02:02:55,027 [INFO] [401/503] SBAC (SBA Communications), depuis 2010-01-01...
2026-07-31 02:03:08,123 [INFO]   -> 4168 jours récupérés pour SBAC (source: ibkr)
2026-07-31 02:03:08,124 [INFO] [402/503] SBUX (Starbucks), depuis 2010-01-01...
2026-07-31 02:03:20,980 [INFO]   -> 4168 jours récupérés pour SBUX (source: ibkr)
2026-07-31 02:03:20,980 [INFO] [403/503] SCHW (Charles Schwab Corporation), depuis 2010-01-01...
2026-07-31 02:03:34,526 [INFO]   -> 4126 jours récupérés pour SCHW (source: ibkr)
2026-07-31 02:03:34,526 [INFO] [404/503] SHW (Sherwin-Williams), depuis 2010-01-01...
2026-07-31 02:03:47,971 [INFO]   -> 4168 jours récupérés pour SHW (source: ibkr)
2026-07-31 02:03:47,971 [INFO] [405/503] SJM (J.M. Smucker Company (The)), depuis 2010-01-01...
2026-07-31 02:04:01,317 [INFO]   -> 4168 jours récupérés pour SJM (source: ibkr)
2026-07-31 02:04:01,318 [INFO] [406/503] SLB (Schlumberger), depuis 2010-01-01...
2026-07-31 02:04:14,593 [INFO]   -> 4168 jours récupérés pour SLB (source: ibkr)
2026-07-31 02:04:14,595 [INFO] [407/503] SMCI (Supermicro), depuis 2010-01-01...
2026-07-31 02:04:28,559 [INFO]   -> 4168 jours récupérés pour SMCI (source: ibkr)
2026-07-31 02:04:28,560 [INFO] [408/503] SNA (Snap-on), depuis 2010-01-01...
2026-07-31 02:04:41,756 [INFO]   -> 4168 jours récupérés pour SNA (source: ibkr)
2026-07-31 02:04:41,757 [INFO] [409/503] SNDK (Sandisk), depuis 2010-01-01...
2026-07-31 02:04:54,332 [INFO]   -> 366 jours récupérés pour SNDK (source: ibkr)
2026-07-31 02:04:54,335 [INFO] [410/503] SNPS (Synopsys), depuis 2010-01-01...
2026-07-31 02:05:07,480 [INFO]   -> 4168 jours récupérés pour SNPS (source: ibkr)
2026-07-31 02:05:07,481 [INFO] [411/503] SO (Southern Company), depuis 2010-01-01...
2026-07-31 02:05:20,959 [INFO]   -> 4168 jours récupérés pour SO (source: ibkr)
2026-07-31 02:05:20,960 [INFO] [412/503] SOLV (Solventum), depuis 2010-01-01...
2026-07-31 02:05:33,389 [INFO]   -> 588 jours récupérés pour SOLV (source: ibkr)
2026-07-31 02:05:33,390 [INFO] [413/503] SPG (Simon Property Group), depuis 2010-01-01...
2026-07-31 02:05:46,689 [INFO]   -> 4168 jours récupérés pour SPG (source: ibkr)
2026-07-31 02:05:46,690 [INFO] [414/503] SPGI (S&P Global), depuis 2010-01-01...
2026-07-31 02:06:00,177 [INFO]   -> 4168 jours récupérés pour SPGI (source: ibkr)
2026-07-31 02:06:00,178 [INFO] [415/503] SRE (Sempra), depuis 2010-01-01...
2026-07-31 02:06:13,545 [INFO]   -> 4168 jours récupérés pour SRE (source: ibkr)
2026-07-31 02:06:13,546 [INFO] [416/503] STE (Steris), depuis 2010-01-01...
2026-07-31 02:06:27,271 [INFO]   -> 4168 jours récupérés pour STE (source: ibkr)
2026-07-31 02:06:27,271 [INFO] [417/503] STLD (Steel Dynamics), depuis 2010-01-01...
2026-07-31 02:06:40,286 [INFO]   -> 4168 jours récupérés pour STLD (source: ibkr)
2026-07-31 02:06:40,286 [INFO] [418/503] STT (State Street Corporation), depuis 2010-01-01...
2026-07-31 02:06:53,456 [INFO]   -> 4168 jours récupérés pour STT (source: ibkr)
2026-07-31 02:06:53,456 [INFO] [419/503] STX (Seagate Technology), depuis 2010-01-01...
2026-07-31 02:07:07,221 [INFO]   -> 4167 jours récupérés pour STX (source: ibkr)
2026-07-31 02:07:07,221 [INFO] [420/503] STZ (Constellation Brands), depuis 2010-01-01...
2026-07-31 02:07:20,218 [INFO]   -> 4168 jours récupérés pour STZ (source: ibkr)
2026-07-31 02:07:20,218 [INFO] [421/503] SW (Smurfit Westrock), depuis 2010-01-01...
2026-07-31 02:07:32,276 [INFO]   -> 518 jours récupérés pour SW (source: ibkr)
2026-07-31 02:07:32,277 [INFO] [422/503] SWK (Stanley Black & Decker), depuis 2010-01-01...
2026-07-31 02:07:45,608 [INFO]   -> 4168 jours récupérés pour SWK (source: ibkr)
2026-07-31 02:07:45,608 [INFO] [423/503] SWKS (Skyworks Solutions), depuis 2010-01-01...
2026-07-31 02:07:58,625 [INFO]   -> 4168 jours récupérés pour SWKS (source: ibkr)
2026-07-31 02:07:58,625 [INFO] [424/503] SYF (Synchrony Financial), depuis 2010-01-01...
2026-07-31 02:08:14,017 [INFO]   -> 3017 jours récupérés pour SYF (source: ibkr)
2026-07-31 02:08:14,018 [INFO] [425/503] SYK (Stryker Corporation), depuis 2010-01-01...
2026-07-31 02:08:29,890 [INFO]   -> 4168 jours récupérés pour SYK (source: ibkr)
2026-07-31 02:08:29,890 [INFO] [426/503] SYY (Sysco), depuis 2010-01-01...
2026-07-31 02:08:43,960 [INFO]   -> 4168 jours récupérés pour SYY (source: ibkr)
2026-07-31 02:08:43,960 [INFO] [427/503] T (AT&T), depuis 2010-01-01...
2026-07-31 02:08:57,273 [INFO]   -> 4168 jours récupérés pour T (source: ibkr)
2026-07-31 02:08:57,274 [INFO] [428/503] TAP (Molson Coors Beverage Company), depuis 2010-01-01...
2026-07-31 02:09:10,598 [INFO]   -> 4168 jours récupérés pour TAP (source: ibkr)
2026-07-31 02:09:10,599 [INFO] [429/503] TDG (TransDigm Group), depuis 2010-01-01...
2026-07-31 02:09:23,676 [INFO]   -> 4168 jours récupérés pour TDG (source: ibkr)
2026-07-31 02:09:23,677 [INFO] [430/503] TDY (Teledyne Technologies), depuis 2010-01-01...
2026-07-31 02:09:36,926 [INFO]   -> 4168 jours récupérés pour TDY (source: ibkr)
2026-07-31 02:09:36,927 [INFO] [431/503] TECH (Bio-Techne), depuis 2010-01-01...
2026-07-31 02:09:50,319 [INFO]   -> 4168 jours récupérés pour TECH (source: ibkr)
2026-07-31 02:09:50,320 [INFO] [432/503] TEL (TE Connectivity), depuis 2010-01-01...
2026-07-31 02:10:04,328 [INFO]   -> 4168 jours récupérés pour TEL (source: ibkr)
2026-07-31 02:10:04,328 [INFO] [433/503] TER (Teradyne), depuis 2010-01-01...
2026-07-31 02:10:18,806 [INFO]   -> 4168 jours récupérés pour TER (source: ibkr)
2026-07-31 02:10:18,806 [INFO] [434/503] TFC (Truist Financial), depuis 2010-01-01...
2026-07-31 02:10:33,161 [INFO]   -> 4168 jours récupérés pour TFC (source: ibkr)
2026-07-31 02:10:33,161 [INFO] [435/503] TGT (Target Corporation), depuis 2010-01-01...
2026-07-31 02:10:46,836 [INFO]   -> 4168 jours récupérés pour TGT (source: ibkr)
2026-07-31 02:10:46,836 [INFO] [436/503] TJX (TJX Companies), depuis 2010-01-01...
2026-07-31 02:11:00,837 [INFO]   -> 4168 jours récupérés pour TJX (source: ibkr)
2026-07-31 02:11:00,837 [INFO] [437/503] TKO (TKO Group Holdings), depuis 2010-01-01...
2026-07-31 02:11:14,244 [INFO]   -> 4168 jours récupérés pour TKO (source: ibkr)
2026-07-31 02:11:14,244 [INFO] [438/503] TMO (Thermo Fisher Scientific), depuis 2010-01-01...
2026-07-31 02:11:27,482 [INFO]   -> 4168 jours récupérés pour TMO (source: ibkr)
2026-07-31 02:11:27,482 [INFO] [439/503] TMUS (T-Mobile US), depuis 2010-01-01...
2026-07-31 02:11:40,865 [INFO]   -> 3540 jours récupérés pour TMUS (source: ibkr)
2026-07-31 02:11:40,865 [INFO] [440/503] TPL (Texas Pacific Land Corporation), depuis 2010-01-01...
2026-07-31 02:11:53,193 [INFO]   -> 1393 jours récupérés pour TPL (source: ibkr)
2026-07-31 02:11:53,193 [INFO] [441/503] TPR (Tapestry, Inc.), depuis 2010-01-01...
2026-07-31 02:12:06,447 [INFO]   -> 4168 jours récupérés pour TPR (source: ibkr)
2026-07-31 02:12:06,447 [INFO] [442/503] TRGP (Targa Resources), depuis 2010-01-01...
2026-07-31 02:12:20,332 [INFO]   -> 3934 jours récupérés pour TRGP (source: ibkr)
2026-07-31 02:12:20,332 [INFO] [443/503] TRMB (Trimble Inc.), depuis 2010-01-01...
2026-07-31 02:12:34,783 [INFO]   -> 4168 jours récupérés pour TRMB (source: ibkr)
2026-07-31 02:12:34,784 [INFO] [444/503] TROW (T. Rowe Price), depuis 2010-01-01...
2026-07-31 02:12:47,942 [INFO]   -> 4168 jours récupérés pour TROW (source: ibkr)
2026-07-31 02:12:47,943 [INFO] [445/503] TRV (Travelers Companies (The)), depuis 2010-01-01...
2026-07-31 02:13:01,114 [INFO]   -> 4168 jours récupérés pour TRV (source: ibkr)
2026-07-31 02:13:01,115 [INFO] [446/503] TSCO (Tractor Supply), depuis 2010-01-01...
2026-07-31 02:13:14,833 [INFO]   -> 4168 jours récupérés pour TSCO (source: ibkr)
2026-07-31 02:13:14,834 [INFO] [447/503] TSLA (Tesla, Inc.), depuis 2010-01-01...
2026-07-31 02:13:28,338 [INFO]   -> 4046 jours récupérés pour TSLA (source: ibkr)
2026-07-31 02:13:28,339 [INFO] [448/503] TSN (Tyson Foods), depuis 2010-01-01...
2026-07-31 02:13:41,631 [INFO]   -> 4168 jours récupérés pour TSN (source: ibkr)
2026-07-31 02:13:41,631 [INFO] [449/503] TT (Trane Technologies), depuis 2010-01-01...
2026-07-31 02:13:55,766 [INFO]   -> 4168 jours récupérés pour TT (source: ibkr)
2026-07-31 02:13:55,766 [INFO] [450/503] TTD (Trade Desk (The)), depuis 2010-01-01...
2026-07-31 02:14:08,616 [INFO]   -> 2477 jours récupérés pour TTD (source: ibkr)
2026-07-31 02:14:08,616 [INFO] [451/503] TTWO (Take-Two Interactive), depuis 2010-01-01...
2026-07-31 02:14:21,862 [INFO]   -> 4168 jours récupérés pour TTWO (source: ibkr)
2026-07-31 02:14:21,863 [INFO] [452/503] TXN (Texas Instruments), depuis 2010-01-01...
2026-07-31 02:14:35,014 [INFO]   -> 3664 jours récupérés pour TXN (source: ibkr)
2026-07-31 02:14:35,014 [INFO] [453/503] TXT (Textron), depuis 2010-01-01...
2026-07-31 02:14:48,433 [INFO]   -> 4168 jours récupérés pour TXT (source: ibkr)
2026-07-31 02:14:48,434 [INFO] [454/503] TYL (Tyler Technologies), depuis 2010-01-01...
2026-07-31 02:15:01,631 [INFO]   -> 4168 jours récupérés pour TYL (source: ibkr)
2026-07-31 02:15:01,632 [INFO] [455/503] UAL (United Airlines Holdings), depuis 2010-01-01...
2026-07-31 02:15:15,184 [INFO]   -> 1982 jours récupérés pour UAL (source: ibkr)
2026-07-31 02:15:15,185 [INFO] [456/503] UBER (Uber), depuis 2010-01-01...
2026-07-31 02:15:28,480 [INFO]   -> 1815 jours récupérés pour UBER (source: ibkr)
2026-07-31 02:15:28,480 [INFO] [457/503] UDR (UDR, Inc.), depuis 2010-01-01...
2026-07-31 02:15:42,489 [INFO]   -> 4168 jours récupérés pour UDR (source: ibkr)
2026-07-31 02:15:42,489 [INFO] [458/503] UHS (Universal Health Services), depuis 2010-01-01...
2026-07-31 02:15:56,101 [INFO]   -> 4168 jours récupérés pour UHS (source: ibkr)
2026-07-31 02:15:56,101 [INFO] [459/503] ULTA (Ulta Beauty), depuis 2010-01-01...
2026-07-31 02:16:09,486 [INFO]   -> 4168 jours récupérés pour ULTA (source: ibkr)
2026-07-31 02:16:09,487 [INFO] [460/503] UNH (UnitedHealth Group), depuis 2010-01-01...
2026-07-31 02:16:23,049 [INFO]   -> 4168 jours récupérés pour UNH (source: ibkr)
2026-07-31 02:16:23,050 [INFO] [461/503] UNP (Union Pacific Corporation), depuis 2010-01-01...
2026-07-31 02:16:38,368 [INFO]   -> 4168 jours récupérés pour UNP (source: ibkr)
2026-07-31 02:16:38,368 [INFO] [462/503] UPS (United Parcel Service), depuis 2010-01-01...
2026-07-31 02:16:52,398 [INFO]   -> 4168 jours récupérés pour UPS (source: ibkr)
2026-07-31 02:16:52,399 [INFO] [463/503] URI (United Rentals), depuis 2010-01-01...
2026-07-31 02:17:05,951 [INFO]   -> 4168 jours récupérés pour URI (source: ibkr)
2026-07-31 02:17:05,951 [INFO] [464/503] USB (U.S. Bancorp), depuis 2010-01-01...
2026-07-31 02:17:19,809 [INFO]   -> 4168 jours récupérés pour USB (source: ibkr)
2026-07-31 02:17:19,809 [INFO] [465/503] V (Visa Inc.), depuis 2010-01-01...
2026-07-31 02:17:33,697 [INFO]   -> 4168 jours récupérés pour V (source: ibkr)
2026-07-31 02:17:33,697 [INFO] [466/503] VEEV (Veeva Systems), depuis 2010-01-01...
2026-07-31 02:17:47,144 [INFO]   -> 3215 jours récupérés pour VEEV (source: ibkr)
2026-07-31 02:17:47,144 [INFO] [467/503] VICI (Vici Properties), depuis 2010-01-01...
2026-07-31 02:18:02,818 [INFO]   -> 2159 jours récupérés pour VICI (source: ibkr)
2026-07-31 02:18:02,818 [INFO] [468/503] VLO (Valero Energy), depuis 2010-01-01...
2026-07-31 02:18:15,960 [INFO]   -> 4168 jours récupérés pour VLO (source: ibkr)
2026-07-31 02:18:15,960 [INFO] [469/503] VLTO (Veralto), depuis 2010-01-01...
2026-07-31 02:18:34,012 [INFO]   -> 712 jours récupérés pour VLTO (source: ibkr)
2026-07-31 02:18:34,013 [INFO] [470/503] VMC (Vulcan Materials Company), depuis 2010-01-01...
2026-07-31 02:18:48,205 [INFO]   -> 4168 jours récupérés pour VMC (source: ibkr)
2026-07-31 02:18:48,205 [INFO] [471/503] VRSK (Verisk Analytics), depuis 2010-01-01...
2026-07-31 02:19:07,255 [INFO]   -> 4168 jours récupérés pour VRSK (source: ibkr)
2026-07-31 02:19:07,255 [INFO] [472/503] VRSN (Verisign), depuis 2010-01-01...
2026-07-31 02:19:22,082 [INFO]   -> 4168 jours récupérés pour VRSN (source: ibkr)
2026-07-31 02:19:22,083 [INFO] [473/503] VRT (Vertiv), depuis 2010-01-01...
2026-07-31 02:19:35,025 [INFO]   -> 2011 jours récupérés pour VRT (source: ibkr)
2026-07-31 02:19:35,025 [INFO] [474/503] VRTX (Vertex Pharmaceuticals), depuis 2010-01-01...
2026-07-31 02:19:51,267 [INFO]   -> 4167 jours récupérés pour VRTX (source: ibkr)
2026-07-31 02:19:51,267 [INFO] [475/503] VST (Vistra Corp.), depuis 2010-01-01...
2026-07-31 02:20:07,677 [INFO]   -> 2467 jours récupérés pour VST (source: ibkr)
2026-07-31 02:20:07,677 [INFO] [476/503] VTR (Ventas), depuis 2010-01-01...
2026-07-31 02:20:26,843 [INFO]   -> 4168 jours récupérés pour VTR (source: ibkr)
2026-07-31 02:20:26,844 [INFO] [477/503] VTRS (Viatris), depuis 2010-01-01...
2026-07-31 02:20:41,097 [INFO]   -> 4168 jours récupérés pour VTRS (source: ibkr)
2026-07-31 02:20:41,098 [INFO] [478/503] VZ (Verizon), depuis 2010-01-01...
2026-07-31 02:20:54,965 [INFO]   -> 4168 jours récupérés pour VZ (source: ibkr)
2026-07-31 02:20:54,965 [INFO] [479/503] WAB (Wabtec), depuis 2010-01-01...
2026-07-31 02:21:08,872 [INFO]   -> 4168 jours récupérés pour WAB (source: ibkr)
2026-07-31 02:21:08,872 [INFO] [480/503] WAT (Waters Corporation), depuis 2010-01-01...
2026-07-31 02:21:23,677 [INFO]   -> 4168 jours récupérés pour WAT (source: ibkr)
2026-07-31 02:21:23,678 [INFO] [481/503] WBD (Warner Bros. Discovery), depuis 2010-01-01...
2026-07-31 02:21:37,644 [INFO]   -> 3667 jours récupérés pour WBD (source: ibkr)
2026-07-31 02:21:37,644 [INFO] [482/503] WDAY (Workday, Inc.), depuis 2010-01-01...
2026-07-31 02:21:51,630 [INFO]   -> 2226 jours récupérés pour WDAY (source: ibkr)
2026-07-31 02:21:51,630 [INFO] [483/503] WDC (Western Digital), depuis 2010-01-01...
2026-07-31 02:22:07,400 [INFO]   -> 3560 jours récupérés pour WDC (source: ibkr)
2026-07-31 02:22:07,401 [INFO] [484/503] WEC (WEC Energy Group), depuis 2010-01-01...
2026-07-31 02:22:21,258 [INFO]   -> 4168 jours récupérés pour WEC (source: ibkr)
2026-07-31 02:22:21,258 [INFO] [485/503] WELL (Welltower), depuis 2010-01-01...
2026-07-31 02:22:35,876 [INFO]   -> 4168 jours récupérés pour WELL (source: ibkr)
2026-07-31 02:22:35,876 [INFO] [486/503] WFC (Wells Fargo), depuis 2010-01-01...
2026-07-31 02:22:49,468 [INFO]   -> 4168 jours récupérés pour WFC (source: ibkr)
2026-07-31 02:22:49,469 [INFO] [487/503] WM (Waste Management), depuis 2010-01-01...
2026-07-31 02:23:04,614 [INFO]   -> 4168 jours récupérés pour WM (source: ibkr)
2026-07-31 02:23:04,614 [INFO] [488/503] WMB (Williams Companies), depuis 2010-01-01...
2026-07-31 02:23:21,132 [INFO]   -> 4168 jours récupérés pour WMB (source: ibkr)
2026-07-31 02:23:21,133 [INFO] [489/503] WMT (Walmart), depuis 2010-01-01...
2026-07-31 02:23:36,342 [INFO]   -> 4168 jours récupérés pour WMT (source: ibkr)
2026-07-31 02:23:36,343 [INFO] [490/503] WRB (W. R. Berkley Corporation), depuis 2010-01-01...
2026-07-31 02:23:50,852 [INFO]   -> 4168 jours récupérés pour WRB (source: ibkr)
2026-07-31 02:23:50,852 [INFO] [491/503] WSM (Williams-Sonoma, Inc.), depuis 2010-01-01...
2026-07-31 02:24:12,249 [INFO]   -> 4168 jours récupérés pour WSM (source: ibkr)
2026-07-31 02:24:12,249 [INFO] [492/503] WST (West Pharmaceutical Services), depuis 2010-01-01...
2026-07-31 02:24:25,725 [INFO]   -> 4168 jours récupérés pour WST (source: ibkr)
2026-07-31 02:24:25,726 [INFO] [493/503] WTW (Willis Towers Watson), depuis 2010-01-01...
2026-07-31 02:24:40,385 [INFO]   -> 2657 jours récupérés pour WTW (source: ibkr)
2026-07-31 02:24:40,385 [INFO] [494/503] WY (Weyerhaeuser), depuis 2010-01-01...
2026-07-31 02:24:55,341 [INFO]   -> 4168 jours récupérés pour WY (source: ibkr)
2026-07-31 02:24:55,342 [INFO] [495/503] WYNN (Wynn Resorts), depuis 2010-01-01...
2026-07-31 02:25:13,837 [INFO]   -> 4168 jours récupérés pour WYNN (source: ibkr)
2026-07-31 02:25:13,837 [INFO] [496/503] XEL (Xcel Energy), depuis 2010-01-01...
2026-07-31 02:25:27,122 [INFO]   -> 2155 jours récupérés pour XEL (source: ibkr)
2026-07-31 02:25:27,122 [INFO] [497/503] XOM (ExxonMobil), depuis 2010-01-01...
2026-07-31 02:25:42,399 [INFO]   -> 4168 jours récupérés pour XOM (source: ibkr)
2026-07-31 02:25:42,400 [INFO] [498/503] XYL (Xylem Inc.), depuis 2010-01-01...
2026-07-31 02:25:57,180 [INFO]   -> 3719 jours récupérés pour XYL (source: ibkr)
2026-07-31 02:25:57,181 [INFO] [499/503] XYZ (Block, Inc.), depuis 2010-01-01...
2026-07-31 02:26:14,117 [INFO]   -> 2687 jours récupérés pour XYZ (source: ibkr)
2026-07-31 02:26:14,117 [INFO] [500/503] YUM (Yum! Brands), depuis 2010-01-01...
2026-07-31 02:26:50,597 [INFO]   -> 4168 jours récupérés pour YUM (source: ibkr)
2026-07-31 02:26:50,598 [INFO] [501/503] ZBH (Zimmer Biomet), depuis 2010-01-01...
2026-07-31 02:27:21,526 [INFO]   -> 4168 jours récupérés pour ZBH (source: ibkr)
2026-07-31 02:27:21,527 [INFO] [502/503] ZBRA (Zebra Technologies), depuis 2010-01-01...
2026-07-31 02:27:35,512 [INFO]   -> 4168 jours récupérés pour ZBRA (source: ibkr)
2026-07-31 02:27:35,513 [INFO] [503/503] ZTS (Zoetis), depuis 2010-01-01...
2026-07-31 02:27:49,219 [INFO]   -> 3393 jours récupérés pour ZTS (source: ibkr)
2026-07-31 02:27:49,220 [INFO] Disconnecting from 127.0.0.1:4002, 66.9 kB sent in 1015 messages, 111 MB received in 1962 messages, session time 7.78 ks.
2026-07-31 02:27:49,220 [INFO] Disconnecting
2026-07-31 02:27:49,221 [INFO] Déconnecté d'IBKR.
2026-07-31 02:27:49,221 [INFO] Terminé. OK: 502 | Échecs (trous de couverture): 1 | Déjà à jour (ignorés): 0 | Nouvelles lignes: 1908900 | Sources: {'ibkr': 502}
2026-07-31 02:27:57,736 [INFO] Fichier écrit : data\prices\daily_prices.parquet (1908900 lignes au total, 1908900 nouvelles/mises à jour ce run).
