2026-08-17 15:32:04,867 [INFO] Log file: data\prices\daily_prices_20260817_153204.log
2026-08-17 15:32:04,962 [INFO] Univers chargé : 503 tickers.
2026-08-17 15:32:04,963 [INFO] Indice de référence SPY ajouté aux tickers à récupérer (SPDR S&P 500 ETF Trust). Il n'entre PAS dans l'univers investissable, qui vient de sp500_universe_history.parquet.
2026-08-17 15:32:06,409 [INFO] Cache existant chargé : data\prices\daily_prices.parquet (1919955 lignes, 504 symboles).
2026-08-17 15:32:31,552 [INFO] 0/504 tickers déjà à jour (ignorés), 504 à récupérer.
2026-08-17 15:32:32,114 [INFO] Connecting to 127.0.0.1:4002 with clientId 4...
2026-08-17 15:32:32,116 [INFO] Connected
2026-08-17 15:32:32,229 [INFO] Logged on to server version 176
2026-08-17 15:32:32,294 [INFO] API connection ready
2026-08-17 15:32:32,307 [INFO] Warning 2104, reqId -1: Market data farm connection is OK:eufarm
2026-08-17 15:32:32,312 [INFO] Warning 2107, reqId -1: HMDS data farm connection is inactive but should be available upon demand.euhmds
2026-08-17 15:32:32,313 [INFO] Warning 2158, reqId -1: Sec-def data farm connection is OK:secdefeu
2026-08-17 15:32:32,587 [INFO] Synchronization complete
2026-08-17 15:32:32,588 [INFO] Connecté à IBKR sur 127.0.0.1:4002 (clientId=4, readonly=True).
2026-08-17 15:32:32,590 [INFO] [1/504] A (Agilent Technologies), depuis 2026-08-14...
2026-08-17 15:32:35,508 [INFO] Warning 2106, reqId -1: HMDS data farm connection is OK:ushmds
2026-08-17 15:32:46,924 [INFO]   -> 1 jours récupérés pour A (source: ibkr)
2026-08-17 15:32:46,925 [INFO] [2/504] AAPL (Apple Inc.), depuis 2026-08-14...
2026-08-17 15:32:58,561 [INFO]   -> 1 jours récupérés pour AAPL (source: ibkr)
2026-08-17 15:32:58,606 [INFO] [3/504] ABBV (AbbVie), depuis 2026-08-14...
2026-08-17 15:33:10,562 [INFO]   -> 1 jours récupérés pour ABBV (source: ibkr)
2026-08-17 15:33:10,563 [INFO] [4/504] ABNB (Airbnb), depuis 2026-08-14...
2026-08-17 15:33:22,566 [INFO]   -> 1 jours récupérés pour ABNB (source: ibkr)
2026-08-17 15:33:22,569 [INFO] [5/504] ABT (Abbott Laboratories), depuis 2026-08-14...
2026-08-17 15:33:34,387 [INFO]   -> 1 jours récupérés pour ABT (source: ibkr)
2026-08-17 15:33:34,387 [INFO] [6/504] ACGL (Arch Capital Group), depuis 2026-08-14...
2026-08-17 15:33:45,908 [INFO]   -> 1 jours récupérés pour ACGL (source: ibkr)
2026-08-17 15:33:45,910 [INFO] [7/504] ACN (Accenture), depuis 2026-08-14...
2026-08-17 15:33:57,479 [INFO]   -> 1 jours récupérés pour ACN (source: ibkr)
2026-08-17 15:33:57,480 [INFO] [8/504] ADBE (Adobe Inc.), depuis 2026-08-14...
2026-08-17 15:34:08,990 [INFO]   -> 1 jours récupérés pour ADBE (source: ibkr)
2026-08-17 15:34:08,990 [INFO] [9/504] ADI (Analog Devices), depuis 2026-08-14...
2026-08-17 15:34:20,671 [INFO]   -> 1 jours récupérés pour ADI (source: ibkr)
2026-08-17 15:34:20,674 [INFO] [10/504] ADM (Archer Daniels Midland), depuis 2026-08-14...
2026-08-17 15:34:32,424 [INFO]   -> 1 jours récupérés pour ADM (source: ibkr)
2026-08-17 15:34:32,426 [INFO] [11/504] ADP (Automatic Data Processing), depuis 2026-08-14...
2026-08-17 15:34:44,521 [INFO]   -> 1 jours récupérés pour ADP (source: ibkr)
2026-08-17 15:34:44,522 [INFO] [12/504] ADSK (Autodesk), depuis 2026-08-14...
2026-08-17 15:34:56,350 [INFO]   -> 1 jours récupérés pour ADSK (source: ibkr)
2026-08-17 15:34:56,351 [INFO] [13/504] AEE (Ameren), depuis 2026-08-14...
2026-08-17 15:35:08,016 [INFO]   -> 1 jours récupérés pour AEE (source: ibkr)
2026-08-17 15:35:08,017 [INFO] [14/504] AEP (American Electric Power), depuis 2026-08-14...
2026-08-17 15:35:19,683 [INFO]   -> 1 jours récupérés pour AEP (source: ibkr)
2026-08-17 15:35:19,684 [INFO] [15/504] AES (AES Corporation), depuis 2026-08-14...
2026-08-17 15:35:31,197 [INFO]   -> 1 jours récupérés pour AES (source: ibkr)
2026-08-17 15:35:31,199 [INFO] [16/504] AFL (Aflac), depuis 2026-08-14...
2026-08-17 15:35:43,076 [INFO]   -> 1 jours récupérés pour AFL (source: ibkr)
2026-08-17 15:35:43,077 [INFO] [17/504] AIG (American International Group), depuis 2026-08-14...
2026-08-17 15:35:54,611 [INFO]   -> 1 jours récupérés pour AIG (source: ibkr)
2026-08-17 15:35:54,612 [INFO] [18/504] AIZ (Assurant), depuis 2026-08-14...
2026-08-17 15:36:06,417 [INFO]   -> 1 jours récupérés pour AIZ (source: ibkr)
2026-08-17 15:36:06,417 [INFO] [19/504] AJG (Arthur J. Gallagher & Co.), depuis 2026-08-14...
2026-08-17 15:36:17,980 [INFO]   -> 1 jours récupérés pour AJG (source: ibkr)
2026-08-17 15:36:17,981 [INFO] [20/504] AKAM (Akamai Technologies), depuis 2026-08-14...
2026-08-17 15:36:29,457 [INFO]   -> 1 jours récupérés pour AKAM (source: ibkr)
2026-08-17 15:36:29,457 [INFO] [21/504] ALB (Albemarle Corporation), depuis 2026-08-14...
2026-08-17 15:36:41,027 [INFO]   -> 1 jours récupérés pour ALB (source: ibkr)
2026-08-17 15:36:41,028 [INFO] [22/504] ALGN (Align Technology), depuis 2026-08-14...
2026-08-17 15:36:52,477 [INFO]   -> 1 jours récupérés pour ALGN (source: ibkr)
2026-08-17 15:36:52,477 [INFO] [23/504] ALL (Allstate), depuis 2026-08-14...
2026-08-17 15:37:04,515 [INFO]   -> 1 jours récupérés pour ALL (source: ibkr)
2026-08-17 15:37:04,515 [INFO] [24/504] ALLE (Allegion), depuis 2026-08-14...
2026-08-17 15:37:16,596 [INFO]   -> 1 jours récupérés pour ALLE (source: ibkr)
2026-08-17 15:37:16,596 [INFO] [25/504] AMAT (Applied Materials), depuis 2026-08-14...
2026-08-17 15:37:28,486 [INFO]   -> 1 jours récupérés pour AMAT (source: ibkr)
2026-08-17 15:37:28,487 [INFO] [26/504] AMCR (Amcor), depuis 2026-08-14...
2026-08-17 15:37:39,955 [INFO]   -> 1 jours récupérés pour AMCR (source: ibkr)
2026-08-17 15:37:39,955 [INFO] [27/504] AMD (Advanced Micro Devices), depuis 2026-08-14...
2026-08-17 15:37:51,379 [INFO]   -> 1 jours récupérés pour AMD (source: ibkr)
2026-08-17 15:37:51,379 [INFO] [28/504] AME (Ametek), depuis 2026-08-14...
2026-08-17 15:38:02,968 [INFO]   -> 1 jours récupérés pour AME (source: ibkr)
2026-08-17 15:38:02,969 [INFO] [29/504] AMGN (Amgen), depuis 2026-08-14...
2026-08-17 15:38:14,506 [INFO]   -> 1 jours récupérés pour AMGN (source: ibkr)
2026-08-17 15:38:14,508 [INFO] [30/504] AMP (Ameriprise Financial), depuis 2026-08-14...
2026-08-17 15:38:26,229 [INFO]   -> 1 jours récupérés pour AMP (source: ibkr)
2026-08-17 15:38:26,229 [INFO] [31/504] AMT (American Tower), depuis 2026-08-14...
2026-08-17 15:38:37,818 [INFO]   -> 1 jours récupérés pour AMT (source: ibkr)
2026-08-17 15:38:37,818 [INFO] [32/504] AMZN (Amazon), depuis 2026-08-14...
2026-08-17 15:38:49,375 [INFO]   -> 1 jours récupérés pour AMZN (source: ibkr)
2026-08-17 15:38:49,376 [INFO] [33/504] ANET (Arista Networks), depuis 2026-08-14...
2026-08-17 15:39:00,803 [INFO]   -> 1 jours récupérés pour ANET (source: ibkr)
2026-08-17 15:39:00,804 [INFO] [34/504] AON (Aon plc), depuis 2026-08-14...
2026-08-17 15:39:12,345 [INFO]   -> 1 jours récupérés pour AON (source: ibkr)
2026-08-17 15:39:12,346 [INFO] [35/504] AOS (A. O. Smith), depuis 2026-08-14...
2026-08-17 15:39:23,948 [INFO]   -> 1 jours récupérés pour AOS (source: ibkr)
2026-08-17 15:39:23,948 [INFO] [36/504] APA (APA Corporation), depuis 2026-08-14...
2026-08-17 15:39:35,606 [INFO]   -> 1 jours récupérés pour APA (source: ibkr)
2026-08-17 15:39:35,608 [INFO] [37/504] APD (Air Products), depuis 2026-08-14...
2026-08-17 15:39:47,174 [INFO]   -> 1 jours récupérés pour APD (source: ibkr)
2026-08-17 15:39:47,175 [INFO] [38/504] APH (Amphenol), depuis 2026-08-14...
2026-08-17 15:39:58,721 [INFO]   -> 1 jours récupérés pour APH (source: ibkr)
2026-08-17 15:39:58,724 [INFO] [39/504] APO (Apollo Global Management), depuis 2026-08-14...
2026-08-17 15:40:10,232 [INFO]   -> 1 jours récupérés pour APO (source: ibkr)
2026-08-17 15:40:10,232 [INFO] [40/504] APP (AppLovin), depuis 2026-08-14...
2026-08-17 15:40:21,672 [INFO]   -> 1 jours récupérés pour APP (source: ibkr)
2026-08-17 15:40:21,673 [INFO] [41/504] APTV (Aptiv), depuis 2026-08-14...
2026-08-17 15:40:33,161 [INFO]   -> 1 jours récupérés pour APTV (source: ibkr)
2026-08-17 15:40:33,162 [INFO] [42/504] ARE (Alexandria Real Estate Equities), depuis 2026-08-14...
2026-08-17 15:40:44,691 [INFO]   -> 1 jours récupérés pour ARE (source: ibkr)
2026-08-17 15:40:44,692 [INFO] [43/504] ARES (Ares Management), depuis 2026-08-14...
2026-08-17 15:40:56,321 [INFO]   -> 1 jours récupérés pour ARES (source: ibkr)
2026-08-17 15:40:56,321 [INFO] [44/504] ATO (Atmos Energy), depuis 2026-08-14...
2026-08-17 15:41:07,861 [INFO]   -> 1 jours récupérés pour ATO (source: ibkr)
2026-08-17 15:41:07,861 [INFO] [45/504] AVB (AvalonBay Communities), depuis 2026-08-13...
2026-08-17 15:41:07,933 [ERROR] Error 200, reqId 91: No security definition has been found for the request, contract: Stock(symbol='AVB', exchange='SMART', currency='USD')
2026-08-17 15:41:09,401 [WARNING]   -> ECHEC (ni IBKR ni Stooq) pour AVB : Aucune donnée (ni IBKR ni Stooq) pour AVB -- TROU DE COUVERTURE.
2026-08-17 15:41:09,402 [INFO] [46/504] AVGO (Broadcom), depuis 2026-08-14...
2026-08-17 15:41:20,892 [INFO]   -> 1 jours récupérés pour AVGO (source: ibkr)
2026-08-17 15:41:20,893 [INFO] [47/504] AVY (Avery Dennison), depuis 2026-08-14...
2026-08-17 15:41:32,550 [INFO]   -> 1 jours récupérés pour AVY (source: ibkr)
2026-08-17 15:41:32,551 [INFO] [48/504] AWK (American Water Works), depuis 2026-08-14...
2026-08-17 15:41:43,995 [INFO]   -> 1 jours récupérés pour AWK (source: ibkr)
2026-08-17 15:41:43,996 [INFO] [49/504] AXON (Axon Enterprise), depuis 2026-08-14...
2026-08-17 15:41:55,575 [INFO]   -> 1 jours récupérés pour AXON (source: ibkr)
2026-08-17 15:41:55,576 [INFO] [50/504] AXP (American Express), depuis 2026-08-14...
2026-08-17 15:42:07,404 [INFO]   -> 1 jours récupérés pour AXP (source: ibkr)
2026-08-17 15:42:07,404 [INFO] [51/504] AZO (AutoZone), depuis 2026-08-14...
2026-08-17 15:42:18,850 [INFO]   -> 1 jours récupérés pour AZO (source: ibkr)
2026-08-17 15:42:18,850 [INFO] [52/504] BA (Boeing), depuis 2026-08-14...
2026-08-17 15:42:30,370 [INFO]   -> 1 jours récupérés pour BA (source: ibkr)
2026-08-17 15:42:30,370 [INFO] [53/504] BAC (Bank of America), depuis 2026-08-14...
2026-08-17 15:42:41,908 [INFO]   -> 1 jours récupérés pour BAC (source: ibkr)
2026-08-17 15:42:41,910 [INFO] [54/504] BALL (Ball Corporation), depuis 2026-08-14...
2026-08-17 15:42:53,459 [INFO]   -> 1 jours récupérés pour BALL (source: ibkr)
2026-08-17 15:42:53,459 [INFO] [55/504] BAX (Baxter International), depuis 2026-08-14...
2026-08-17 15:43:05,069 [INFO]   -> 1 jours récupérés pour BAX (source: ibkr)
2026-08-17 15:43:05,075 [INFO] [56/504] BBY (Best Buy), depuis 2026-08-14...
2026-08-17 15:43:16,674 [INFO]   -> 1 jours récupérés pour BBY (source: ibkr)
2026-08-17 15:43:16,676 [INFO] [57/504] BDX (Becton Dickinson), depuis 2026-08-14...
2026-08-17 15:43:28,289 [INFO]   -> 1 jours récupérés pour BDX (source: ibkr)
2026-08-17 15:43:28,291 [INFO] [58/504] BEN (Franklin Resources), depuis 2026-08-14...
2026-08-17 15:43:39,845 [INFO]   -> 1 jours récupérés pour BEN (source: ibkr)
2026-08-17 15:43:39,846 [INFO] [59/504] BF B (Brown–Forman), depuis 2026-08-14...
2026-08-17 15:43:51,770 [INFO]   -> 1 jours récupérés pour BF B (source: ibkr)
2026-08-17 15:43:51,788 [INFO] [60/504] BG (Bunge Global), depuis 2026-08-14...
2026-08-17 15:44:03,476 [INFO]   -> 1 jours récupérés pour BG (source: ibkr)
2026-08-17 15:44:03,477 [INFO] [61/504] BIIB (Biogen), depuis 2026-08-14...
2026-08-17 15:44:14,912 [INFO]   -> 1 jours récupérés pour BIIB (source: ibkr)
2026-08-17 15:44:14,913 [INFO] [62/504] BKNG (Booking Holdings), depuis 2026-08-14...
2026-08-17 15:44:26,414 [INFO]   -> 1 jours récupérés pour BKNG (source: ibkr)
2026-08-17 15:44:26,415 [INFO] [63/504] BKR (Baker Hughes), depuis 2026-08-14...
2026-08-17 15:44:38,081 [INFO]   -> 1 jours récupérés pour BKR (source: ibkr)
2026-08-17 15:44:38,081 [INFO] [64/504] BLDR (Builders FirstSource), depuis 2026-08-14...
2026-08-17 15:44:49,591 [INFO]   -> 1 jours récupérés pour BLDR (source: ibkr)
2026-08-17 15:44:49,591 [INFO] [65/504] BLK (BlackRock), depuis 2026-08-14...
2026-08-17 15:45:01,198 [INFO]   -> 1 jours récupérés pour BLK (source: ibkr)
2026-08-17 15:45:01,279 [INFO] [66/504] BMY (Bristol Myers Squibb), depuis 2026-08-14...
2026-08-17 15:45:13,126 [INFO]   -> 1 jours récupérés pour BMY (source: ibkr)
2026-08-17 15:45:13,127 [INFO] [67/504] BNY (BNY Mellon), depuis 2026-08-14...
2026-08-17 15:45:24,690 [INFO]   -> 1 jours récupérés pour BNY (source: ibkr)
2026-08-17 15:45:24,691 [INFO] [68/504] BR (Broadridge Financial Solutions), depuis 2026-08-14...
2026-08-17 15:45:36,274 [INFO]   -> 1 jours récupérés pour BR (source: ibkr)
2026-08-17 15:45:36,275 [INFO] [69/504] BRK B (Berkshire Hathaway), depuis 2026-08-14...
2026-08-17 15:45:47,825 [INFO]   -> 2 jours récupérés pour BRK B (source: ibkr)
2026-08-17 15:45:47,826 [INFO] [70/504] BRO (Brown & Brown), depuis 2026-08-14...
2026-08-17 15:45:59,392 [INFO]   -> 2 jours récupérés pour BRO (source: ibkr)
2026-08-17 15:45:59,392 [INFO] [71/504] BSX (Boston Scientific), depuis 2026-08-14...
2026-08-17 15:46:10,816 [INFO]   -> 2 jours récupérés pour BSX (source: ibkr)
2026-08-17 15:46:10,817 [INFO] [72/504] BX (Blackstone Inc.), depuis 2026-08-14...
2026-08-17 15:46:22,341 [INFO]   -> 2 jours récupérés pour BX (source: ibkr)
2026-08-17 15:46:22,368 [INFO] [73/504] BXP (BXP, Inc.), depuis 2026-08-14...
2026-08-17 15:46:33,934 [INFO]   -> 2 jours récupérés pour BXP (source: ibkr)
2026-08-17 15:46:33,935 [INFO] [74/504] C (Citigroup), depuis 2026-08-14...
2026-08-17 15:46:45,474 [INFO]   -> 2 jours récupérés pour C (source: ibkr)
2026-08-17 15:46:45,479 [INFO] [75/504] CAH (Cardinal Health), depuis 2026-08-14...
2026-08-17 15:46:57,015 [INFO]   -> 2 jours récupérés pour CAH (source: ibkr)
2026-08-17 15:46:57,016 [INFO] [76/504] CARR (Carrier Global), depuis 2026-08-14...
2026-08-17 15:47:08,509 [INFO]   -> 2 jours récupérés pour CARR (source: ibkr)
2026-08-17 15:47:08,523 [INFO] [77/504] CASY (Casey's), depuis 2026-08-14...
2026-08-17 15:47:20,079 [INFO]   -> 2 jours récupérés pour CASY (source: ibkr)
2026-08-17 15:47:20,079 [INFO] [78/504] CAT (Caterpillar Inc.), depuis 2026-08-14...
2026-08-17 15:47:31,675 [INFO]   -> 2 jours récupérés pour CAT (source: ibkr)
2026-08-17 15:47:31,675 [INFO] [79/504] CB (Chubb Limited), depuis 2026-08-14...
2026-08-17 15:47:43,231 [INFO]   -> 2 jours récupérés pour CB (source: ibkr)
2026-08-17 15:47:43,232 [INFO] [80/504] CBOE (Cboe Global Markets), depuis 2026-08-14...
2026-08-17 15:47:54,786 [INFO]   -> 2 jours récupérés pour CBOE (source: ibkr)
2026-08-17 15:47:54,796 [INFO] [81/504] CBRE (CBRE Group), depuis 2026-08-14...
2026-08-17 15:48:06,345 [INFO]   -> 1 jours récupérés pour CBRE (source: ibkr)
2026-08-17 15:48:06,346 [INFO] [82/504] CCI (Crown Castle), depuis 2026-08-14...
2026-08-17 15:48:17,976 [INFO]   -> 2 jours récupérés pour CCI (source: ibkr)
2026-08-17 15:48:17,976 [INFO] [83/504] CCL (Carnival Corporation), depuis 2026-08-14...
2026-08-17 15:48:29,466 [INFO]   -> 2 jours récupérés pour CCL (source: ibkr)
2026-08-17 15:48:29,471 [INFO] [84/504] CDNS (Cadence Design Systems), depuis 2026-08-14...
2026-08-17 15:48:40,907 [INFO]   -> 2 jours récupérés pour CDNS (source: ibkr)
2026-08-17 15:48:40,908 [INFO] [85/504] CDW (CDW Corporation), depuis 2026-08-14...
2026-08-17 15:48:52,385 [INFO]   -> 2 jours récupérés pour CDW (source: ibkr)
2026-08-17 15:48:52,385 [INFO] [86/504] CEG (Constellation Energy), depuis 2026-08-14...
2026-08-17 15:49:03,807 [INFO]   -> 2 jours récupérés pour CEG (source: ibkr)
2026-08-17 15:49:03,808 [INFO] [87/504] CF (CF Industries), depuis 2026-08-14...
2026-08-17 15:49:15,379 [INFO]   -> 2 jours récupérés pour CF (source: ibkr)
2026-08-17 15:49:15,380 [INFO] [88/504] CFG (Citizens Financial Group), depuis 2026-08-14...
2026-08-17 15:49:26,860 [INFO]   -> 2 jours récupérés pour CFG (source: ibkr)
2026-08-17 15:49:26,861 [INFO] [89/504] CHD (Church & Dwight), depuis 2026-08-14...
2026-08-17 15:49:38,371 [INFO]   -> 2 jours récupérés pour CHD (source: ibkr)
2026-08-17 15:49:38,372 [INFO] [90/504] CHRW (C.H. Robinson), depuis 2026-08-14...
2026-08-17 15:49:49,898 [INFO]   -> 2 jours récupérés pour CHRW (source: ibkr)
2026-08-17 15:49:49,898 [INFO] [91/504] CHTR (Charter Communications), depuis 2026-08-14...
2026-08-17 15:50:01,363 [INFO]   -> 2 jours récupérés pour CHTR (source: ibkr)
2026-08-17 15:50:01,364 [INFO] [92/504] CI (Cigna), depuis 2026-08-14...
2026-08-17 15:50:12,871 [INFO]   -> 2 jours récupérés pour CI (source: ibkr)
2026-08-17 15:50:12,872 [INFO] [93/504] CIEN (Ciena), depuis 2026-08-14...
2026-08-17 15:50:24,313 [INFO]   -> 2 jours récupérés pour CIEN (source: ibkr)
2026-08-17 15:50:24,314 [INFO] [94/504] CINF (Cincinnati Financial), depuis 2026-08-14...
2026-08-17 15:50:35,871 [INFO]   -> 2 jours récupérés pour CINF (source: ibkr)
2026-08-17 15:50:35,871 [INFO] [95/504] CL (Colgate-Palmolive), depuis 2026-08-14...
2026-08-17 15:50:47,416 [INFO]   -> 2 jours récupérés pour CL (source: ibkr)
2026-08-17 15:50:47,416 [INFO] [96/504] CLX (Clorox), depuis 2026-08-14...
2026-08-17 15:50:58,951 [INFO]   -> 2 jours récupérés pour CLX (source: ibkr)
2026-08-17 15:50:58,951 [INFO] [97/504] CMCSA (Comcast), depuis 2026-08-14...
2026-08-17 15:51:10,522 [INFO]   -> 2 jours récupérés pour CMCSA (source: ibkr)
2026-08-17 15:51:10,523 [INFO] [98/504] CME (CME Group), depuis 2026-08-14...
2026-08-17 15:51:22,269 [INFO]   -> 2 jours récupérés pour CME (source: ibkr)
2026-08-17 15:51:22,270 [INFO] [99/504] CMG (Chipotle Mexican Grill), depuis 2026-08-14...
2026-08-17 15:51:33,715 [INFO]   -> 2 jours récupérés pour CMG (source: ibkr)
2026-08-17 15:51:33,715 [INFO] [100/504] CMI (Cummins), depuis 2026-08-14...
2026-08-17 15:51:45,256 [INFO]   -> 2 jours récupérés pour CMI (source: ibkr)
2026-08-17 15:51:45,256 [INFO] [101/504] CMS (CMS Energy), depuis 2026-08-14...
2026-08-17 15:51:56,781 [INFO]   -> 2 jours récupérés pour CMS (source: ibkr)
2026-08-17 15:51:56,781 [INFO] [102/504] CNC (Centene Corporation), depuis 2026-08-14...
2026-08-17 15:52:08,344 [INFO]   -> 2 jours récupérés pour CNC (source: ibkr)
2026-08-17 15:52:08,345 [INFO] [103/504] CNP (CenterPoint Energy), depuis 2026-08-14...
2026-08-17 15:52:19,845 [INFO]   -> 2 jours récupérés pour CNP (source: ibkr)
2026-08-17 15:52:19,845 [INFO] [104/504] COF (Capital One), depuis 2026-08-14...
2026-08-17 15:52:31,386 [INFO]   -> 2 jours récupérés pour COF (source: ibkr)
2026-08-17 15:52:31,386 [INFO] [105/504] COHR (Coherent Corp.), depuis 2026-08-14...
2026-08-17 15:52:42,816 [INFO]   -> 2 jours récupérés pour COHR (source: ibkr)
2026-08-17 15:52:42,816 [INFO] [106/504] COIN (Coinbase), depuis 2026-08-14...
2026-08-17 15:52:54,266 [INFO]   -> 2 jours récupérés pour COIN (source: ibkr)
2026-08-17 15:52:54,266 [INFO] [107/504] COO (Cooper Companies (The)), depuis 2026-08-14...
2026-08-17 15:53:05,696 [INFO]   -> 2 jours récupérés pour COO (source: ibkr)
2026-08-17 15:53:05,697 [INFO] [108/504] COP (ConocoPhillips), depuis 2026-08-14...
2026-08-17 15:53:17,424 [INFO]   -> 2 jours récupérés pour COP (source: ibkr)
2026-08-17 15:53:17,428 [INFO] [109/504] COR (Cencora), depuis 2026-08-14...
2026-08-17 15:53:28,963 [INFO]   -> 2 jours récupérés pour COR (source: ibkr)
2026-08-17 15:53:28,965 [INFO] [110/504] COST (Costco), depuis 2026-08-14...
2026-08-17 15:53:40,557 [INFO]   -> 2 jours récupérés pour COST (source: ibkr)
2026-08-17 15:53:40,565 [INFO] [111/504] CPAY (Corpay), depuis 2026-08-14...
2026-08-17 15:53:52,171 [INFO]   -> 2 jours récupérés pour CPAY (source: ibkr)
2026-08-17 15:53:52,199 [INFO] [112/504] CPRT (Copart), depuis 2026-08-14...
2026-08-17 15:54:03,760 [INFO]   -> 2 jours récupérés pour CPRT (source: ibkr)
2026-08-17 15:54:03,777 [INFO] [113/504] CPT (Camden Property Trust), depuis 2026-08-14...
2026-08-17 15:54:15,519 [INFO]   -> 2 jours récupérés pour CPT (source: ibkr)
2026-08-17 15:54:15,520 [INFO] [114/504] CRH (CRH plc), depuis 2026-08-14...
2026-08-17 15:54:27,753 [INFO]   -> 2 jours récupérés pour CRH (source: ibkr)
2026-08-17 15:54:27,780 [INFO] [115/504] CRL (Charles River Laboratories), depuis 2026-08-14...
2026-08-17 15:54:39,399 [INFO]   -> 2 jours récupérés pour CRL (source: ibkr)
2026-08-17 15:54:39,401 [INFO] [116/504] CRM (Salesforce), depuis 2026-08-14...
2026-08-17 15:54:50,847 [INFO]   -> 2 jours récupérés pour CRM (source: ibkr)
2026-08-17 15:54:50,848 [INFO] [117/504] CRWD (CrowdStrike), depuis 2026-08-14...
2026-08-17 15:55:02,333 [INFO]   -> 2 jours récupérés pour CRWD (source: ibkr)
2026-08-17 15:55:02,334 [INFO] [118/504] CSCO (Cisco), depuis 2026-08-14...
2026-08-17 15:55:14,030 [INFO]   -> 2 jours récupérés pour CSCO (source: ibkr)
2026-08-17 15:55:14,031 [INFO] [119/504] CSGP (CoStar Group), depuis 2026-08-14...
2026-08-17 15:55:25,932 [INFO]   -> 2 jours récupérés pour CSGP (source: ibkr)
2026-08-17 15:55:25,941 [INFO] [120/504] CSX (CSX Corporation), depuis 2026-08-14...
2026-08-17 15:55:37,516 [INFO]   -> 2 jours récupérés pour CSX (source: ibkr)
2026-08-17 15:55:37,516 [INFO] [121/504] CTAS (Cintas), depuis 2026-08-14...
2026-08-17 15:55:49,007 [INFO]   -> 2 jours récupérés pour CTAS (source: ibkr)
2026-08-17 15:55:49,010 [INFO] [122/504] CTSH (Cognizant), depuis 2026-08-14...
2026-08-17 15:56:00,569 [INFO]   -> 2 jours récupérés pour CTSH (source: ibkr)
2026-08-17 15:56:00,583 [INFO] [123/504] CTVA (Corteva), depuis 2026-08-14...
2026-08-17 15:56:12,102 [INFO]   -> 2 jours récupérés pour CTVA (source: ibkr)
2026-08-17 15:56:12,103 [INFO] [124/504] CVNA (Carvana), depuis 2026-08-14...
2026-08-17 15:56:23,581 [INFO]   -> 2 jours récupérés pour CVNA (source: ibkr)
2026-08-17 15:56:23,582 [INFO] [125/504] CVS (CVS Health), depuis 2026-08-14...
2026-08-17 15:56:35,109 [INFO]   -> 2 jours récupérés pour CVS (source: ibkr)
2026-08-17 15:56:35,109 [INFO] [126/504] CVX (Chevron Corporation), depuis 2026-08-14...
2026-08-17 15:56:46,712 [INFO]   -> 2 jours récupérés pour CVX (source: ibkr)
2026-08-17 15:56:46,714 [INFO] [127/504] D (Dominion Energy), depuis 2026-08-14...
2026-08-17 15:56:58,361 [INFO]   -> 2 jours récupérés pour D (source: ibkr)
2026-08-17 15:56:58,362 [INFO] [128/504] DAL (Delta Air Lines), depuis 2026-08-14...
2026-08-17 15:57:09,904 [INFO]   -> 2 jours récupérés pour DAL (source: ibkr)
2026-08-17 15:57:09,905 [INFO] [129/504] DASH (DoorDash), depuis 2026-08-14...
2026-08-17 15:57:21,377 [INFO]   -> 2 jours récupérés pour DASH (source: ibkr)
2026-08-17 15:57:21,381 [INFO] [130/504] DD (DuPont), depuis 2026-08-14...
2026-08-17 15:57:33,038 [INFO]   -> 2 jours récupérés pour DD (source: ibkr)
2026-08-17 15:57:33,038 [INFO] [131/504] DDOG (Datadog), depuis 2026-08-14...
2026-08-17 15:57:44,489 [INFO]   -> 2 jours récupérés pour DDOG (source: ibkr)
2026-08-17 15:57:44,490 [INFO] [132/504] DE (Deere & Company), depuis 2026-08-14...
2026-08-17 15:57:57,010 [INFO]   -> 2 jours récupérés pour DE (source: ibkr)
2026-08-17 15:57:57,011 [INFO] [133/504] DECK (Deckers Brands), depuis 2026-08-14...
2026-08-17 15:58:08,420 [INFO]   -> 2 jours récupérés pour DECK (source: ibkr)
2026-08-17 15:58:08,421 [INFO] [134/504] DELL (Dell Technologies), depuis 2026-08-14...
2026-08-17 15:58:19,819 [INFO]   -> 2 jours récupérés pour DELL (source: ibkr)
2026-08-17 15:58:19,820 [INFO] [135/504] DG (Dollar General), depuis 2026-08-14...
2026-08-17 15:58:31,311 [INFO]   -> 2 jours récupérés pour DG (source: ibkr)
2026-08-17 15:58:31,314 [INFO] [136/504] DGX (Quest Diagnostics), depuis 2026-08-14...
2026-08-17 15:58:42,863 [INFO]   -> 2 jours récupérés pour DGX (source: ibkr)
2026-08-17 15:58:42,864 [INFO] [137/504] DHI (D. R. Horton), depuis 2026-08-14...
2026-08-17 15:58:54,381 [INFO]   -> 2 jours récupérés pour DHI (source: ibkr)
2026-08-17 15:58:54,382 [INFO] [138/504] DHR (Danaher Corporation), depuis 2026-08-14...
2026-08-17 15:59:05,979 [INFO]   -> 2 jours récupérés pour DHR (source: ibkr)
2026-08-17 15:59:05,980 [INFO] [139/504] DIS (Walt Disney Company (The)), depuis 2026-08-14...
2026-08-17 15:59:17,505 [INFO]   -> 2 jours récupérés pour DIS (source: ibkr)
2026-08-17 15:59:17,506 [INFO] [140/504] DLR (Digital Realty), depuis 2026-08-14...
2026-08-17 15:59:29,020 [INFO]   -> 2 jours récupérés pour DLR (source: ibkr)
2026-08-17 15:59:29,020 [INFO] [141/504] DLTR (Dollar Tree), depuis 2026-08-14...
2026-08-17 15:59:40,442 [INFO]   -> 2 jours récupérés pour DLTR (source: ibkr)
2026-08-17 15:59:40,446 [INFO] [142/504] DOC (Healthpeak Properties), depuis 2026-08-14...
2026-08-17 15:59:52,243 [INFO]   -> 2 jours récupérés pour DOC (source: ibkr)
2026-08-17 15:59:52,244 [INFO] [143/504] DOV (Dover Corporation), depuis 2026-08-14...
2026-08-17 16:00:03,772 [INFO]   -> 2 jours récupérés pour DOV (source: ibkr)
2026-08-17 16:00:03,773 [INFO] [144/504] DOW (Dow Inc.), depuis 2026-08-14...
2026-08-17 16:00:15,196 [INFO]   -> 2 jours récupérés pour DOW (source: ibkr)
2026-08-17 16:00:15,197 [INFO] [145/504] DPZ (Domino's), depuis 2026-08-14...
2026-08-17 16:00:26,781 [INFO]   -> 2 jours récupérés pour DPZ (source: ibkr)
2026-08-17 16:00:26,782 [INFO] [146/504] DRI (Darden Restaurants), depuis 2026-08-14...
2026-08-17 16:00:38,334 [INFO]   -> 2 jours récupérés pour DRI (source: ibkr)
2026-08-17 16:00:38,340 [INFO] [147/504] DTE (DTE Energy), depuis 2026-08-14...
2026-08-17 16:00:50,080 [INFO]   -> 2 jours récupérés pour DTE (source: ibkr)
2026-08-17 16:00:50,081 [INFO] [148/504] DUK (Duke Energy), depuis 2026-08-14...
2026-08-17 16:01:01,645 [INFO]   -> 2 jours récupérés pour DUK (source: ibkr)
2026-08-17 16:01:01,646 [INFO] [149/504] DVA (DaVita), depuis 2026-08-14...
2026-08-17 16:01:13,111 [INFO]   -> 2 jours récupérés pour DVA (source: ibkr)
2026-08-17 16:01:13,112 [INFO] [150/504] DVN (Devon Energy), depuis 2026-08-14...
2026-08-17 16:01:24,696 [INFO]   -> 2 jours récupérés pour DVN (source: ibkr)
2026-08-17 16:01:24,697 [INFO] [151/504] DXCM (Dexcom), depuis 2026-08-14...
2026-08-17 16:01:36,122 [INFO]   -> 2 jours récupérés pour DXCM (source: ibkr)
2026-08-17 16:01:36,123 [INFO] [152/504] EBAY (eBay Inc.), depuis 2026-08-14...
2026-08-17 16:01:47,555 [INFO]   -> 2 jours récupérés pour EBAY (source: ibkr)
2026-08-17 16:01:47,556 [INFO] [153/504] ECHO (EchoStar), depuis 2026-08-14...
2026-08-17 16:01:59,067 [INFO]   -> 2 jours récupérés pour ECHO (source: ibkr)
2026-08-17 16:01:59,068 [INFO] [154/504] ECL (Ecolab), depuis 2026-08-14...
2026-08-17 16:02:10,596 [INFO]   -> 2 jours récupérés pour ECL (source: ibkr)
2026-08-17 16:02:10,598 [INFO] [155/504] ED (Consolidated Edison), depuis 2026-08-14...
2026-08-17 16:02:22,241 [INFO]   -> 2 jours récupérés pour ED (source: ibkr)
2026-08-17 16:02:22,242 [INFO] [156/504] EFX (Equifax), depuis 2026-08-14...
2026-08-17 16:02:34,278 [INFO]   -> 2 jours récupérés pour EFX (source: ibkr)
2026-08-17 16:02:34,279 [INFO] [157/504] EG (Everest Group), depuis 2026-08-14...
2026-08-17 16:02:45,829 [INFO]   -> 2 jours récupérés pour EG (source: ibkr)
2026-08-17 16:02:45,830 [INFO] [158/504] EIX (Edison International), depuis 2026-08-14...
2026-08-17 16:02:57,466 [INFO]   -> 2 jours récupérés pour EIX (source: ibkr)
2026-08-17 16:02:57,467 [INFO] [159/504] EL (Estée Lauder Companies (The)), depuis 2026-08-14...
2026-08-17 16:03:08,941 [INFO]   -> 2 jours récupérés pour EL (source: ibkr)
2026-08-17 16:03:08,942 [INFO] [160/504] ELV (Elevance Health), depuis 2026-08-14...
2026-08-17 16:03:20,380 [INFO]   -> 2 jours récupérés pour ELV (source: ibkr)
2026-08-17 16:03:20,383 [INFO] [161/504] EME (Emcor), depuis 2026-08-14...
2026-08-17 16:03:31,869 [INFO]   -> 2 jours récupérés pour EME (source: ibkr)
2026-08-17 16:03:31,870 [INFO] [162/504] EMR (Emerson Electric), depuis 2026-08-14...
2026-08-17 16:03:43,458 [INFO]   -> 2 jours récupérés pour EMR (source: ibkr)
2026-08-17 16:03:43,459 [INFO] [163/504] EOG (EOG Resources), depuis 2026-08-14...
2026-08-17 16:03:54,983 [INFO]   -> 2 jours récupérés pour EOG (source: ibkr)
2026-08-17 16:03:54,984 [INFO] [164/504] EQIX (Equinix), depuis 2026-08-14...
2026-08-17 16:04:06,527 [INFO]   -> 2 jours récupérés pour EQIX (source: ibkr)
2026-08-17 16:04:06,529 [INFO] [165/504] EQR (Equity Residential), depuis 2026-08-14...
2026-08-17 16:04:18,054 [INFO]   -> 2 jours récupérés pour EQR (source: ibkr)
2026-08-17 16:04:18,055 [INFO] [166/504] EQT (EQT Corporation), depuis 2026-08-14...
2026-08-17 16:04:29,524 [INFO]   -> 2 jours récupérés pour EQT (source: ibkr)
2026-08-17 16:04:29,525 [INFO] [167/504] ERIE (Erie Indemnity), depuis 2026-08-14...
2026-08-17 16:04:41,062 [INFO]   -> 2 jours récupérés pour ERIE (source: ibkr)
2026-08-17 16:04:41,063 [INFO] [168/504] ES (Eversource Energy), depuis 2026-08-14...
2026-08-17 16:04:52,662 [INFO]   -> 2 jours récupérés pour ES (source: ibkr)
2026-08-17 16:04:52,663 [INFO] [169/504] ESS (Essex Property Trust), depuis 2026-08-14...
2026-08-17 16:05:04,353 [INFO]   -> 2 jours récupérés pour ESS (source: ibkr)
2026-08-17 16:05:04,354 [INFO] [170/504] ETN (Eaton Corporation), depuis 2026-08-14...
2026-08-17 16:05:16,044 [INFO]   -> 2 jours récupérés pour ETN (source: ibkr)
2026-08-17 16:05:16,045 [INFO] [171/504] ETR (Entergy), depuis 2026-08-14...
2026-08-17 16:05:27,585 [INFO]   -> 2 jours récupérés pour ETR (source: ibkr)
2026-08-17 16:05:27,586 [INFO] [172/504] EVRG (Evergy), depuis 2026-08-14...
2026-08-17 16:05:39,343 [INFO]   -> 2 jours récupérés pour EVRG (source: ibkr)
2026-08-17 16:05:39,345 [INFO] [173/504] EW (Edwards Lifesciences), depuis 2026-08-14...
2026-08-17 16:05:50,923 [INFO]   -> 2 jours récupérés pour EW (source: ibkr)
2026-08-17 16:05:50,924 [INFO] [174/504] EXC (Exelon), depuis 2026-08-14...
2026-08-17 16:06:02,461 [INFO]   -> 2 jours récupérés pour EXC (source: ibkr)
2026-08-17 16:06:02,464 [INFO] [175/504] EXE (Expand Energy), depuis 2026-08-14...
2026-08-17 16:06:14,011 [INFO]   -> 2 jours récupérés pour EXE (source: ibkr)
2026-08-17 16:06:14,011 [INFO] [176/504] EXPD (Expeditors International), depuis 2026-08-14...
2026-08-17 16:06:25,493 [INFO]   -> 2 jours récupérés pour EXPD (source: ibkr)
2026-08-17 16:06:25,494 [INFO] [177/504] EXPE (Expedia Group), depuis 2026-08-14...
2026-08-17 16:06:36,974 [INFO]   -> 2 jours récupérés pour EXPE (source: ibkr)
2026-08-17 16:06:36,975 [INFO] [178/504] EXR (Extra Space Storage), depuis 2026-08-14...
2026-08-17 16:06:48,490 [INFO]   -> 2 jours récupérés pour EXR (source: ibkr)
2026-08-17 16:06:48,490 [INFO] [179/504] F (Ford Motor Company), depuis 2026-08-14...
2026-08-17 16:06:59,966 [INFO]   -> 2 jours récupérés pour F (source: ibkr)
2026-08-17 16:06:59,967 [INFO] [180/504] FANG (Diamondback Energy), depuis 2026-08-14...
2026-08-17 16:07:11,411 [INFO]   -> 2 jours récupérés pour FANG (source: ibkr)
2026-08-17 16:07:11,413 [INFO] [181/504] FAST (Fastenal), depuis 2026-08-14...
2026-08-17 16:07:22,874 [INFO]   -> 2 jours récupérés pour FAST (source: ibkr)
2026-08-17 16:07:22,877 [INFO] [182/504] FCX (Freeport-McMoRan), depuis 2026-08-14...
2026-08-17 16:07:34,342 [INFO]   -> 2 jours récupérés pour FCX (source: ibkr)
2026-08-17 16:07:34,343 [INFO] [183/504] FDS (FactSet), depuis 2026-08-14...
2026-08-17 16:07:45,930 [INFO]   -> 2 jours récupérés pour FDS (source: ibkr)
2026-08-17 16:07:45,931 [INFO] [184/504] FDX (FedEx), depuis 2026-08-14...
2026-08-17 16:07:57,453 [INFO]   -> 2 jours récupérés pour FDX (source: ibkr)
2026-08-17 16:07:57,454 [INFO] [185/504] FDXF (FedEx Freight), depuis 2026-08-14...
2026-08-17 16:08:08,882 [INFO]   -> 2 jours récupérés pour FDXF (source: ibkr)
2026-08-17 16:08:08,883 [INFO] [186/504] FE (FirstEnergy), depuis 2026-08-14...
2026-08-17 16:08:20,447 [INFO]   -> 2 jours récupérés pour FE (source: ibkr)
2026-08-17 16:08:20,448 [INFO] [187/504] FERG (Ferguson Enterprises), depuis 2026-08-14...
2026-08-17 16:08:31,910 [INFO]   -> 2 jours récupérés pour FERG (source: ibkr)
2026-08-17 16:08:31,932 [INFO] [188/504] FFIV (F5, Inc.), depuis 2026-08-14...
2026-08-17 16:08:43,509 [INFO]   -> 2 jours récupérés pour FFIV (source: ibkr)
2026-08-17 16:08:43,513 [INFO] [189/504] FICO (Fair Isaac), depuis 2026-08-14...
2026-08-17 16:08:55,094 [INFO]   -> 2 jours récupérés pour FICO (source: ibkr)
2026-08-17 16:08:55,095 [INFO] [190/504] FIS (Fidelity National Information Services), depuis 2026-08-14...
2026-08-17 16:09:06,842 [INFO]   -> 2 jours récupérés pour FIS (source: ibkr)
2026-08-17 16:09:06,854 [INFO] [191/504] FISV (Fiserv), depuis 2026-08-14...
2026-08-17 16:09:18,447 [INFO]   -> 2 jours récupérés pour FISV (source: ibkr)
2026-08-17 16:09:18,448 [INFO] [192/504] FITB (Fifth Third Bancorp), depuis 2026-08-14...
2026-08-17 16:09:29,969 [INFO]   -> 2 jours récupérés pour FITB (source: ibkr)
2026-08-17 16:09:29,970 [INFO] [193/504] FIX (Comfort Systems USA), depuis 2026-08-14...
2026-08-17 16:09:41,567 [INFO]   -> 2 jours récupérés pour FIX (source: ibkr)
2026-08-17 16:09:41,568 [INFO] [194/504] FLEX (Flex Ltd.), depuis 2026-08-14...
2026-08-17 16:09:53,127 [INFO]   -> 2 jours récupérés pour FLEX (source: ibkr)
2026-08-17 16:09:53,128 [INFO] [195/504] FOX (Fox Corporation (Class B)), depuis 2026-08-14...
2026-08-17 16:10:04,550 [INFO]   -> 2 jours récupérés pour FOX (source: ibkr)
2026-08-17 16:10:04,550 [INFO] [196/504] FOXA (Fox Corporation (Class A)), depuis 2026-08-14...
2026-08-17 16:10:16,260 [INFO]   -> 2 jours récupérés pour FOXA (source: ibkr)
2026-08-17 16:10:16,261 [INFO] [197/504] FRT (Federal Realty Investment Trust), depuis 2026-08-14...
2026-08-17 16:10:27,930 [INFO]   -> 2 jours récupérés pour FRT (source: ibkr)
2026-08-17 16:10:27,931 [INFO] [198/504] FSLR (First Solar), depuis 2026-08-14...
2026-08-17 16:10:39,354 [INFO]   -> 2 jours récupérés pour FSLR (source: ibkr)
2026-08-17 16:10:39,356 [INFO] [199/504] FTNT (Fortinet), depuis 2026-08-14...
2026-08-17 16:10:51,103 [INFO]   -> 2 jours récupérés pour FTNT (source: ibkr)
2026-08-17 16:10:51,104 [INFO] [200/504] FTV (Fortive), depuis 2026-08-14...
2026-08-17 16:11:02,572 [INFO]   -> 2 jours récupérés pour FTV (source: ibkr)
2026-08-17 16:11:02,573 [INFO] [201/504] GD (General Dynamics), depuis 2026-08-14...
2026-08-17 16:11:14,116 [INFO]   -> 2 jours récupérés pour GD (source: ibkr)
2026-08-17 16:11:14,117 [INFO] [202/504] GDDY (GoDaddy), depuis 2026-08-14...
2026-08-17 16:11:25,560 [INFO]   -> 2 jours récupérés pour GDDY (source: ibkr)
2026-08-17 16:11:25,564 [INFO] [203/504] GE (GE Aerospace), depuis 2026-08-14...
2026-08-17 16:11:37,167 [INFO]   -> 2 jours récupérés pour GE (source: ibkr)
2026-08-17 16:11:37,168 [INFO] [204/504] GEHC (GE HealthCare), depuis 2026-08-14...
2026-08-17 16:11:48,651 [INFO]   -> 2 jours récupérés pour GEHC (source: ibkr)
2026-08-17 16:11:48,665 [INFO] [205/504] GEN (Gen Digital), depuis 2026-08-14...
2026-08-17 16:12:00,302 [INFO]   -> 2 jours récupérés pour GEN (source: ibkr)
2026-08-17 16:12:00,303 [INFO] [206/504] GEV (GE Vernova), depuis 2026-08-14...
2026-08-17 16:12:11,736 [INFO]   -> 2 jours récupérés pour GEV (source: ibkr)
2026-08-17 16:12:11,766 [INFO] [207/504] GILD (Gilead Sciences), depuis 2026-08-14...
2026-08-17 16:12:23,368 [INFO]   -> 2 jours récupérés pour GILD (source: ibkr)
2026-08-17 16:12:23,369 [INFO] [208/504] GIS (General Mills), depuis 2026-08-14...
2026-08-17 16:12:35,020 [INFO]   -> 2 jours récupérés pour GIS (source: ibkr)
2026-08-17 16:12:35,057 [INFO] [209/504] GL (Globe Life), depuis 2026-08-14...
2026-08-17 16:12:46,787 [INFO]   -> 2 jours récupérés pour GL (source: ibkr)
2026-08-17 16:12:46,790 [INFO] [210/504] GLW (Corning Inc.), depuis 2026-08-14...
2026-08-17 16:12:58,312 [INFO]   -> 2 jours récupérés pour GLW (source: ibkr)
2026-08-17 16:12:58,314 [INFO] [211/504] GM (General Motors), depuis 2026-08-14...
2026-08-17 16:13:09,813 [INFO]   -> 2 jours récupérés pour GM (source: ibkr)
2026-08-17 16:13:09,813 [INFO] [212/504] GNRC (Generac), depuis 2026-08-14...
2026-08-17 16:13:21,229 [INFO]   -> 2 jours récupérés pour GNRC (source: ibkr)
2026-08-17 16:13:21,229 [INFO] [213/504] GOOG (Alphabet Inc. (Class C)), depuis 2026-08-14...
2026-08-17 16:13:32,751 [INFO]   -> 2 jours récupérés pour GOOG (source: ibkr)
2026-08-17 16:13:32,753 [INFO] [214/504] GOOGL (Alphabet Inc. (Class A)), depuis 2026-08-14...
2026-08-17 16:13:44,280 [INFO]   -> 2 jours récupérés pour GOOGL (source: ibkr)
2026-08-17 16:13:44,281 [INFO] [215/504] GPC (Genuine Parts Company), depuis 2026-08-14...
2026-08-17 16:13:56,116 [INFO]   -> 2 jours récupérés pour GPC (source: ibkr)
2026-08-17 16:13:56,118 [INFO] [216/504] GPN (Global Payments), depuis 2026-08-14...
2026-08-17 16:14:07,824 [INFO]   -> 2 jours récupérés pour GPN (source: ibkr)
2026-08-17 16:14:07,829 [INFO] [217/504] GRMN (Garmin), depuis 2026-08-14...
2026-08-17 16:14:19,326 [INFO]   -> 2 jours récupérés pour GRMN (source: ibkr)
2026-08-17 16:14:19,326 [INFO] [218/504] GS (Goldman Sachs), depuis 2026-08-14...
2026-08-17 16:14:30,843 [INFO]   -> 2 jours récupérés pour GS (source: ibkr)
2026-08-17 16:14:30,844 [INFO] [219/504] GWW (W. W. Grainger), depuis 2026-08-14...
2026-08-17 16:14:42,367 [INFO]   -> 2 jours récupérés pour GWW (source: ibkr)
2026-08-17 16:14:42,368 [INFO] [220/504] HAL (Halliburton), depuis 2026-08-14...
2026-08-17 16:14:54,037 [INFO]   -> 2 jours récupérés pour HAL (source: ibkr)
2026-08-17 16:14:54,038 [INFO] [221/504] HAS (Hasbro), depuis 2026-08-14...
2026-08-17 16:15:05,626 [INFO]   -> 2 jours récupérés pour HAS (source: ibkr)
2026-08-17 16:15:05,627 [INFO] [222/504] HBAN (Huntington Bancshares), depuis 2026-08-14...
2026-08-17 16:15:17,145 [INFO]   -> 2 jours récupérés pour HBAN (source: ibkr)
2026-08-17 16:15:17,146 [INFO] [223/504] HCA (HCA Healthcare), depuis 2026-08-14...
2026-08-17 16:15:28,877 [INFO]   -> 2 jours récupérés pour HCA (source: ibkr)
2026-08-17 16:15:28,892 [INFO] [224/504] HD (Home Depot (The)), depuis 2026-08-14...
2026-08-17 16:15:40,460 [INFO]   -> 2 jours récupérés pour HD (source: ibkr)
2026-08-17 16:15:40,461 [INFO] [225/504] HIG (Hartford (The)), depuis 2026-08-14...
2026-08-17 16:15:52,000 [INFO]   -> 2 jours récupérés pour HIG (source: ibkr)
2026-08-17 16:15:52,002 [INFO] [226/504] HII (Huntington Ingalls Industries), depuis 2026-08-14...
2026-08-17 16:16:03,479 [INFO]   -> 2 jours récupérés pour HII (source: ibkr)
2026-08-17 16:16:03,480 [INFO] [227/504] HLT (Hilton Worldwide), depuis 2026-08-14...
2026-08-17 16:16:15,031 [INFO]   -> 2 jours récupérés pour HLT (source: ibkr)
2026-08-17 16:16:15,048 [INFO] [228/504] HON (Honeywell Technologies), depuis 2026-08-14...
2026-08-17 16:16:26,753 [INFO]   -> 2 jours récupérés pour HON (source: ibkr)
2026-08-17 16:16:26,763 [INFO] [229/504] HONA (Honeywell Aerospace), depuis 2026-08-14...
2026-08-17 16:16:38,390 [INFO]   -> 2 jours récupérés pour HONA (source: ibkr)
2026-08-17 16:16:38,391 [INFO] [230/504] HOOD (Robinhood Markets), depuis 2026-08-14...
2026-08-17 16:16:49,803 [INFO]   -> 2 jours récupérés pour HOOD (source: ibkr)
2026-08-17 16:16:49,803 [INFO] [231/504] HPE (Hewlett Packard Enterprise), depuis 2026-08-14...
2026-08-17 16:17:01,416 [INFO]   -> 2 jours récupérés pour HPE (source: ibkr)
2026-08-17 16:17:01,416 [INFO] [232/504] HPQ (HP Inc.), depuis 2026-08-14...
2026-08-17 16:17:13,107 [INFO]   -> 2 jours récupérés pour HPQ (source: ibkr)
2026-08-17 16:17:13,109 [INFO] [233/504] HRL (Hormel Foods), depuis 2026-08-14...
2026-08-17 16:17:24,689 [INFO]   -> 2 jours récupérés pour HRL (source: ibkr)
2026-08-17 16:17:24,689 [INFO] [234/504] HSIC (Henry Schein), depuis 2026-08-14...
2026-08-17 16:17:36,112 [INFO]   -> 2 jours récupérés pour HSIC (source: ibkr)
2026-08-17 16:17:36,113 [INFO] [235/504] HST (Host Hotels & Resorts), depuis 2026-08-14...
2026-08-17 16:17:47,633 [INFO]   -> 2 jours récupérés pour HST (source: ibkr)
2026-08-17 16:17:47,633 [INFO] [236/504] HSY (Hershey Company (The)), depuis 2026-08-14...
2026-08-17 16:17:59,297 [INFO]   -> 2 jours récupérés pour HSY (source: ibkr)
2026-08-17 16:17:59,298 [INFO] [237/504] HUBB (Hubbell Incorporated), depuis 2026-08-14...
2026-08-17 16:18:10,904 [INFO]   -> 2 jours récupérés pour HUBB (source: ibkr)
2026-08-17 16:18:10,905 [INFO] [238/504] HUM (Humana), depuis 2026-08-14...
2026-08-17 16:18:22,359 [INFO]   -> 2 jours récupérés pour HUM (source: ibkr)
2026-08-17 16:18:22,360 [INFO] [239/504] HWM (Howmet Aerospace), depuis 2026-08-14...
2026-08-17 16:18:33,958 [INFO]   -> 2 jours récupérés pour HWM (source: ibkr)
2026-08-17 16:18:33,971 [INFO] [240/504] IBKR (Interactive Brokers), depuis 2026-08-14...
2026-08-17 16:18:45,523 [INFO]   -> 2 jours récupérés pour IBKR (source: ibkr)
2026-08-17 16:18:45,524 [INFO] [241/504] IBM (IBM), depuis 2026-08-14...
2026-08-17 16:18:57,478 [INFO]   -> 2 jours récupérés pour IBM (source: ibkr)
2026-08-17 16:18:57,479 [INFO] [242/504] ICE (Intercontinental Exchange), depuis 2026-08-14...
2026-08-17 16:19:08,955 [INFO]   -> 2 jours récupérés pour ICE (source: ibkr)
2026-08-17 16:19:08,956 [INFO] [243/504] IDXX (Idexx Laboratories), depuis 2026-08-14...
2026-08-17 16:19:20,359 [INFO]   -> 2 jours récupérés pour IDXX (source: ibkr)
2026-08-17 16:19:20,367 [INFO] [244/504] IEX (IDEX Corporation), depuis 2026-08-14...
2026-08-17 16:19:32,039 [INFO]   -> 2 jours récupérés pour IEX (source: ibkr)
2026-08-17 16:19:32,043 [INFO] [245/504] IFF (International Flavors & Fragrances), depuis 2026-08-14...
2026-08-17 16:19:43,624 [INFO]   -> 2 jours récupérés pour IFF (source: ibkr)
2026-08-17 16:19:43,625 [INFO] [246/504] INCY (Incyte), depuis 2026-08-14...
2026-08-17 16:19:55,041 [INFO]   -> 2 jours récupérés pour INCY (source: ibkr)
2026-08-17 16:19:55,042 [INFO] [247/504] INTC (Intel), depuis 2026-08-14...
2026-08-17 16:20:06,539 [INFO]   -> 2 jours récupérés pour INTC (source: ibkr)
2026-08-17 16:20:06,540 [INFO] [248/504] INTU (Intuit), depuis 2026-08-14...
2026-08-17 16:20:18,022 [INFO]   -> 2 jours récupérés pour INTU (source: ibkr)
2026-08-17 16:20:18,023 [INFO] [249/504] INVH (Invitation Homes), depuis 2026-08-14...
2026-08-17 16:20:29,454 [INFO]   -> 2 jours récupérés pour INVH (source: ibkr)
2026-08-17 16:20:29,456 [INFO] [250/504] IP (International Paper), depuis 2026-08-14...
2026-08-17 16:20:41,152 [INFO]   -> 2 jours récupérés pour IP (source: ibkr)
2026-08-17 16:20:41,155 [INFO] [251/504] IQV (IQVIA), depuis 2026-08-14...
2026-08-17 16:20:52,603 [INFO]   -> 2 jours récupérés pour IQV (source: ibkr)
2026-08-17 16:20:52,604 [INFO] [252/504] IR (Ingersoll Rand), depuis 2026-08-14...
2026-08-17 16:21:04,046 [INFO]   -> 2 jours récupérés pour IR (source: ibkr)
2026-08-17 16:21:04,048 [INFO] [253/504] IRM (Iron Mountain), depuis 2026-08-14...
2026-08-17 16:21:15,652 [INFO]   -> 2 jours récupérés pour IRM (source: ibkr)
2026-08-17 16:21:15,653 [INFO] [254/504] ISRG (Intuitive Surgical), depuis 2026-08-14...
2026-08-17 16:21:27,176 [INFO]   -> 2 jours récupérés pour ISRG (source: ibkr)
2026-08-17 16:21:27,177 [INFO] [255/504] IT (Gartner), depuis 2026-08-14...
2026-08-17 16:21:38,646 [INFO]   -> 2 jours récupérés pour IT (source: ibkr)
2026-08-17 16:21:38,651 [INFO] [256/504] ITW (Illinois Tool Works), depuis 2026-08-14...
2026-08-17 16:21:50,282 [INFO]   -> 2 jours récupérés pour ITW (source: ibkr)
2026-08-17 16:21:50,283 [INFO] [257/504] IVZ (Invesco), depuis 2026-08-14...
2026-08-17 16:22:01,976 [INFO]   -> 2 jours récupérés pour IVZ (source: ibkr)
2026-08-17 16:22:01,978 [INFO] [258/504] J (Jacobs Solutions), depuis 2026-08-14...
2026-08-17 16:22:13,445 [INFO]   -> 2 jours récupérés pour J (source: ibkr)
2026-08-17 16:22:13,449 [INFO] [259/504] JBHT (J.B. Hunt), depuis 2026-08-14...
2026-08-17 16:22:24,995 [INFO]   -> 2 jours récupérés pour JBHT (source: ibkr)
2026-08-17 16:22:24,996 [INFO] [260/504] JBL (Jabil), depuis 2026-08-14...
2026-08-17 16:22:36,858 [INFO]   -> 2 jours récupérés pour JBL (source: ibkr)
2026-08-17 16:22:36,914 [INFO] [261/504] JCI (Johnson Controls), depuis 2026-08-14...
2026-08-17 16:22:48,510 [INFO]   -> 2 jours récupérés pour JCI (source: ibkr)
2026-08-17 16:22:48,511 [INFO] [262/504] JKHY (Jack Henry & Associates), depuis 2026-08-14...
2026-08-17 16:23:00,098 [INFO]   -> 2 jours récupérés pour JKHY (source: ibkr)
2026-08-17 16:23:00,114 [INFO] [263/504] JNJ (Johnson & Johnson), depuis 2026-08-14...
2026-08-17 16:23:11,846 [INFO]   -> 2 jours récupérés pour JNJ (source: ibkr)
2026-08-17 16:23:11,847 [INFO] [264/504] JPM (JPMorgan Chase), depuis 2026-08-14...
2026-08-17 16:23:23,337 [INFO]   -> 2 jours récupérés pour JPM (source: ibkr)
2026-08-17 16:23:23,338 [INFO] [265/504] KDP (Keurig Dr Pepper), depuis 2026-08-14...
2026-08-17 16:23:34,804 [INFO]   -> 2 jours récupérés pour KDP (source: ibkr)
2026-08-17 16:23:34,806 [INFO] [266/504] KEY (KeyCorp), depuis 2026-08-14...
2026-08-17 16:23:46,474 [INFO]   -> 2 jours récupérés pour KEY (source: ibkr)
2026-08-17 16:23:46,481 [INFO] [267/504] KEYS (Keysight Technologies), depuis 2026-08-14...
2026-08-17 16:23:59,125 [INFO]   -> 2 jours récupérés pour KEYS (source: ibkr)
2026-08-17 16:23:59,127 [INFO] [268/504] KHC (Kraft Heinz), depuis 2026-08-14...
2026-08-17 16:24:10,663 [INFO]   -> 2 jours récupérés pour KHC (source: ibkr)
2026-08-17 16:24:10,664 [INFO] [269/504] KIM (Kimco Realty), depuis 2026-08-14...
2026-08-17 16:24:22,295 [INFO]   -> 2 jours récupérés pour KIM (source: ibkr)
2026-08-17 16:24:22,296 [INFO] [270/504] KKR (KKR & Co.), depuis 2026-08-14...
2026-08-17 16:24:33,758 [INFO]   -> 2 jours récupérés pour KKR (source: ibkr)
2026-08-17 16:24:33,771 [INFO] [271/504] KLAC (KLA Corporation), depuis 2026-08-14...
2026-08-17 16:24:45,387 [INFO]   -> 2 jours récupérés pour KLAC (source: ibkr)
2026-08-17 16:24:45,389 [INFO] [272/504] KMB (Kimberly-Clark), depuis 2026-08-14...
2026-08-17 16:24:57,058 [INFO]   -> 2 jours récupérés pour KMB (source: ibkr)
2026-08-17 16:24:57,061 [INFO] [273/504] KMI (Kinder Morgan), depuis 2026-08-14...
2026-08-17 16:25:08,556 [INFO]   -> 2 jours récupérés pour KMI (source: ibkr)
2026-08-17 16:25:08,557 [INFO] [274/504] KO (Coca-Cola Company (The)), depuis 2026-08-14...
2026-08-17 16:25:20,049 [INFO]   -> 2 jours récupérés pour KO (source: ibkr)
2026-08-17 16:25:20,050 [INFO] [275/504] KR (Kroger), depuis 2026-08-14...
2026-08-17 16:25:31,625 [INFO]   -> 2 jours récupérés pour KR (source: ibkr)
2026-08-17 16:25:31,636 [INFO] [276/504] KVUE (Kenvue), depuis 2026-08-14...
2026-08-17 16:25:43,107 [INFO]   -> 2 jours récupérés pour KVUE (source: ibkr)
2026-08-17 16:25:43,108 [INFO] [277/504] L (Loews Corporation), depuis 2026-08-14...
2026-08-17 16:25:54,778 [INFO]   -> 2 jours récupérés pour L (source: ibkr)
2026-08-17 16:25:54,786 [INFO] [278/504] LDOS (Leidos), depuis 2026-08-14...
2026-08-17 16:26:06,326 [INFO]   -> 2 jours récupérés pour LDOS (source: ibkr)
2026-08-17 16:26:06,341 [INFO] [279/504] LEN (Lennar), depuis 2026-08-14...
2026-08-17 16:26:18,014 [INFO]   -> 2 jours récupérés pour LEN (source: ibkr)
2026-08-17 16:26:18,034 [INFO] [280/504] LH (Labcorp), depuis 2026-08-14...
2026-08-17 16:26:29,544 [INFO]   -> 2 jours récupérés pour LH (source: ibkr)
2026-08-17 16:26:29,545 [INFO] [281/504] LHX (L3Harris), depuis 2026-08-14...
2026-08-17 16:26:41,249 [INFO]   -> 2 jours récupérés pour LHX (source: ibkr)
2026-08-17 16:26:41,250 [INFO] [282/504] LII (Lennox International), depuis 2026-08-14...
2026-08-17 16:26:52,772 [INFO]   -> 2 jours récupérés pour LII (source: ibkr)
2026-08-17 16:26:52,773 [INFO] [283/504] LIN (Linde plc), depuis 2026-08-14...
2026-08-17 16:27:04,349 [INFO]   -> 2 jours récupérés pour LIN (source: ibkr)
2026-08-17 16:27:04,350 [INFO] [284/504] LITE (Lumentum), depuis 2026-08-14...
2026-08-17 16:27:15,800 [INFO]   -> 2 jours récupérés pour LITE (source: ibkr)
2026-08-17 16:27:15,801 [INFO] [285/504] LLY (Lilly (Eli)), depuis 2026-08-14...
2026-08-17 16:27:27,371 [INFO]   -> 2 jours récupérés pour LLY (source: ibkr)
2026-08-17 16:27:27,372 [INFO] [286/504] LMT (Lockheed Martin), depuis 2026-08-14...
2026-08-17 16:27:39,004 [INFO]   -> 2 jours récupérés pour LMT (source: ibkr)
2026-08-17 16:27:39,004 [INFO] [287/504] LNT (Alliant Energy), depuis 2026-08-14...
2026-08-17 16:27:50,649 [INFO]   -> 2 jours récupérés pour LNT (source: ibkr)
2026-08-17 16:27:50,650 [INFO] [288/504] LOW (Lowe's), depuis 2026-08-14...
2026-08-17 16:28:02,171 [INFO]   -> 2 jours récupérés pour LOW (source: ibkr)
2026-08-17 16:28:02,172 [INFO] [289/504] LRCX (Lam Research), depuis 2026-08-14...
2026-08-17 16:28:13,695 [INFO]   -> 2 jours récupérés pour LRCX (source: ibkr)
2026-08-17 16:28:13,696 [INFO] [290/504] LULU (Lululemon Athletica), depuis 2026-08-14...
2026-08-17 16:28:25,123 [INFO]   -> 2 jours récupérés pour LULU (source: ibkr)
2026-08-17 16:28:25,125 [INFO] [291/504] LUV (Southwest Airlines), depuis 2026-08-14...
2026-08-17 16:28:36,600 [INFO]   -> 2 jours récupérés pour LUV (source: ibkr)
2026-08-17 16:28:36,623 [INFO] [292/504] LVS (Las Vegas Sands), depuis 2026-08-14...
2026-08-17 16:28:48,106 [INFO]   -> 2 jours récupérés pour LVS (source: ibkr)
2026-08-17 16:28:48,107 [INFO] [293/504] LYB (LyondellBasell), depuis 2026-08-14...
2026-08-17 16:28:59,641 [INFO]   -> 2 jours récupérés pour LYB (source: ibkr)
2026-08-17 16:28:59,647 [INFO] [294/504] LYV (Live Nation Entertainment), depuis 2026-08-14...
2026-08-17 16:29:11,208 [INFO]   -> 2 jours récupérés pour LYV (source: ibkr)
2026-08-17 16:29:11,210 [INFO] [295/504] MA (Mastercard), depuis 2026-08-14...
2026-08-17 16:29:22,723 [INFO]   -> 2 jours récupérés pour MA (source: ibkr)
2026-08-17 16:29:22,724 [INFO] [296/504] MAA (Mid-America Apartment Communities), depuis 2026-08-14...
2026-08-17 16:29:34,243 [INFO]   -> 2 jours récupérés pour MAA (source: ibkr)
2026-08-17 16:29:34,244 [INFO] [297/504] MAR (Marriott International), depuis 2026-08-14...
2026-08-17 16:29:45,709 [INFO]   -> 2 jours récupérés pour MAR (source: ibkr)
2026-08-17 16:29:45,710 [INFO] [298/504] MAS (Masco), depuis 2026-08-14...
2026-08-17 16:29:57,253 [INFO]   -> 2 jours récupérés pour MAS (source: ibkr)
2026-08-17 16:29:57,257 [INFO] [299/504] MCD (McDonald's), depuis 2026-08-14...
2026-08-17 16:30:08,866 [INFO]   -> 2 jours récupérés pour MCD (source: ibkr)
2026-08-17 16:30:08,867 [INFO] [300/504] MCHP (Microchip Technology), depuis 2026-08-14...
2026-08-17 16:30:20,393 [INFO]   -> 2 jours récupérés pour MCHP (source: ibkr)
2026-08-17 16:30:20,396 [INFO] [301/504] MCK (McKesson Corporation), depuis 2026-08-14...
2026-08-17 16:30:31,930 [INFO]   -> 2 jours récupérés pour MCK (source: ibkr)
2026-08-17 16:30:31,931 [INFO] [302/504] MCO (Moody's Corporation), depuis 2026-08-14...
2026-08-17 16:30:43,481 [INFO]   -> 2 jours récupérés pour MCO (source: ibkr)
2026-08-17 16:30:43,482 [INFO] [303/504] MDLZ (Mondelez International), depuis 2026-08-14...
2026-08-17 16:30:55,026 [INFO]   -> 2 jours récupérés pour MDLZ (source: ibkr)
2026-08-17 16:30:55,045 [INFO] [304/504] MDT (Medtronic), depuis 2026-08-14...
2026-08-17 16:31:06,852 [INFO]   -> 2 jours récupérés pour MDT (source: ibkr)
2026-08-17 16:31:06,852 [INFO] [305/504] MET (MetLife), depuis 2026-08-14...
2026-08-17 16:31:18,301 [INFO]   -> 2 jours récupérés pour MET (source: ibkr)
2026-08-17 16:31:18,302 [INFO] [306/504] META (Meta Platforms), depuis 2026-08-14...
2026-08-17 16:31:29,790 [INFO]   -> 2 jours récupérés pour META (source: ibkr)
2026-08-17 16:31:29,790 [INFO] [307/504] MGM (MGM Resorts), depuis 2026-08-14...
2026-08-17 16:31:41,257 [INFO]   -> 2 jours récupérés pour MGM (source: ibkr)
2026-08-17 16:31:41,258 [INFO] [308/504] MKC (McCormick & Company), depuis 2026-08-14...
2026-08-17 16:31:52,788 [INFO]   -> 2 jours récupérés pour MKC (source: ibkr)
2026-08-17 16:31:52,788 [INFO] [309/504] MLM (Martin Marietta Materials), depuis 2026-08-14...
2026-08-17 16:32:04,345 [INFO]   -> 2 jours récupérés pour MLM (source: ibkr)
2026-08-17 16:32:04,345 [INFO] [310/504] MMM (3M), depuis 2026-08-14...
2026-08-17 16:32:15,855 [INFO]   -> 2 jours récupérés pour MMM (source: ibkr)
2026-08-17 16:32:15,855 [INFO] [311/504] MNST (Monster Beverage), depuis 2026-08-14...
2026-08-17 16:32:27,265 [INFO]   -> 2 jours récupérés pour MNST (source: ibkr)
2026-08-17 16:32:27,270 [INFO] [312/504] MO (Altria), depuis 2026-08-14...
2026-08-17 16:32:38,779 [INFO]   -> 2 jours récupérés pour MO (source: ibkr)
2026-08-17 16:32:38,780 [INFO] [313/504] MOS (Mosaic Company (The)), depuis 2026-08-14...
2026-08-17 16:32:50,337 [INFO]   -> 2 jours récupérés pour MOS (source: ibkr)
2026-08-17 16:32:50,338 [INFO] [314/504] MPC (Marathon Petroleum), depuis 2026-08-14...
2026-08-17 16:33:01,802 [INFO]   -> 2 jours récupérés pour MPC (source: ibkr)
2026-08-17 16:33:01,803 [INFO] [315/504] MPWR (Monolithic Power Systems), depuis 2026-08-14...
2026-08-17 16:33:13,313 [INFO]   -> 2 jours récupérés pour MPWR (source: ibkr)
2026-08-17 16:33:13,324 [INFO] [316/504] MRK (Merck & Co.), depuis 2026-08-14...
2026-08-17 16:33:24,865 [INFO]   -> 2 jours récupérés pour MRK (source: ibkr)
2026-08-17 16:33:24,866 [INFO] [317/504] MRNA (Moderna), depuis 2026-08-14...
2026-08-17 16:33:36,339 [INFO]   -> 2 jours récupérés pour MRNA (source: ibkr)
2026-08-17 16:33:36,340 [INFO] [318/504] MRSH (Marsh McLennan), depuis 2026-08-14...
2026-08-17 16:33:47,883 [INFO]   -> 2 jours récupérés pour MRSH (source: ibkr)
2026-08-17 16:33:47,884 [INFO] [319/504] MRVL (Marvell Technology), depuis 2026-08-14...
2026-08-17 16:33:59,384 [INFO]   -> 2 jours récupérés pour MRVL (source: ibkr)
2026-08-17 16:33:59,384 [INFO] [320/504] MS (Morgan Stanley), depuis 2026-08-14...
2026-08-17 16:34:10,921 [INFO]   -> 2 jours récupérés pour MS (source: ibkr)
2026-08-17 16:34:10,921 [INFO] [321/504] MSCI (MSCI), depuis 2026-08-14...
2026-08-17 16:34:22,420 [INFO]   -> 2 jours récupérés pour MSCI (source: ibkr)
2026-08-17 16:34:22,421 [INFO] [322/504] MSFT (Microsoft), depuis 2026-08-14...
2026-08-17 16:34:34,014 [INFO]   -> 2 jours récupérés pour MSFT (source: ibkr)
2026-08-17 16:34:34,018 [INFO] [323/504] MSI (Motorola Solutions), depuis 2026-08-14...
2026-08-17 16:34:45,475 [INFO]   -> 2 jours récupérés pour MSI (source: ibkr)
2026-08-17 16:34:45,476 [INFO] [324/504] MTB (M&T Bank), depuis 2026-08-14...
2026-08-17 16:34:57,159 [INFO]   -> 2 jours récupérés pour MTB (source: ibkr)
2026-08-17 16:34:57,160 [INFO] [325/504] MTD (Mettler Toledo), depuis 2026-08-14...
2026-08-17 16:35:08,808 [INFO]   -> 2 jours récupérés pour MTD (source: ibkr)
2026-08-17 16:35:08,809 [INFO] [326/504] MU (Micron Technology), depuis 2026-08-14...
2026-08-17 16:35:20,416 [INFO]   -> 2 jours récupérés pour MU (source: ibkr)
2026-08-17 16:35:20,417 [INFO] [327/504] NCLH (Norwegian Cruise Line Holdings), depuis 2026-08-14...
2026-08-17 16:35:31,824 [INFO]   -> 2 jours récupérés pour NCLH (source: ibkr)
2026-08-17 16:35:31,825 [INFO] [328/504] NDAQ (Nasdaq, Inc.), depuis 2026-08-14...
2026-08-17 16:35:43,308 [INFO]   -> 2 jours récupérés pour NDAQ (source: ibkr)
2026-08-17 16:35:43,309 [INFO] [329/504] NDSN (Nordson Corporation), depuis 2026-08-14...
2026-08-17 16:35:54,810 [INFO]   -> 2 jours récupérés pour NDSN (source: ibkr)
2026-08-17 16:35:54,811 [INFO] [330/504] NEE (NextEra Energy), depuis 2026-08-14...
2026-08-17 16:36:06,370 [INFO]   -> 2 jours récupérés pour NEE (source: ibkr)
2026-08-17 16:36:06,371 [INFO] [331/504] NEM (Newmont), depuis 2026-08-14...
2026-08-17 16:36:17,986 [INFO]   -> 2 jours récupérés pour NEM (source: ibkr)
2026-08-17 16:36:17,986 [INFO] [332/504] NFLX (Netflix), depuis 2026-08-14...
2026-08-17 16:36:29,454 [INFO]   -> 2 jours récupérés pour NFLX (source: ibkr)
2026-08-17 16:36:29,455 [INFO] [333/504] NI (NiSource), depuis 2026-08-14...
2026-08-17 16:36:41,025 [INFO]   -> 2 jours récupérés pour NI (source: ibkr)
2026-08-17 16:36:41,025 [INFO] [334/504] NKE (Nike, Inc.), depuis 2026-08-14...
2026-08-17 16:36:52,546 [INFO]   -> 2 jours récupérés pour NKE (source: ibkr)
2026-08-17 16:36:52,546 [INFO] [335/504] NOC (Northrop Grumman), depuis 2026-08-14...
2026-08-17 16:37:04,060 [INFO]   -> 2 jours récupérés pour NOC (source: ibkr)
2026-08-17 16:37:04,060 [INFO] [336/504] NOW (ServiceNow), depuis 2026-08-14...
2026-08-17 16:37:15,444 [INFO]   -> 2 jours récupérés pour NOW (source: ibkr)
2026-08-17 16:37:15,446 [INFO] [337/504] NRG (NRG Energy), depuis 2026-08-14...
2026-08-17 16:37:26,960 [INFO]   -> 2 jours récupérés pour NRG (source: ibkr)
2026-08-17 16:37:26,962 [INFO] [338/504] NSC (Norfolk Southern), depuis 2026-08-14...
2026-08-17 16:37:38,540 [INFO]   -> 2 jours récupérés pour NSC (source: ibkr)
2026-08-17 16:37:38,542 [INFO] [339/504] NTAP (NetApp), depuis 2026-08-14...
2026-08-17 16:37:50,025 [INFO]   -> 2 jours récupérés pour NTAP (source: ibkr)
2026-08-17 16:37:50,027 [INFO] [340/504] NTRS (Northern Trust), depuis 2026-08-14...
2026-08-17 16:38:01,609 [INFO]   -> 2 jours récupérés pour NTRS (source: ibkr)
2026-08-17 16:38:01,610 [INFO] [341/504] NUE (Nucor), depuis 2026-08-14...
2026-08-17 16:38:13,131 [INFO]   -> 2 jours récupérés pour NUE (source: ibkr)
2026-08-17 16:38:13,135 [INFO] [342/504] NVDA (Nvidia), depuis 2026-08-14...
2026-08-17 16:38:24,631 [INFO]   -> 2 jours récupérés pour NVDA (source: ibkr)
2026-08-17 16:38:24,632 [INFO] [343/504] NVR (NVR, Inc.), depuis 2026-08-14...
2026-08-17 16:38:36,056 [INFO]   -> 2 jours récupérés pour NVR (source: ibkr)
2026-08-17 16:38:36,057 [INFO] [344/504] NWS (News Corp (Class B)), depuis 2026-08-14...
2026-08-17 16:38:47,534 [INFO]   -> 2 jours récupérés pour NWS (source: ibkr)
2026-08-17 16:38:47,535 [INFO] [345/504] NWSA (News Corp (Class A)), depuis 2026-08-14...
2026-08-17 16:38:58,950 [INFO]   -> 2 jours récupérés pour NWSA (source: ibkr)
2026-08-17 16:38:58,951 [INFO] [346/504] NXPI (NXP Semiconductors), depuis 2026-08-14...
2026-08-17 16:39:10,436 [INFO]   -> 2 jours récupérés pour NXPI (source: ibkr)
2026-08-17 16:39:10,451 [INFO] [347/504] O (Realty Income), depuis 2026-08-14...
2026-08-17 16:39:22,495 [INFO]   -> 2 jours récupérés pour O (source: ibkr)
2026-08-17 16:39:22,496 [INFO] [348/504] ODFL (Old Dominion), depuis 2026-08-14...
2026-08-17 16:39:33,960 [INFO]   -> 2 jours récupérés pour ODFL (source: ibkr)
2026-08-17 16:39:33,961 [INFO] [349/504] OKE (Oneok), depuis 2026-08-14...
2026-08-17 16:39:45,476 [INFO]   -> 2 jours récupérés pour OKE (source: ibkr)
2026-08-17 16:39:45,478 [INFO] [350/504] OMC (Omnicom Group), depuis 2026-08-14...
2026-08-17 16:39:57,159 [INFO]   -> 2 jours récupérés pour OMC (source: ibkr)
2026-08-17 16:39:57,159 [INFO] [351/504] ON (ON Semiconductor), depuis 2026-08-14...
2026-08-17 16:40:08,581 [INFO]   -> 2 jours récupérés pour ON (source: ibkr)
2026-08-17 16:40:08,582 [INFO] [352/504] ORCL (Oracle Corporation), depuis 2026-08-14...
2026-08-17 16:40:20,050 [INFO]   -> 2 jours récupérés pour ORCL (source: ibkr)
2026-08-17 16:40:20,052 [INFO] [353/504] ORLY (O'Reilly Automotive), depuis 2026-08-14...
2026-08-17 16:40:31,483 [INFO]   -> 2 jours récupérés pour ORLY (source: ibkr)
2026-08-17 16:40:31,484 [INFO] [354/504] OTIS (Otis Worldwide), depuis 2026-08-14...
2026-08-17 16:40:42,954 [INFO]   -> 2 jours récupérés pour OTIS (source: ibkr)
2026-08-17 16:40:42,955 [INFO] [355/504] OXY (Occidental Petroleum), depuis 2026-08-14...
2026-08-17 16:40:54,479 [INFO]   -> 2 jours récupérés pour OXY (source: ibkr)
2026-08-17 16:40:54,480 [INFO] [356/504] PANW (Palo Alto Networks), depuis 2026-08-14...
2026-08-17 16:41:05,893 [INFO]   -> 2 jours récupérés pour PANW (source: ibkr)
2026-08-17 16:41:05,894 [INFO] [357/504] PAYX (Paychex), depuis 2026-08-14...
2026-08-17 16:41:17,588 [INFO]   -> 2 jours récupérés pour PAYX (source: ibkr)
2026-08-17 16:41:17,589 [INFO] [358/504] PCAR (Paccar), depuis 2026-08-14...
2026-08-17 16:41:29,270 [INFO]   -> 2 jours récupérés pour PCAR (source: ibkr)
2026-08-17 16:41:29,271 [INFO] [359/504] PCG (PG&E Corporation), depuis 2026-08-14...
2026-08-17 16:41:40,729 [INFO]   -> 2 jours récupérés pour PCG (source: ibkr)
2026-08-17 16:41:40,730 [INFO] [360/504] PEG (Public Service Enterprise Group), depuis 2026-08-14...
2026-08-17 16:41:52,266 [INFO]   -> 2 jours récupérés pour PEG (source: ibkr)
2026-08-17 16:41:52,267 [INFO] [361/504] PEP (PepsiCo), depuis 2026-08-14...
2026-08-17 16:42:03,804 [INFO]   -> 2 jours récupérés pour PEP (source: ibkr)
2026-08-17 16:42:03,804 [INFO] [362/504] PFE (Pfizer), depuis 2026-08-14...
2026-08-17 16:42:15,292 [INFO]   -> 2 jours récupérés pour PFE (source: ibkr)
2026-08-17 16:42:15,292 [INFO] [363/504] PFG (Principal Financial Group), depuis 2026-08-14...
2026-08-17 16:42:26,873 [INFO]   -> 2 jours récupérés pour PFG (source: ibkr)
2026-08-17 16:42:26,874 [INFO] [364/504] PG (Procter & Gamble), depuis 2026-08-14...
2026-08-17 16:42:38,388 [INFO]   -> 2 jours récupérés pour PG (source: ibkr)
2026-08-17 16:42:38,389 [INFO] [365/504] PGR (Progressive Corporation), depuis 2026-08-14...
2026-08-17 16:42:49,858 [INFO]   -> 2 jours récupérés pour PGR (source: ibkr)
2026-08-17 16:42:49,862 [INFO] [366/504] PH (Parker Hannifin), depuis 2026-08-14...
2026-08-17 16:43:01,385 [INFO]   -> 2 jours récupérés pour PH (source: ibkr)
2026-08-17 16:43:01,387 [INFO] [367/504] PHM (PulteGroup), depuis 2026-08-14...
2026-08-17 16:43:12,822 [INFO]   -> 2 jours récupérés pour PHM (source: ibkr)
2026-08-17 16:43:12,823 [INFO] [368/504] PKG (Packaging Corporation of America), depuis 2026-08-14...
2026-08-17 16:43:24,334 [INFO]   -> 2 jours récupérés pour PKG (source: ibkr)
2026-08-17 16:43:24,335 [INFO] [369/504] PLD (Prologis), depuis 2026-08-14...
2026-08-17 16:43:35,911 [INFO]   -> 2 jours récupérés pour PLD (source: ibkr)
2026-08-17 16:43:35,914 [INFO] [370/504] PLTR (Palantir Technologies), depuis 2026-08-14...
2026-08-17 16:43:47,338 [INFO]   -> 2 jours récupérés pour PLTR (source: ibkr)
2026-08-17 16:43:47,338 [INFO] [371/504] PM (Philip Morris International), depuis 2026-08-14...
2026-08-17 16:43:58,811 [INFO]   -> 2 jours récupérés pour PM (source: ibkr)
2026-08-17 16:43:58,813 [INFO] [372/504] PNC (PNC Financial Services), depuis 2026-08-14...
2026-08-17 16:44:10,352 [INFO]   -> 2 jours récupérés pour PNC (source: ibkr)
2026-08-17 16:44:10,353 [INFO] [373/504] PNR (Pentair), depuis 2026-08-14...
2026-08-17 16:44:21,900 [INFO]   -> 2 jours récupérés pour PNR (source: ibkr)
2026-08-17 16:44:21,911 [INFO] [374/504] PNW (Pinnacle West Capital), depuis 2026-08-14...
2026-08-17 16:44:33,884 [INFO]   -> 2 jours récupérés pour PNW (source: ibkr)
2026-08-17 16:44:33,884 [INFO] [375/504] PODD (Insulet Corporation), depuis 2026-08-14...
2026-08-17 16:44:45,378 [INFO]   -> 2 jours récupérés pour PODD (source: ibkr)
2026-08-17 16:44:45,380 [INFO] [376/504] PPG (PPG Industries), depuis 2026-08-14...
2026-08-17 16:44:56,942 [INFO]   -> 2 jours récupérés pour PPG (source: ibkr)
2026-08-17 16:44:56,944 [INFO] [377/504] PPL (PPL Corporation), depuis 2026-08-14...
2026-08-17 16:45:08,474 [INFO]   -> 2 jours récupérés pour PPL (source: ibkr)
2026-08-17 16:45:08,474 [INFO] [378/504] PRU (Prudential Financial), depuis 2026-08-14...
2026-08-17 16:45:19,988 [INFO]   -> 2 jours récupérés pour PRU (source: ibkr)
2026-08-17 16:45:19,991 [INFO] [379/504] PSA (Public Storage), depuis 2026-08-14...
2026-08-17 16:45:31,677 [INFO]   -> 2 jours récupérés pour PSA (source: ibkr)
2026-08-17 16:45:31,678 [INFO] [380/504] PSKY (Paramount Skydance Corporation), depuis 2026-08-14...
2026-08-17 16:45:43,136 [INFO]   -> 2 jours récupérés pour PSKY (source: ibkr)
2026-08-17 16:45:43,152 [INFO] [381/504] PSX (Phillips 66), depuis 2026-08-14...
2026-08-17 16:45:54,673 [INFO]   -> 2 jours récupérés pour PSX (source: ibkr)
2026-08-17 16:45:54,675 [INFO] [382/504] PTC (PTC Inc.), depuis 2026-08-14...
2026-08-17 16:46:06,142 [INFO]   -> 2 jours récupérés pour PTC (source: ibkr)
2026-08-17 16:46:06,143 [INFO] [383/504] PWR (Quanta Services), depuis 2026-08-14...
2026-08-17 16:46:17,782 [INFO]   -> 2 jours récupérés pour PWR (source: ibkr)
2026-08-17 16:46:17,784 [INFO] [384/504] PYPL (PayPal), depuis 2026-08-14...
2026-08-17 16:46:29,290 [INFO]   -> 2 jours récupérés pour PYPL (source: ibkr)
2026-08-17 16:46:29,291 [INFO] [385/504] Q (Qnity Electronics), depuis 2026-08-14...
2026-08-17 16:46:40,790 [INFO]   -> 2 jours récupérés pour Q (source: ibkr)
2026-08-17 16:46:40,790 [INFO] [386/504] QCOM (Qualcomm), depuis 2026-08-14...
2026-08-17 16:46:52,372 [INFO]   -> 2 jours récupérés pour QCOM (source: ibkr)
2026-08-17 16:46:52,376 [INFO] [387/504] RCL (Royal Caribbean Group), depuis 2026-08-14...
2026-08-17 16:47:03,841 [INFO]   -> 2 jours récupérés pour RCL (source: ibkr)
2026-08-17 16:47:03,844 [INFO] [388/504] REG (Regency Centers), depuis 2026-08-14...
2026-08-17 16:47:15,584 [INFO]   -> 2 jours récupérés pour REG (source: ibkr)
2026-08-17 16:47:15,602 [INFO] [389/504] REGN (Regeneron Pharmaceuticals), depuis 2026-08-14...
2026-08-17 16:47:27,088 [INFO]   -> 2 jours récupérés pour REGN (source: ibkr)
2026-08-17 16:47:27,089 [INFO] [390/504] RF (Regions Financial Corporation), depuis 2026-08-14...
2026-08-17 16:47:38,621 [INFO]   -> 2 jours récupérés pour RF (source: ibkr)
2026-08-17 16:47:38,628 [INFO] [391/504] RJF (Raymond James Financial), depuis 2026-08-14...
2026-08-17 16:47:50,490 [INFO]   -> 2 jours récupérés pour RJF (source: ibkr)
2026-08-17 16:47:50,491 [INFO] [392/504] RL (Ralph Lauren Corporation), depuis 2026-08-14...
2026-08-17 16:48:02,002 [INFO]   -> 2 jours récupérés pour RL (source: ibkr)
2026-08-17 16:48:02,044 [INFO] [393/504] RMD (ResMed|), depuis 2026-08-14...
2026-08-17 16:48:13,641 [INFO]   -> 2 jours récupérés pour RMD (source: ibkr)
2026-08-17 16:48:13,644 [INFO] [394/504] ROK (Rockwell Automation), depuis 2026-08-14...
2026-08-17 16:48:25,170 [INFO]   -> 2 jours récupérés pour ROK (source: ibkr)
2026-08-17 16:48:25,171 [INFO] [395/504] ROL (Rollins, Inc.), depuis 2026-08-14...
2026-08-17 16:48:36,715 [INFO]   -> 2 jours récupérés pour ROL (source: ibkr)
2026-08-17 16:48:36,731 [INFO] [396/504] ROP (Roper Technologies), depuis 2026-08-14...
2026-08-17 16:48:48,284 [INFO]   -> 2 jours récupérés pour ROP (source: ibkr)
2026-08-17 16:48:48,285 [INFO] [397/504] ROST (Ross Stores), depuis 2026-08-14...
2026-08-17 16:48:59,842 [INFO]   -> 2 jours récupérés pour ROST (source: ibkr)
2026-08-17 16:48:59,844 [INFO] [398/504] RSG (Republic Services), depuis 2026-08-14...
2026-08-17 16:49:11,423 [INFO]   -> 2 jours récupérés pour RSG (source: ibkr)
2026-08-17 16:49:11,424 [INFO] [399/504] RTX (RTX Corporation), depuis 2026-08-14...
2026-08-17 16:49:22,945 [INFO]   -> 2 jours récupérés pour RTX (source: ibkr)
2026-08-17 16:49:22,964 [INFO] [400/504] RVTY (Revvity), depuis 2026-08-14...
2026-08-17 16:49:34,511 [INFO]   -> 2 jours récupérés pour RVTY (source: ibkr)
2026-08-17 16:49:34,511 [INFO] [401/504] SBAC (SBA Communications), depuis 2026-08-14...
2026-08-17 16:49:45,981 [INFO]   -> 2 jours récupérés pour SBAC (source: ibkr)
2026-08-17 16:49:45,982 [INFO] [402/504] SBUX (Starbucks), depuis 2026-08-14...
2026-08-17 16:49:57,449 [INFO]   -> 2 jours récupérés pour SBUX (source: ibkr)
2026-08-17 16:49:57,450 [INFO] [403/504] SCHW (Charles Schwab Corporation), depuis 2026-08-14...
2026-08-17 16:50:08,966 [INFO]   -> 2 jours récupérés pour SCHW (source: ibkr)
2026-08-17 16:50:08,966 [INFO] [404/504] SHW (Sherwin-Williams), depuis 2026-08-14...
2026-08-17 16:50:20,499 [INFO]   -> 2 jours récupérés pour SHW (source: ibkr)
2026-08-17 16:50:20,499 [INFO] [405/504] SJM (J.M. Smucker Company (The)), depuis 2026-08-14...
2026-08-17 16:50:32,052 [INFO]   -> 2 jours récupérés pour SJM (source: ibkr)
2026-08-17 16:50:32,055 [INFO] [406/504] SLB (Schlumberger), depuis 2026-08-14...
2026-08-17 16:50:43,576 [INFO]   -> 2 jours récupérés pour SLB (source: ibkr)
2026-08-17 16:50:43,577 [INFO] [407/504] SMCI (Supermicro), depuis 2026-08-14...
2026-08-17 16:50:55,052 [INFO]   -> 2 jours récupérés pour SMCI (source: ibkr)
2026-08-17 16:50:55,052 [INFO] [408/504] SNA (Snap-on), depuis 2026-08-14...
2026-08-17 16:51:06,566 [INFO]   -> 2 jours récupérés pour SNA (source: ibkr)
2026-08-17 16:51:06,571 [INFO] [409/504] SNDK (Sandisk), depuis 2026-08-14...
2026-08-17 16:51:18,321 [INFO]   -> 2 jours récupérés pour SNDK (source: ibkr)
2026-08-17 16:51:18,321 [INFO] [410/504] SNPS (Synopsys), depuis 2026-08-14...
2026-08-17 16:51:29,746 [INFO]   -> 2 jours récupérés pour SNPS (source: ibkr)
2026-08-17 16:51:29,747 [INFO] [411/504] SO (Southern Company), depuis 2026-08-14...
2026-08-17 16:51:41,360 [INFO]   -> 2 jours récupérés pour SO (source: ibkr)
2026-08-17 16:51:41,361 [INFO] [412/504] SOLV (Solventum), depuis 2026-08-14...
2026-08-17 16:51:52,776 [INFO]   -> 2 jours récupérés pour SOLV (source: ibkr)
2026-08-17 16:51:52,777 [INFO] [413/504] SPG (Simon Property Group), depuis 2026-08-14...
2026-08-17 16:52:04,306 [INFO]   -> 2 jours récupérés pour SPG (source: ibkr)
2026-08-17 16:52:04,307 [INFO] [414/504] SPGI (S&P Global), depuis 2026-08-14...
2026-08-17 16:52:15,798 [INFO]   -> 2 jours récupérés pour SPGI (source: ibkr)
2026-08-17 16:52:15,805 [INFO] [415/504] SRE (Sempra), depuis 2026-08-14...
2026-08-17 16:52:27,355 [INFO]   -> 2 jours récupérés pour SRE (source: ibkr)
2026-08-17 16:52:27,356 [INFO] [416/504] STE (Steris), depuis 2026-08-14...
2026-08-17 16:52:38,881 [INFO]   -> 2 jours récupérés pour STE (source: ibkr)
2026-08-17 16:52:38,883 [INFO] [417/504] STLD (Steel Dynamics), depuis 2026-08-14...
2026-08-17 16:52:50,410 [INFO]   -> 2 jours récupérés pour STLD (source: ibkr)
2026-08-17 16:52:50,413 [INFO] [418/504] STT (State Street Corporation), depuis 2026-08-14...
2026-08-17 16:53:01,934 [INFO]   -> 2 jours récupérés pour STT (source: ibkr)
2026-08-17 16:53:01,935 [INFO] [419/504] STX (Seagate Technology), depuis 2026-08-14...
2026-08-17 16:53:13,574 [INFO]   -> 2 jours récupérés pour STX (source: ibkr)
2026-08-17 16:53:13,575 [INFO] [420/504] STZ (Constellation Brands), depuis 2026-08-14...
2026-08-17 16:53:25,329 [INFO]   -> 2 jours récupérés pour STZ (source: ibkr)
2026-08-17 16:53:25,330 [INFO] [421/504] SW (Smurfit Westrock), depuis 2026-08-14...
2026-08-17 16:53:36,850 [INFO]   -> 2 jours récupérés pour SW (source: ibkr)
2026-08-17 16:53:36,850 [INFO] [422/504] SWK (Stanley Black & Decker), depuis 2026-08-14...
2026-08-17 16:53:48,389 [INFO]   -> 2 jours récupérés pour SWK (source: ibkr)
2026-08-17 16:53:48,390 [INFO] [423/504] SWKS (Skyworks Solutions), depuis 2026-08-14...
2026-08-17 16:53:59,876 [INFO]   -> 2 jours récupérés pour SWKS (source: ibkr)
2026-08-17 16:53:59,880 [INFO] [424/504] SYF (Synchrony Financial), depuis 2026-08-14...
2026-08-17 16:54:11,424 [INFO]   -> 2 jours récupérés pour SYF (source: ibkr)
2026-08-17 16:54:11,424 [INFO] [425/504] SYK (Stryker Corporation), depuis 2026-08-14...
2026-08-17 16:54:22,902 [INFO]   -> 2 jours récupérés pour SYK (source: ibkr)
2026-08-17 16:54:22,903 [INFO] [426/504] SYY (Sysco), depuis 2026-08-14...
2026-08-17 16:54:34,431 [INFO]   -> 2 jours récupérés pour SYY (source: ibkr)
2026-08-17 16:54:34,432 [INFO] [427/504] T (AT&T), depuis 2026-08-14...
2026-08-17 16:54:46,141 [INFO]   -> 2 jours récupérés pour T (source: ibkr)
2026-08-17 16:54:46,142 [INFO] [428/504] TAP (Molson Coors Beverage Company), depuis 2026-08-14...
2026-08-17 16:54:57,619 [INFO]   -> 2 jours récupérés pour TAP (source: ibkr)
2026-08-17 16:54:57,620 [INFO] [429/504] TDG (TransDigm Group), depuis 2026-08-14...
2026-08-17 16:55:09,096 [INFO]   -> 2 jours récupérés pour TDG (source: ibkr)
2026-08-17 16:55:09,097 [INFO] [430/504] TDY (Teledyne Technologies), depuis 2026-08-14...
2026-08-17 16:55:20,503 [INFO]   -> 2 jours récupérés pour TDY (source: ibkr)
2026-08-17 16:55:20,504 [INFO] [431/504] TECH (Bio-Techne), depuis 2026-08-14...
2026-08-17 16:55:31,979 [INFO]   -> 2 jours récupérés pour TECH (source: ibkr)
2026-08-17 16:55:31,980 [INFO] [432/504] TEL (TE Connectivity), depuis 2026-08-14...
2026-08-17 16:55:43,514 [INFO]   -> 2 jours récupérés pour TEL (source: ibkr)
2026-08-17 16:55:43,515 [INFO] [433/504] TER (Teradyne), depuis 2026-08-14...
2026-08-17 16:55:55,002 [INFO]   -> 2 jours récupérés pour TER (source: ibkr)
2026-08-17 16:55:55,011 [INFO] [434/504] TFC (Truist Financial), depuis 2026-08-14...
2026-08-17 16:56:06,543 [INFO]   -> 2 jours récupérés pour TFC (source: ibkr)
2026-08-17 16:56:06,545 [INFO] [435/504] TGT (Target Corporation), depuis 2026-08-14...
2026-08-17 16:56:18,340 [INFO]   -> 2 jours récupérés pour TGT (source: ibkr)
2026-08-17 16:56:18,340 [INFO] [436/504] TJX (TJX Companies), depuis 2026-08-14...
2026-08-17 16:56:29,867 [INFO]   -> 2 jours récupérés pour TJX (source: ibkr)
2026-08-17 16:56:29,885 [INFO] [437/504] TKO (TKO Group Holdings), depuis 2026-08-14...
2026-08-17 16:56:41,419 [INFO]   -> 2 jours récupérés pour TKO (source: ibkr)
2026-08-17 16:56:41,429 [INFO] [438/504] TMO (Thermo Fisher Scientific), depuis 2026-08-14...
2026-08-17 16:56:52,970 [INFO]   -> 2 jours récupérés pour TMO (source: ibkr)
2026-08-17 16:56:52,971 [INFO] [439/504] TMUS (T-Mobile US), depuis 2026-08-14...
2026-08-17 16:57:04,394 [INFO]   -> 2 jours récupérés pour TMUS (source: ibkr)
2026-08-17 16:57:04,394 [INFO] [440/504] TPL (Texas Pacific Land Corporation), depuis 2026-08-14...
2026-08-17 16:57:15,841 [INFO]   -> 2 jours récupérés pour TPL (source: ibkr)
2026-08-17 16:57:15,843 [INFO] [441/504] TPR (Tapestry, Inc.), depuis 2026-08-14...
2026-08-17 16:57:27,332 [INFO]   -> 2 jours récupérés pour TPR (source: ibkr)
2026-08-17 16:57:27,332 [INFO] [442/504] TRGP (Targa Resources), depuis 2026-08-14...
2026-08-17 16:57:38,813 [INFO]   -> 2 jours récupérés pour TRGP (source: ibkr)
2026-08-17 16:57:38,813 [INFO] [443/504] TRMB (Trimble Inc.), depuis 2026-08-14...
2026-08-17 16:57:50,307 [INFO]   -> 2 jours récupérés pour TRMB (source: ibkr)
2026-08-17 16:57:50,307 [INFO] [444/504] TROW (T. Rowe Price), depuis 2026-08-14...
2026-08-17 16:58:01,896 [INFO]   -> 2 jours récupérés pour TROW (source: ibkr)
2026-08-17 16:58:01,899 [INFO] [445/504] TRV (Travelers Companies (The)), depuis 2026-08-14...
2026-08-17 16:58:13,408 [INFO]   -> 2 jours récupérés pour TRV (source: ibkr)
2026-08-17 16:58:13,408 [INFO] [446/504] TSCO (Tractor Supply), depuis 2026-08-14...
2026-08-17 16:58:24,873 [INFO]   -> 2 jours récupérés pour TSCO (source: ibkr)
2026-08-17 16:58:24,874 [INFO] [447/504] TSLA (Tesla, Inc.), depuis 2026-08-14...
2026-08-17 16:58:36,291 [INFO]   -> 2 jours récupérés pour TSLA (source: ibkr)
2026-08-17 16:58:36,291 [INFO] [448/504] TSN (Tyson Foods), depuis 2026-08-14...
2026-08-17 16:58:47,824 [INFO]   -> 2 jours récupérés pour TSN (source: ibkr)
2026-08-17 16:58:47,824 [INFO] [449/504] TT (Trane Technologies), depuis 2026-08-14...
2026-08-17 16:58:59,341 [INFO]   -> 2 jours récupérés pour TT (source: ibkr)
2026-08-17 16:58:59,341 [INFO] [450/504] TTD (Trade Desk (The)), depuis 2026-08-14...
2026-08-17 16:59:10,784 [INFO]   -> 2 jours récupérés pour TTD (source: ibkr)
2026-08-17 16:59:10,784 [INFO] [451/504] TTWO (Take-Two Interactive), depuis 2026-08-14...
2026-08-17 16:59:22,292 [INFO]   -> 2 jours récupérés pour TTWO (source: ibkr)
2026-08-17 16:59:22,293 [INFO] [452/504] TXN (Texas Instruments), depuis 2026-08-14...
2026-08-17 16:59:33,835 [INFO]   -> 2 jours récupérés pour TXN (source: ibkr)
2026-08-17 16:59:33,836 [INFO] [453/504] TXT (Textron), depuis 2026-08-14...
2026-08-17 16:59:45,430 [INFO]   -> 2 jours récupérés pour TXT (source: ibkr)
2026-08-17 16:59:45,431 [INFO] [454/504] TYL (Tyler Technologies), depuis 2026-08-14...
2026-08-17 16:59:56,892 [INFO]   -> 2 jours récupérés pour TYL (source: ibkr)
2026-08-17 16:59:56,893 [INFO] [455/504] UAL (United Airlines Holdings), depuis 2026-08-14...
2026-08-17 17:00:08,483 [INFO]   -> 2 jours récupérés pour UAL (source: ibkr)
2026-08-17 17:00:08,491 [INFO] [456/504] UBER (Uber), depuis 2026-08-14...
2026-08-17 17:00:19,874 [INFO]   -> 2 jours récupérés pour UBER (source: ibkr)
2026-08-17 17:00:19,875 [INFO] [457/504] UDR (UDR, Inc.), depuis 2026-08-14...
2026-08-17 17:00:31,511 [INFO]   -> 2 jours récupérés pour UDR (source: ibkr)
2026-08-17 17:00:31,512 [INFO] [458/504] UHS (Universal Health Services), depuis 2026-08-14...
2026-08-17 17:00:43,034 [INFO]   -> 2 jours récupérés pour UHS (source: ibkr)
2026-08-17 17:00:43,035 [INFO] [459/504] ULTA (Ulta Beauty), depuis 2026-08-14...
2026-08-17 17:00:54,543 [INFO]   -> 2 jours récupérés pour ULTA (source: ibkr)
2026-08-17 17:00:54,548 [INFO] [460/504] UNH (UnitedHealth Group), depuis 2026-08-14...
2026-08-17 17:01:06,050 [INFO]   -> 2 jours récupérés pour UNH (source: ibkr)
2026-08-17 17:01:06,051 [INFO] [461/504] UNP (Union Pacific Corporation), depuis 2026-08-14...
2026-08-17 17:01:17,574 [INFO]   -> 2 jours récupérés pour UNP (source: ibkr)
2026-08-17 17:01:17,575 [INFO] [462/504] UPS (United Parcel Service), depuis 2026-08-14...
2026-08-17 17:01:29,518 [INFO]   -> 2 jours récupérés pour UPS (source: ibkr)
2026-08-17 17:01:29,519 [INFO] [463/504] URI (United Rentals), depuis 2026-08-14...
2026-08-17 17:01:40,924 [INFO]   -> 2 jours récupérés pour URI (source: ibkr)
2026-08-17 17:01:40,924 [INFO] [464/504] USB (U.S. Bancorp), depuis 2026-08-14...
2026-08-17 17:01:52,435 [INFO]   -> 2 jours récupérés pour USB (source: ibkr)
2026-08-17 17:01:52,435 [INFO] [465/504] V (Visa Inc.), depuis 2026-08-14...
2026-08-17 17:02:03,936 [INFO]   -> 2 jours récupérés pour V (source: ibkr)
2026-08-17 17:02:03,938 [INFO] [466/504] VEEV (Veeva Systems), depuis 2026-08-14...
2026-08-17 17:02:15,365 [INFO]   -> 2 jours récupérés pour VEEV (source: ibkr)
2026-08-17 17:02:15,365 [INFO] [467/504] VICI (Vici Properties), depuis 2026-08-14...
2026-08-17 17:02:26,805 [INFO]   -> 2 jours récupérés pour VICI (source: ibkr)
2026-08-17 17:02:26,805 [INFO] [468/504] VLO (Valero Energy), depuis 2026-08-14...
2026-08-17 17:02:38,379 [INFO]   -> 2 jours récupérés pour VLO (source: ibkr)
2026-08-17 17:02:38,380 [INFO] [469/504] VLTO (Veralto), depuis 2026-08-14...
2026-08-17 17:02:49,844 [INFO]   -> 2 jours récupérés pour VLTO (source: ibkr)
2026-08-17 17:02:49,844 [INFO] [470/504] VMC (Vulcan Materials Company), depuis 2026-08-14...
2026-08-17 17:03:01,527 [INFO]   -> 2 jours récupérés pour VMC (source: ibkr)
2026-08-17 17:03:01,527 [INFO] [471/504] VRSK (Verisk Analytics), depuis 2026-08-14...
2026-08-17 17:03:12,972 [INFO]   -> 2 jours récupérés pour VRSK (source: ibkr)
2026-08-17 17:03:12,975 [INFO] [472/504] VRSN (Verisign), depuis 2026-08-14...
2026-08-17 17:03:24,483 [INFO]   -> 2 jours récupérés pour VRSN (source: ibkr)
2026-08-17 17:03:24,484 [INFO] [473/504] VRT (Vertiv), depuis 2026-08-14...
2026-08-17 17:03:35,923 [INFO]   -> 2 jours récupérés pour VRT (source: ibkr)
2026-08-17 17:03:35,924 [INFO] [474/504] VRTX (Vertex Pharmaceuticals), depuis 2026-08-14...
2026-08-17 17:03:47,570 [INFO]   -> 2 jours récupérés pour VRTX (source: ibkr)
2026-08-17 17:03:47,571 [INFO] [475/504] VST (Vistra Corp.), depuis 2026-08-14...
2026-08-17 17:03:59,031 [INFO]   -> 2 jours récupérés pour VST (source: ibkr)
2026-08-17 17:03:59,037 [INFO] [476/504] VTR (Ventas), depuis 2026-08-14...
2026-08-17 17:04:10,639 [INFO]   -> 2 jours récupérés pour VTR (source: ibkr)
2026-08-17 17:04:10,640 [INFO] [477/504] VTRS (Viatris), depuis 2026-08-14...
2026-08-17 17:04:22,085 [INFO]   -> 2 jours récupérés pour VTRS (source: ibkr)
2026-08-17 17:04:22,086 [INFO] [478/504] VZ (Verizon), depuis 2026-08-14...
2026-08-17 17:04:33,686 [INFO]   -> 2 jours récupérés pour VZ (source: ibkr)
2026-08-17 17:04:33,686 [INFO] [479/504] WAB (Wabtec), depuis 2026-08-14...
2026-08-17 17:04:45,256 [INFO]   -> 2 jours récupérés pour WAB (source: ibkr)
2026-08-17 17:04:45,257 [INFO] [480/504] WAT (Waters Corporation), depuis 2026-08-14...
2026-08-17 17:04:57,687 [INFO]   -> 2 jours récupérés pour WAT (source: ibkr)
2026-08-17 17:04:57,690 [INFO] [481/504] WBD (Warner Bros. Discovery), depuis 2026-08-14...
2026-08-17 17:05:09,207 [INFO]   -> 2 jours récupérés pour WBD (source: ibkr)
2026-08-17 17:05:09,209 [INFO] [482/504] WDAY (Workday, Inc.), depuis 2026-08-14...
2026-08-17 17:05:20,834 [INFO]   -> 2 jours récupérés pour WDAY (source: ibkr)
2026-08-17 17:05:20,835 [INFO] [483/504] WDC (Western Digital), depuis 2026-08-14...
2026-08-17 17:05:32,361 [INFO]   -> 2 jours récupérés pour WDC (source: ibkr)
2026-08-17 17:05:32,362 [INFO] [484/504] WEC (WEC Energy Group), depuis 2026-08-14...
2026-08-17 17:05:43,918 [INFO]   -> 2 jours récupérés pour WEC (source: ibkr)
2026-08-17 17:05:43,919 [INFO] [485/504] WELL (Welltower), depuis 2026-08-14...
2026-08-17 17:05:56,039 [INFO]   -> 2 jours récupérés pour WELL (source: ibkr)
2026-08-17 17:05:56,040 [INFO] [486/504] WFC (Wells Fargo), depuis 2026-08-14...
2026-08-17 17:06:07,630 [INFO]   -> 2 jours récupérés pour WFC (source: ibkr)
2026-08-17 17:06:07,630 [INFO] [487/504] WM (Waste Management), depuis 2026-08-14...
2026-08-17 17:06:19,397 [INFO]   -> 2 jours récupérés pour WM (source: ibkr)
2026-08-17 17:06:19,397 [INFO] [488/504] WMB (Williams Companies), depuis 2026-08-14...
2026-08-17 17:06:30,929 [INFO]   -> 2 jours récupérés pour WMB (source: ibkr)
2026-08-17 17:06:30,929 [INFO] [489/504] WMT (Walmart), depuis 2026-08-14...
2026-08-17 17:06:42,502 [INFO]   -> 2 jours récupérés pour WMT (source: ibkr)
2026-08-17 17:06:42,505 [INFO] [490/504] WRB (W. R. Berkley Corporation), depuis 2026-08-14...
2026-08-17 17:06:54,027 [INFO]   -> 2 jours récupérés pour WRB (source: ibkr)
2026-08-17 17:06:54,028 [INFO] [491/504] WSM (Williams-Sonoma, Inc.), depuis 2026-08-14...
2026-08-17 17:07:05,580 [INFO]   -> 2 jours récupérés pour WSM (source: ibkr)
2026-08-17 17:07:05,580 [INFO] [492/504] WST (West Pharmaceutical Services), depuis 2026-08-14...
2026-08-17 17:07:17,076 [INFO]   -> 2 jours récupérés pour WST (source: ibkr)
2026-08-17 17:07:17,076 [INFO] [493/504] WTW (Willis Towers Watson), depuis 2026-08-14...
2026-08-17 17:07:28,697 [INFO]   -> 2 jours récupérés pour WTW (source: ibkr)
2026-08-17 17:07:28,697 [INFO] [494/504] WY (Weyerhaeuser), depuis 2026-08-14...
2026-08-17 17:07:40,221 [INFO]   -> 2 jours récupérés pour WY (source: ibkr)
2026-08-17 17:07:40,221 [INFO] [495/504] WYNN (Wynn Resorts), depuis 2026-08-14...
2026-08-17 17:07:51,711 [INFO]   -> 2 jours récupérés pour WYNN (source: ibkr)
2026-08-17 17:07:51,711 [INFO] [496/504] XEL (Xcel Energy), depuis 2026-08-14...
2026-08-17 17:08:03,268 [INFO]   -> 2 jours récupérés pour XEL (source: ibkr)
2026-08-17 17:08:03,269 [INFO] [497/504] XOM (ExxonMobil), depuis 2026-08-14...
2026-08-17 17:08:15,001 [INFO]   -> 2 jours récupérés pour XOM (source: ibkr)
2026-08-17 17:08:15,002 [INFO] [498/504] XYL (Xylem Inc.), depuis 2026-08-14...
2026-08-17 17:08:26,671 [INFO]   -> 2 jours récupérés pour XYL (source: ibkr)
2026-08-17 17:08:26,672 [INFO] [499/504] XYZ (Block, Inc.), depuis 2026-08-14...
2026-08-17 17:08:38,091 [INFO]   -> 2 jours récupérés pour XYZ (source: ibkr)
2026-08-17 17:08:38,091 [INFO] [500/504] YUM (Yum! Brands), depuis 2026-08-14...
2026-08-17 17:08:49,621 [INFO]   -> 2 jours récupérés pour YUM (source: ibkr)
2026-08-17 17:08:49,622 [INFO] [501/504] ZBH (Zimmer Biomet), depuis 2026-08-14...
2026-08-17 17:09:01,355 [INFO]   -> 2 jours récupérés pour ZBH (source: ibkr)
2026-08-17 17:09:01,357 [INFO] [502/504] ZBRA (Zebra Technologies), depuis 2026-08-14...
2026-08-17 17:09:12,826 [INFO]   -> 2 jours récupérés pour ZBRA (source: ibkr)
2026-08-17 17:09:12,829 [INFO] [503/504] ZTS (Zoetis), depuis 2026-08-14...
2026-08-17 17:09:24,298 [INFO]   -> 2 jours récupérés pour ZTS (source: ibkr)
2026-08-17 17:09:24,299 [INFO] [504/504] SPY (SPDR S&P 500 ETF Trust), depuis 2010-01-01...
2026-08-17 17:09:40,484 [INFO]   -> 4180 jours récupérés pour SPY (source: ibkr)
2026-08-17 17:09:40,486 [INFO] Disconnecting from 127.0.0.1:4002, 66.5 kB sent in 1013 messages, 1.08 MB received in 1894 messages, session time 5.83 ks.
2026-08-17 17:09:40,486 [INFO] Disconnecting
2026-08-17 17:09:40,487 [INFO] Déconnecté d'IBKR.
2026-08-17 17:09:40,488 [INFO] Terminé. OK: 503 | Échecs (trous de couverture): 1 | Déjà à jour (ignorés): 0 | Nouvelles lignes: 5116 | Sources: {'ibkr': 503}
2026-08-17 17:10:16,638 [INFO] Fichier écrit : data\prices\daily_prices.parquet (1924569 lignes au total, 5116 nouvelles/mises à jour ce run).
