2026-09-05 00:06:27,785 [INFO] Log file: data\prices\daily_prices_20260905_000627.log
2026-09-05 00:06:27,865 [INFO] Univers chargé : 503 tickers.
2026-09-05 00:06:27,866 [INFO] Indice de référence SPY ajouté aux tickers à récupérer (SPDR S&P 500 ETF Trust). Il n'entre PAS dans l'univers investissable, qui vient de sp500_universe_history.parquet.
2026-09-05 00:06:28,871 [INFO] Cache existant chargé : data\prices\daily_prices.parquet (1926311 lignes, 505 symboles).
2026-09-05 00:06:45,973 [INFO] 0/504 tickers déjà à jour (ignorés), 504 à récupérer.
2026-09-05 00:06:46,337 [INFO] Connecting to 127.0.0.1:4002 with clientId 4...
2026-09-05 00:06:46,339 [INFO] Connected
2026-09-05 00:06:46,442 [INFO] Logged on to server version 176
2026-09-05 00:06:46,523 [INFO] API connection ready
2026-09-05 00:06:46,551 [INFO] Warning 2104, reqId -1: Market data farm connection is OK:eufarm
2026-09-05 00:06:46,553 [INFO] Warning 2107, reqId -1: HMDS data farm connection is inactive but should be available upon demand.euhmds
2026-09-05 00:06:46,558 [INFO] Warning 2158, reqId -1: Sec-def data farm connection is OK:secdefeu
2026-09-05 00:06:46,952 [INFO] Synchronization complete
2026-09-05 00:06:46,953 [INFO] Connecté à IBKR sur 127.0.0.1:4002 (clientId=4, readonly=True).
2026-09-05 00:06:46,953 [INFO] [1/504] A (Agilent Technologies), depuis 2026-08-25...
2026-09-05 00:06:51,627 [INFO] Warning 2106, reqId -1: HMDS data farm connection is OK:ushmds
2026-09-05 00:07:03,200 [INFO]   -> 9 jours récupérés pour A (source: ibkr)
2026-09-05 00:07:03,200 [INFO] [2/504] AAPL (Apple Inc.), depuis 2026-08-25...
2026-09-05 00:07:14,809 [INFO]   -> 9 jours récupérés pour AAPL (source: ibkr)
2026-09-05 00:07:14,809 [INFO] [3/504] ABBV (AbbVie), depuis 2026-08-25...
2026-09-05 00:07:26,411 [INFO]   -> 9 jours récupérés pour ABBV (source: ibkr)
2026-09-05 00:07:26,412 [INFO] [4/504] ABNB (Airbnb), depuis 2026-08-25...
2026-09-05 00:07:37,821 [INFO]   -> 9 jours récupérés pour ABNB (source: ibkr)
2026-09-05 00:07:37,822 [INFO] [5/504] ABT (Abbott Laboratories), depuis 2026-08-25...
2026-09-05 00:07:49,499 [INFO]   -> 9 jours récupérés pour ABT (source: ibkr)
2026-09-05 00:07:49,500 [INFO] [6/504] ACGL (Arch Capital Group), depuis 2026-08-25...
2026-09-05 00:08:00,867 [INFO]   -> 9 jours récupérés pour ACGL (source: ibkr)
2026-09-05 00:08:00,868 [INFO] [7/504] ACN (Accenture), depuis 2026-08-25...
2026-09-05 00:08:12,627 [INFO]   -> 9 jours récupérés pour ACN (source: ibkr)
2026-09-05 00:08:12,627 [INFO] [8/504] ADBE (Adobe Inc.), depuis 2026-08-25...
2026-09-05 00:08:24,043 [INFO]   -> 9 jours récupérés pour ADBE (source: ibkr)
2026-09-05 00:08:24,043 [INFO] [9/504] ADI (Analog Devices), depuis 2026-08-25...
2026-09-05 00:08:35,643 [INFO]   -> 9 jours récupérés pour ADI (source: ibkr)
2026-09-05 00:08:35,644 [INFO] [10/504] ADM (Archer Daniels Midland), depuis 2026-08-25...
2026-09-05 00:08:47,283 [INFO]   -> 9 jours récupérés pour ADM (source: ibkr)
2026-09-05 00:08:47,283 [INFO] [11/504] ADP (Automatic Data Processing), depuis 2026-08-25...
2026-09-05 00:08:58,783 [INFO]   -> 9 jours récupérés pour ADP (source: ibkr)
2026-09-05 00:08:58,783 [INFO] [12/504] ADSK (Autodesk), depuis 2026-08-25...
2026-09-05 00:09:10,183 [INFO]   -> 9 jours récupérés pour ADSK (source: ibkr)
2026-09-05 00:09:10,183 [INFO] [13/504] AEE (Ameren), depuis 2026-08-25...
2026-09-05 00:09:21,722 [INFO]   -> 9 jours récupérés pour AEE (source: ibkr)
2026-09-05 00:09:21,723 [INFO] [14/504] AEP (American Electric Power), depuis 2026-08-25...
2026-09-05 00:09:33,324 [INFO]   -> 9 jours récupérés pour AEP (source: ibkr)
2026-09-05 00:09:33,324 [INFO] [15/504] AES (AES Corporation), depuis 2026-08-25...
2026-09-05 00:09:44,822 [INFO]   -> 9 jours récupérés pour AES (source: ibkr)
2026-09-05 00:09:44,823 [INFO] [16/504] AFL (Aflac), depuis 2026-08-25...
2026-09-05 00:09:56,628 [INFO]   -> 9 jours récupérés pour AFL (source: ibkr)
2026-09-05 00:09:56,628 [INFO] [17/504] AIG (American International Group), depuis 2026-08-25...
2026-09-05 00:10:08,112 [INFO]   -> 9 jours récupérés pour AIG (source: ibkr)
2026-09-05 00:10:08,112 [INFO] [18/504] AIZ (Assurant), depuis 2026-08-25...
2026-09-05 00:10:19,698 [INFO]   -> 9 jours récupérés pour AIZ (source: ibkr)
2026-09-05 00:10:19,698 [INFO] [19/504] AJG (Arthur J. Gallagher & Co.), depuis 2026-08-25...
2026-09-05 00:10:31,367 [INFO]   -> 9 jours récupérés pour AJG (source: ibkr)
2026-09-05 00:10:31,368 [INFO] [20/504] AKAM (Akamai Technologies), depuis 2026-08-25...
2026-09-05 00:10:42,745 [INFO]   -> 9 jours récupérés pour AKAM (source: ibkr)
2026-09-05 00:10:42,745 [INFO] [21/504] ALB (Albemarle Corporation), depuis 2026-08-25...
2026-09-05 00:10:54,283 [INFO]   -> 9 jours récupérés pour ALB (source: ibkr)
2026-09-05 00:10:54,283 [INFO] [22/504] ALGN (Align Technology), depuis 2026-08-25...
2026-09-05 00:11:05,611 [INFO]   -> 9 jours récupérés pour ALGN (source: ibkr)
2026-09-05 00:11:05,611 [INFO] [23/504] ALL (Allstate), depuis 2026-08-25...
2026-09-05 00:11:17,232 [INFO]   -> 9 jours récupérés pour ALL (source: ibkr)
2026-09-05 00:11:17,233 [INFO] [24/504] ALLE (Allegion), depuis 2026-08-25...
2026-09-05 00:11:28,618 [INFO]   -> 9 jours récupérés pour ALLE (source: ibkr)
2026-09-05 00:11:28,619 [INFO] [25/504] AMAT (Applied Materials), depuis 2026-08-25...
2026-09-05 00:11:40,152 [INFO]   -> 9 jours récupérés pour AMAT (source: ibkr)
2026-09-05 00:11:40,152 [INFO] [26/504] AMCR (Amcor), depuis 2026-08-25...
2026-09-05 00:11:51,494 [INFO]   -> 9 jours récupérés pour AMCR (source: ibkr)
2026-09-05 00:11:51,494 [INFO] [27/504] AMD (Advanced Micro Devices), depuis 2026-08-25...
2026-09-05 00:12:03,030 [INFO]   -> 9 jours récupérés pour AMD (source: ibkr)
2026-09-05 00:12:03,031 [INFO] [28/504] AME (Ametek), depuis 2026-08-25...
2026-09-05 00:12:14,558 [INFO]   -> 9 jours récupérés pour AME (source: ibkr)
2026-09-05 00:12:14,559 [INFO] [29/504] AMGN (Amgen), depuis 2026-08-25...
2026-09-05 00:12:25,963 [INFO]   -> 9 jours récupérés pour AMGN (source: ibkr)
2026-09-05 00:12:25,963 [INFO] [30/504] AMP (Ameriprise Financial), depuis 2026-08-25...
2026-09-05 00:12:37,496 [INFO]   -> 9 jours récupérés pour AMP (source: ibkr)
2026-09-05 00:12:37,497 [INFO] [31/504] AMT (American Tower), depuis 2026-08-25...
2026-09-05 00:12:48,877 [INFO]   -> 9 jours récupérés pour AMT (source: ibkr)
2026-09-05 00:12:48,877 [INFO] [32/504] AMZN (Amazon), depuis 2026-08-25...
2026-09-05 00:13:00,394 [INFO]   -> 9 jours récupérés pour AMZN (source: ibkr)
2026-09-05 00:13:00,394 [INFO] [33/504] ANET (Arista Networks), depuis 2026-08-25...
2026-09-05 00:13:11,781 [INFO]   -> 9 jours récupérés pour ANET (source: ibkr)
2026-09-05 00:13:11,781 [INFO] [34/504] AON (Aon plc), depuis 2026-08-25...
2026-09-05 00:13:23,346 [INFO]   -> 9 jours récupérés pour AON (source: ibkr)
2026-09-05 00:13:23,347 [INFO] [35/504] AOS (A. O. Smith), depuis 2026-08-25...
2026-09-05 00:13:34,954 [INFO]   -> 9 jours récupérés pour AOS (source: ibkr)
2026-09-05 00:13:34,954 [INFO] [36/504] APA (APA Corporation), depuis 2026-08-25...
2026-09-05 00:13:46,716 [INFO]   -> 9 jours récupérés pour APA (source: ibkr)
2026-09-05 00:13:46,716 [INFO] [37/504] APD (Air Products), depuis 2026-08-25...
2026-09-05 00:13:58,319 [INFO]   -> 9 jours récupérés pour APD (source: ibkr)
2026-09-05 00:13:58,320 [INFO] [38/504] APH (Amphenol), depuis 2026-08-25...
2026-09-05 00:14:09,800 [INFO]   -> 9 jours récupérés pour APH (source: ibkr)
2026-09-05 00:14:09,800 [INFO] [39/504] APO (Apollo Global Management), depuis 2026-08-25...
2026-09-05 00:14:21,184 [INFO]   -> 9 jours récupérés pour APO (source: ibkr)
2026-09-05 00:14:21,184 [INFO] [40/504] APP (AppLovin), depuis 2026-08-25...
2026-09-05 00:14:32,732 [INFO]   -> 9 jours récupérés pour APP (source: ibkr)
2026-09-05 00:14:32,733 [INFO] [41/504] APTV (Aptiv), depuis 2026-08-25...
2026-09-05 00:14:44,070 [INFO]   -> 9 jours récupérés pour APTV (source: ibkr)
2026-09-05 00:14:44,071 [INFO] [42/504] ARE (Alexandria Real Estate Equities), depuis 2026-08-25...
2026-09-05 00:14:55,643 [INFO]   -> 9 jours récupérés pour ARE (source: ibkr)
2026-09-05 00:14:55,644 [INFO] [43/504] ARES (Ares Management), depuis 2026-08-25...
2026-09-05 00:15:07,074 [INFO]   -> 9 jours récupérés pour ARES (source: ibkr)
2026-09-05 00:15:07,074 [INFO] [44/504] ATO (Atmos Energy), depuis 2026-08-25...
2026-09-05 00:15:18,612 [INFO]   -> 9 jours récupérés pour ATO (source: ibkr)
2026-09-05 00:15:18,612 [INFO] [45/504] AVB (AvalonBay Communities), depuis 2026-08-13...
2026-09-05 00:15:18,740 [ERROR] Error 200, reqId 91: No security definition has been found for the request, contract: Stock(symbol='AVB', exchange='SMART', currency='USD')
2026-09-05 00:15:20,446 [WARNING]   -> ECHEC (ni IBKR ni Stooq) pour AVB : Aucune donnée (ni IBKR ni Stooq) pour AVB -- TROU DE COUVERTURE.
2026-09-05 00:15:20,447 [INFO] [46/504] AVGO (Broadcom), depuis 2026-08-25...
2026-09-05 00:15:31,846 [INFO]   -> 9 jours récupérés pour AVGO (source: ibkr)
2026-09-05 00:15:31,846 [INFO] [47/504] AVY (Avery Dennison), depuis 2026-08-25...
2026-09-05 00:15:43,479 [INFO]   -> 9 jours récupérés pour AVY (source: ibkr)
2026-09-05 00:15:43,479 [INFO] [48/504] AWK (American Water Works), depuis 2026-08-25...
2026-09-05 00:15:55,045 [INFO]   -> 9 jours récupérés pour AWK (source: ibkr)
2026-09-05 00:15:55,045 [INFO] [49/504] AXON (Axon Enterprise), depuis 2026-08-25...
2026-09-05 00:16:06,600 [INFO]   -> 9 jours récupérés pour AXON (source: ibkr)
2026-09-05 00:16:06,601 [INFO] [50/504] AXP (American Express), depuis 2026-08-25...
2026-09-05 00:16:18,067 [INFO]   -> 9 jours récupérés pour AXP (source: ibkr)
2026-09-05 00:16:18,067 [INFO] [51/504] AZO (AutoZone), depuis 2026-08-25...
2026-09-05 00:16:29,391 [INFO]   -> 9 jours récupérés pour AZO (source: ibkr)
2026-09-05 00:16:29,391 [INFO] [52/504] BA (Boeing), depuis 2026-08-25...
2026-09-05 00:16:40,766 [INFO]   -> 9 jours récupérés pour BA (source: ibkr)
2026-09-05 00:16:40,766 [INFO] [53/504] BAC (Bank of America), depuis 2026-08-25...
2026-09-05 00:16:52,193 [INFO]   -> 9 jours récupérés pour BAC (source: ibkr)
2026-09-05 00:16:52,193 [INFO] [54/504] BALL (Ball Corporation), depuis 2026-08-25...
2026-09-05 00:17:03,663 [INFO]   -> 9 jours récupérés pour BALL (source: ibkr)
2026-09-05 00:17:03,663 [INFO] [55/504] BAX (Baxter International), depuis 2026-08-25...
2026-09-05 00:17:15,079 [INFO]   -> 9 jours récupérés pour BAX (source: ibkr)
2026-09-05 00:17:15,079 [INFO] [56/504] BBY (Best Buy), depuis 2026-08-25...
2026-09-05 00:17:26,548 [INFO]   -> 9 jours récupérés pour BBY (source: ibkr)
2026-09-05 00:17:26,549 [INFO] [57/504] BDX (Becton Dickinson), depuis 2026-08-25...
2026-09-05 00:17:37,969 [INFO]   -> 9 jours récupérés pour BDX (source: ibkr)
2026-09-05 00:17:37,969 [INFO] [58/504] BEN (Franklin Resources), depuis 2026-08-25...
2026-09-05 00:17:49,400 [INFO]   -> 9 jours récupérés pour BEN (source: ibkr)
2026-09-05 00:17:49,400 [INFO] [59/504] BF B (Brown–Forman), depuis 2026-08-25...
2026-09-05 00:18:00,823 [INFO]   -> 9 jours récupérés pour BF B (source: ibkr)
2026-09-05 00:18:00,823 [INFO] [60/504] BG (Bunge Global), depuis 2026-08-25...
2026-09-05 00:18:12,243 [INFO]   -> 9 jours récupérés pour BG (source: ibkr)
2026-09-05 00:18:12,243 [INFO] [61/504] BIIB (Biogen), depuis 2026-08-25...
2026-09-05 00:18:23,621 [INFO]   -> 9 jours récupérés pour BIIB (source: ibkr)
2026-09-05 00:18:23,621 [INFO] [62/504] BKNG (Booking Holdings), depuis 2026-08-25...
2026-09-05 00:18:34,990 [INFO]   -> 9 jours récupérés pour BKNG (source: ibkr)
2026-09-05 00:18:34,990 [INFO] [63/504] BKR (Baker Hughes), depuis 2026-08-25...
2026-09-05 00:18:46,510 [INFO]   -> 9 jours récupérés pour BKR (source: ibkr)
2026-09-05 00:18:46,510 [INFO] [64/504] BLDR (Builders FirstSource), depuis 2026-08-25...
2026-09-05 00:18:57,919 [INFO]   -> 9 jours récupérés pour BLDR (source: ibkr)
2026-09-05 00:18:57,919 [INFO] [65/504] BLK (BlackRock), depuis 2026-08-25...
2026-09-05 00:19:09,405 [INFO]   -> 9 jours récupérés pour BLK (source: ibkr)
2026-09-05 00:19:09,406 [INFO] [66/504] BMY (Bristol Myers Squibb), depuis 2026-08-25...
2026-09-05 00:19:20,802 [INFO]   -> 9 jours récupérés pour BMY (source: ibkr)
2026-09-05 00:19:20,802 [INFO] [67/504] BNY (BNY Mellon), depuis 2026-08-25...
2026-09-05 00:19:32,813 [INFO]   -> 9 jours récupérés pour BNY (source: ibkr)
2026-09-05 00:19:32,813 [INFO] [68/504] BR (Broadridge Financial Solutions), depuis 2026-08-25...
2026-09-05 00:19:44,243 [INFO]   -> 9 jours récupérés pour BR (source: ibkr)
2026-09-05 00:19:44,243 [INFO] [69/504] BRK B (Berkshire Hathaway), depuis 2026-08-25...
2026-09-05 00:19:55,550 [INFO]   -> 9 jours récupérés pour BRK B (source: ibkr)
2026-09-05 00:19:55,550 [INFO] [70/504] BRO (Brown & Brown), depuis 2026-08-25...
2026-09-05 00:20:06,965 [INFO]   -> 9 jours récupérés pour BRO (source: ibkr)
2026-09-05 00:20:06,965 [INFO] [71/504] BSX (Boston Scientific), depuis 2026-08-25...
2026-09-05 00:20:18,326 [INFO]   -> 9 jours récupérés pour BSX (source: ibkr)
2026-09-05 00:20:18,326 [INFO] [72/504] BX (Blackstone Inc.), depuis 2026-08-25...
2026-09-05 00:20:29,757 [INFO]   -> 9 jours récupérés pour BX (source: ibkr)
2026-09-05 00:20:29,757 [INFO] [73/504] BXP (BXP, Inc.), depuis 2026-08-25...
2026-09-05 00:20:41,182 [INFO]   -> 9 jours récupérés pour BXP (source: ibkr)
2026-09-05 00:20:41,182 [INFO] [74/504] C (Citigroup), depuis 2026-08-25...
2026-09-05 00:20:52,546 [INFO]   -> 9 jours récupérés pour C (source: ibkr)
2026-09-05 00:20:52,547 [INFO] [75/504] CAH (Cardinal Health), depuis 2026-08-25...
2026-09-05 00:21:03,957 [INFO]   -> 9 jours récupérés pour CAH (source: ibkr)
2026-09-05 00:21:03,957 [INFO] [76/504] CARR (Carrier Global), depuis 2026-08-25...
2026-09-05 00:21:15,261 [INFO]   -> 9 jours récupérés pour CARR (source: ibkr)
2026-09-05 00:21:15,261 [INFO] [77/504] CASY (Casey's), depuis 2026-08-25...
2026-09-05 00:21:26,652 [INFO]   -> 9 jours récupérés pour CASY (source: ibkr)
2026-09-05 00:21:26,652 [INFO] [78/504] CAT (Caterpillar Inc.), depuis 2026-08-25...
2026-09-05 00:21:38,052 [INFO]   -> 9 jours récupérés pour CAT (source: ibkr)
2026-09-05 00:21:38,052 [INFO] [79/504] CB (Chubb Limited), depuis 2026-08-25...
2026-09-05 00:21:49,471 [INFO]   -> 9 jours récupérés pour CB (source: ibkr)
2026-09-05 00:21:49,471 [INFO] [80/504] CBOE (Cboe Global Markets), depuis 2026-08-25...
2026-09-05 00:22:00,910 [INFO]   -> 9 jours récupérés pour CBOE (source: ibkr)
2026-09-05 00:22:00,910 [INFO] [81/504] CBRE (CBRE Group), depuis 2026-08-25...
2026-09-05 00:22:12,272 [INFO]   -> 9 jours récupérés pour CBRE (source: ibkr)
2026-09-05 00:22:12,272 [INFO] [82/504] CCI (Crown Castle), depuis 2026-08-25...
2026-09-05 00:22:23,659 [INFO]   -> 9 jours récupérés pour CCI (source: ibkr)
2026-09-05 00:22:23,659 [INFO] [83/504] CCL (Carnival Corporation), depuis 2026-08-25...
2026-09-05 00:22:35,102 [INFO]   -> 9 jours récupérés pour CCL (source: ibkr)
2026-09-05 00:22:35,102 [INFO] [84/504] CDNS (Cadence Design Systems), depuis 2026-08-25...
2026-09-05 00:22:46,508 [INFO]   -> 9 jours récupérés pour CDNS (source: ibkr)
2026-09-05 00:22:46,508 [INFO] [85/504] CDW (CDW Corporation), depuis 2026-08-25...
2026-09-05 00:22:57,876 [INFO]   -> 9 jours récupérés pour CDW (source: ibkr)
2026-09-05 00:22:57,876 [INFO] [86/504] CEG (Constellation Energy), depuis 2026-08-25...
2026-09-05 00:23:09,186 [INFO]   -> 9 jours récupérés pour CEG (source: ibkr)
2026-09-05 00:23:09,187 [INFO] [87/504] CF (CF Industries), depuis 2026-08-25...
2026-09-05 00:23:20,581 [INFO]   -> 9 jours récupérés pour CF (source: ibkr)
2026-09-05 00:23:20,581 [INFO] [88/504] CFG (Citizens Financial Group), depuis 2026-08-25...
2026-09-05 00:23:31,946 [INFO]   -> 9 jours récupérés pour CFG (source: ibkr)
2026-09-05 00:23:31,946 [INFO] [89/504] CHD (Church & Dwight), depuis 2026-08-25...
2026-09-05 00:23:43,415 [INFO]   -> 9 jours récupérés pour CHD (source: ibkr)
2026-09-05 00:23:43,415 [INFO] [90/504] CHRW (C.H. Robinson), depuis 2026-08-25...
2026-09-05 00:23:54,828 [INFO]   -> 9 jours récupérés pour CHRW (source: ibkr)
2026-09-05 00:23:54,828 [INFO] [91/504] CHTR (Charter Communications), depuis 2026-08-25...
2026-09-05 00:24:06,128 [INFO]   -> 9 jours récupérés pour CHTR (source: ibkr)
2026-09-05 00:24:06,129 [INFO] [92/504] CI (Cigna), depuis 2026-08-25...
2026-09-05 00:24:17,494 [INFO]   -> 9 jours récupérés pour CI (source: ibkr)
2026-09-05 00:24:17,494 [INFO] [93/504] CIEN (Ciena), depuis 2026-08-25...
2026-09-05 00:24:28,791 [INFO]   -> 9 jours récupérés pour CIEN (source: ibkr)
2026-09-05 00:24:28,791 [INFO] [94/504] CINF (Cincinnati Financial), depuis 2026-08-25...
2026-09-05 00:24:40,207 [INFO]   -> 9 jours récupérés pour CINF (source: ibkr)
2026-09-05 00:24:40,207 [INFO] [95/504] CL (Colgate-Palmolive), depuis 2026-08-25...
2026-09-05 00:24:51,649 [INFO]   -> 9 jours récupérés pour CL (source: ibkr)
2026-09-05 00:24:51,650 [INFO] [96/504] CLX (Clorox), depuis 2026-08-25...
2026-09-05 00:25:03,225 [INFO]   -> 9 jours récupérés pour CLX (source: ibkr)
2026-09-05 00:25:03,225 [INFO] [97/504] CMCSA (Comcast), depuis 2026-08-25...
2026-09-05 00:25:14,634 [INFO]   -> 9 jours récupérés pour CMCSA (source: ibkr)
2026-09-05 00:25:14,634 [INFO] [98/504] CME (CME Group), depuis 2026-08-25...
2026-09-05 00:25:26,030 [INFO]   -> 9 jours récupérés pour CME (source: ibkr)
2026-09-05 00:25:26,031 [INFO] [99/504] CMG (Chipotle Mexican Grill), depuis 2026-08-25...
2026-09-05 00:25:37,340 [INFO]   -> 9 jours récupérés pour CMG (source: ibkr)
2026-09-05 00:25:37,340 [INFO] [100/504] CMI (Cummins), depuis 2026-08-25...
2026-09-05 00:25:48,759 [INFO]   -> 9 jours récupérés pour CMI (source: ibkr)
2026-09-05 00:25:48,759 [INFO] [101/504] CMS (CMS Energy), depuis 2026-08-25...
2026-09-05 00:26:00,184 [INFO]   -> 9 jours récupérés pour CMS (source: ibkr)
2026-09-05 00:26:00,184 [INFO] [102/504] CNC (Centene Corporation), depuis 2026-08-25...
2026-09-05 00:26:11,493 [INFO]   -> 9 jours récupérés pour CNC (source: ibkr)
2026-09-05 00:26:11,494 [INFO] [103/504] CNP (CenterPoint Energy), depuis 2026-08-25...
2026-09-05 00:26:22,903 [INFO]   -> 9 jours récupérés pour CNP (source: ibkr)
2026-09-05 00:26:22,903 [INFO] [104/504] COF (Capital One), depuis 2026-08-25...
2026-09-05 00:26:34,310 [INFO]   -> 9 jours récupérés pour COF (source: ibkr)
2026-09-05 00:26:34,310 [INFO] [105/504] COHR (Coherent Corp.), depuis 2026-08-25...
2026-09-05 00:26:45,632 [INFO]   -> 9 jours récupérés pour COHR (source: ibkr)
2026-09-05 00:26:45,632 [INFO] [106/504] COIN (Coinbase), depuis 2026-08-25...
2026-09-05 00:26:56,967 [INFO]   -> 9 jours récupérés pour COIN (source: ibkr)
2026-09-05 00:26:56,968 [INFO] [107/504] COO (Cooper Companies (The)), depuis 2026-08-25...
2026-09-05 00:27:08,349 [INFO]   -> 9 jours récupérés pour COO (source: ibkr)
2026-09-05 00:27:08,349 [INFO] [108/504] COP (ConocoPhillips), depuis 2026-08-25...
2026-09-05 00:27:19,906 [INFO]   -> 9 jours récupérés pour COP (source: ibkr)
2026-09-05 00:27:19,906 [INFO] [109/504] COR (Cencora), depuis 2026-08-25...
2026-09-05 00:27:31,325 [INFO]   -> 9 jours récupérés pour COR (source: ibkr)
2026-09-05 00:27:31,325 [INFO] [110/504] COST (Costco), depuis 2026-08-25...
2026-09-05 00:27:42,823 [INFO]   -> 9 jours récupérés pour COST (source: ibkr)
2026-09-05 00:27:42,823 [INFO] [111/504] CPAY (Corpay), depuis 2026-08-25...
2026-09-05 00:27:54,211 [INFO]   -> 9 jours récupérés pour CPAY (source: ibkr)
2026-09-05 00:27:54,211 [INFO] [112/504] CPRT (Copart), depuis 2026-08-25...
2026-09-05 00:28:05,592 [INFO]   -> 9 jours récupérés pour CPRT (source: ibkr)
2026-09-05 00:28:05,592 [INFO] [113/504] CPT (Camden Property Trust), depuis 2026-08-25...
2026-09-05 00:28:17,066 [INFO]   -> 9 jours récupérés pour CPT (source: ibkr)
2026-09-05 00:28:17,067 [INFO] [114/504] CRH (CRH plc), depuis 2026-08-25...
2026-09-05 00:28:28,432 [INFO]   -> 9 jours récupérés pour CRH (source: ibkr)
2026-09-05 00:28:28,432 [INFO] [115/504] CRL (Charles River Laboratories), depuis 2026-08-25...
2026-09-05 00:28:39,748 [INFO]   -> 9 jours récupérés pour CRL (source: ibkr)
2026-09-05 00:28:39,748 [INFO] [116/504] CRM (Salesforce), depuis 2026-08-25...
2026-09-05 00:28:51,120 [INFO]   -> 9 jours récupérés pour CRM (source: ibkr)
2026-09-05 00:28:51,120 [INFO] [117/504] CRWD (CrowdStrike), depuis 2026-08-25...
2026-09-05 00:29:02,425 [INFO]   -> 9 jours récupérés pour CRWD (source: ibkr)
2026-09-05 00:29:02,425 [INFO] [118/504] CSCO (Cisco), depuis 2026-08-25...
2026-09-05 00:29:13,798 [INFO]   -> 9 jours récupérés pour CSCO (source: ibkr)
2026-09-05 00:29:13,798 [INFO] [119/504] CSGP (CoStar Group), depuis 2026-08-25...
2026-09-05 00:29:25,143 [INFO]   -> 9 jours récupérés pour CSGP (source: ibkr)
2026-09-05 00:29:25,143 [INFO] [120/504] CSX (CSX Corporation), depuis 2026-08-25...
2026-09-05 00:29:36,558 [INFO]   -> 9 jours récupérés pour CSX (source: ibkr)
2026-09-05 00:29:36,558 [INFO] [121/504] CTAS (Cintas), depuis 2026-08-25...
2026-09-05 00:29:47,978 [INFO]   -> 9 jours récupérés pour CTAS (source: ibkr)
2026-09-05 00:29:47,978 [INFO] [122/504] CTSH (Cognizant), depuis 2026-08-25...
2026-09-05 00:29:59,347 [INFO]   -> 9 jours récupérés pour CTSH (source: ibkr)
2026-09-05 00:29:59,347 [INFO] [123/504] CTVA (Corteva), depuis 2026-08-25...
2026-09-05 00:30:10,724 [INFO]   -> 9 jours récupérés pour CTVA (source: ibkr)
2026-09-05 00:30:10,725 [INFO] [124/504] CVNA (Carvana), depuis 2026-08-25...
2026-09-05 00:30:22,083 [INFO]   -> 9 jours récupérés pour CVNA (source: ibkr)
2026-09-05 00:30:22,083 [INFO] [125/504] CVS (CVS Health), depuis 2026-08-25...
2026-09-05 00:30:33,563 [INFO]   -> 9 jours récupérés pour CVS (source: ibkr)
2026-09-05 00:30:33,563 [INFO] [126/504] CVX (Chevron Corporation), depuis 2026-08-25...
2026-09-05 00:30:44,981 [INFO]   -> 9 jours récupérés pour CVX (source: ibkr)
2026-09-05 00:30:44,982 [INFO] [127/504] D (Dominion Energy), depuis 2026-08-25...
2026-09-05 00:30:56,398 [INFO]   -> 9 jours récupérés pour D (source: ibkr)
2026-09-05 00:30:56,399 [INFO] [128/504] DAL (Delta Air Lines), depuis 2026-08-25...
2026-09-05 00:31:07,761 [INFO]   -> 9 jours récupérés pour DAL (source: ibkr)
2026-09-05 00:31:07,761 [INFO] [129/504] DASH (DoorDash), depuis 2026-08-25...
2026-09-05 00:31:19,048 [INFO]   -> 9 jours récupérés pour DASH (source: ibkr)
2026-09-05 00:31:19,048 [INFO] [130/504] DD (DuPont), depuis 2026-08-25...
2026-09-05 00:31:30,552 [INFO]   -> 9 jours récupérés pour DD (source: ibkr)
2026-09-05 00:31:30,552 [INFO] [131/504] DDOG (Datadog), depuis 2026-08-25...
2026-09-05 00:31:41,863 [INFO]   -> 9 jours récupérés pour DDOG (source: ibkr)
2026-09-05 00:31:41,864 [INFO] [132/504] DE (Deere & Company), depuis 2026-08-25...
2026-09-05 00:31:53,278 [INFO]   -> 9 jours récupérés pour DE (source: ibkr)
2026-09-05 00:31:53,279 [INFO] [133/504] DECK (Deckers Brands), depuis 2026-08-25...
2026-09-05 00:32:04,588 [INFO]   -> 9 jours récupérés pour DECK (source: ibkr)
2026-09-05 00:32:04,589 [INFO] [134/504] DELL (Dell Technologies), depuis 2026-08-25...
2026-09-05 00:32:15,910 [INFO]   -> 9 jours récupérés pour DELL (source: ibkr)
2026-09-05 00:32:15,910 [INFO] [135/504] DG (Dollar General), depuis 2026-08-25...
2026-09-05 00:32:27,328 [INFO]   -> 9 jours récupérés pour DG (source: ibkr)
2026-09-05 00:32:27,328 [INFO] [136/504] DGX (Quest Diagnostics), depuis 2026-08-25...
2026-09-05 00:32:38,924 [INFO]   -> 9 jours récupérés pour DGX (source: ibkr)
2026-09-05 00:32:38,925 [INFO] [137/504] DHI (D. R. Horton), depuis 2026-08-25...
2026-09-05 00:32:50,338 [INFO]   -> 9 jours récupérés pour DHI (source: ibkr)
2026-09-05 00:32:50,339 [INFO] [138/504] DHR (Danaher Corporation), depuis 2026-08-25...
2026-09-05 00:33:01,766 [INFO]   -> 9 jours récupérés pour DHR (source: ibkr)
2026-09-05 00:33:01,766 [INFO] [139/504] DIS (Walt Disney Company (The)), depuis 2026-08-25...
2026-09-05 00:33:13,197 [INFO]   -> 9 jours récupérés pour DIS (source: ibkr)
2026-09-05 00:33:13,197 [INFO] [140/504] DLR (Digital Realty), depuis 2026-08-25...
2026-09-05 00:33:24,645 [INFO]   -> 9 jours récupérés pour DLR (source: ibkr)
2026-09-05 00:33:24,645 [INFO] [141/504] DLTR (Dollar Tree), depuis 2026-08-25...
2026-09-05 00:33:36,022 [INFO]   -> 9 jours récupérés pour DLTR (source: ibkr)
2026-09-05 00:33:36,022 [INFO] [142/504] DOC (Healthpeak Properties), depuis 2026-08-25...
2026-09-05 00:33:47,600 [INFO]   -> 9 jours récupérés pour DOC (source: ibkr)
2026-09-05 00:33:47,600 [INFO] [143/504] DOV (Dover Corporation), depuis 2026-08-25...
2026-09-05 00:33:59,015 [INFO]   -> 9 jours récupérés pour DOV (source: ibkr)
2026-09-05 00:33:59,015 [INFO] [144/504] DOW (Dow Inc.), depuis 2026-08-25...
2026-09-05 00:34:10,337 [INFO]   -> 9 jours récupérés pour DOW (source: ibkr)
2026-09-05 00:34:10,337 [INFO] [145/504] DPZ (Domino's), depuis 2026-08-25...
2026-09-05 00:34:21,726 [INFO]   -> 9 jours récupérés pour DPZ (source: ibkr)
2026-09-05 00:34:21,726 [INFO] [146/504] DRI (Darden Restaurants), depuis 2026-08-25...
2026-09-05 00:34:33,136 [INFO]   -> 9 jours récupérés pour DRI (source: ibkr)
2026-09-05 00:34:33,136 [INFO] [147/504] DTE (DTE Energy), depuis 2026-08-25...
2026-09-05 00:34:44,562 [INFO]   -> 9 jours récupérés pour DTE (source: ibkr)
2026-09-05 00:34:44,563 [INFO] [148/504] DUK (Duke Energy), depuis 2026-08-25...
2026-09-05 00:34:55,972 [INFO]   -> 9 jours récupérés pour DUK (source: ibkr)
2026-09-05 00:34:55,972 [INFO] [149/504] DVA (DaVita), depuis 2026-08-25...
2026-09-05 00:35:07,288 [INFO]   -> 9 jours récupérés pour DVA (source: ibkr)
2026-09-05 00:35:07,289 [INFO] [150/504] DVN (Devon Energy), depuis 2026-08-25...
2026-09-05 00:35:18,755 [INFO]   -> 9 jours récupérés pour DVN (source: ibkr)
2026-09-05 00:35:18,755 [INFO] [151/504] DXCM (Dexcom), depuis 2026-08-25...
2026-09-05 00:35:30,065 [INFO]   -> 9 jours récupérés pour DXCM (source: ibkr)
2026-09-05 00:35:30,066 [INFO] [152/504] EBAY (eBay Inc.), depuis 2026-08-25...
2026-09-05 00:35:41,437 [INFO]   -> 9 jours récupérés pour EBAY (source: ibkr)
2026-09-05 00:35:41,437 [INFO] [153/504] ECHO (EchoStar), depuis 2026-08-25...
2026-09-05 00:35:52,822 [INFO]   -> 9 jours récupérés pour ECHO (source: ibkr)
2026-09-05 00:35:52,822 [INFO] [154/504] ECL (Ecolab), depuis 2026-08-25...
2026-09-05 00:36:04,245 [INFO]   -> 9 jours récupérés pour ECL (source: ibkr)
2026-09-05 00:36:04,246 [INFO] [155/504] ED (Consolidated Edison), depuis 2026-08-25...
2026-09-05 00:36:15,648 [INFO]   -> 9 jours récupérés pour ED (source: ibkr)
2026-09-05 00:36:15,649 [INFO] [156/504] EFX (Equifax), depuis 2026-08-25...
2026-09-05 00:36:27,040 [INFO]   -> 9 jours récupérés pour EFX (source: ibkr)
2026-09-05 00:36:27,040 [INFO] [157/504] EG (Everest Group), depuis 2026-08-25...
2026-09-05 00:36:38,450 [INFO]   -> 9 jours récupérés pour EG (source: ibkr)
2026-09-05 00:36:38,450 [INFO] [158/504] EIX (Edison International), depuis 2026-08-25...
2026-09-05 00:36:49,872 [INFO]   -> 9 jours récupérés pour EIX (source: ibkr)
2026-09-05 00:36:49,872 [INFO] [159/504] EL (Estée Lauder Companies (The)), depuis 2026-08-25...
2026-09-05 00:37:01,233 [INFO]   -> 9 jours récupérés pour EL (source: ibkr)
2026-09-05 00:37:01,233 [INFO] [160/504] ELV (Elevance Health), depuis 2026-08-25...
2026-09-05 00:37:12,650 [INFO]   -> 9 jours récupérés pour ELV (source: ibkr)
2026-09-05 00:37:12,651 [INFO] [161/504] EME (Emcor), depuis 2026-08-25...
2026-09-05 00:37:24,058 [INFO]   -> 9 jours récupérés pour EME (source: ibkr)
2026-09-05 00:37:24,058 [INFO] [162/504] EMR (Emerson Electric), depuis 2026-08-25...
2026-09-05 00:37:35,482 [INFO]   -> 9 jours récupérés pour EMR (source: ibkr)
2026-09-05 00:37:35,482 [INFO] [163/504] EOG (EOG Resources), depuis 2026-08-25...
2026-09-05 00:37:46,960 [INFO]   -> 9 jours récupérés pour EOG (source: ibkr)
2026-09-05 00:37:46,961 [INFO] [164/504] EQIX (Equinix), depuis 2026-08-25...
2026-09-05 00:37:58,310 [INFO]   -> 9 jours récupérés pour EQIX (source: ibkr)
2026-09-05 00:37:58,310 [INFO] [165/504] EQR (Equity Residential), depuis 2026-08-17...
2026-09-05 00:37:58,330 [ERROR] Error 200, reqId 330: No security definition has been found for the request, contract: Stock(symbol='EQR', exchange='SMART', currency='USD')
2026-09-05 00:37:59,603 [WARNING]   -> ECHEC (ni IBKR ni Stooq) pour EQR : Aucune donnée (ni IBKR ni Stooq) pour EQR -- TROU DE COUVERTURE.
2026-09-05 00:37:59,604 [INFO] [166/504] EQT (EQT Corporation), depuis 2026-08-25...
2026-09-05 00:38:11,024 [INFO]   -> 9 jours récupérés pour EQT (source: ibkr)
2026-09-05 00:38:11,024 [INFO] [167/504] ERIE (Erie Indemnity), depuis 2026-08-25...
2026-09-05 00:38:22,430 [INFO]   -> 9 jours récupérés pour ERIE (source: ibkr)
2026-09-05 00:38:22,431 [INFO] [168/504] ES (Eversource Energy), depuis 2026-08-25...
2026-09-05 00:38:33,871 [INFO]   -> 9 jours récupérés pour ES (source: ibkr)
2026-09-05 00:38:33,872 [INFO] [169/504] ESS (Essex Property Trust), depuis 2026-08-25...
2026-09-05 00:38:45,324 [INFO]   -> 9 jours récupérés pour ESS (source: ibkr)
2026-09-05 00:38:45,325 [INFO] [170/504] ETN (Eaton Corporation), depuis 2026-08-25...
2026-09-05 00:38:56,746 [INFO]   -> 9 jours récupérés pour ETN (source: ibkr)
2026-09-05 00:38:56,746 [INFO] [171/504] ETR (Entergy), depuis 2026-08-25...
2026-09-05 00:39:08,187 [INFO]   -> 9 jours récupérés pour ETR (source: ibkr)
2026-09-05 00:39:08,187 [INFO] [172/504] EVRG (Evergy), depuis 2026-08-25...
2026-09-05 00:39:19,714 [INFO]   -> 9 jours récupérés pour EVRG (source: ibkr)
2026-09-05 00:39:19,714 [INFO] [173/504] EW (Edwards Lifesciences), depuis 2026-08-25...
2026-09-05 00:39:31,025 [INFO]   -> 9 jours récupérés pour EW (source: ibkr)
2026-09-05 00:39:31,025 [INFO] [174/504] EXC (Exelon), depuis 2026-08-25...
2026-09-05 00:39:42,457 [INFO]   -> 9 jours récupérés pour EXC (source: ibkr)
2026-09-05 00:39:42,458 [INFO] [175/504] EXE (Expand Energy), depuis 2026-08-25...
2026-09-05 00:39:53,775 [INFO]   -> 9 jours récupérés pour EXE (source: ibkr)
2026-09-05 00:39:53,776 [INFO] [176/504] EXPD (Expeditors International), depuis 2026-08-25...
2026-09-05 00:40:05,147 [INFO]   -> 9 jours récupérés pour EXPD (source: ibkr)
2026-09-05 00:40:05,147 [INFO] [177/504] EXPE (Expedia Group), depuis 2026-08-25...
2026-09-05 00:40:16,527 [INFO]   -> 9 jours récupérés pour EXPE (source: ibkr)
2026-09-05 00:40:16,528 [INFO] [178/504] EXR (Extra Space Storage), depuis 2026-08-25...
2026-09-05 00:40:27,919 [INFO]   -> 9 jours récupérés pour EXR (source: ibkr)
2026-09-05 00:40:27,919 [INFO] [179/504] F (Ford Motor Company), depuis 2026-08-25...
2026-09-05 00:40:39,347 [INFO]   -> 9 jours récupérés pour F (source: ibkr)
2026-09-05 00:40:39,347 [INFO] [180/504] FANG (Diamondback Energy), depuis 2026-08-25...
2026-09-05 00:40:50,654 [INFO]   -> 9 jours récupérés pour FANG (source: ibkr)
2026-09-05 00:40:50,654 [INFO] [181/504] FAST (Fastenal), depuis 2026-08-25...
2026-09-05 00:41:02,076 [INFO]   -> 9 jours récupérés pour FAST (source: ibkr)
2026-09-05 00:41:02,076 [INFO] [182/504] FCX (Freeport-McMoRan), depuis 2026-08-25...
2026-09-05 00:41:13,501 [INFO]   -> 9 jours récupérés pour FCX (source: ibkr)
2026-09-05 00:41:13,502 [INFO] [183/504] FDS (FactSet), depuis 2026-08-25...
2026-09-05 00:41:24,925 [INFO]   -> 9 jours récupérés pour FDS (source: ibkr)
2026-09-05 00:41:24,926 [INFO] [184/504] FDX (FedEx), depuis 2026-08-25...
2026-09-05 00:41:36,409 [INFO]   -> 9 jours récupérés pour FDX (source: ibkr)
2026-09-05 00:41:36,410 [INFO] [185/504] FDXF (FedEx Freight), depuis 2026-08-25...
2026-09-05 00:41:47,713 [INFO]   -> 9 jours récupérés pour FDXF (source: ibkr)
2026-09-05 00:41:47,713 [INFO] [186/504] FE (FirstEnergy), depuis 2026-08-25...
2026-09-05 00:41:59,125 [INFO]   -> 9 jours récupérés pour FE (source: ibkr)
2026-09-05 00:41:59,125 [INFO] [187/504] FERG (Ferguson Enterprises), depuis 2026-08-25...
2026-09-05 00:42:10,494 [INFO]   -> 9 jours récupérés pour FERG (source: ibkr)
2026-09-05 00:42:10,495 [INFO] [188/504] FFIV (F5, Inc.), depuis 2026-08-25...
2026-09-05 00:42:21,788 [INFO]   -> 9 jours récupérés pour FFIV (source: ibkr)
2026-09-05 00:42:21,789 [INFO] [189/504] FICO (Fair Isaac), depuis 2026-08-25...
2026-09-05 00:42:33,208 [INFO]   -> 9 jours récupérés pour FICO (source: ibkr)
2026-09-05 00:42:33,208 [INFO] [190/504] FIS (Fidelity National Information Services), depuis 2026-08-25...
2026-09-05 00:42:44,623 [INFO]   -> 9 jours récupérés pour FIS (source: ibkr)
2026-09-05 00:42:44,623 [INFO] [191/504] FISV (Fiserv), depuis 2026-08-25...
2026-09-05 00:42:56,053 [INFO]   -> 9 jours récupérés pour FISV (source: ibkr)
2026-09-05 00:42:56,053 [INFO] [192/504] FITB (Fifth Third Bancorp), depuis 2026-08-25...
2026-09-05 00:43:07,484 [INFO]   -> 9 jours récupérés pour FITB (source: ibkr)
2026-09-05 00:43:07,484 [INFO] [193/504] FIX (Comfort Systems USA), depuis 2026-08-25...
2026-09-05 00:43:18,876 [INFO]   -> 9 jours récupérés pour FIX (source: ibkr)
2026-09-05 00:43:18,877 [INFO] [194/504] FLEX (Flex Ltd.), depuis 2026-08-25...
2026-09-05 00:43:30,192 [INFO]   -> 9 jours récupérés pour FLEX (source: ibkr)
2026-09-05 00:43:30,192 [INFO] [195/504] FOX (Fox Corporation (Class B)), depuis 2026-08-25...
2026-09-05 00:43:41,555 [INFO]   -> 9 jours récupérés pour FOX (source: ibkr)
2026-09-05 00:43:41,556 [INFO] [196/504] FOXA (Fox Corporation (Class A)), depuis 2026-08-25...
2026-09-05 00:43:52,934 [INFO]   -> 9 jours récupérés pour FOXA (source: ibkr)
2026-09-05 00:43:52,934 [INFO] [197/504] FRT (Federal Realty Investment Trust), depuis 2026-08-25...
2026-09-05 00:44:04,429 [INFO]   -> 9 jours récupérés pour FRT (source: ibkr)
2026-09-05 00:44:04,429 [INFO] [198/504] FSLR (First Solar), depuis 2026-08-25...
2026-09-05 00:44:15,741 [INFO]   -> 9 jours récupérés pour FSLR (source: ibkr)
2026-09-05 00:44:15,741 [INFO] [199/504] FTNT (Fortinet), depuis 2026-08-25...
2026-09-05 00:44:27,111 [INFO]   -> 9 jours récupérés pour FTNT (source: ibkr)
2026-09-05 00:44:27,111 [INFO] [200/504] FTV (Fortive), depuis 2026-08-25...
2026-09-05 00:44:38,535 [INFO]   -> 9 jours récupérés pour FTV (source: ibkr)
2026-09-05 00:44:38,535 [INFO] [201/504] GD (General Dynamics), depuis 2026-08-25...
2026-09-05 00:44:49,947 [INFO]   -> 9 jours récupérés pour GD (source: ibkr)
2026-09-05 00:44:49,947 [INFO] [202/504] GDDY (GoDaddy), depuis 2026-08-25...
2026-09-05 00:45:01,308 [INFO]   -> 9 jours récupérés pour GDDY (source: ibkr)
2026-09-05 00:45:01,309 [INFO] [203/504] GE (GE Aerospace), depuis 2026-08-25...
2026-09-05 00:45:12,720 [INFO]   -> 9 jours récupérés pour GE (source: ibkr)
2026-09-05 00:45:12,721 [INFO] [204/504] GEHC (GE HealthCare), depuis 2026-08-25...
2026-09-05 00:45:24,085 [INFO]   -> 9 jours récupérés pour GEHC (source: ibkr)
2026-09-05 00:45:24,085 [INFO] [205/504] GEN (Gen Digital), depuis 2026-08-25...
2026-09-05 00:45:35,504 [INFO]   -> 9 jours récupérés pour GEN (source: ibkr)
2026-09-05 00:45:35,505 [INFO] [206/504] GEV (GE Vernova), depuis 2026-08-25...
2026-09-05 00:45:46,809 [INFO]   -> 9 jours récupérés pour GEV (source: ibkr)
2026-09-05 00:45:46,810 [INFO] [207/504] GILD (Gilead Sciences), depuis 2026-08-25...
2026-09-05 00:45:58,164 [INFO]   -> 9 jours récupérés pour GILD (source: ibkr)
2026-09-05 00:45:58,164 [INFO] [208/504] GIS (General Mills), depuis 2026-08-25...
2026-09-05 00:46:09,586 [INFO]   -> 9 jours récupérés pour GIS (source: ibkr)
2026-09-05 00:46:09,586 [INFO] [209/504] GL (Globe Life), depuis 2026-08-25...
2026-09-05 00:46:21,055 [INFO]   -> 9 jours récupérés pour GL (source: ibkr)
2026-09-05 00:46:21,056 [INFO] [210/504] GLW (Corning Inc.), depuis 2026-08-25...
2026-09-05 00:46:32,530 [INFO]   -> 9 jours récupérés pour GLW (source: ibkr)
2026-09-05 00:46:32,530 [INFO] [211/504] GM (General Motors), depuis 2026-08-25...
2026-09-05 00:46:43,881 [INFO]   -> 9 jours récupérés pour GM (source: ibkr)
2026-09-05 00:46:43,881 [INFO] [212/504] GNRC (Generac), depuis 2026-08-25...
2026-09-05 00:46:55,182 [INFO]   -> 9 jours récupérés pour GNRC (source: ibkr)
2026-09-05 00:46:55,182 [INFO] [213/504] GOOG (Alphabet Inc. (Class C)), depuis 2026-08-25...
2026-09-05 00:47:06,556 [INFO]   -> 9 jours récupérés pour GOOG (source: ibkr)
2026-09-05 00:47:06,557 [INFO] [214/504] GOOGL (Alphabet Inc. (Class A)), depuis 2026-08-25...
2026-09-05 00:47:17,841 [INFO]   -> 9 jours récupérés pour GOOGL (source: ibkr)
2026-09-05 00:47:17,842 [INFO] [215/504] GPC (Genuine Parts Company), depuis 2026-08-25...
2026-09-05 00:47:29,245 [INFO]   -> 9 jours récupérés pour GPC (source: ibkr)
2026-09-05 00:47:29,246 [INFO] [216/504] GPN (Global Payments), depuis 2026-08-25...
2026-09-05 00:47:40,654 [INFO]   -> 9 jours récupérés pour GPN (source: ibkr)
2026-09-05 00:47:40,654 [INFO] [217/504] GRMN (Garmin), depuis 2026-08-25...
2026-09-05 00:47:52,033 [INFO]   -> 9 jours récupérés pour GRMN (source: ibkr)
2026-09-05 00:47:52,034 [INFO] [218/504] GS (Goldman Sachs), depuis 2026-08-25...
2026-09-05 00:48:03,563 [INFO]   -> 9 jours récupérés pour GS (source: ibkr)
2026-09-05 00:48:03,563 [INFO] [219/504] GWW (W. W. Grainger), depuis 2026-08-25...
2026-09-05 00:48:14,988 [INFO]   -> 9 jours récupérés pour GWW (source: ibkr)
2026-09-05 00:48:14,988 [INFO] [220/504] HAL (Halliburton), depuis 2026-08-25...
2026-09-05 00:48:26,399 [INFO]   -> 9 jours récupérés pour HAL (source: ibkr)
2026-09-05 00:48:26,399 [INFO] [221/504] HAS (Hasbro), depuis 2026-08-25...
2026-09-05 00:48:37,815 [INFO]   -> 9 jours récupérés pour HAS (source: ibkr)
2026-09-05 00:48:37,815 [INFO] [222/504] HBAN (Huntington Bancshares), depuis 2026-08-25...
2026-09-05 00:48:49,227 [INFO]   -> 9 jours récupérés pour HBAN (source: ibkr)
2026-09-05 00:48:49,227 [INFO] [223/504] HCA (HCA Healthcare), depuis 2026-08-25...
2026-09-05 00:49:00,553 [INFO]   -> 9 jours récupérés pour HCA (source: ibkr)
2026-09-05 00:49:00,553 [INFO] [224/504] HD (Home Depot (The)), depuis 2026-08-25...
2026-09-05 00:49:11,959 [INFO]   -> 9 jours récupérés pour HD (source: ibkr)
2026-09-05 00:49:11,959 [INFO] [225/504] HIG (Hartford (The)), depuis 2026-08-25...
2026-09-05 00:49:23,353 [INFO]   -> 9 jours récupérés pour HIG (source: ibkr)
2026-09-05 00:49:23,354 [INFO] [226/504] HII (Huntington Ingalls Industries), depuis 2026-08-25...
2026-09-05 00:49:34,708 [INFO]   -> 9 jours récupérés pour HII (source: ibkr)
2026-09-05 00:49:34,708 [INFO] [227/504] HLT (Hilton Worldwide), depuis 2026-08-25...
2026-09-05 00:49:46,131 [INFO]   -> 9 jours récupérés pour HLT (source: ibkr)
2026-09-05 00:49:46,131 [INFO] [228/504] HON (Honeywell Technologies), depuis 2026-08-25...
2026-09-05 00:49:57,551 [INFO]   -> 9 jours récupérés pour HON (source: ibkr)
2026-09-05 00:49:57,551 [INFO] [229/504] HONA (Honeywell Aerospace), depuis 2026-08-25...
2026-09-05 00:50:08,850 [INFO]   -> 9 jours récupérés pour HONA (source: ibkr)
2026-09-05 00:50:08,851 [INFO] [230/504] HOOD (Robinhood Markets), depuis 2026-08-25...
2026-09-05 00:50:20,141 [INFO]   -> 9 jours récupérés pour HOOD (source: ibkr)
2026-09-05 00:50:20,141 [INFO] [231/504] HPE (Hewlett Packard Enterprise), depuis 2026-08-25...
2026-09-05 00:50:31,561 [INFO]   -> 9 jours récupérés pour HPE (source: ibkr)
2026-09-05 00:50:31,562 [INFO] [232/504] HPQ (HP Inc.), depuis 2026-08-25...
2026-09-05 00:50:43,039 [INFO]   -> 9 jours récupérés pour HPQ (source: ibkr)
2026-09-05 00:50:43,039 [INFO] [233/504] HRL (Hormel Foods), depuis 2026-08-25...
2026-09-05 00:50:54,462 [INFO]   -> 9 jours récupérés pour HRL (source: ibkr)
2026-09-05 00:50:54,462 [INFO] [234/504] HSIC (Henry Schein), depuis 2026-08-25...
2026-09-05 00:51:05,771 [INFO]   -> 9 jours récupérés pour HSIC (source: ibkr)
2026-09-05 00:51:05,772 [INFO] [235/504] HST (Host Hotels & Resorts), depuis 2026-08-25...
2026-09-05 00:51:17,188 [INFO]   -> 9 jours récupérés pour HST (source: ibkr)
2026-09-05 00:51:17,188 [INFO] [236/504] HSY (Hershey Company (The)), depuis 2026-08-25...
2026-09-05 00:51:28,578 [INFO]   -> 9 jours récupérés pour HSY (source: ibkr)
2026-09-05 00:51:28,578 [INFO] [237/504] HUBB (Hubbell Incorporated), depuis 2026-08-25...
2026-09-05 00:51:40,056 [INFO]   -> 9 jours récupérés pour HUBB (source: ibkr)
2026-09-05 00:51:40,056 [INFO] [238/504] HUM (Humana), depuis 2026-08-25...
2026-09-05 00:51:51,414 [INFO]   -> 9 jours récupérés pour HUM (source: ibkr)
2026-09-05 00:51:51,414 [INFO] [239/504] HWM (Howmet Aerospace), depuis 2026-08-25...
2026-09-05 00:52:02,970 [INFO]   -> 9 jours récupérés pour HWM (source: ibkr)
2026-09-05 00:52:02,970 [INFO] [240/504] IBKR (Interactive Brokers), depuis 2026-08-25...
2026-09-05 00:52:14,372 [INFO]   -> 9 jours récupérés pour IBKR (source: ibkr)
2026-09-05 00:52:14,372 [INFO] [241/504] IBM (IBM), depuis 2026-08-25...
2026-09-05 00:52:25,931 [INFO]   -> 9 jours récupérés pour IBM (source: ibkr)
2026-09-05 00:52:25,932 [INFO] [242/504] ICE (Intercontinental Exchange), depuis 2026-08-25...
2026-09-05 00:52:37,295 [INFO]   -> 9 jours récupérés pour ICE (source: ibkr)
2026-09-05 00:52:37,296 [INFO] [243/504] IDXX (Idexx Laboratories), depuis 2026-08-25...
2026-09-05 00:52:48,600 [INFO]   -> 9 jours récupérés pour IDXX (source: ibkr)
2026-09-05 00:52:48,600 [INFO] [244/504] IEX (IDEX Corporation), depuis 2026-08-25...
2026-09-05 00:53:00,011 [INFO]   -> 9 jours récupérés pour IEX (source: ibkr)
2026-09-05 00:53:00,011 [INFO] [245/504] IFF (International Flavors & Fragrances), depuis 2026-08-25...
2026-09-05 00:53:11,450 [INFO]   -> 9 jours récupérés pour IFF (source: ibkr)
2026-09-05 00:53:11,450 [INFO] [246/504] INCY (Incyte), depuis 2026-08-25...
2026-09-05 00:53:22,811 [INFO]   -> 9 jours récupérés pour INCY (source: ibkr)
2026-09-05 00:53:22,811 [INFO] [247/504] INTC (Intel), depuis 2026-08-25...
2026-09-05 00:53:34,236 [INFO]   -> 9 jours récupérés pour INTC (source: ibkr)
2026-09-05 00:53:34,236 [INFO] [248/504] INTU (Intuit), depuis 2026-08-25...
2026-09-05 00:53:45,655 [INFO]   -> 9 jours récupérés pour INTU (source: ibkr)
2026-09-05 00:53:45,656 [INFO] [249/504] INVH (Invitation Homes), depuis 2026-08-25...
2026-09-05 00:53:56,960 [INFO]   -> 9 jours récupérés pour INVH (source: ibkr)
2026-09-05 00:53:56,961 [INFO] [250/504] IP (International Paper), depuis 2026-08-25...
2026-09-05 00:54:08,446 [INFO]   -> 9 jours récupérés pour IP (source: ibkr)
2026-09-05 00:54:08,446 [INFO] [251/504] IQV (IQVIA), depuis 2026-08-25...
2026-09-05 00:54:19,819 [INFO]   -> 9 jours récupérés pour IQV (source: ibkr)
2026-09-05 00:54:19,819 [INFO] [252/504] IR (Ingersoll Rand), depuis 2026-08-25...
2026-09-05 00:54:31,138 [INFO]   -> 9 jours récupérés pour IR (source: ibkr)
2026-09-05 00:54:31,138 [INFO] [253/504] IRM (Iron Mountain), depuis 2026-08-25...
2026-09-05 00:54:42,533 [INFO]   -> 9 jours récupérés pour IRM (source: ibkr)
2026-09-05 00:54:42,533 [INFO] [254/504] ISRG (Intuitive Surgical), depuis 2026-08-25...
2026-09-05 00:54:53,832 [INFO]   -> 9 jours récupérés pour ISRG (source: ibkr)
2026-09-05 00:54:53,832 [INFO] [255/504] IT (Gartner), depuis 2026-08-25...
2026-09-05 00:55:05,166 [INFO]   -> 9 jours récupérés pour IT (source: ibkr)
2026-09-05 00:55:05,166 [INFO] [256/504] ITW (Illinois Tool Works), depuis 2026-08-25...
2026-09-05 00:55:16,582 [INFO]   -> 9 jours récupérés pour ITW (source: ibkr)
2026-09-05 00:55:16,582 [INFO] [257/504] IVZ (Invesco), depuis 2026-08-25...
2026-09-05 00:55:28,015 [INFO]   -> 9 jours récupérés pour IVZ (source: ibkr)
2026-09-05 00:55:28,016 [INFO] [258/504] J (Jacobs Solutions), depuis 2026-08-25...
2026-09-05 00:55:39,440 [INFO]   -> 9 jours récupérés pour J (source: ibkr)
2026-09-05 00:55:39,440 [INFO] [259/504] JBHT (J.B. Hunt), depuis 2026-08-25...
2026-09-05 00:55:50,850 [INFO]   -> 9 jours récupérés pour JBHT (source: ibkr)
2026-09-05 00:55:50,851 [INFO] [260/504] JBL (Jabil), depuis 2026-08-25...
2026-09-05 00:56:02,258 [INFO]   -> 9 jours récupérés pour JBL (source: ibkr)
2026-09-05 00:56:02,258 [INFO] [261/504] JCI (Johnson Controls), depuis 2026-08-25...
2026-09-05 00:56:13,741 [INFO]   -> 9 jours récupérés pour JCI (source: ibkr)
2026-09-05 00:56:13,741 [INFO] [262/504] JKHY (Jack Henry & Associates), depuis 2026-08-25...
2026-09-05 00:56:25,130 [INFO]   -> 9 jours récupérés pour JKHY (source: ibkr)
2026-09-05 00:56:25,130 [INFO] [263/504] JNJ (Johnson & Johnson), depuis 2026-08-25...
2026-09-05 00:56:36,543 [INFO]   -> 9 jours récupérés pour JNJ (source: ibkr)
2026-09-05 00:56:36,543 [INFO] [264/504] JPM (JPMorgan Chase), depuis 2026-08-25...
2026-09-05 00:56:48,022 [INFO]   -> 9 jours récupérés pour JPM (source: ibkr)
2026-09-05 00:56:48,022 [INFO] [265/504] KDP (Keurig Dr Pepper), depuis 2026-08-25...
2026-09-05 00:56:59,377 [INFO]   -> 9 jours récupérés pour KDP (source: ibkr)
2026-09-05 00:56:59,377 [INFO] [266/504] KEY (KeyCorp), depuis 2026-08-25...
2026-09-05 00:57:10,816 [INFO]   -> 9 jours récupérés pour KEY (source: ibkr)
2026-09-05 00:57:10,816 [INFO] [267/504] KEYS (Keysight Technologies), depuis 2026-08-25...
2026-09-05 00:57:22,131 [INFO]   -> 9 jours récupérés pour KEYS (source: ibkr)
2026-09-05 00:57:22,131 [INFO] [268/504] KHC (Kraft Heinz), depuis 2026-08-25...
2026-09-05 00:57:33,540 [INFO]   -> 9 jours récupérés pour KHC (source: ibkr)
2026-09-05 00:57:33,541 [INFO] [269/504] KIM (Kimco Realty), depuis 2026-08-25...
2026-09-05 00:57:45,053 [INFO]   -> 9 jours récupérés pour KIM (source: ibkr)
2026-09-05 00:57:45,053 [INFO] [270/504] KKR (KKR & Co.), depuis 2026-08-25...
2026-09-05 00:57:56,437 [INFO]   -> 9 jours récupérés pour KKR (source: ibkr)
2026-09-05 00:57:56,437 [INFO] [271/504] KLAC (KLA Corporation), depuis 2026-08-25...
2026-09-05 00:58:07,844 [INFO]   -> 9 jours récupérés pour KLAC (source: ibkr)
2026-09-05 00:58:07,844 [INFO] [272/504] KMB (Kimberly-Clark), depuis 2026-08-25...
2026-09-05 00:58:19,239 [INFO]   -> 9 jours récupérés pour KMB (source: ibkr)
2026-09-05 00:58:19,239 [INFO] [273/504] KMI (Kinder Morgan), depuis 2026-08-25...
2026-09-05 00:58:30,579 [INFO]   -> 9 jours récupérés pour KMI (source: ibkr)
2026-09-05 00:58:30,579 [INFO] [274/504] KO (Coca-Cola Company (The)), depuis 2026-08-25...
2026-09-05 00:58:41,990 [INFO]   -> 9 jours récupérés pour KO (source: ibkr)
2026-09-05 00:58:41,990 [INFO] [275/504] KR (Kroger), depuis 2026-08-25...
2026-09-05 00:58:53,459 [INFO]   -> 9 jours récupérés pour KR (source: ibkr)
2026-09-05 00:58:53,459 [INFO] [276/504] KVUE (Kenvue), depuis 2026-08-25...
2026-09-05 00:59:04,760 [INFO]   -> 9 jours récupérés pour KVUE (source: ibkr)
2026-09-05 00:59:04,760 [INFO] [277/504] L (Loews Corporation), depuis 2026-08-25...
2026-09-05 00:59:16,172 [INFO]   -> 9 jours récupérés pour L (source: ibkr)
2026-09-05 00:59:16,172 [INFO] [278/504] LDOS (Leidos), depuis 2026-08-25...
2026-09-05 00:59:27,546 [INFO]   -> 9 jours récupérés pour LDOS (source: ibkr)
2026-09-05 00:59:27,547 [INFO] [279/504] LEN (Lennar), depuis 2026-08-25...
2026-09-05 00:59:38,953 [INFO]   -> 9 jours récupérés pour LEN (source: ibkr)
2026-09-05 00:59:38,954 [INFO] [280/504] LH (Labcorp), depuis 2026-08-25...
2026-09-05 00:59:50,263 [INFO]   -> 9 jours récupérés pour LH (source: ibkr)
2026-09-05 00:59:50,264 [INFO] [281/504] LHX (L3Harris), depuis 2026-08-25...
2026-09-05 01:00:01,678 [INFO]   -> 9 jours récupérés pour LHX (source: ibkr)
2026-09-05 01:00:01,678 [INFO] [282/504] LII (Lennox International), depuis 2026-08-17...
2026-09-05 01:00:13,179 [INFO]   -> 15 jours récupérés pour LII (source: ibkr)
2026-09-05 01:00:13,179 [INFO] [283/504] LIN (Linde plc), depuis 2026-08-17...
2026-09-05 01:00:24,630 [INFO]   -> 15 jours récupérés pour LIN (source: ibkr)
2026-09-05 01:00:24,631 [INFO] [284/504] LITE (Lumentum), depuis 2026-08-17...
2026-09-05 01:00:35,995 [INFO]   -> 15 jours récupérés pour LITE (source: ibkr)
2026-09-05 01:00:35,995 [INFO] [285/504] LLY (Lilly (Eli)), depuis 2026-08-17...
2026-09-05 01:00:47,421 [INFO]   -> 15 jours récupérés pour LLY (source: ibkr)
2026-09-05 01:00:47,421 [INFO] [286/504] LMT (Lockheed Martin), depuis 2026-08-17...
2026-09-05 01:00:58,828 [INFO]   -> 15 jours récupérés pour LMT (source: ibkr)
2026-09-05 01:00:58,828 [INFO] [287/504] LNT (Alliant Energy), depuis 2026-08-17...
2026-09-05 01:01:10,264 [INFO]   -> 15 jours récupérés pour LNT (source: ibkr)
2026-09-05 01:01:10,265 [INFO] [288/504] LOW (Lowe's), depuis 2026-08-17...
2026-09-05 01:01:21,660 [INFO]   -> 15 jours récupérés pour LOW (source: ibkr)
2026-09-05 01:01:21,660 [INFO] [289/504] LRCX (Lam Research), depuis 2026-08-17...
2026-09-05 01:01:33,103 [INFO]   -> 15 jours récupérés pour LRCX (source: ibkr)
2026-09-05 01:01:33,103 [INFO] [290/504] LULU (Lululemon Athletica), depuis 2026-08-17...
2026-09-05 01:01:44,479 [INFO]   -> 15 jours récupérés pour LULU (source: ibkr)
2026-09-05 01:01:44,479 [INFO] [291/504] LUV (Southwest Airlines), depuis 2026-08-17...
2026-09-05 01:01:55,837 [INFO]   -> 15 jours récupérés pour LUV (source: ibkr)
2026-09-05 01:01:55,837 [INFO] [292/504] LVS (Las Vegas Sands), depuis 2026-08-17...
2026-09-05 01:02:07,255 [INFO]   -> 15 jours récupérés pour LVS (source: ibkr)
2026-09-05 01:02:07,255 [INFO] [293/504] LYB (LyondellBasell), depuis 2026-08-17...
2026-09-05 01:02:18,595 [INFO]   -> 15 jours récupérés pour LYB (source: ibkr)
2026-09-05 01:02:18,595 [INFO] [294/504] LYV (Live Nation Entertainment), depuis 2026-08-17...
2026-09-05 01:02:30,010 [INFO]   -> 15 jours récupérés pour LYV (source: ibkr)
2026-09-05 01:02:30,010 [INFO] [295/504] MA (Mastercard), depuis 2026-08-17...
2026-09-05 01:02:41,485 [INFO]   -> 15 jours récupérés pour MA (source: ibkr)
2026-09-05 01:02:41,485 [INFO] [296/504] MAA (Mid-America Apartment Communities), depuis 2026-08-17...
2026-09-05 01:02:52,902 [INFO]   -> 15 jours récupérés pour MAA (source: ibkr)
2026-09-05 01:02:52,902 [INFO] [297/504] MAR (Marriott International), depuis 2026-08-17...
2026-09-05 01:03:04,323 [INFO]   -> 15 jours récupérés pour MAR (source: ibkr)
2026-09-05 01:03:04,323 [INFO] [298/504] MAS (Masco), depuis 2026-08-17...
2026-09-05 01:03:15,801 [INFO]   -> 15 jours récupérés pour MAS (source: ibkr)
2026-09-05 01:03:15,801 [INFO] [299/504] MCD (McDonald's), depuis 2026-08-17...
2026-09-05 01:03:27,263 [INFO]   -> 15 jours récupérés pour MCD (source: ibkr)
2026-09-05 01:03:27,263 [INFO] [300/504] MCHP (Microchip Technology), depuis 2026-08-17...
2026-09-05 01:03:38,675 [INFO]   -> 15 jours récupérés pour MCHP (source: ibkr)
2026-09-05 01:03:38,676 [INFO] [301/504] MCK (McKesson Corporation), depuis 2026-08-17...
2026-09-05 01:03:50,155 [INFO]   -> 15 jours récupérés pour MCK (source: ibkr)
2026-09-05 01:03:50,156 [INFO] [302/504] MCO (Moody's Corporation), depuis 2026-08-17...
2026-09-05 01:04:01,567 [INFO]   -> 15 jours récupérés pour MCO (source: ibkr)
2026-09-05 01:04:01,567 [INFO] [303/504] MDLZ (Mondelez International), depuis 2026-08-17...
2026-09-05 01:04:12,980 [INFO]   -> 15 jours récupérés pour MDLZ (source: ibkr)
2026-09-05 01:04:12,980 [INFO] [304/504] MDT (Medtronic), depuis 2026-08-17...
2026-09-05 01:04:24,415 [INFO]   -> 15 jours récupérés pour MDT (source: ibkr)
2026-09-05 01:04:24,415 [INFO] [305/504] MET (MetLife), depuis 2026-08-17...
2026-09-05 01:04:35,809 [INFO]   -> 15 jours récupérés pour MET (source: ibkr)
2026-09-05 01:04:35,809 [INFO] [306/504] META (Meta Platforms), depuis 2026-08-17...
2026-09-05 01:04:47,120 [INFO]   -> 15 jours récupérés pour META (source: ibkr)
2026-09-05 01:04:47,121 [INFO] [307/504] MGM (MGM Resorts), depuis 2026-08-17...
2026-09-05 01:04:58,429 [INFO]   -> 15 jours récupérés pour MGM (source: ibkr)
2026-09-05 01:04:58,430 [INFO] [308/504] MKC (McCormick & Company), depuis 2026-08-17...
2026-09-05 01:05:09,837 [INFO]   -> 15 jours récupérés pour MKC (source: ibkr)
2026-09-05 01:05:09,838 [INFO] [309/504] MLM (Martin Marietta Materials), depuis 2026-08-17...
2026-09-05 01:05:21,294 [INFO]   -> 15 jours récupérés pour MLM (source: ibkr)
2026-09-05 01:05:21,295 [INFO] [310/504] MMM (3M), depuis 2026-08-17...
2026-09-05 01:05:32,779 [INFO]   -> 15 jours récupérés pour MMM (source: ibkr)
2026-09-05 01:05:32,779 [INFO] [311/504] MNST (Monster Beverage), depuis 2026-08-17...
2026-09-05 01:05:44,161 [INFO]   -> 15 jours récupérés pour MNST (source: ibkr)
2026-09-05 01:05:44,161 [INFO] [312/504] MO (Altria), depuis 2026-08-17...
2026-09-05 01:05:55,655 [INFO]   -> 15 jours récupérés pour MO (source: ibkr)
2026-09-05 01:05:55,655 [INFO] [313/504] MOS (Mosaic Company (The)), depuis 2026-08-17...
2026-09-05 01:06:07,014 [INFO]   -> 15 jours récupérés pour MOS (source: ibkr)
2026-09-05 01:06:07,014 [INFO] [314/504] MPC (Marathon Petroleum), depuis 2026-08-17...
2026-09-05 01:06:18,431 [INFO]   -> 15 jours récupérés pour MPC (source: ibkr)
2026-09-05 01:06:18,431 [INFO] [315/504] MPWR (Monolithic Power Systems), depuis 2026-08-17...
