2026-08-09 20:45:35,302 [INFO] Log file: data\prices\daily_prices_20260809_204535.log
2026-08-09 20:45:35,336 [INFO] Univers chargé : 503 tickers.
2026-08-09 20:45:35,635 [INFO] Cache existant chargé : data\prices\daily_prices.parquet (1913571 lignes, 503 symboles).
2026-08-09 20:45:56,331 [INFO] 0/503 tickers déjà à jour (ignorés), 503 à récupérer.
2026-08-09 20:45:56,434 [INFO] Connecting to 127.0.0.1:4002 with clientId 4...
2026-08-09 20:45:56,435 [INFO] Connected
2026-08-09 20:45:56,438 [INFO] Logged on to server version 176
2026-08-09 20:45:56,442 [INFO] Warning 2104, reqId -1: Market data farm connection is OK:eufarm
2026-08-09 20:45:56,444 [INFO] Warning 2106, reqId -1: HMDS data farm connection is OK:euhmds
2026-08-09 20:45:56,444 [INFO] Warning 2106, reqId -1: HMDS data farm connection is OK:ushmds
2026-08-09 20:45:56,445 [INFO] Warning 2158, reqId -1: Sec-def data farm connection is OK:secdefeu
2026-08-09 20:45:56,445 [INFO] API connection ready
2026-08-09 20:45:56,555 [INFO] Synchronization complete
2026-08-09 20:45:56,556 [INFO] Connecté à IBKR sur 127.0.0.1:4002 (clientId=4, readonly=True).
2026-08-09 20:45:56,556 [INFO] [1/503] A (Agilent Technologies), depuis 2026-07-31...
2026-08-09 20:46:07,747 [INFO]   -> 6 jours récupérés pour A (source: ibkr)
2026-08-09 20:46:07,747 [INFO] [2/503] AAPL (Apple Inc.), depuis 2026-07-31...
2026-08-09 20:46:18,937 [INFO]   -> 6 jours récupérés pour AAPL (source: ibkr)
2026-08-09 20:46:18,937 [INFO] [3/503] ABBV (AbbVie), depuis 2026-07-31...
2026-08-09 20:46:30,128 [INFO]   -> 6 jours récupérés pour ABBV (source: ibkr)
2026-08-09 20:46:30,129 [INFO] [4/503] ABNB (Airbnb), depuis 2026-07-31...
2026-08-09 20:46:41,308 [INFO]   -> 6 jours récupérés pour ABNB (source: ibkr)
2026-08-09 20:46:41,310 [INFO] [5/503] ABT (Abbott Laboratories), depuis 2026-07-31...
2026-08-09 20:46:52,482 [INFO]   -> 6 jours récupérés pour ABT (source: ibkr)
2026-08-09 20:46:52,482 [INFO] [6/503] ACGL (Arch Capital Group), depuis 2026-07-31...
2026-08-09 20:47:03,656 [INFO]   -> 6 jours récupérés pour ACGL (source: ibkr)
2026-08-09 20:47:03,657 [INFO] [7/503] ACN (Accenture), depuis 2026-07-31...
2026-08-09 20:47:14,828 [INFO]   -> 6 jours récupérés pour ACN (source: ibkr)
2026-08-09 20:47:14,829 [INFO] [8/503] ADBE (Adobe Inc.), depuis 2026-07-31...
2026-08-09 20:47:26,000 [INFO]   -> 6 jours récupérés pour ADBE (source: ibkr)
2026-08-09 20:47:26,001 [INFO] [9/503] ADI (Analog Devices), depuis 2026-07-31...
2026-08-09 20:47:37,182 [INFO]   -> 6 jours récupérés pour ADI (source: ibkr)
2026-08-09 20:47:37,183 [INFO] [10/503] ADM (Archer Daniels Midland), depuis 2026-07-31...
2026-08-09 20:47:48,353 [INFO]   -> 6 jours récupérés pour ADM (source: ibkr)
2026-08-09 20:47:48,353 [INFO] [11/503] ADP (Automatic Data Processing), depuis 2026-07-31...
2026-08-09 20:47:59,539 [INFO]   -> 6 jours récupérés pour ADP (source: ibkr)
2026-08-09 20:47:59,539 [INFO] [12/503] ADSK (Autodesk), depuis 2026-07-31...
2026-08-09 20:48:10,716 [INFO]   -> 6 jours récupérés pour ADSK (source: ibkr)
2026-08-09 20:48:10,717 [INFO] [13/503] AEE (Ameren), depuis 2026-07-31...
2026-08-09 20:48:21,903 [INFO]   -> 6 jours récupérés pour AEE (source: ibkr)
2026-08-09 20:48:21,905 [INFO] [14/503] AEP (American Electric Power), depuis 2026-07-31...
2026-08-09 20:48:33,087 [INFO]   -> 6 jours récupérés pour AEP (source: ibkr)
2026-08-09 20:48:33,088 [INFO] [15/503] AES (AES Corporation), depuis 2026-07-31...
2026-08-09 20:48:44,288 [INFO]   -> 6 jours récupérés pour AES (source: ibkr)
2026-08-09 20:48:44,289 [INFO] [16/503] AFL (Aflac), depuis 2026-07-31...
2026-08-09 20:48:55,498 [INFO]   -> 6 jours récupérés pour AFL (source: ibkr)
2026-08-09 20:48:55,536 [INFO] [17/503] AIG (American International Group), depuis 2026-07-31...
2026-08-09 20:49:06,817 [INFO]   -> 6 jours récupérés pour AIG (source: ibkr)
2026-08-09 20:49:06,820 [INFO] [18/503] AIZ (Assurant), depuis 2026-07-31...
2026-08-09 20:49:18,024 [INFO]   -> 6 jours récupérés pour AIZ (source: ibkr)
2026-08-09 20:49:18,030 [INFO] [19/503] AJG (Arthur J. Gallagher & Co.), depuis 2026-07-31...
2026-08-09 20:49:29,225 [INFO]   -> 6 jours récupérés pour AJG (source: ibkr)
2026-08-09 20:49:29,226 [INFO] [20/503] AKAM (Akamai Technologies), depuis 2026-07-31...
2026-08-09 20:49:40,414 [INFO]   -> 6 jours récupérés pour AKAM (source: ibkr)
2026-08-09 20:49:40,415 [INFO] [21/503] ALB (Albemarle Corporation), depuis 2026-07-31...
2026-08-09 20:49:51,606 [INFO]   -> 6 jours récupérés pour ALB (source: ibkr)
2026-08-09 20:49:51,607 [INFO] [22/503] ALGN (Align Technology), depuis 2026-07-31...
2026-08-09 20:50:02,796 [INFO]   -> 6 jours récupérés pour ALGN (source: ibkr)
2026-08-09 20:50:02,797 [INFO] [23/503] ALL (Allstate), depuis 2026-07-31...
2026-08-09 20:50:14,004 [INFO]   -> 6 jours récupérés pour ALL (source: ibkr)
2026-08-09 20:50:14,005 [INFO] [24/503] ALLE (Allegion), depuis 2026-07-31...
2026-08-09 20:50:25,202 [INFO]   -> 6 jours récupérés pour ALLE (source: ibkr)
2026-08-09 20:50:25,203 [INFO] [25/503] AMAT (Applied Materials), depuis 2026-07-31...
2026-08-09 20:50:36,470 [INFO]   -> 6 jours récupérés pour AMAT (source: ibkr)
2026-08-09 20:50:36,471 [INFO] [26/503] AMCR (Amcor), depuis 2026-07-31...
2026-08-09 20:50:47,663 [INFO]   -> 6 jours récupérés pour AMCR (source: ibkr)
2026-08-09 20:50:47,664 [INFO] [27/503] AMD (Advanced Micro Devices), depuis 2026-07-31...
2026-08-09 20:50:58,849 [INFO]   -> 6 jours récupérés pour AMD (source: ibkr)
2026-08-09 20:50:58,850 [INFO] [28/503] AME (Ametek), depuis 2026-07-31...
2026-08-09 20:51:10,028 [INFO]   -> 6 jours récupérés pour AME (source: ibkr)
2026-08-09 20:51:10,029 [INFO] [29/503] AMGN (Amgen), depuis 2026-07-31...
2026-08-09 20:51:21,220 [INFO]   -> 6 jours récupérés pour AMGN (source: ibkr)
2026-08-09 20:51:21,223 [INFO] [30/503] AMP (Ameriprise Financial), depuis 2026-07-31...
2026-08-09 20:51:32,419 [INFO]   -> 6 jours récupérés pour AMP (source: ibkr)
2026-08-09 20:51:32,421 [INFO] [31/503] AMT (American Tower), depuis 2026-07-31...
2026-08-09 20:51:43,638 [INFO]   -> 6 jours récupérés pour AMT (source: ibkr)
2026-08-09 20:51:43,639 [INFO] [32/503] AMZN (Amazon), depuis 2026-07-31...
2026-08-09 20:51:54,820 [INFO]   -> 6 jours récupérés pour AMZN (source: ibkr)
2026-08-09 20:51:54,821 [INFO] [33/503] ANET (Arista Networks), depuis 2026-07-31...
2026-08-09 20:52:06,012 [INFO]   -> 6 jours récupérés pour ANET (source: ibkr)
2026-08-09 20:52:06,013 [INFO] [34/503] AON (Aon plc), depuis 2026-07-31...
2026-08-09 20:52:17,214 [INFO]   -> 6 jours récupérés pour AON (source: ibkr)
2026-08-09 20:52:17,214 [INFO] [35/503] AOS (A. O. Smith), depuis 2026-07-31...
2026-08-09 20:52:28,405 [INFO]   -> 6 jours récupérés pour AOS (source: ibkr)
2026-08-09 20:52:28,407 [INFO] [36/503] APA (APA Corporation), depuis 2026-07-31...
2026-08-09 20:52:39,611 [INFO]   -> 6 jours récupérés pour APA (source: ibkr)
2026-08-09 20:52:39,612 [INFO] [37/503] APD (Air Products), depuis 2026-07-31...
2026-08-09 20:52:50,800 [INFO]   -> 6 jours récupérés pour APD (source: ibkr)
2026-08-09 20:52:50,801 [INFO] [38/503] APH (Amphenol), depuis 2026-07-31...
2026-08-09 20:53:01,990 [INFO]   -> 6 jours récupérés pour APH (source: ibkr)
2026-08-09 20:53:01,991 [INFO] [39/503] APO (Apollo Global Management), depuis 2026-07-31...
2026-08-09 20:53:13,237 [INFO]   -> 6 jours récupérés pour APO (source: ibkr)
2026-08-09 20:53:13,238 [INFO] [40/503] APP (AppLovin), depuis 2026-07-31...
2026-08-09 20:53:24,428 [INFO]   -> 6 jours récupérés pour APP (source: ibkr)
2026-08-09 20:53:24,429 [INFO] [41/503] APTV (Aptiv), depuis 2026-07-31...
2026-08-09 20:53:35,615 [INFO]   -> 6 jours récupérés pour APTV (source: ibkr)
2026-08-09 20:53:35,616 [INFO] [42/503] ARE (Alexandria Real Estate Equities), depuis 2026-07-31...
2026-08-09 20:53:46,809 [INFO]   -> 6 jours récupérés pour ARE (source: ibkr)
2026-08-09 20:53:46,809 [INFO] [43/503] ARES (Ares Management), depuis 2026-07-31...
2026-08-09 20:53:57,988 [INFO]   -> 6 jours récupérés pour ARES (source: ibkr)
2026-08-09 20:53:57,989 [INFO] [44/503] ATO (Atmos Energy), depuis 2026-07-31...
2026-08-09 20:54:09,178 [INFO]   -> 6 jours récupérés pour ATO (source: ibkr)
2026-08-09 20:54:09,179 [INFO] [45/503] AVB (AvalonBay Communities), depuis 2026-07-31...
2026-08-09 20:54:20,374 [INFO]   -> 6 jours récupérés pour AVB (source: ibkr)
2026-08-09 20:54:20,375 [INFO] [46/503] AVGO (Broadcom), depuis 2026-07-31...
2026-08-09 20:54:31,553 [INFO]   -> 6 jours récupérés pour AVGO (source: ibkr)
2026-08-09 20:54:31,554 [INFO] [47/503] AVY (Avery Dennison), depuis 2026-07-31...
2026-08-09 20:54:42,735 [INFO]   -> 6 jours récupérés pour AVY (source: ibkr)
2026-08-09 20:54:42,736 [INFO] [48/503] AWK (American Water Works), depuis 2026-07-31...
2026-08-09 20:54:53,927 [INFO]   -> 6 jours récupérés pour AWK (source: ibkr)
2026-08-09 20:54:53,928 [INFO] [49/503] AXON (Axon Enterprise), depuis 2026-07-31...
2026-08-09 20:55:05,111 [INFO]   -> 6 jours récupérés pour AXON (source: ibkr)
2026-08-09 20:55:05,112 [INFO] [50/503] AXP (American Express), depuis 2026-07-31...
2026-08-09 20:55:16,297 [INFO]   -> 6 jours récupérés pour AXP (source: ibkr)
2026-08-09 20:55:16,298 [INFO] [51/503] AZO (AutoZone), depuis 2026-07-31...
2026-08-09 20:55:27,490 [INFO]   -> 6 jours récupérés pour AZO (source: ibkr)
2026-08-09 20:55:27,490 [INFO] [52/503] BA (Boeing), depuis 2026-07-31...
2026-08-09 20:55:38,702 [INFO]   -> 6 jours récupérés pour BA (source: ibkr)
2026-08-09 20:55:38,703 [INFO] [53/503] BAC (Bank of America), depuis 2026-07-31...
2026-08-09 20:55:49,889 [INFO]   -> 6 jours récupérés pour BAC (source: ibkr)
2026-08-09 20:55:49,891 [INFO] [54/503] BALL (Ball Corporation), depuis 2026-07-31...
2026-08-09 20:56:01,186 [INFO]   -> 6 jours récupérés pour BALL (source: ibkr)
2026-08-09 20:56:01,188 [INFO] [55/503] BAX (Baxter International), depuis 2026-07-31...
2026-08-09 20:56:12,389 [INFO]   -> 6 jours récupérés pour BAX (source: ibkr)
2026-08-09 20:56:12,390 [INFO] [56/503] BBY (Best Buy), depuis 2026-07-31...
2026-08-09 20:56:23,624 [INFO]   -> 6 jours récupérés pour BBY (source: ibkr)
2026-08-09 20:56:23,627 [INFO] [57/503] BDX (Becton Dickinson), depuis 2026-07-31...
2026-08-09 20:56:34,813 [INFO]   -> 6 jours récupérés pour BDX (source: ibkr)
2026-08-09 20:56:34,815 [INFO] [58/503] BEN (Franklin Resources), depuis 2026-07-31...
2026-08-09 20:56:45,996 [INFO]   -> 6 jours récupérés pour BEN (source: ibkr)
2026-08-09 20:56:45,996 [INFO] [59/503] BF B (Brown–Forman), depuis 2026-07-31...
2026-08-09 20:56:57,176 [INFO]   -> 6 jours récupérés pour BF B (source: ibkr)
2026-08-09 20:56:57,177 [INFO] [60/503] BG (Bunge Global), depuis 2026-07-31...
2026-08-09 20:57:08,355 [INFO]   -> 6 jours récupérés pour BG (source: ibkr)
2026-08-09 20:57:08,355 [INFO] [61/503] BIIB (Biogen), depuis 2026-07-31...
2026-08-09 20:57:19,532 [INFO]   -> 6 jours récupérés pour BIIB (source: ibkr)
2026-08-09 20:57:19,533 [INFO] [62/503] BKNG (Booking Holdings), depuis 2026-07-31...
2026-08-09 20:57:30,730 [INFO]   -> 6 jours récupérés pour BKNG (source: ibkr)
2026-08-09 20:57:30,731 [INFO] [63/503] BKR (Baker Hughes), depuis 2026-07-31...
2026-08-09 20:57:41,927 [INFO]   -> 6 jours récupérés pour BKR (source: ibkr)
2026-08-09 20:57:41,928 [INFO] [64/503] BLDR (Builders FirstSource), depuis 2026-07-31...
2026-08-09 20:57:53,114 [INFO]   -> 6 jours récupérés pour BLDR (source: ibkr)
2026-08-09 20:57:53,115 [INFO] [65/503] BLK (BlackRock), depuis 2026-07-31...
2026-08-09 20:58:04,305 [INFO]   -> 6 jours récupérés pour BLK (source: ibkr)
2026-08-09 20:58:04,306 [INFO] [66/503] BMY (Bristol Myers Squibb), depuis 2026-07-31...
2026-08-09 20:58:15,528 [INFO]   -> 6 jours récupérés pour BMY (source: ibkr)
2026-08-09 20:58:15,530 [INFO] [67/503] BNY (BNY Mellon), depuis 2026-07-31...
2026-08-09 20:58:26,723 [INFO]   -> 6 jours récupérés pour BNY (source: ibkr)
2026-08-09 20:58:26,724 [INFO] [68/503] BR (Broadridge Financial Solutions), depuis 2026-07-31...
2026-08-09 20:58:37,946 [INFO]   -> 6 jours récupérés pour BR (source: ibkr)
2026-08-09 20:58:37,948 [INFO] [69/503] BRK B (Berkshire Hathaway), depuis 2026-07-31...
2026-08-09 20:58:49,143 [INFO]   -> 6 jours récupérés pour BRK B (source: ibkr)
2026-08-09 20:58:49,143 [INFO] [70/503] BRO (Brown & Brown), depuis 2026-07-31...
2026-08-09 20:59:00,324 [INFO]   -> 6 jours récupérés pour BRO (source: ibkr)
2026-08-09 20:59:00,325 [INFO] [71/503] BSX (Boston Scientific), depuis 2026-07-31...
2026-08-09 20:59:11,506 [INFO]   -> 6 jours récupérés pour BSX (source: ibkr)
2026-08-09 20:59:11,511 [INFO] [72/503] BX (Blackstone Inc.), depuis 2026-07-31...
2026-08-09 20:59:22,702 [INFO]   -> 6 jours récupérés pour BX (source: ibkr)
2026-08-09 20:59:22,704 [INFO] [73/503] BXP (BXP, Inc.), depuis 2026-07-31...
2026-08-09 20:59:33,890 [INFO]   -> 6 jours récupérés pour BXP (source: ibkr)
2026-08-09 20:59:33,892 [INFO] [74/503] C (Citigroup), depuis 2026-07-31...
2026-08-09 20:59:45,109 [INFO]   -> 6 jours récupérés pour C (source: ibkr)
2026-08-09 20:59:45,111 [INFO] [75/503] CAH (Cardinal Health), depuis 2026-07-31...
2026-08-09 20:59:56,308 [INFO]   -> 6 jours récupérés pour CAH (source: ibkr)
2026-08-09 20:59:56,309 [INFO] [76/503] CARR (Carrier Global), depuis 2026-07-31...
2026-08-09 21:00:07,496 [INFO]   -> 6 jours récupérés pour CARR (source: ibkr)
2026-08-09 21:00:07,497 [INFO] [77/503] CASY (Casey's), depuis 2026-07-31...
2026-08-09 21:00:18,689 [INFO]   -> 6 jours récupérés pour CASY (source: ibkr)
2026-08-09 21:00:18,690 [INFO] [78/503] CAT (Caterpillar Inc.), depuis 2026-07-31...
2026-08-09 21:00:29,875 [INFO]   -> 6 jours récupérés pour CAT (source: ibkr)
2026-08-09 21:00:29,876 [INFO] [79/503] CB (Chubb Limited), depuis 2026-07-31...
2026-08-09 21:00:41,060 [INFO]   -> 6 jours récupérés pour CB (source: ibkr)
2026-08-09 21:00:41,062 [INFO] [80/503] CBOE (Cboe Global Markets), depuis 2026-07-31...
2026-08-09 21:00:52,263 [INFO]   -> 6 jours récupérés pour CBOE (source: ibkr)
2026-08-09 21:00:52,263 [INFO] [81/503] CBRE (CBRE Group), depuis 2026-07-31...
2026-08-09 21:01:03,449 [INFO]   -> 6 jours récupérés pour CBRE (source: ibkr)
2026-08-09 21:01:03,449 [INFO] [82/503] CCI (Crown Castle), depuis 2026-07-31...
2026-08-09 21:01:14,636 [INFO]   -> 6 jours récupérés pour CCI (source: ibkr)
2026-08-09 21:01:14,637 [INFO] [83/503] CCL (Carnival Corporation), depuis 2026-07-31...
2026-08-09 21:01:25,822 [INFO]   -> 6 jours récupérés pour CCL (source: ibkr)
2026-08-09 21:01:25,826 [INFO] [84/503] CDNS (Cadence Design Systems), depuis 2026-07-31...
2026-08-09 21:01:37,074 [INFO]   -> 6 jours récupérés pour CDNS (source: ibkr)
2026-08-09 21:01:37,075 [INFO] [85/503] CDW (CDW Corporation), depuis 2026-07-31...
2026-08-09 21:01:48,263 [INFO]   -> 6 jours récupérés pour CDW (source: ibkr)
2026-08-09 21:01:48,265 [INFO] [86/503] CEG (Constellation Energy), depuis 2026-07-31...
2026-08-09 21:01:59,446 [INFO]   -> 6 jours récupérés pour CEG (source: ibkr)
2026-08-09 21:01:59,448 [INFO] [87/503] CF (CF Industries), depuis 2026-07-31...
2026-08-09 21:02:10,632 [INFO]   -> 6 jours récupérés pour CF (source: ibkr)
2026-08-09 21:02:10,633 [INFO] [88/503] CFG (Citizens Financial Group), depuis 2026-07-31...
2026-08-09 21:02:21,815 [INFO]   -> 6 jours récupérés pour CFG (source: ibkr)
2026-08-09 21:02:21,817 [INFO] [89/503] CHD (Church & Dwight), depuis 2026-07-31...
2026-08-09 21:02:33,008 [INFO]   -> 6 jours récupérés pour CHD (source: ibkr)
2026-08-09 21:02:33,030 [INFO] [90/503] CHRW (C.H. Robinson), depuis 2026-07-31...
2026-08-09 21:02:44,220 [INFO]   -> 6 jours récupérés pour CHRW (source: ibkr)
2026-08-09 21:02:44,221 [INFO] [91/503] CHTR (Charter Communications), depuis 2026-07-31...
2026-08-09 21:02:55,499 [INFO]   -> 6 jours récupérés pour CHTR (source: ibkr)
2026-08-09 21:02:55,500 [INFO] [92/503] CI (Cigna), depuis 2026-07-31...
2026-08-09 21:03:06,704 [INFO]   -> 6 jours récupérés pour CI (source: ibkr)
2026-08-09 21:03:06,705 [INFO] [93/503] CIEN (Ciena), depuis 2026-07-31...
2026-08-09 21:03:17,888 [INFO]   -> 6 jours récupérés pour CIEN (source: ibkr)
2026-08-09 21:03:17,889 [INFO] [94/503] CINF (Cincinnati Financial), depuis 2026-07-31...
2026-08-09 21:03:29,102 [INFO]   -> 6 jours récupérés pour CINF (source: ibkr)
2026-08-09 21:03:29,103 [INFO] [95/503] CL (Colgate-Palmolive), depuis 2026-07-31...
2026-08-09 21:03:40,287 [INFO]   -> 6 jours récupérés pour CL (source: ibkr)
2026-08-09 21:03:40,287 [INFO] [96/503] CLX (Clorox), depuis 2026-07-31...
2026-08-09 21:03:51,499 [INFO]   -> 6 jours récupérés pour CLX (source: ibkr)
2026-08-09 21:03:51,500 [INFO] [97/503] CMCSA (Comcast), depuis 2026-07-31...
2026-08-09 21:04:02,682 [INFO]   -> 6 jours récupérés pour CMCSA (source: ibkr)
2026-08-09 21:04:02,686 [INFO] [98/503] CME (CME Group), depuis 2026-07-31...
2026-08-09 21:04:13,875 [INFO]   -> 6 jours récupérés pour CME (source: ibkr)
2026-08-09 21:04:13,876 [INFO] [99/503] CMG (Chipotle Mexican Grill), depuis 2026-07-31...
2026-08-09 21:04:25,087 [INFO]   -> 6 jours récupérés pour CMG (source: ibkr)
2026-08-09 21:04:25,090 [INFO] [100/503] CMI (Cummins), depuis 2026-07-31...
2026-08-09 21:04:36,299 [INFO]   -> 6 jours récupérés pour CMI (source: ibkr)
2026-08-09 21:04:36,302 [INFO] [101/503] CMS (CMS Energy), depuis 2026-07-31...
2026-08-09 21:04:47,511 [INFO]   -> 6 jours récupérés pour CMS (source: ibkr)
2026-08-09 21:04:47,512 [INFO] [102/503] CNC (Centene Corporation), depuis 2026-07-31...
2026-08-09 21:04:58,700 [INFO]   -> 6 jours récupérés pour CNC (source: ibkr)
2026-08-09 21:04:58,702 [INFO] [103/503] CNP (CenterPoint Energy), depuis 2026-07-31...
2026-08-09 21:05:09,894 [INFO]   -> 6 jours récupérés pour CNP (source: ibkr)
2026-08-09 21:05:09,895 [INFO] [104/503] COF (Capital One), depuis 2026-07-31...
2026-08-09 21:05:21,091 [INFO]   -> 6 jours récupérés pour COF (source: ibkr)
2026-08-09 21:05:21,097 [INFO] [105/503] COHR (Coherent Corp.), depuis 2026-07-31...
2026-08-09 21:05:32,296 [INFO]   -> 6 jours récupérés pour COHR (source: ibkr)
2026-08-09 21:05:32,297 [INFO] [106/503] COIN (Coinbase), depuis 2026-07-31...
2026-08-09 21:05:43,496 [INFO]   -> 6 jours récupérés pour COIN (source: ibkr)
2026-08-09 21:05:43,499 [INFO] [107/503] COO (Cooper Companies (The)), depuis 2026-07-31...
2026-08-09 21:05:54,689 [INFO]   -> 6 jours récupérés pour COO (source: ibkr)
2026-08-09 21:05:54,691 [INFO] [108/503] COP (ConocoPhillips), depuis 2026-07-31...
2026-08-09 21:06:05,883 [INFO]   -> 6 jours récupérés pour COP (source: ibkr)
2026-08-09 21:06:05,883 [INFO] [109/503] COR (Cencora), depuis 2026-07-31...
2026-08-09 21:06:17,073 [INFO]   -> 6 jours récupérés pour COR (source: ibkr)
2026-08-09 21:06:17,075 [INFO] [110/503] COST (Costco), depuis 2026-07-31...
2026-08-09 21:06:28,273 [INFO]   -> 6 jours récupérés pour COST (source: ibkr)
2026-08-09 21:06:28,274 [INFO] [111/503] CPAY (Corpay), depuis 2026-07-31...
2026-08-09 21:06:39,779 [INFO]   -> 6 jours récupérés pour CPAY (source: ibkr)
2026-08-09 21:06:39,785 [INFO] [112/503] CPRT (Copart), depuis 2026-07-31...
2026-08-09 21:06:51,016 [INFO]   -> 6 jours récupérés pour CPRT (source: ibkr)
2026-08-09 21:06:51,017 [INFO] [113/503] CPT (Camden Property Trust), depuis 2026-07-31...
2026-08-09 21:07:02,203 [INFO]   -> 6 jours récupérés pour CPT (source: ibkr)
2026-08-09 21:07:02,204 [INFO] [114/503] CRH (CRH plc), depuis 2026-07-31...
2026-08-09 21:07:13,386 [INFO]   -> 6 jours récupérés pour CRH (source: ibkr)
2026-08-09 21:07:13,387 [INFO] [115/503] CRL (Charles River Laboratories), depuis 2026-07-31...
2026-08-09 21:07:24,576 [INFO]   -> 6 jours récupérés pour CRL (source: ibkr)
2026-08-09 21:07:24,577 [INFO] [116/503] CRM (Salesforce), depuis 2026-07-31...
2026-08-09 21:07:35,768 [INFO]   -> 6 jours récupérés pour CRM (source: ibkr)
2026-08-09 21:07:35,768 [INFO] [117/503] CRWD (CrowdStrike), depuis 2026-07-31...
2026-08-09 21:07:46,972 [INFO]   -> 6 jours récupérés pour CRWD (source: ibkr)
2026-08-09 21:07:46,974 [INFO] [118/503] CSCO (Cisco), depuis 2026-07-31...
2026-08-09 21:07:58,159 [INFO]   -> 6 jours récupérés pour CSCO (source: ibkr)
2026-08-09 21:07:58,160 [INFO] [119/503] CSGP (CoStar Group), depuis 2026-07-31...
2026-08-09 21:08:09,350 [INFO]   -> 6 jours récupérés pour CSGP (source: ibkr)
2026-08-09 21:08:09,351 [INFO] [120/503] CSX (CSX Corporation), depuis 2026-07-31...
2026-08-09 21:08:20,536 [INFO]   -> 6 jours récupérés pour CSX (source: ibkr)
2026-08-09 21:08:20,537 [INFO] [121/503] CTAS (Cintas), depuis 2026-07-31...
2026-08-09 21:08:31,721 [INFO]   -> 6 jours récupérés pour CTAS (source: ibkr)
2026-08-09 21:08:31,722 [INFO] [122/503] CTSH (Cognizant), depuis 2026-07-31...
2026-08-09 21:08:42,913 [INFO]   -> 6 jours récupérés pour CTSH (source: ibkr)
2026-08-09 21:08:42,917 [INFO] [123/503] CTVA (Corteva), depuis 2026-07-31...
2026-08-09 21:08:54,122 [INFO]   -> 6 jours récupérés pour CTVA (source: ibkr)
2026-08-09 21:08:54,124 [INFO] [124/503] CVNA (Carvana), depuis 2026-07-31...
2026-08-09 21:09:05,314 [INFO]   -> 6 jours récupérés pour CVNA (source: ibkr)
2026-08-09 21:09:05,315 [INFO] [125/503] CVS (CVS Health), depuis 2026-07-31...
2026-08-09 21:09:16,510 [INFO]   -> 6 jours récupérés pour CVS (source: ibkr)
2026-08-09 21:09:16,511 [INFO] [126/503] CVX (Chevron Corporation), depuis 2026-07-31...
2026-08-09 21:09:27,708 [INFO]   -> 6 jours récupérés pour CVX (source: ibkr)
2026-08-09 21:09:27,709 [INFO] [127/503] D (Dominion Energy), depuis 2026-07-31...
2026-08-09 21:09:38,901 [INFO]   -> 6 jours récupérés pour D (source: ibkr)
2026-08-09 21:09:38,901 [INFO] [128/503] DAL (Delta Air Lines), depuis 2026-07-31...
2026-08-09 21:09:50,096 [INFO]   -> 6 jours récupérés pour DAL (source: ibkr)
2026-08-09 21:09:50,103 [INFO] [129/503] DASH (DoorDash), depuis 2026-07-31...
2026-08-09 21:10:01,294 [INFO]   -> 6 jours récupérés pour DASH (source: ibkr)
2026-08-09 21:10:01,296 [INFO] [130/503] DD (DuPont), depuis 2026-07-31...
2026-08-09 21:10:12,492 [INFO]   -> 6 jours récupérés pour DD (source: ibkr)
2026-08-09 21:10:12,511 [INFO] [131/503] DDOG (Datadog), depuis 2026-07-31...
2026-08-09 21:10:23,706 [INFO]   -> 6 jours récupérés pour DDOG (source: ibkr)
2026-08-09 21:10:23,708 [INFO] [132/503] DE (Deere & Company), depuis 2026-07-31...
2026-08-09 21:10:34,898 [INFO]   -> 6 jours récupérés pour DE (source: ibkr)
2026-08-09 21:10:34,899 [INFO] [133/503] DECK (Deckers Brands), depuis 2026-07-31...
2026-08-09 21:10:46,088 [INFO]   -> 6 jours récupérés pour DECK (source: ibkr)
2026-08-09 21:10:46,089 [INFO] [134/503] DELL (Dell Technologies), depuis 2026-07-31...
2026-08-09 21:10:57,290 [INFO]   -> 6 jours récupérés pour DELL (source: ibkr)
2026-08-09 21:10:57,291 [INFO] [135/503] DG (Dollar General), depuis 2026-07-31...
2026-08-09 21:11:08,481 [INFO]   -> 6 jours récupérés pour DG (source: ibkr)
2026-08-09 21:11:08,482 [INFO] [136/503] DGX (Quest Diagnostics), depuis 2026-07-31...
2026-08-09 21:11:19,695 [INFO]   -> 6 jours récupérés pour DGX (source: ibkr)
2026-08-09 21:11:19,696 [INFO] [137/503] DHI (D. R. Horton), depuis 2026-07-31...
2026-08-09 21:11:30,890 [INFO]   -> 6 jours récupérés pour DHI (source: ibkr)
2026-08-09 21:11:30,894 [INFO] [138/503] DHR (Danaher Corporation), depuis 2026-07-31...
2026-08-09 21:11:42,094 [INFO]   -> 6 jours récupérés pour DHR (source: ibkr)
2026-08-09 21:11:42,095 [INFO] [139/503] DIS (Walt Disney Company (The)), depuis 2026-07-31...
2026-08-09 21:11:55,288 [INFO]   -> 6 jours récupérés pour DIS (source: ibkr)
2026-08-09 21:11:55,289 [INFO] [140/503] DLR (Digital Realty), depuis 2026-07-31...
2026-08-09 21:12:06,583 [INFO]   -> 6 jours récupérés pour DLR (source: ibkr)
2026-08-09 21:12:06,585 [INFO] [141/503] DLTR (Dollar Tree), depuis 2026-07-31...
2026-08-09 21:12:17,777 [INFO]   -> 6 jours récupérés pour DLTR (source: ibkr)
2026-08-09 21:12:17,778 [INFO] [142/503] DOC (Healthpeak Properties), depuis 2026-07-31...
2026-08-09 21:12:28,964 [INFO]   -> 6 jours récupérés pour DOC (source: ibkr)
2026-08-09 21:12:28,965 [INFO] [143/503] DOV (Dover Corporation), depuis 2026-07-31...
2026-08-09 21:12:40,153 [INFO]   -> 6 jours récupérés pour DOV (source: ibkr)
2026-08-09 21:12:40,154 [INFO] [144/503] DOW (Dow Inc.), depuis 2026-07-31...
2026-08-09 21:12:51,365 [INFO]   -> 6 jours récupérés pour DOW (source: ibkr)
2026-08-09 21:12:51,367 [INFO] [145/503] DPZ (Domino's), depuis 2026-07-31...
2026-08-09 21:13:02,591 [INFO]   -> 6 jours récupérés pour DPZ (source: ibkr)
2026-08-09 21:13:02,593 [INFO] [146/503] DRI (Darden Restaurants), depuis 2026-07-31...
2026-08-09 21:13:13,790 [INFO]   -> 6 jours récupérés pour DRI (source: ibkr)
2026-08-09 21:13:13,791 [INFO] [147/503] DTE (DTE Energy), depuis 2026-07-31...
2026-08-09 21:13:24,974 [INFO]   -> 6 jours récupérés pour DTE (source: ibkr)
2026-08-09 21:13:25,007 [INFO] [148/503] DUK (Duke Energy), depuis 2026-07-31...
2026-08-09 21:13:36,194 [INFO]   -> 6 jours récupérés pour DUK (source: ibkr)
2026-08-09 21:13:36,196 [INFO] [149/503] DVA (DaVita), depuis 2026-07-31...
2026-08-09 21:13:47,394 [INFO]   -> 6 jours récupérés pour DVA (source: ibkr)
2026-08-09 21:13:47,395 [INFO] [150/503] DVN (Devon Energy), depuis 2026-07-31...
2026-08-09 21:13:58,591 [INFO]   -> 6 jours récupérés pour DVN (source: ibkr)
2026-08-09 21:13:58,592 [INFO] [151/503] DXCM (Dexcom), depuis 2026-07-31...
2026-08-09 21:14:09,784 [INFO]   -> 6 jours récupérés pour DXCM (source: ibkr)
2026-08-09 21:14:09,785 [INFO] [152/503] EBAY (eBay Inc.), depuis 2026-07-31...
2026-08-09 21:14:20,971 [INFO]   -> 6 jours récupérés pour EBAY (source: ibkr)
2026-08-09 21:14:20,972 [INFO] [153/503] ECHO (EchoStar), depuis 2026-07-31...
2026-08-09 21:14:32,193 [INFO]   -> 6 jours récupérés pour ECHO (source: ibkr)
2026-08-09 21:14:32,194 [INFO] [154/503] ECL (Ecolab), depuis 2026-07-31...
2026-08-09 21:14:43,388 [INFO]   -> 6 jours récupérés pour ECL (source: ibkr)
2026-08-09 21:14:43,389 [INFO] [155/503] ED (Consolidated Edison), depuis 2026-07-31...
2026-08-09 21:14:54,584 [INFO]   -> 6 jours récupérés pour ED (source: ibkr)
2026-08-09 21:14:54,585 [INFO] [156/503] EFX (Equifax), depuis 2026-07-31...
2026-08-09 21:15:05,769 [INFO]   -> 6 jours récupérés pour EFX (source: ibkr)
2026-08-09 21:15:05,770 [INFO] [157/503] EG (Everest Group), depuis 2026-07-31...
2026-08-09 21:15:16,963 [INFO]   -> 6 jours récupérés pour EG (source: ibkr)
2026-08-09 21:15:16,964 [INFO] [158/503] EIX (Edison International), depuis 2026-07-31...
2026-08-09 21:15:28,154 [INFO]   -> 6 jours récupérés pour EIX (source: ibkr)
2026-08-09 21:15:28,157 [INFO] [159/503] EL (Estée Lauder Companies (The)), depuis 2026-07-31...
2026-08-09 21:15:39,389 [INFO]   -> 6 jours récupérés pour EL (source: ibkr)
2026-08-09 21:15:39,389 [INFO] [160/503] ELV (Elevance Health), depuis 2026-07-31...
2026-08-09 21:15:50,577 [INFO]   -> 6 jours récupérés pour ELV (source: ibkr)
2026-08-09 21:15:50,578 [INFO] [161/503] EME (Emcor), depuis 2026-07-31...
2026-08-09 21:16:01,759 [INFO]   -> 6 jours récupérés pour EME (source: ibkr)
2026-08-09 21:16:01,760 [INFO] [162/503] EMR (Emerson Electric), depuis 2026-07-31...
2026-08-09 21:16:12,944 [INFO]   -> 6 jours récupérés pour EMR (source: ibkr)
2026-08-09 21:16:12,945 [INFO] [163/503] EOG (EOG Resources), depuis 2026-07-31...
2026-08-09 21:16:24,137 [INFO]   -> 6 jours récupérés pour EOG (source: ibkr)
2026-08-09 21:16:24,138 [INFO] [164/503] EQIX (Equinix), depuis 2026-07-31...
2026-08-09 21:16:35,324 [INFO]   -> 6 jours récupérés pour EQIX (source: ibkr)
2026-08-09 21:16:35,325 [INFO] [165/503] EQR (Equity Residential), depuis 2026-07-31...
2026-08-09 21:16:46,516 [INFO]   -> 6 jours récupérés pour EQR (source: ibkr)
2026-08-09 21:16:46,517 [INFO] [166/503] EQT (EQT Corporation), depuis 2026-07-31...
2026-08-09 21:16:57,708 [INFO]   -> 6 jours récupérés pour EQT (source: ibkr)
2026-08-09 21:16:57,709 [INFO] [167/503] ERIE (Erie Indemnity), depuis 2026-07-31...
2026-08-09 21:17:08,895 [INFO]   -> 6 jours récupérés pour ERIE (source: ibkr)
2026-08-09 21:17:08,897 [INFO] [168/503] ES (Eversource Energy), depuis 2026-07-31...
2026-08-09 21:17:20,095 [INFO]   -> 6 jours récupérés pour ES (source: ibkr)
2026-08-09 21:17:20,096 [INFO] [169/503] ESS (Essex Property Trust), depuis 2026-07-31...
2026-08-09 21:17:31,410 [INFO]   -> 6 jours récupérés pour ESS (source: ibkr)
2026-08-09 21:17:31,411 [INFO] [170/503] ETN (Eaton Corporation), depuis 2026-07-31...
2026-08-09 21:17:42,597 [INFO]   -> 6 jours récupérés pour ETN (source: ibkr)
2026-08-09 21:17:42,597 [INFO] [171/503] ETR (Entergy), depuis 2026-07-31...
2026-08-09 21:17:53,783 [INFO]   -> 6 jours récupérés pour ETR (source: ibkr)
2026-08-09 21:17:53,784 [INFO] [172/503] EVRG (Evergy), depuis 2026-07-31...
2026-08-09 21:18:04,971 [INFO]   -> 6 jours récupérés pour EVRG (source: ibkr)
2026-08-09 21:18:04,972 [INFO] [173/503] EW (Edwards Lifesciences), depuis 2026-07-31...
2026-08-09 21:18:16,160 [INFO]   -> 6 jours récupérés pour EW (source: ibkr)
2026-08-09 21:18:16,161 [INFO] [174/503] EXC (Exelon), depuis 2026-07-31...
2026-08-09 21:18:27,354 [INFO]   -> 6 jours récupérés pour EXC (source: ibkr)
2026-08-09 21:18:27,354 [INFO] [175/503] EXE (Expand Energy), depuis 2026-07-31...
2026-08-09 21:18:38,540 [INFO]   -> 6 jours récupérés pour EXE (source: ibkr)
2026-08-09 21:18:38,541 [INFO] [176/503] EXPD (Expeditors International), depuis 2026-07-31...
2026-08-09 21:18:49,727 [INFO]   -> 6 jours récupérés pour EXPD (source: ibkr)
2026-08-09 21:18:49,728 [INFO] [177/503] EXPE (Expedia Group), depuis 2026-07-31...
2026-08-09 21:19:00,920 [INFO]   -> 6 jours récupérés pour EXPE (source: ibkr)
2026-08-09 21:19:00,920 [INFO] [178/503] EXR (Extra Space Storage), depuis 2026-07-31...
2026-08-09 21:19:12,118 [INFO]   -> 6 jours récupérés pour EXR (source: ibkr)
2026-08-09 21:19:12,119 [INFO] [179/503] F (Ford Motor Company), depuis 2026-07-31...
2026-08-09 21:19:23,304 [INFO]   -> 6 jours récupérés pour F (source: ibkr)
2026-08-09 21:19:23,304 [INFO] [180/503] FANG (Diamondback Energy), depuis 2026-07-31...
2026-08-09 21:19:34,501 [INFO]   -> 6 jours récupérés pour FANG (source: ibkr)
2026-08-09 21:19:34,503 [INFO] [181/503] FAST (Fastenal), depuis 2026-07-31...
2026-08-09 21:19:45,795 [INFO]   -> 6 jours récupérés pour FAST (source: ibkr)
2026-08-09 21:19:45,796 [INFO] [182/503] FCX (Freeport-McMoRan), depuis 2026-07-31...
2026-08-09 21:19:56,987 [INFO]   -> 6 jours récupérés pour FCX (source: ibkr)
2026-08-09 21:19:56,987 [INFO] [183/503] FDS (FactSet), depuis 2026-07-31...
2026-08-09 21:20:08,175 [INFO]   -> 6 jours récupérés pour FDS (source: ibkr)
2026-08-09 21:20:08,176 [INFO] [184/503] FDX (FedEx), depuis 2026-07-31...
2026-08-09 21:20:19,365 [INFO]   -> 6 jours récupérés pour FDX (source: ibkr)
2026-08-09 21:20:19,366 [INFO] [185/503] FDXF (FedEx Freight), depuis 2026-07-31...
2026-08-09 21:20:30,562 [INFO]   -> 6 jours récupérés pour FDXF (source: ibkr)
2026-08-09 21:20:30,563 [INFO] [186/503] FE (FirstEnergy), depuis 2026-07-31...
2026-08-09 21:20:41,754 [INFO]   -> 6 jours récupérés pour FE (source: ibkr)
2026-08-09 21:20:41,755 [INFO] [187/503] FERG (Ferguson Enterprises), depuis 2010-01-01...
2026-08-09 21:20:53,760 [INFO]   -> 1360 jours récupérés pour FERG (source: ibkr)
2026-08-09 21:20:53,761 [INFO] [188/503] FFIV (F5, Inc.), depuis 2026-07-31...
2026-08-09 21:21:04,946 [INFO]   -> 6 jours récupérés pour FFIV (source: ibkr)
2026-08-09 21:21:04,947 [INFO] [189/503] FICO (Fair Isaac), depuis 2026-07-31...
2026-08-09 21:21:16,142 [INFO]   -> 6 jours récupérés pour FICO (source: ibkr)
2026-08-09 21:21:16,142 [INFO] [190/503] FIS (Fidelity National Information Services), depuis 2026-07-31...
2026-08-09 21:21:27,335 [INFO]   -> 6 jours récupérés pour FIS (source: ibkr)
2026-08-09 21:21:27,336 [INFO] [191/503] FISV (Fiserv), depuis 2026-07-31...
2026-08-09 21:21:38,528 [INFO]   -> 6 jours récupérés pour FISV (source: ibkr)
2026-08-09 21:21:38,528 [INFO] [192/503] FITB (Fifth Third Bancorp), depuis 2026-07-31...
2026-08-09 21:21:49,713 [INFO]   -> 6 jours récupérés pour FITB (source: ibkr)
2026-08-09 21:21:49,714 [INFO] [193/503] FIX (Comfort Systems USA), depuis 2026-07-31...
2026-08-09 21:22:00,915 [INFO]   -> 6 jours récupérés pour FIX (source: ibkr)
2026-08-09 21:22:00,916 [INFO] [194/503] FLEX (Flex Ltd.), depuis 2026-07-31...
2026-08-09 21:22:12,114 [INFO]   -> 6 jours récupérés pour FLEX (source: ibkr)
2026-08-09 21:22:12,114 [INFO] [195/503] FOX (Fox Corporation (Class B)), depuis 2026-07-31...
2026-08-09 21:22:23,302 [INFO]   -> 6 jours récupérés pour FOX (source: ibkr)
2026-08-09 21:22:23,308 [INFO] [196/503] FOXA (Fox Corporation (Class A)), depuis 2026-07-31...
2026-08-09 21:22:34,517 [INFO]   -> 6 jours récupérés pour FOXA (source: ibkr)
2026-08-09 21:22:34,517 [INFO] [197/503] FRT (Federal Realty Investment Trust), depuis 2026-07-31...
2026-08-09 21:22:45,816 [INFO]   -> 6 jours récupérés pour FRT (source: ibkr)
2026-08-09 21:22:45,817 [INFO] [198/503] FSLR (First Solar), depuis 2026-07-31...
2026-08-09 21:22:57,004 [INFO]   -> 6 jours récupérés pour FSLR (source: ibkr)
2026-08-09 21:22:57,005 [INFO] [199/503] FTNT (Fortinet), depuis 2026-07-31...
2026-08-09 21:23:08,196 [INFO]   -> 6 jours récupérés pour FTNT (source: ibkr)
2026-08-09 21:23:08,197 [INFO] [200/503] FTV (Fortive), depuis 2026-07-31...
2026-08-09 21:23:19,384 [INFO]   -> 6 jours récupérés pour FTV (source: ibkr)
2026-08-09 21:23:19,385 [INFO] [201/503] GD (General Dynamics), depuis 2026-07-31...
2026-08-09 21:23:30,580 [INFO]   -> 6 jours récupérés pour GD (source: ibkr)
2026-08-09 21:23:30,581 [INFO] [202/503] GDDY (GoDaddy), depuis 2026-07-31...
2026-08-09 21:23:41,781 [INFO]   -> 6 jours récupérés pour GDDY (source: ibkr)
2026-08-09 21:23:41,782 [INFO] [203/503] GE (GE Aerospace), depuis 2026-07-31...
2026-08-09 21:23:52,978 [INFO]   -> 6 jours récupérés pour GE (source: ibkr)
2026-08-09 21:23:52,979 [INFO] [204/503] GEHC (GE HealthCare), depuis 2026-07-31...
2026-08-09 21:24:04,164 [INFO]   -> 6 jours récupérés pour GEHC (source: ibkr)
2026-08-09 21:24:04,164 [INFO] [205/503] GEN (Gen Digital), depuis 2026-07-31...
2026-08-09 21:24:15,357 [INFO]   -> 6 jours récupérés pour GEN (source: ibkr)
2026-08-09 21:24:15,358 [INFO] [206/503] GEV (GE Vernova), depuis 2026-07-31...
2026-08-09 21:24:26,583 [INFO]   -> 6 jours récupérés pour GEV (source: ibkr)
2026-08-09 21:24:26,583 [INFO] [207/503] GILD (Gilead Sciences), depuis 2026-07-31...
2026-08-09 21:24:37,773 [INFO]   -> 6 jours récupérés pour GILD (source: ibkr)
2026-08-09 21:24:37,773 [INFO] [208/503] GIS (General Mills), depuis 2026-07-31...
2026-08-09 21:24:48,971 [INFO]   -> 6 jours récupérés pour GIS (source: ibkr)
2026-08-09 21:24:48,971 [INFO] [209/503] GL (Globe Life), depuis 2026-07-31...
2026-08-09 21:25:00,166 [INFO]   -> 6 jours récupérés pour GL (source: ibkr)
2026-08-09 21:25:00,167 [INFO] [210/503] GLW (Corning Inc.), depuis 2026-07-31...
2026-08-09 21:25:11,374 [INFO]   -> 6 jours récupérés pour GLW (source: ibkr)
2026-08-09 21:25:11,375 [INFO] [211/503] GM (General Motors), depuis 2026-07-31...
2026-08-09 21:25:22,565 [INFO]   -> 6 jours récupérés pour GM (source: ibkr)
2026-08-09 21:25:22,566 [INFO] [212/503] GNRC (Generac), depuis 2026-07-31...
2026-08-09 21:25:33,755 [INFO]   -> 6 jours récupérés pour GNRC (source: ibkr)
2026-08-09 21:25:33,756 [INFO] [213/503] GOOG (Alphabet Inc. (Class C)), depuis 2026-07-31...
2026-08-09 21:25:44,948 [INFO]   -> 6 jours récupérés pour GOOG (source: ibkr)
2026-08-09 21:25:44,949 [INFO] [214/503] GOOGL (Alphabet Inc. (Class A)), depuis 2026-07-31...
2026-08-09 21:25:56,140 [INFO]   -> 6 jours récupérés pour GOOGL (source: ibkr)
2026-08-09 21:25:56,141 [INFO] [215/503] GPC (Genuine Parts Company), depuis 2026-07-31...
2026-08-09 21:26:07,344 [INFO]   -> 6 jours récupérés pour GPC (source: ibkr)
2026-08-09 21:26:07,344 [INFO] [216/503] GPN (Global Payments), depuis 2026-07-31...
2026-08-09 21:26:18,537 [INFO]   -> 6 jours récupérés pour GPN (source: ibkr)
2026-08-09 21:26:18,538 [INFO] [217/503] GRMN (Garmin), depuis 2026-07-31...
2026-08-09 21:26:29,730 [INFO]   -> 6 jours récupérés pour GRMN (source: ibkr)
2026-08-09 21:26:29,731 [INFO] [218/503] GS (Goldman Sachs), depuis 2026-07-31...
2026-08-09 21:26:40,927 [INFO]   -> 6 jours récupérés pour GS (source: ibkr)
2026-08-09 21:26:40,931 [INFO] [219/503] GWW (W. W. Grainger), depuis 2026-07-31...
2026-08-09 21:26:52,126 [INFO]   -> 6 jours récupérés pour GWW (source: ibkr)
2026-08-09 21:26:52,127 [INFO] [220/503] HAL (Halliburton), depuis 2026-07-31...
2026-08-09 21:27:03,318 [INFO]   -> 6 jours récupérés pour HAL (source: ibkr)
2026-08-09 21:27:03,318 [INFO] [221/503] HAS (Hasbro), depuis 2026-07-31...
2026-08-09 21:27:14,515 [INFO]   -> 6 jours récupérés pour HAS (source: ibkr)
2026-08-09 21:27:14,516 [INFO] [222/503] HBAN (Huntington Bancshares), depuis 2026-07-31...
2026-08-09 21:27:25,706 [INFO]   -> 6 jours récupérés pour HBAN (source: ibkr)
2026-08-09 21:27:25,707 [INFO] [223/503] HCA (HCA Healthcare), depuis 2026-07-31...
2026-08-09 21:27:36,901 [INFO]   -> 6 jours récupérés pour HCA (source: ibkr)
2026-08-09 21:27:36,902 [INFO] [224/503] HD (Home Depot (The)), depuis 2026-07-31...
2026-08-09 21:27:48,089 [INFO]   -> 6 jours récupérés pour HD (source: ibkr)
2026-08-09 21:27:48,090 [INFO] [225/503] HIG (Hartford (The)), depuis 2026-07-31...
2026-08-09 21:27:59,280 [INFO]   -> 6 jours récupérés pour HIG (source: ibkr)
2026-08-09 21:27:59,281 [INFO] [226/503] HII (Huntington Ingalls Industries), depuis 2026-07-31...
2026-08-09 21:28:10,499 [INFO]   -> 6 jours récupérés pour HII (source: ibkr)
2026-08-09 21:28:10,500 [INFO] [227/503] HLT (Hilton Worldwide), depuis 2026-07-31...
2026-08-09 21:28:21,699 [INFO]   -> 6 jours récupérés pour HLT (source: ibkr)
2026-08-09 21:28:21,699 [INFO] [228/503] HON (Honeywell Technologies), depuis 2026-07-31...
2026-08-09 21:28:32,898 [INFO]   -> 6 jours récupérés pour HON (source: ibkr)
2026-08-09 21:28:32,899 [INFO] [229/503] HONA (Honeywell Aerospace), depuis 2026-07-31...
2026-08-09 21:28:44,238 [INFO]   -> 6 jours récupérés pour HONA (source: ibkr)
2026-08-09 21:28:44,239 [INFO] [230/503] HOOD (Robinhood Markets), depuis 2026-07-31...
2026-08-09 21:28:55,431 [INFO]   -> 6 jours récupérés pour HOOD (source: ibkr)
2026-08-09 21:28:55,431 [INFO] [231/503] HPE (Hewlett Packard Enterprise), depuis 2026-07-31...
2026-08-09 21:29:06,624 [INFO]   -> 6 jours récupérés pour HPE (source: ibkr)
2026-08-09 21:29:06,625 [INFO] [232/503] HPQ (HP Inc.), depuis 2026-07-31...
2026-08-09 21:29:17,817 [INFO]   -> 6 jours récupérés pour HPQ (source: ibkr)
2026-08-09 21:29:17,818 [INFO] [233/503] HRL (Hormel Foods), depuis 2026-07-31...
2026-08-09 21:29:29,011 [INFO]   -> 6 jours récupérés pour HRL (source: ibkr)
2026-08-09 21:29:29,012 [INFO] [234/503] HSIC (Henry Schein), depuis 2026-07-31...
2026-08-09 21:29:40,194 [INFO]   -> 6 jours récupérés pour HSIC (source: ibkr)
2026-08-09 21:29:40,195 [INFO] [235/503] HST (Host Hotels & Resorts), depuis 2026-07-31...
2026-08-09 21:29:51,402 [INFO]   -> 6 jours récupérés pour HST (source: ibkr)
2026-08-09 21:29:51,403 [INFO] [236/503] HSY (Hershey Company (The)), depuis 2026-07-31...
2026-08-09 21:30:02,630 [INFO]   -> 6 jours récupérés pour HSY (source: ibkr)
2026-08-09 21:30:02,631 [INFO] [237/503] HUBB (Hubbell Incorporated), depuis 2026-07-31...
2026-08-09 21:30:13,838 [INFO]   -> 6 jours récupérés pour HUBB (source: ibkr)
2026-08-09 21:30:13,839 [INFO] [238/503] HUM (Humana), depuis 2026-07-31...
2026-08-09 21:30:25,036 [INFO]   -> 6 jours récupérés pour HUM (source: ibkr)
2026-08-09 21:30:25,036 [INFO] [239/503] HWM (Howmet Aerospace), depuis 2026-07-31...
2026-08-09 21:30:36,221 [INFO]   -> 6 jours récupérés pour HWM (source: ibkr)
2026-08-09 21:30:36,222 [INFO] [240/503] IBKR (Interactive Brokers), depuis 2026-07-31...
2026-08-09 21:30:47,488 [INFO]   -> 6 jours récupérés pour IBKR (source: ibkr)
2026-08-09 21:30:47,489 [INFO] [241/503] IBM (IBM), depuis 2026-07-31...
2026-08-09 21:30:58,677 [INFO]   -> 6 jours récupérés pour IBM (source: ibkr)
2026-08-09 21:30:58,677 [INFO] [242/503] ICE (Intercontinental Exchange), depuis 2026-07-31...
2026-08-09 21:31:10,143 [INFO]   -> 6 jours récupérés pour ICE (source: ibkr)
2026-08-09 21:31:10,144 [INFO] [243/503] IDXX (Idexx Laboratories), depuis 2026-07-31...
2026-08-09 21:31:21,336 [INFO]   -> 6 jours récupérés pour IDXX (source: ibkr)
2026-08-09 21:31:21,337 [INFO] [244/503] IEX (IDEX Corporation), depuis 2026-07-31...
2026-08-09 21:31:32,539 [INFO]   -> 6 jours récupérés pour IEX (source: ibkr)
2026-08-09 21:31:32,539 [INFO] [245/503] IFF (International Flavors & Fragrances), depuis 2026-07-31...
2026-08-09 21:31:43,738 [INFO]   -> 6 jours récupérés pour IFF (source: ibkr)
2026-08-09 21:31:43,740 [INFO] [246/503] INCY (Incyte), depuis 2026-07-31...
2026-08-09 21:31:55,322 [INFO]   -> 6 jours récupérés pour INCY (source: ibkr)
2026-08-09 21:31:55,323 [INFO] [247/503] INTC (Intel), depuis 2026-07-31...
2026-08-09 21:32:06,528 [INFO]   -> 6 jours récupérés pour INTC (source: ibkr)
2026-08-09 21:32:06,529 [INFO] [248/503] INTU (Intuit), depuis 2026-07-31...
2026-08-09 21:32:17,719 [INFO]   -> 6 jours récupérés pour INTU (source: ibkr)
2026-08-09 21:32:17,720 [INFO] [249/503] INVH (Invitation Homes), depuis 2026-07-31...
2026-08-09 21:32:28,926 [INFO]   -> 6 jours récupérés pour INVH (source: ibkr)
2026-08-09 21:32:28,927 [INFO] [250/503] IP (International Paper), depuis 2026-07-31...
2026-08-09 21:32:40,165 [INFO]   -> 6 jours récupérés pour IP (source: ibkr)
2026-08-09 21:32:40,166 [INFO] [251/503] IQV (IQVIA), depuis 2026-07-31...
2026-08-09 21:32:51,355 [INFO]   -> 6 jours récupérés pour IQV (source: ibkr)
2026-08-09 21:32:51,356 [INFO] [252/503] IR (Ingersoll Rand), depuis 2026-07-31...
2026-08-09 21:33:02,585 [INFO]   -> 6 jours récupérés pour IR (source: ibkr)
2026-08-09 21:33:02,588 [INFO] [253/503] IRM (Iron Mountain), depuis 2026-07-31...
2026-08-09 21:33:14,166 [INFO]   -> 6 jours récupérés pour IRM (source: ibkr)
2026-08-09 21:33:14,167 [INFO] [254/503] ISRG (Intuitive Surgical), depuis 2026-07-31...
2026-08-09 21:33:25,480 [INFO]   -> 6 jours récupérés pour ISRG (source: ibkr)
2026-08-09 21:33:25,481 [INFO] [255/503] IT (Gartner), depuis 2026-07-31...
2026-08-09 21:33:36,694 [INFO]   -> 6 jours récupérés pour IT (source: ibkr)
2026-08-09 21:33:36,695 [INFO] [256/503] ITW (Illinois Tool Works), depuis 2026-07-31...
2026-08-09 21:33:49,252 [INFO]   -> 6 jours récupérés pour ITW (source: ibkr)
2026-08-09 21:33:49,253 [INFO] [257/503] IVZ (Invesco), depuis 2026-07-31...
2026-08-09 21:34:00,552 [INFO]   -> 6 jours récupérés pour IVZ (source: ibkr)
2026-08-09 21:34:00,556 [INFO] [258/503] J (Jacobs Solutions), depuis 2026-07-31...
2026-08-09 21:34:11,758 [INFO]   -> 6 jours récupérés pour J (source: ibkr)
2026-08-09 21:34:11,759 [INFO] [259/503] JBHT (J.B. Hunt), depuis 2026-07-31...
2026-08-09 21:34:22,968 [INFO]   -> 6 jours récupérés pour JBHT (source: ibkr)
2026-08-09 21:34:22,969 [INFO] [260/503] JBL (Jabil), depuis 2026-07-31...
2026-08-09 21:34:34,190 [INFO]   -> 6 jours récupérés pour JBL (source: ibkr)
2026-08-09 21:34:34,191 [INFO] [261/503] JCI (Johnson Controls), depuis 2026-07-31...
2026-08-09 21:34:45,827 [INFO]   -> 6 jours récupérés pour JCI (source: ibkr)
2026-08-09 21:34:45,827 [INFO] [262/503] JKHY (Jack Henry & Associates), depuis 2026-07-31...
2026-08-09 21:34:57,253 [INFO]   -> 6 jours récupérés pour JKHY (source: ibkr)
2026-08-09 21:34:57,254 [INFO] [263/503] JNJ (Johnson & Johnson), depuis 2026-07-31...
2026-08-09 21:35:08,489 [INFO]   -> 6 jours récupérés pour JNJ (source: ibkr)
2026-08-09 21:35:08,490 [INFO] [264/503] JPM (JPMorgan Chase), depuis 2026-07-31...
2026-08-09 21:35:19,678 [INFO]   -> 6 jours récupérés pour JPM (source: ibkr)
2026-08-09 21:35:19,679 [INFO] [265/503] KDP (Keurig Dr Pepper), depuis 2026-07-31...
2026-08-09 21:35:31,996 [INFO]   -> 6 jours récupérés pour KDP (source: ibkr)
2026-08-09 21:35:31,997 [INFO] [266/503] KEY (KeyCorp), depuis 2026-07-31...
2026-08-09 21:35:43,192 [INFO]   -> 6 jours récupérés pour KEY (source: ibkr)
2026-08-09 21:35:43,193 [INFO] [267/503] KEYS (Keysight Technologies), depuis 2026-07-31...
2026-08-09 21:35:54,489 [INFO]   -> 6 jours récupérés pour KEYS (source: ibkr)
2026-08-09 21:35:54,490 [INFO] [268/503] KHC (Kraft Heinz), depuis 2026-07-31...
2026-08-09 21:36:05,705 [INFO]   -> 6 jours récupérés pour KHC (source: ibkr)
2026-08-09 21:36:05,706 [INFO] [269/503] KIM (Kimco Realty), depuis 2026-07-31...
2026-08-09 21:36:16,910 [INFO]   -> 6 jours récupérés pour KIM (source: ibkr)
2026-08-09 21:36:16,910 [INFO] [270/503] KKR (KKR & Co.), depuis 2026-07-31...
2026-08-09 21:36:28,102 [INFO]   -> 6 jours récupérés pour KKR (source: ibkr)
2026-08-09 21:36:28,105 [INFO] [271/503] KLAC (KLA Corporation), depuis 2026-07-31...
2026-08-09 21:36:39,791 [INFO]   -> 6 jours récupérés pour KLAC (source: ibkr)
2026-08-09 21:36:39,792 [INFO] [272/503] KMB (Kimberly-Clark), depuis 2026-07-31...
2026-08-09 21:36:50,986 [INFO]   -> 6 jours récupérés pour KMB (source: ibkr)
2026-08-09 21:36:50,986 [INFO] [273/503] KMI (Kinder Morgan), depuis 2026-07-31...
2026-08-09 21:37:02,180 [INFO]   -> 6 jours récupérés pour KMI (source: ibkr)
2026-08-09 21:37:02,180 [INFO] [274/503] KO (Coca-Cola Company (The)), depuis 2026-07-31...
2026-08-09 21:37:13,363 [INFO]   -> 6 jours récupérés pour KO (source: ibkr)
2026-08-09 21:37:13,364 [INFO] [275/503] KR (Kroger), depuis 2026-07-31...
2026-08-09 21:37:24,561 [INFO]   -> 6 jours récupérés pour KR (source: ibkr)
2026-08-09 21:37:24,562 [INFO] [276/503] KVUE (Kenvue), depuis 2026-07-31...
2026-08-09 21:37:35,754 [INFO]   -> 6 jours récupérés pour KVUE (source: ibkr)
2026-08-09 21:37:35,755 [INFO] [277/503] L (Loews Corporation), depuis 2026-07-31...
2026-08-09 21:37:46,953 [INFO]   -> 6 jours récupérés pour L (source: ibkr)
2026-08-09 21:37:46,953 [INFO] [278/503] LDOS (Leidos), depuis 2026-07-31...
2026-08-09 21:37:58,140 [INFO]   -> 6 jours récupérés pour LDOS (source: ibkr)
2026-08-09 21:37:58,140 [INFO] [279/503] LEN (Lennar), depuis 2026-07-31...
2026-08-09 21:38:09,346 [INFO]   -> 6 jours récupérés pour LEN (source: ibkr)
2026-08-09 21:38:09,347 [INFO] [280/503] LH (Labcorp), depuis 2026-07-31...
2026-08-09 21:38:20,535 [INFO]   -> 6 jours récupérés pour LH (source: ibkr)
2026-08-09 21:38:20,536 [INFO] [281/503] LHX (L3Harris), depuis 2026-07-31...
2026-08-09 21:38:31,727 [INFO]   -> 6 jours récupérés pour LHX (source: ibkr)
2026-08-09 21:38:31,728 [INFO] [282/503] LII (Lennox International), depuis 2026-07-31...
2026-08-09 21:38:42,927 [INFO]   -> 6 jours récupérés pour LII (source: ibkr)
2026-08-09 21:38:42,928 [INFO] [283/503] LIN (Linde plc), depuis 2026-07-31...
2026-08-09 21:38:54,120 [INFO]   -> 6 jours récupérés pour LIN (source: ibkr)
2026-08-09 21:38:54,120 [INFO] [284/503] LITE (Lumentum), depuis 2026-07-31...
2026-08-09 21:39:05,313 [INFO]   -> 6 jours récupérés pour LITE (source: ibkr)
2026-08-09 21:39:05,313 [INFO] [285/503] LLY (Lilly (Eli)), depuis 2026-07-31...
2026-08-09 21:39:16,512 [INFO]   -> 6 jours récupérés pour LLY (source: ibkr)
2026-08-09 21:39:16,513 [INFO] [286/503] LMT (Lockheed Martin), depuis 2026-07-31...
2026-08-09 21:39:27,707 [INFO]   -> 6 jours récupérés pour LMT (source: ibkr)
2026-08-09 21:39:27,708 [INFO] [287/503] LNT (Alliant Energy), depuis 2026-07-31...
2026-08-09 21:39:38,899 [INFO]   -> 6 jours récupérés pour LNT (source: ibkr)
2026-08-09 21:39:38,900 [INFO] [288/503] LOW (Lowe's), depuis 2026-07-31...
2026-08-09 21:39:50,214 [INFO]   -> 6 jours récupérés pour LOW (source: ibkr)
2026-08-09 21:39:50,215 [INFO] [289/503] LRCX (Lam Research), depuis 2026-07-31...
2026-08-09 21:40:01,538 [INFO]   -> 6 jours récupérés pour LRCX (source: ibkr)
2026-08-09 21:40:01,539 [INFO] [290/503] LULU (Lululemon Athletica), depuis 2026-07-31...
2026-08-09 21:40:12,755 [INFO]   -> 6 jours récupérés pour LULU (source: ibkr)
2026-08-09 21:40:12,755 [INFO] [291/503] LUV (Southwest Airlines), depuis 2026-07-31...
2026-08-09 21:40:23,960 [INFO]   -> 6 jours récupérés pour LUV (source: ibkr)
2026-08-09 21:40:23,960 [INFO] [292/503] LVS (Las Vegas Sands), depuis 2026-07-31...
2026-08-09 21:40:35,149 [INFO]   -> 6 jours récupérés pour LVS (source: ibkr)
2026-08-09 21:40:35,150 [INFO] [293/503] LYB (LyondellBasell), depuis 2026-07-31...
2026-08-09 21:40:46,369 [INFO]   -> 6 jours récupérés pour LYB (source: ibkr)
2026-08-09 21:40:46,371 [INFO] [294/503] LYV (Live Nation Entertainment), depuis 2026-07-31...
2026-08-09 21:40:57,778 [INFO]   -> 6 jours récupérés pour LYV (source: ibkr)
2026-08-09 21:40:57,778 [INFO] [295/503] MA (Mastercard), depuis 2026-07-31...
2026-08-09 21:41:08,989 [INFO]   -> 6 jours récupérés pour MA (source: ibkr)
2026-08-09 21:41:08,989 [INFO] [296/503] MAA (Mid-America Apartment Communities), depuis 2026-07-31...
2026-08-09 21:41:20,172 [INFO]   -> 6 jours récupérés pour MAA (source: ibkr)
2026-08-09 21:41:20,173 [INFO] [297/503] MAR (Marriott International), depuis 2026-07-31...
2026-08-09 21:41:31,435 [INFO]   -> 6 jours récupérés pour MAR (source: ibkr)
2026-08-09 21:41:31,435 [INFO] [298/503] MAS (Masco), depuis 2026-07-31...
2026-08-09 21:41:42,818 [INFO]   -> 6 jours récupérés pour MAS (source: ibkr)
2026-08-09 21:41:42,819 [INFO] [299/503] MCD (McDonald's), depuis 2026-07-31...
2026-08-09 21:41:53,998 [INFO]   -> 6 jours récupérés pour MCD (source: ibkr)
2026-08-09 21:41:53,999 [INFO] [300/503] MCHP (Microchip Technology), depuis 2026-07-31...
2026-08-09 21:42:05,236 [INFO]   -> 6 jours récupérés pour MCHP (source: ibkr)
2026-08-09 21:42:05,237 [INFO] [301/503] MCK (McKesson Corporation), depuis 2026-07-31...
2026-08-09 21:42:16,468 [INFO]   -> 6 jours récupérés pour MCK (source: ibkr)
2026-08-09 21:42:16,469 [INFO] [302/503] MCO (Moody's Corporation), depuis 2026-07-31...
2026-08-09 21:42:27,762 [INFO]   -> 6 jours récupérés pour MCO (source: ibkr)
2026-08-09 21:42:27,763 [INFO] [303/503] MDLZ (Mondelez International), depuis 2026-07-31...
2026-08-09 21:42:38,964 [INFO]   -> 6 jours récupérés pour MDLZ (source: ibkr)
2026-08-09 21:42:38,965 [INFO] [304/503] MDT (Medtronic), depuis 2026-07-31...
2026-08-09 21:42:50,217 [INFO]   -> 6 jours récupérés pour MDT (source: ibkr)
2026-08-09 21:42:50,218 [INFO] [305/503] MET (MetLife), depuis 2026-07-31...
2026-08-09 21:43:01,402 [INFO]   -> 6 jours récupérés pour MET (source: ibkr)
2026-08-09 21:43:01,404 [INFO] [306/503] META (Meta Platforms), depuis 2026-07-31...
2026-08-09 21:43:12,582 [INFO]   -> 6 jours récupérés pour META (source: ibkr)
2026-08-09 21:43:12,583 [INFO] [307/503] MGM (MGM Resorts), depuis 2026-07-31...
2026-08-09 21:43:23,807 [INFO]   -> 6 jours récupérés pour MGM (source: ibkr)
2026-08-09 21:43:23,808 [INFO] [308/503] MKC (McCormick & Company), depuis 2026-07-31...
2026-08-09 21:43:34,998 [INFO]   -> 6 jours récupérés pour MKC (source: ibkr)
2026-08-09 21:43:34,998 [INFO] [309/503] MLM (Martin Marietta Materials), depuis 2026-07-31...
2026-08-09 21:43:46,244 [INFO]   -> 6 jours récupérés pour MLM (source: ibkr)
2026-08-09 21:43:46,245 [INFO] [310/503] MMM (3M), depuis 2026-07-31...
2026-08-09 21:43:57,595 [INFO]   -> 6 jours récupérés pour MMM (source: ibkr)
2026-08-09 21:43:57,595 [INFO] [311/503] MNST (Monster Beverage), depuis 2026-07-31...
2026-08-09 21:44:08,775 [INFO]   -> 6 jours récupérés pour MNST (source: ibkr)
2026-08-09 21:44:08,776 [INFO] [312/503] MO (Altria), depuis 2026-07-31...
2026-08-09 21:44:19,953 [INFO]   -> 6 jours récupérés pour MO (source: ibkr)
2026-08-09 21:44:19,953 [INFO] [313/503] MOS (Mosaic Company (The)), depuis 2026-07-31...
2026-08-09 21:44:31,145 [INFO]   -> 6 jours récupérés pour MOS (source: ibkr)
2026-08-09 21:44:31,145 [INFO] [314/503] MPC (Marathon Petroleum), depuis 2026-07-31...
2026-08-09 21:44:42,334 [INFO]   -> 6 jours récupérés pour MPC (source: ibkr)
2026-08-09 21:44:42,334 [INFO] [315/503] MPWR (Monolithic Power Systems), depuis 2026-07-31...
2026-08-09 21:44:53,514 [INFO]   -> 6 jours récupérés pour MPWR (source: ibkr)
2026-08-09 21:44:53,514 [INFO] [316/503] MRK (Merck & Co.), depuis 2026-07-31...
2026-08-09 21:45:04,712 [INFO]   -> 6 jours récupérés pour MRK (source: ibkr)
2026-08-09 21:45:04,712 [INFO] [317/503] MRNA (Moderna), depuis 2026-07-31...
2026-08-09 21:45:15,899 [INFO]   -> 6 jours récupérés pour MRNA (source: ibkr)
2026-08-09 21:45:15,899 [INFO] [318/503] MRSH (Marsh McLennan), depuis 2026-07-31...
2026-08-09 21:45:27,079 [INFO]   -> 6 jours récupérés pour MRSH (source: ibkr)
2026-08-09 21:45:27,080 [INFO] [319/503] MRVL (Marvell Technology), depuis 2026-07-31...
2026-08-09 21:45:38,266 [INFO]   -> 6 jours récupérés pour MRVL (source: ibkr)
2026-08-09 21:45:38,266 [INFO] [320/503] MS (Morgan Stanley), depuis 2026-07-31...
2026-08-09 21:45:49,451 [INFO]   -> 6 jours récupérés pour MS (source: ibkr)
2026-08-09 21:45:49,451 [INFO] [321/503] MSCI (MSCI Inc.), depuis 2026-07-31...
2026-08-09 21:46:00,632 [INFO]   -> 6 jours récupérés pour MSCI (source: ibkr)
2026-08-09 21:46:00,632 [INFO] [322/503] MSFT (Microsoft), depuis 2026-07-31...
2026-08-09 21:46:11,830 [INFO]   -> 6 jours récupérés pour MSFT (source: ibkr)
2026-08-09 21:46:11,830 [INFO] [323/503] MSI (Motorola Solutions), depuis 2026-07-31...
2026-08-09 21:46:23,018 [INFO]   -> 6 jours récupérés pour MSI (source: ibkr)
2026-08-09 21:46:23,019 [INFO] [324/503] MTB (M&T Bank), depuis 2026-07-31...
2026-08-09 21:46:34,207 [INFO]   -> 6 jours récupérés pour MTB (source: ibkr)
2026-08-09 21:46:34,209 [INFO] [325/503] MTD (Mettler Toledo), depuis 2026-07-31...
2026-08-09 21:46:45,395 [INFO]   -> 6 jours récupérés pour MTD (source: ibkr)
2026-08-09 21:46:45,396 [INFO] [326/503] MU (Micron Technology), depuis 2026-07-31...
2026-08-09 21:46:56,592 [INFO]   -> 6 jours récupérés pour MU (source: ibkr)
2026-08-09 21:46:56,595 [INFO] [327/503] NCLH (Norwegian Cruise Line Holdings), depuis 2026-07-31...
2026-08-09 21:47:07,777 [INFO]   -> 6 jours récupérés pour NCLH (source: ibkr)
2026-08-09 21:47:07,778 [INFO] [328/503] NDAQ (Nasdaq, Inc.), depuis 2026-07-31...
2026-08-09 21:47:18,971 [INFO]   -> 6 jours récupérés pour NDAQ (source: ibkr)
2026-08-09 21:47:18,972 [INFO] [329/503] NDSN (Nordson Corporation), depuis 2026-07-31...
2026-08-09 21:47:30,694 [INFO]   -> 6 jours récupérés pour NDSN (source: ibkr)
2026-08-09 21:47:30,698 [INFO] [330/503] NEE (NextEra Energy), depuis 2026-07-31...
2026-08-09 21:47:41,892 [INFO]   -> 6 jours récupérés pour NEE (source: ibkr)
2026-08-09 21:47:41,892 [INFO] [331/503] NEM (Newmont), depuis 2026-07-31...
2026-08-09 21:47:53,078 [INFO]   -> 6 jours récupérés pour NEM (source: ibkr)
2026-08-09 21:47:53,078 [INFO] [332/503] NFLX (Netflix), depuis 2026-07-31...
2026-08-09 21:48:04,263 [INFO]   -> 6 jours récupérés pour NFLX (source: ibkr)
2026-08-09 21:48:04,264 [INFO] [333/503] NI (NiSource), depuis 2026-07-31...
2026-08-09 21:48:15,452 [INFO]   -> 6 jours récupérés pour NI (source: ibkr)
2026-08-09 21:48:15,453 [INFO] [334/503] NKE (Nike, Inc.), depuis 2026-07-31...
2026-08-09 21:48:26,669 [INFO]   -> 6 jours récupérés pour NKE (source: ibkr)
2026-08-09 21:48:26,670 [INFO] [335/503] NOC (Northrop Grumman), depuis 2026-07-31...
2026-08-09 21:48:37,855 [INFO]   -> 6 jours récupérés pour NOC (source: ibkr)
2026-08-09 21:48:37,857 [INFO] [336/503] NOW (ServiceNow), depuis 2026-07-31...
2026-08-09 21:48:49,038 [INFO]   -> 6 jours récupérés pour NOW (source: ibkr)
2026-08-09 21:48:49,039 [INFO] [337/503] NRG (NRG Energy), depuis 2026-07-31...
2026-08-09 21:49:00,239 [INFO]   -> 6 jours récupérés pour NRG (source: ibkr)
2026-08-09 21:49:00,239 [INFO] [338/503] NSC (Norfolk Southern), depuis 2026-07-31...
2026-08-09 21:49:11,420 [INFO]   -> 6 jours récupérés pour NSC (source: ibkr)
2026-08-09 21:49:11,421 [INFO] [339/503] NTAP (NetApp), depuis 2026-07-31...
2026-08-09 21:49:22,606 [INFO]   -> 6 jours récupérés pour NTAP (source: ibkr)
2026-08-09 21:49:22,606 [INFO] [340/503] NTRS (Northern Trust), depuis 2026-07-31...
2026-08-09 21:49:33,793 [INFO]   -> 6 jours récupérés pour NTRS (source: ibkr)
2026-08-09 21:49:33,794 [INFO] [341/503] NUE (Nucor), depuis 2026-07-31...
2026-08-09 21:49:44,976 [INFO]   -> 6 jours récupérés pour NUE (source: ibkr)
2026-08-09 21:49:44,976 [INFO] [342/503] NVDA (Nvidia), depuis 2026-07-31...
2026-08-09 21:49:56,166 [INFO]   -> 6 jours récupérés pour NVDA (source: ibkr)
2026-08-09 21:49:56,167 [INFO] [343/503] NVR (NVR, Inc.), depuis 2026-07-31...
2026-08-09 21:50:07,352 [INFO]   -> 6 jours récupérés pour NVR (source: ibkr)
2026-08-09 21:50:07,353 [INFO] [344/503] NWS (News Corp (Class B)), depuis 2026-07-31...
2026-08-09 21:50:18,539 [INFO]   -> 6 jours récupérés pour NWS (source: ibkr)
2026-08-09 21:50:18,540 [INFO] [345/503] NWSA (News Corp (Class A)), depuis 2026-07-31...
2026-08-09 21:50:29,760 [INFO]   -> 6 jours récupérés pour NWSA (source: ibkr)
2026-08-09 21:50:29,764 [INFO] [346/503] NXPI (NXP Semiconductors), depuis 2026-07-31...
2026-08-09 21:50:40,964 [INFO]   -> 6 jours récupérés pour NXPI (source: ibkr)
2026-08-09 21:50:40,964 [INFO] [347/503] O (Realty Income), depuis 2026-07-31...
2026-08-09 21:50:52,161 [INFO]   -> 6 jours récupérés pour O (source: ibkr)
2026-08-09 21:50:52,162 [INFO] [348/503] ODFL (Old Dominion), depuis 2026-07-31...
2026-08-09 21:51:03,364 [INFO]   -> 6 jours récupérés pour ODFL (source: ibkr)
2026-08-09 21:51:03,365 [INFO] [349/503] OKE (Oneok), depuis 2026-07-31...
2026-08-09 21:51:14,549 [INFO]   -> 6 jours récupérés pour OKE (source: ibkr)
2026-08-09 21:51:14,550 [INFO] [350/503] OMC (Omnicom Group), depuis 2026-07-31...
2026-08-09 21:51:25,736 [INFO]   -> 6 jours récupérés pour OMC (source: ibkr)
2026-08-09 21:51:25,737 [INFO] [351/503] ON (ON Semiconductor), depuis 2026-07-31...
2026-08-09 21:51:36,921 [INFO]   -> 6 jours récupérés pour ON (source: ibkr)
2026-08-09 21:51:36,922 [INFO] [352/503] ORCL (Oracle Corporation), depuis 2026-07-31...
2026-08-09 21:51:48,619 [INFO]   -> 6 jours récupérés pour ORCL (source: ibkr)
2026-08-09 21:51:48,620 [INFO] [353/503] ORLY (O’Reilly Automotive), depuis 2026-07-31...
2026-08-09 21:51:59,924 [INFO]   -> 6 jours récupérés pour ORLY (source: ibkr)
2026-08-09 21:51:59,925 [INFO] [354/503] OTIS (Otis Worldwide), depuis 2026-07-31...
2026-08-09 21:52:11,121 [INFO]   -> 6 jours récupérés pour OTIS (source: ibkr)
2026-08-09 21:52:11,122 [INFO] [355/503] OXY (Occidental Petroleum), depuis 2026-07-31...
2026-08-09 21:52:22,305 [INFO]   -> 6 jours récupérés pour OXY (source: ibkr)
2026-08-09 21:52:22,306 [INFO] [356/503] PANW (Palo Alto Networks), depuis 2026-07-31...
2026-08-09 21:52:33,504 [INFO]   -> 6 jours récupérés pour PANW (source: ibkr)
2026-08-09 21:52:33,504 [INFO] [357/503] PAYX (Paychex), depuis 2026-07-31...
2026-08-09 21:52:44,697 [INFO]   -> 6 jours récupérés pour PAYX (source: ibkr)
2026-08-09 21:52:44,699 [INFO] [358/503] PCAR (Paccar), depuis 2026-07-31...
2026-08-09 21:52:55,883 [INFO]   -> 6 jours récupérés pour PCAR (source: ibkr)
2026-08-09 21:52:55,883 [INFO] [359/503] PCG (PG&E Corporation), depuis 2026-07-31...
2026-08-09 21:53:07,077 [INFO]   -> 6 jours récupérés pour PCG (source: ibkr)
2026-08-09 21:53:07,078 [INFO] [360/503] PEG (Public Service Enterprise Group), depuis 2026-07-31...
2026-08-09 21:53:18,270 [INFO]   -> 6 jours récupérés pour PEG (source: ibkr)
2026-08-09 21:53:18,271 [INFO] [361/503] PEP (PepsiCo), depuis 2026-07-31...
2026-08-09 21:53:29,451 [INFO]   -> 6 jours récupérés pour PEP (source: ibkr)
2026-08-09 21:53:29,451 [INFO] [362/503] PFE (Pfizer), depuis 2026-07-31...
2026-08-09 21:53:40,635 [INFO]   -> 6 jours récupérés pour PFE (source: ibkr)
2026-08-09 21:53:40,636 [INFO] [363/503] PFG (Principal Financial Group), depuis 2026-07-31...
2026-08-09 21:53:51,829 [INFO]   -> 6 jours récupérés pour PFG (source: ibkr)
2026-08-09 21:53:51,829 [INFO] [364/503] PG (Procter & Gamble), depuis 2026-07-31...
2026-08-09 21:54:03,014 [INFO]   -> 6 jours récupérés pour PG (source: ibkr)
2026-08-09 21:54:03,015 [INFO] [365/503] PGR (Progressive Corporation), depuis 2026-07-31...
2026-08-09 21:54:14,198 [INFO]   -> 6 jours récupérés pour PGR (source: ibkr)
2026-08-09 21:54:14,198 [INFO] [366/503] PH (Parker Hannifin), depuis 2026-07-31...
2026-08-09 21:54:25,382 [INFO]   -> 6 jours récupérés pour PH (source: ibkr)
2026-08-09 21:54:25,383 [INFO] [367/503] PHM (PulteGroup), depuis 2026-07-31...
2026-08-09 21:54:36,563 [INFO]   -> 6 jours récupérés pour PHM (source: ibkr)
2026-08-09 21:54:36,564 [INFO] [368/503] PKG (Packaging Corporation of America), depuis 2026-07-31...
2026-08-09 21:54:47,754 [INFO]   -> 6 jours récupérés pour PKG (source: ibkr)
2026-08-09 21:54:47,754 [INFO] [369/503] PLD (Prologis), depuis 2026-07-31...
2026-08-09 21:54:58,939 [INFO]   -> 6 jours récupérés pour PLD (source: ibkr)
2026-08-09 21:54:58,940 [INFO] [370/503] PLTR (Palantir Technologies), depuis 2026-07-31...
2026-08-09 21:55:10,140 [INFO]   -> 6 jours récupérés pour PLTR (source: ibkr)
2026-08-09 21:55:10,141 [INFO] [371/503] PM (Philip Morris International), depuis 2026-07-31...
2026-08-09 21:55:21,335 [INFO]   -> 6 jours récupérés pour PM (source: ibkr)
2026-08-09 21:55:21,352 [INFO] [372/503] PNC (PNC Financial Services), depuis 2026-07-31...
2026-08-09 21:55:32,535 [INFO]   -> 6 jours récupérés pour PNC (source: ibkr)
2026-08-09 21:55:32,536 [INFO] [373/503] PNR (Pentair), depuis 2026-07-31...
2026-08-09 21:55:43,718 [INFO]   -> 6 jours récupérés pour PNR (source: ibkr)
2026-08-09 21:55:43,719 [INFO] [374/503] PNW (Pinnacle West Capital), depuis 2026-07-31...
2026-08-09 21:55:54,908 [INFO]   -> 6 jours récupérés pour PNW (source: ibkr)
2026-08-09 21:55:54,908 [INFO] [375/503] PODD (Insulet Corporation), depuis 2026-07-31...
2026-08-09 21:56:06,157 [INFO]   -> 6 jours récupérés pour PODD (source: ibkr)
2026-08-09 21:56:06,159 [INFO] [376/503] PPG (PPG Industries), depuis 2026-07-31...
2026-08-09 21:56:17,473 [INFO]   -> 6 jours récupérés pour PPG (source: ibkr)
2026-08-09 21:56:17,474 [INFO] [377/503] PPL (PPL Corporation), depuis 2026-07-31...
2026-08-09 21:56:28,684 [INFO]   -> 6 jours récupérés pour PPL (source: ibkr)
2026-08-09 21:56:28,685 [INFO] [378/503] PRU (Prudential Financial), depuis 2026-07-31...
2026-08-09 21:56:39,863 [INFO]   -> 6 jours récupérés pour PRU (source: ibkr)
2026-08-09 21:56:39,864 [INFO] [379/503] PSA (Public Storage), depuis 2026-07-31...
2026-08-09 21:56:51,056 [INFO]   -> 6 jours récupérés pour PSA (source: ibkr)
2026-08-09 21:56:51,056 [INFO] [380/503] PSKY (Paramount Skydance Corporation), depuis 2026-07-31...
2026-08-09 21:57:02,247 [INFO]   -> 6 jours récupérés pour PSKY (source: ibkr)
2026-08-09 21:57:02,248 [INFO] [381/503] PSX (Phillips 66), depuis 2026-07-31...
2026-08-09 21:57:13,434 [INFO]   -> 6 jours récupérés pour PSX (source: ibkr)
2026-08-09 21:57:13,434 [INFO] [382/503] PTC (PTC Inc.), depuis 2026-07-31...
2026-08-09 21:57:24,620 [INFO]   -> 6 jours récupérés pour PTC (source: ibkr)
2026-08-09 21:57:24,621 [INFO] [383/503] PWR (Quanta Services), depuis 2026-07-31...
2026-08-09 21:57:35,809 [INFO]   -> 6 jours récupérés pour PWR (source: ibkr)
2026-08-09 21:57:35,809 [INFO] [384/503] PYPL (PayPal), depuis 2026-07-31...
2026-08-09 21:57:46,996 [INFO]   -> 6 jours récupérés pour PYPL (source: ibkr)
2026-08-09 21:57:46,997 [INFO] [385/503] Q (Qnity Electronics), depuis 2026-07-31...
2026-08-09 21:57:58,183 [INFO]   -> 6 jours récupérés pour Q (source: ibkr)
2026-08-09 21:57:58,184 [INFO] [386/503] QCOM (Qualcomm), depuis 2026-07-31...
2026-08-09 21:58:09,378 [INFO]   -> 6 jours récupérés pour QCOM (source: ibkr)
2026-08-09 21:58:09,379 [INFO] [387/503] RCL (Royal Caribbean Group), depuis 2026-07-31...
2026-08-09 21:58:20,571 [INFO]   -> 6 jours récupérés pour RCL (source: ibkr)
2026-08-09 21:58:20,572 [INFO] [388/503] REG (Regency Centers), depuis 2026-07-31...
2026-08-09 21:58:31,763 [INFO]   -> 6 jours récupérés pour REG (source: ibkr)
2026-08-09 21:58:31,763 [INFO] [389/503] REGN (Regeneron Pharmaceuticals), depuis 2026-07-31...
2026-08-09 21:58:42,943 [INFO]   -> 6 jours récupérés pour REGN (source: ibkr)
2026-08-09 21:58:42,943 [INFO] [390/503] RF (Regions Financial Corporation), depuis 2026-07-31...
2026-08-09 21:58:54,138 [INFO]   -> 6 jours récupérés pour RF (source: ibkr)
2026-08-09 21:58:54,139 [INFO] [391/503] RJF (Raymond James Financial), depuis 2026-07-31...
2026-08-09 21:59:05,428 [INFO]   -> 6 jours récupérés pour RJF (source: ibkr)
2026-08-09 21:59:05,429 [INFO] [392/503] RL (Ralph Lauren Corporation), depuis 2026-07-31...
2026-08-09 21:59:16,964 [INFO]   -> 6 jours récupérés pour RL (source: ibkr)
2026-08-09 21:59:16,965 [INFO] [393/503] RMD (ResMed), depuis 2026-07-31...
2026-08-09 21:59:28,152 [INFO]   -> 6 jours récupérés pour RMD (source: ibkr)
2026-08-09 21:59:28,153 [INFO] [394/503] ROK (Rockwell Automation), depuis 2026-07-31...
2026-08-09 21:59:39,342 [INFO]   -> 6 jours récupérés pour ROK (source: ibkr)
2026-08-09 21:59:39,345 [INFO] [395/503] ROL (Rollins, Inc.), depuis 2026-07-31...
2026-08-09 21:59:50,532 [INFO]   -> 6 jours récupérés pour ROL (source: ibkr)
2026-08-09 21:59:50,533 [INFO] [396/503] ROP (Roper Technologies), depuis 2026-07-31...
2026-08-09 22:00:01,726 [INFO]   -> 6 jours récupérés pour ROP (source: ibkr)
2026-08-09 22:00:01,727 [INFO] [397/503] ROST (Ross Stores), depuis 2026-07-31...
2026-08-09 22:00:12,929 [INFO]   -> 6 jours récupérés pour ROST (source: ibkr)
2026-08-09 22:00:12,930 [INFO] [398/503] RSG (Republic Services), depuis 2026-07-31...
2026-08-09 22:00:24,115 [INFO]   -> 6 jours récupérés pour RSG (source: ibkr)
2026-08-09 22:00:24,116 [INFO] [399/503] RTX (RTX Corporation), depuis 2026-07-31...
2026-08-09 22:00:35,331 [INFO]   -> 6 jours récupérés pour RTX (source: ibkr)
2026-08-09 22:00:35,332 [INFO] [400/503] RVTY (Revvity), depuis 2026-07-31...
2026-08-09 22:00:46,512 [INFO]   -> 6 jours récupérés pour RVTY (source: ibkr)
2026-08-09 22:00:46,513 [INFO] [401/503] SBAC (SBA Communications), depuis 2026-07-31...
2026-08-09 22:00:57,693 [INFO]   -> 6 jours récupérés pour SBAC (source: ibkr)
2026-08-09 22:00:57,694 [INFO] [402/503] SBUX (Starbucks), depuis 2026-07-31...
2026-08-09 22:01:08,887 [INFO]   -> 6 jours récupérés pour SBUX (source: ibkr)
2026-08-09 22:01:08,888 [INFO] [403/503] SCHW (Charles Schwab Corporation), depuis 2026-07-31...
2026-08-09 22:01:20,072 [INFO]   -> 6 jours récupérés pour SCHW (source: ibkr)
2026-08-09 22:01:20,073 [INFO] [404/503] SHW (Sherwin-Williams), depuis 2026-07-31...
2026-08-09 22:01:31,257 [INFO]   -> 6 jours récupérés pour SHW (source: ibkr)
2026-08-09 22:01:31,260 [INFO] [405/503] SJM (J.M. Smucker Company (The)), depuis 2026-07-31...
2026-08-09 22:01:42,448 [INFO]   -> 6 jours récupérés pour SJM (source: ibkr)
2026-08-09 22:01:42,448 [INFO] [406/503] SLB (Schlumberger), depuis 2026-07-31...
2026-08-09 22:01:53,858 [INFO]   -> 6 jours récupérés pour SLB (source: ibkr)
2026-08-09 22:01:53,859 [INFO] [407/503] SMCI (Supermicro), depuis 2026-07-31...
2026-08-09 22:02:05,041 [INFO]   -> 6 jours récupérés pour SMCI (source: ibkr)
2026-08-09 22:02:05,045 [INFO] [408/503] SNA (Snap-on), depuis 2026-07-31...
2026-08-09 22:02:16,263 [INFO]   -> 6 jours récupérés pour SNA (source: ibkr)
2026-08-09 22:02:16,264 [INFO] [409/503] SNDK (Sandisk), depuis 2026-07-31...
2026-08-09 22:02:27,457 [INFO]   -> 6 jours récupérés pour SNDK (source: ibkr)
2026-08-09 22:02:27,468 [INFO] [410/503] SNPS (Synopsys), depuis 2026-07-31...
2026-08-09 22:02:38,665 [INFO]   -> 6 jours récupérés pour SNPS (source: ibkr)
2026-08-09 22:02:38,670 [INFO] [411/503] SO (Southern Company), depuis 2026-07-31...
2026-08-09 22:02:49,862 [INFO]   -> 6 jours récupérés pour SO (source: ibkr)
2026-08-09 22:02:49,862 [INFO] [412/503] SOLV (Solventum), depuis 2026-07-31...
2026-08-09 22:03:01,308 [INFO]   -> 6 jours récupérés pour SOLV (source: ibkr)
2026-08-09 22:03:01,308 [INFO] [413/503] SPG (Simon Property Group), depuis 2026-07-31...
2026-08-09 22:03:12,499 [INFO]   -> 6 jours récupérés pour SPG (source: ibkr)
2026-08-09 22:03:12,502 [INFO] [414/503] SPGI (S&P Global), depuis 2026-07-31...
2026-08-09 22:03:23,689 [INFO]   -> 6 jours récupérés pour SPGI (source: ibkr)
2026-08-09 22:03:23,692 [INFO] [415/503] SRE (Sempra), depuis 2026-07-31...
2026-08-09 22:03:34,889 [INFO]   -> 6 jours récupérés pour SRE (source: ibkr)
2026-08-09 22:03:34,890 [INFO] [416/503] STE (Steris), depuis 2026-07-31...
2026-08-09 22:03:46,081 [INFO]   -> 6 jours récupérés pour STE (source: ibkr)
2026-08-09 22:03:46,081 [INFO] [417/503] STLD (Steel Dynamics), depuis 2026-07-31...
2026-08-09 22:03:57,268 [INFO]   -> 6 jours récupérés pour STLD (source: ibkr)
2026-08-09 22:03:57,269 [INFO] [418/503] STT (State Street Corporation), depuis 2026-07-31...
2026-08-09 22:04:08,457 [INFO]   -> 6 jours récupérés pour STT (source: ibkr)
2026-08-09 22:04:08,458 [INFO] [419/503] STX (Seagate Technology), depuis 2026-07-31...
2026-08-09 22:04:19,650 [INFO]   -> 6 jours récupérés pour STX (source: ibkr)
2026-08-09 22:04:19,650 [INFO] [420/503] STZ (Constellation Brands), depuis 2026-07-31...
2026-08-09 22:04:30,888 [INFO]   -> 6 jours récupérés pour STZ (source: ibkr)
2026-08-09 22:04:30,889 [INFO] [421/503] SW (Smurfit Westrock), depuis 2026-07-31...
2026-08-09 22:04:42,072 [INFO]   -> 6 jours récupérés pour SW (source: ibkr)
2026-08-09 22:04:42,073 [INFO] [422/503] SWK (Stanley Black & Decker), depuis 2026-07-31...
2026-08-09 22:04:53,804 [INFO]   -> 6 jours récupérés pour SWK (source: ibkr)
2026-08-09 22:04:53,805 [INFO] [423/503] SWKS (Skyworks Solutions), depuis 2026-07-31...
2026-08-09 22:05:04,990 [INFO]   -> 6 jours récupérés pour SWKS (source: ibkr)
2026-08-09 22:05:04,991 [INFO] [424/503] SYF (Synchrony Financial), depuis 2026-07-31...
2026-08-09 22:05:16,246 [INFO]   -> 6 jours récupérés pour SYF (source: ibkr)
2026-08-09 22:05:16,247 [INFO] [425/503] SYK (Stryker Corporation), depuis 2026-07-31...
2026-08-09 22:05:27,434 [INFO]   -> 6 jours récupérés pour SYK (source: ibkr)
2026-08-09 22:05:27,435 [INFO] [426/503] SYY (Sysco), depuis 2026-07-31...
2026-08-09 22:05:38,618 [INFO]   -> 6 jours récupérés pour SYY (source: ibkr)
2026-08-09 22:05:38,619 [INFO] [427/503] T (AT&T), depuis 2026-07-31...
2026-08-09 22:05:49,807 [INFO]   -> 6 jours récupérés pour T (source: ibkr)
2026-08-09 22:05:49,809 [INFO] [428/503] TAP (Molson Coors Beverage Company), depuis 2026-07-31...
2026-08-09 22:06:01,000 [INFO]   -> 6 jours récupérés pour TAP (source: ibkr)
2026-08-09 22:06:01,000 [INFO] [429/503] TDG (TransDigm Group), depuis 2026-07-31...
2026-08-09 22:06:12,188 [INFO]   -> 6 jours récupérés pour TDG (source: ibkr)
2026-08-09 22:06:12,190 [INFO] [430/503] TDY (Teledyne Technologies), depuis 2026-07-31...
2026-08-09 22:06:23,379 [INFO]   -> 6 jours récupérés pour TDY (source: ibkr)
2026-08-09 22:06:23,380 [INFO] [431/503] TECH (Bio-Techne), depuis 2026-07-31...
2026-08-09 22:06:34,566 [INFO]   -> 6 jours récupérés pour TECH (source: ibkr)
2026-08-09 22:06:34,566 [INFO] [432/503] TEL (TE Connectivity), depuis 2026-07-31...
2026-08-09 22:06:45,755 [INFO]   -> 6 jours récupérés pour TEL (source: ibkr)
2026-08-09 22:06:45,756 [INFO] [433/503] TER (Teradyne), depuis 2026-07-31...
2026-08-09 22:06:56,940 [INFO]   -> 6 jours récupérés pour TER (source: ibkr)
2026-08-09 22:06:56,941 [INFO] [434/503] TFC (Truist Financial), depuis 2026-07-31...
2026-08-09 22:07:08,130 [INFO]   -> 6 jours récupérés pour TFC (source: ibkr)
2026-08-09 22:07:08,133 [INFO] [435/503] TGT (Target Corporation), depuis 2026-07-31...
2026-08-09 22:07:19,332 [INFO]   -> 6 jours récupérés pour TGT (source: ibkr)
2026-08-09 22:07:19,337 [INFO] [436/503] TJX (TJX Companies), depuis 2026-07-31...
2026-08-09 22:07:30,542 [INFO]   -> 6 jours récupérés pour TJX (source: ibkr)
2026-08-09 22:07:30,543 [INFO] [437/503] TKO (TKO Group Holdings), depuis 2026-07-31...
2026-08-09 22:07:41,729 [INFO]   -> 6 jours récupérés pour TKO (source: ibkr)
2026-08-09 22:07:41,729 [INFO] [438/503] TMO (Thermo Fisher Scientific), depuis 2026-07-31...
2026-08-09 22:07:53,171 [INFO]   -> 6 jours récupérés pour TMO (source: ibkr)
2026-08-09 22:07:53,174 [INFO] [439/503] TMUS (T-Mobile US), depuis 2026-07-31...
2026-08-09 22:08:04,371 [INFO]   -> 6 jours récupérés pour TMUS (source: ibkr)
2026-08-09 22:08:04,372 [INFO] [440/503] TPL (Texas Pacific Land Corporation), depuis 2026-07-31...
2026-08-09 22:08:15,562 [INFO]   -> 6 jours récupérés pour TPL (source: ibkr)
2026-08-09 22:08:15,563 [INFO] [441/503] TPR (Tapestry, Inc.), depuis 2026-07-31...
2026-08-09 22:08:26,751 [INFO]   -> 6 jours récupérés pour TPR (source: ibkr)
2026-08-09 22:08:26,751 [INFO] [442/503] TRGP (Targa Resources), depuis 2026-07-31...
2026-08-09 22:08:37,937 [INFO]   -> 6 jours récupérés pour TRGP (source: ibkr)
2026-08-09 22:08:37,938 [INFO] [443/503] TRMB (Trimble Inc.), depuis 2026-07-31...
2026-08-09 22:08:49,124 [INFO]   -> 6 jours récupérés pour TRMB (source: ibkr)
2026-08-09 22:08:49,125 [INFO] [444/503] TROW (T. Rowe Price), depuis 2026-07-31...
2026-08-09 22:09:00,313 [INFO]   -> 6 jours récupérés pour TROW (source: ibkr)
2026-08-09 22:09:00,315 [INFO] [445/503] TRV (Travelers Companies (The)), depuis 2026-07-31...
2026-08-09 22:09:11,505 [INFO]   -> 6 jours récupérés pour TRV (source: ibkr)
2026-08-09 22:09:11,505 [INFO] [446/503] TSCO (Tractor Supply), depuis 2026-07-31...
2026-08-09 22:09:22,697 [INFO]   -> 6 jours récupérés pour TSCO (source: ibkr)
2026-08-09 22:09:22,700 [INFO] [447/503] TSLA (Tesla, Inc.), depuis 2026-07-31...
2026-08-09 22:09:33,896 [INFO]   -> 6 jours récupérés pour TSLA (source: ibkr)
2026-08-09 22:09:33,897 [INFO] [448/503] TSN (Tyson Foods), depuis 2026-07-31...
2026-08-09 22:09:45,086 [INFO]   -> 6 jours récupérés pour TSN (source: ibkr)
2026-08-09 22:09:45,087 [INFO] [449/503] TT (Trane Technologies), depuis 2026-07-31...
2026-08-09 22:09:56,332 [INFO]   -> 6 jours récupérés pour TT (source: ibkr)
2026-08-09 22:09:56,335 [INFO] [450/503] TTD (Trade Desk (The)), depuis 2026-07-31...
2026-08-09 22:10:07,541 [INFO]   -> 6 jours récupérés pour TTD (source: ibkr)
2026-08-09 22:10:07,542 [INFO] [451/503] TTWO (Take-Two Interactive), depuis 2026-07-31...
2026-08-09 22:10:18,769 [INFO]   -> 6 jours récupérés pour TTWO (source: ibkr)
2026-08-09 22:10:18,770 [INFO] [452/503] TXN (Texas Instruments), depuis 2026-07-31...
2026-08-09 22:10:30,001 [INFO]   -> 6 jours récupérés pour TXN (source: ibkr)
2026-08-09 22:10:30,002 [INFO] [453/503] TXT (Textron), depuis 2026-07-31...
2026-08-09 22:10:41,195 [INFO]   -> 6 jours récupérés pour TXT (source: ibkr)
2026-08-09 22:10:41,196 [INFO] [454/503] TYL (Tyler Technologies), depuis 2026-07-31...
2026-08-09 22:10:52,397 [INFO]   -> 6 jours récupérés pour TYL (source: ibkr)
2026-08-09 22:10:52,398 [INFO] [455/503] UAL (United Airlines Holdings), depuis 2026-07-31...
2026-08-09 22:11:03,627 [INFO]   -> 6 jours récupérés pour UAL (source: ibkr)
2026-08-09 22:11:03,627 [INFO] [456/503] UBER (Uber), depuis 2026-07-31...
2026-08-09 22:11:14,820 [INFO]   -> 6 jours récupérés pour UBER (source: ibkr)
2026-08-09 22:11:14,823 [INFO] [457/503] UDR (UDR, Inc.), depuis 2026-07-31...
2026-08-09 22:11:26,020 [INFO]   -> 6 jours récupérés pour UDR (source: ibkr)
2026-08-09 22:11:26,020 [INFO] [458/503] UHS (Universal Health Services), depuis 2026-07-31...
2026-08-09 22:11:37,211 [INFO]   -> 6 jours récupérés pour UHS (source: ibkr)
2026-08-09 22:11:37,212 [INFO] [459/503] ULTA (Ulta Beauty), depuis 2026-07-31...
2026-08-09 22:11:48,396 [INFO]   -> 6 jours récupérés pour ULTA (source: ibkr)
2026-08-09 22:11:48,397 [INFO] [460/503] UNH (UnitedHealth Group), depuis 2026-07-31...
2026-08-09 22:11:59,605 [INFO]   -> 6 jours récupérés pour UNH (source: ibkr)
2026-08-09 22:11:59,605 [INFO] [461/503] UNP (Union Pacific Corporation), depuis 2026-07-31...
2026-08-09 22:12:10,796 [INFO]   -> 6 jours récupérés pour UNP (source: ibkr)
2026-08-09 22:12:10,796 [INFO] [462/503] UPS (United Parcel Service), depuis 2026-07-31...
2026-08-09 22:12:21,986 [INFO]   -> 6 jours récupérés pour UPS (source: ibkr)
2026-08-09 22:12:21,988 [INFO] [463/503] URI (United Rentals), depuis 2026-07-31...
2026-08-09 22:12:34,127 [INFO]   -> 6 jours récupérés pour URI (source: ibkr)
2026-08-09 22:12:34,127 [INFO] [464/503] USB (U.S. Bancorp), depuis 2026-07-31...
2026-08-09 22:12:45,350 [INFO]   -> 6 jours récupérés pour USB (source: ibkr)
2026-08-09 22:12:45,351 [INFO] [465/503] V (Visa Inc.), depuis 2026-07-31...
2026-08-09 22:12:56,652 [INFO]   -> 6 jours récupérés pour V (source: ibkr)
2026-08-09 22:12:56,652 [INFO] [466/503] VEEV (Veeva Systems), depuis 2026-07-31...
2026-08-09 22:13:08,588 [INFO]   -> 6 jours récupérés pour VEEV (source: ibkr)
2026-08-09 22:13:08,589 [INFO] [467/503] VICI (Vici Properties), depuis 2026-07-31...
2026-08-09 22:13:19,799 [INFO]   -> 6 jours récupérés pour VICI (source: ibkr)
2026-08-09 22:13:19,800 [INFO] [468/503] VLO (Valero Energy), depuis 2026-07-31...
2026-08-09 22:13:31,841 [INFO]   -> 6 jours récupérés pour VLO (source: ibkr)
2026-08-09 22:13:31,842 [INFO] [469/503] VLTO (Veralto), depuis 2026-07-31...
2026-08-09 22:13:44,101 [INFO]   -> 6 jours récupérés pour VLTO (source: ibkr)
2026-08-09 22:13:44,101 [INFO] [470/503] VMC (Vulcan Materials Company), depuis 2026-07-31...
2026-08-09 22:13:55,296 [INFO]   -> 6 jours récupérés pour VMC (source: ibkr)
2026-08-09 22:13:55,297 [INFO] [471/503] VRSK (Verisk Analytics), depuis 2026-07-31...
2026-08-09 22:14:06,481 [INFO]   -> 6 jours récupérés pour VRSK (source: ibkr)
2026-08-09 22:14:06,482 [INFO] [472/503] VRSN (Verisign), depuis 2026-07-31...
2026-08-09 22:14:17,673 [INFO]   -> 6 jours récupérés pour VRSN (source: ibkr)
2026-08-09 22:14:17,673 [INFO] [473/503] VRT (Vertiv), depuis 2026-07-31...
2026-08-09 22:14:28,855 [INFO]   -> 6 jours récupérés pour VRT (source: ibkr)
2026-08-09 22:14:28,855 [INFO] [474/503] VRTX (Vertex Pharmaceuticals), depuis 2026-07-31...
2026-08-09 22:14:40,046 [INFO]   -> 6 jours récupérés pour VRTX (source: ibkr)
2026-08-09 22:14:40,046 [INFO] [475/503] VST (Vistra Corp.), depuis 2026-07-31...
2026-08-09 22:14:51,230 [INFO]   -> 6 jours récupérés pour VST (source: ibkr)
2026-08-09 22:14:51,231 [INFO] [476/503] VTR (Ventas), depuis 2026-07-31...
2026-08-09 22:15:02,423 [INFO]   -> 6 jours récupérés pour VTR (source: ibkr)
2026-08-09 22:15:02,423 [INFO] [477/503] VTRS (Viatris), depuis 2026-07-31...
2026-08-09 22:15:13,616 [INFO]   -> 6 jours récupérés pour VTRS (source: ibkr)
2026-08-09 22:15:13,616 [INFO] [478/503] VZ (Verizon), depuis 2026-07-31...
2026-08-09 22:15:24,812 [INFO]   -> 6 jours récupérés pour VZ (source: ibkr)
2026-08-09 22:15:24,813 [INFO] [479/503] WAB (Wabtec), depuis 2026-07-31...
2026-08-09 22:15:36,564 [INFO]   -> 6 jours récupérés pour WAB (source: ibkr)
2026-08-09 22:15:36,566 [INFO] [480/503] WAT (Waters Corporation), depuis 2026-07-31...
2026-08-09 22:15:47,755 [INFO]   -> 6 jours récupérés pour WAT (source: ibkr)
2026-08-09 22:15:47,755 [INFO] [481/503] WBD (Warner Bros. Discovery), depuis 2026-07-31...
2026-08-09 22:15:58,965 [INFO]   -> 6 jours récupérés pour WBD (source: ibkr)
2026-08-09 22:15:58,965 [INFO] [482/503] WDAY (Workday, Inc.), depuis 2026-07-31...
2026-08-09 22:16:10,148 [INFO]   -> 6 jours récupérés pour WDAY (source: ibkr)
2026-08-09 22:16:10,148 [INFO] [483/503] WDC (Western Digital), depuis 2026-07-31...
2026-08-09 22:16:21,349 [INFO]   -> 6 jours récupérés pour WDC (source: ibkr)
2026-08-09 22:16:21,352 [INFO] [484/503] WEC (WEC Energy Group), depuis 2026-07-31...
2026-08-09 22:16:32,544 [INFO]   -> 6 jours récupérés pour WEC (source: ibkr)
2026-08-09 22:16:32,545 [INFO] [485/503] WELL (Welltower), depuis 2026-07-31...
2026-08-09 22:16:43,735 [INFO]   -> 6 jours récupérés pour WELL (source: ibkr)
2026-08-09 22:16:43,735 [INFO] [486/503] WFC (Wells Fargo), depuis 2026-07-31...
2026-08-09 22:16:54,931 [INFO]   -> 6 jours récupérés pour WFC (source: ibkr)
2026-08-09 22:16:54,932 [INFO] [487/503] WM (Waste Management), depuis 2026-07-31...
2026-08-09 22:17:06,118 [INFO]   -> 6 jours récupérés pour WM (source: ibkr)
2026-08-09 22:17:06,119 [INFO] [488/503] WMB (Williams Companies), depuis 2026-07-31...
2026-08-09 22:17:17,303 [INFO]   -> 6 jours récupérés pour WMB (source: ibkr)
2026-08-09 22:17:17,304 [INFO] [489/503] WMT (Walmart), depuis 2026-07-31...
2026-08-09 22:17:28,507 [INFO]   -> 6 jours récupérés pour WMT (source: ibkr)
2026-08-09 22:17:28,507 [INFO] [490/503] WRB (W. R. Berkley Corporation), depuis 2026-07-31...
2026-08-09 22:17:39,712 [INFO]   -> 6 jours récupérés pour WRB (source: ibkr)
2026-08-09 22:17:39,713 [INFO] [491/503] WSM (Williams-Sonoma, Inc.), depuis 2026-07-31...
2026-08-09 22:17:50,908 [INFO]   -> 6 jours récupérés pour WSM (source: ibkr)
2026-08-09 22:17:50,909 [INFO] [492/503] WST (West Pharmaceutical Services), depuis 2026-07-31...
2026-08-09 22:18:02,105 [INFO]   -> 6 jours récupérés pour WST (source: ibkr)
2026-08-09 22:18:02,106 [INFO] [493/503] WTW (Willis Towers Watson), depuis 2026-07-31...
2026-08-09 22:18:13,311 [INFO]   -> 6 jours récupérés pour WTW (source: ibkr)
2026-08-09 22:18:13,312 [INFO] [494/503] WY (Weyerhaeuser), depuis 2026-07-31...
2026-08-09 22:18:24,505 [INFO]   -> 6 jours récupérés pour WY (source: ibkr)
2026-08-09 22:18:24,505 [INFO] [495/503] WYNN (Wynn Resorts), depuis 2026-07-31...
2026-08-09 22:18:35,694 [INFO]   -> 6 jours récupérés pour WYNN (source: ibkr)
2026-08-09 22:18:35,696 [INFO] [496/503] XEL (Xcel Energy), depuis 2026-07-31...
2026-08-09 22:18:46,898 [INFO]   -> 6 jours récupérés pour XEL (source: ibkr)
2026-08-09 22:18:46,899 [INFO] [497/503] XOM (ExxonMobil), depuis 2026-07-31...
2026-08-09 22:18:58,245 [INFO]   -> 6 jours récupérés pour XOM (source: ibkr)
2026-08-09 22:18:58,246 [INFO] [498/503] XYL (Xylem Inc.), depuis 2026-07-31...
2026-08-09 22:19:09,439 [INFO]   -> 6 jours récupérés pour XYL (source: ibkr)
2026-08-09 22:19:09,440 [INFO] [499/503] XYZ (Block, Inc.), depuis 2026-07-31...
2026-08-09 22:19:20,634 [INFO]   -> 6 jours récupérés pour XYZ (source: ibkr)
2026-08-09 22:19:20,635 [INFO] [500/503] YUM (Yum! Brands), depuis 2026-07-31...
2026-08-09 22:19:31,830 [INFO]   -> 6 jours récupérés pour YUM (source: ibkr)
2026-08-09 22:19:31,831 [INFO] [501/503] ZBH (Zimmer Biomet), depuis 2026-07-31...
2026-08-09 22:19:43,185 [INFO]   -> 6 jours récupérés pour ZBH (source: ibkr)
2026-08-09 22:19:43,186 [INFO] [502/503] ZBRA (Zebra Technologies), depuis 2026-07-31...
2026-08-09 22:19:54,368 [INFO]   -> 6 jours récupérés pour ZBRA (source: ibkr)
2026-08-09 22:19:54,369 [INFO] [503/503] ZTS (Zoetis), depuis 2026-07-31...
2026-08-09 22:20:05,562 [INFO]   -> 6 jours récupérés pour ZTS (source: ibkr)
2026-08-09 22:20:05,563 [INFO] Disconnecting from 127.0.0.1:4002, 66.9 kB sent in 1012 messages, 1.09 MB received in 1893 messages, session time 5.65 ks.
2026-08-09 22:20:05,563 [INFO] Disconnecting
2026-08-09 22:20:05,564 [INFO] Déconnecté d'IBKR.
2026-08-09 22:20:05,565 [INFO] Terminé. OK: 503 | Échecs (trous de couverture): 0 | Déjà à jour (ignorés): 0 | Nouvelles lignes: 4372 | Sources: {'ibkr': 503}
2026-08-09 22:20:10,955 [INFO] Fichier écrit : data\prices\daily_prices.parquet (1917441 lignes au total, 4372 nouvelles/mises à jour ce run).
