2026-09-05 02:07:56,175 [INFO] Log file: data\prices\daily_prices_20260905_020756.log
2026-09-05 02:07:56,184 [INFO] Univers chargé : 503 tickers.
2026-09-05 02:07:56,185 [INFO] Indice de référence SPY ajouté aux tickers à récupérer (SPDR S&P 500 ETF Trust). Il n'entre PAS dans l'univers investissable, qui vient de sp500_universe_history.parquet.
2026-09-05 02:07:56,387 [INFO] Cache existant chargé : data\prices\daily_prices.parquet (1926311 lignes, 505 symboles).
2026-09-05 02:08:09,694 [INFO] 0/504 tickers déjà à jour (ignorés), 504 à récupérer.
2026-09-05 02:08:09,753 [INFO] Connecting to 127.0.0.1:4002 with clientId 4...
2026-09-05 02:08:09,754 [INFO] Connected
2026-09-05 02:08:09,757 [INFO] Logged on to server version 176
2026-09-05 02:08:09,760 [INFO] API connection ready
2026-09-05 02:08:09,761 [INFO] Warning 2104, reqId -1: Market data farm connection is OK:eufarm
2026-09-05 02:08:09,762 [INFO] Warning 2107, reqId -1: HMDS data farm connection is inactive but should be available upon demand.euhmds
2026-09-05 02:08:09,762 [INFO] Warning 2106, reqId -1: HMDS data farm connection is OK:ushmds
2026-09-05 02:08:09,762 [INFO] Warning 2158, reqId -1: Sec-def data farm connection is OK:secdefeu
2026-09-05 02:08:10,079 [INFO] Synchronization complete
2026-09-05 02:08:10,080 [INFO] Connecté à IBKR sur 127.0.0.1:4002 (clientId=4, readonly=True).
2026-09-05 02:08:10,080 [INFO] [1/504] A (Agilent Technologies), depuis 2026-08-25...
2026-09-05 02:08:21,372 [INFO]   -> 9 jours récupérés pour A (source: ibkr)
2026-09-05 02:08:21,372 [INFO] [2/504] AAPL (Apple Inc.), depuis 2026-08-25...
2026-09-05 02:08:32,680 [INFO]   -> 9 jours récupérés pour AAPL (source: ibkr)
2026-09-05 02:08:32,680 [INFO] [3/504] ABBV (AbbVie), depuis 2026-08-25...
2026-09-05 02:08:44,057 [INFO]   -> 9 jours récupérés pour ABBV (source: ibkr)
2026-09-05 02:08:44,057 [INFO] [4/504] ABNB (Airbnb), depuis 2026-08-25...
2026-09-05 02:08:55,300 [INFO]   -> 9 jours récupérés pour ABNB (source: ibkr)
2026-09-05 02:08:55,300 [INFO] [5/504] ABT (Abbott Laboratories), depuis 2026-08-25...
2026-09-05 02:09:06,637 [INFO]   -> 9 jours récupérés pour ABT (source: ibkr)
2026-09-05 02:09:06,637 [INFO] [6/504] ACGL (Arch Capital Group), depuis 2026-08-25...
2026-09-05 02:09:17,883 [INFO]   -> 9 jours récupérés pour ACGL (source: ibkr)
2026-09-05 02:09:17,883 [INFO] [7/504] ACN (Accenture), depuis 2026-08-25...
2026-09-05 02:09:29,177 [INFO]   -> 9 jours récupérés pour ACN (source: ibkr)
2026-09-05 02:09:29,177 [INFO] [8/504] ADBE (Adobe Inc.), depuis 2026-08-25...
2026-09-05 02:09:40,415 [INFO]   -> 9 jours récupérés pour ADBE (source: ibkr)
2026-09-05 02:09:40,415 [INFO] [9/504] ADI (Analog Devices), depuis 2026-08-25...
2026-09-05 02:09:51,762 [INFO]   -> 9 jours récupérés pour ADI (source: ibkr)
2026-09-05 02:09:51,762 [INFO] [10/504] ADM (Archer Daniels Midland), depuis 2026-08-25...
2026-09-05 02:10:03,102 [INFO]   -> 9 jours récupérés pour ADM (source: ibkr)
2026-09-05 02:10:03,102 [INFO] [11/504] ADP (Automatic Data Processing), depuis 2026-08-25...
2026-09-05 02:10:14,444 [INFO]   -> 9 jours récupérés pour ADP (source: ibkr)
2026-09-05 02:10:14,444 [INFO] [12/504] ADSK (Autodesk), depuis 2026-08-25...
2026-09-05 02:10:25,677 [INFO]   -> 9 jours récupérés pour ADSK (source: ibkr)
2026-09-05 02:10:25,677 [INFO] [13/504] AEE (Ameren), depuis 2026-08-25...
2026-09-05 02:10:37,012 [INFO]   -> 9 jours récupérés pour AEE (source: ibkr)
2026-09-05 02:10:37,013 [INFO] [14/504] AEP (American Electric Power), depuis 2026-08-25...
2026-09-05 02:10:48,350 [INFO]   -> 9 jours récupérés pour AEP (source: ibkr)
2026-09-05 02:10:48,350 [INFO] [15/504] AES (AES Corporation), depuis 2026-08-25...
2026-09-05 02:10:59,637 [INFO]   -> 9 jours récupérés pour AES (source: ibkr)
2026-09-05 02:10:59,637 [INFO] [16/504] AFL (Aflac), depuis 2026-08-25...
2026-09-05 02:11:10,975 [INFO]   -> 9 jours récupérés pour AFL (source: ibkr)
2026-09-05 02:11:10,975 [INFO] [17/504] AIG (American International Group), depuis 2026-08-25...
2026-09-05 02:11:22,258 [INFO]   -> 9 jours récupérés pour AIG (source: ibkr)
2026-09-05 02:11:22,259 [INFO] [18/504] AIZ (Assurant), depuis 2026-08-25...
2026-09-05 02:11:33,610 [INFO]   -> 9 jours récupérés pour AIZ (source: ibkr)
2026-09-05 02:11:33,610 [INFO] [19/504] AJG (Arthur J. Gallagher & Co.), depuis 2026-08-25...
2026-09-05 02:11:44,952 [INFO]   -> 9 jours récupérés pour AJG (source: ibkr)
2026-09-05 02:11:44,953 [INFO] [20/504] AKAM (Akamai Technologies), depuis 2026-08-25...
2026-09-05 02:11:56,201 [INFO]   -> 9 jours récupérés pour AKAM (source: ibkr)
2026-09-05 02:11:56,202 [INFO] [21/504] ALB (Albemarle Corporation), depuis 2026-08-25...
2026-09-05 02:12:07,544 [INFO]   -> 9 jours récupérés pour ALB (source: ibkr)
2026-09-05 02:12:07,545 [INFO] [22/504] ALGN (Align Technology), depuis 2026-08-25...
2026-09-05 02:12:18,771 [INFO]   -> 9 jours récupérés pour ALGN (source: ibkr)
2026-09-05 02:12:18,771 [INFO] [23/504] ALL (Allstate), depuis 2026-08-25...
2026-09-05 02:12:30,117 [INFO]   -> 9 jours récupérés pour ALL (source: ibkr)
2026-09-05 02:12:30,118 [INFO] [24/504] ALLE (Allegion), depuis 2026-08-25...
2026-09-05 02:12:41,404 [INFO]   -> 9 jours récupérés pour ALLE (source: ibkr)
2026-09-05 02:12:41,404 [INFO] [25/504] AMAT (Applied Materials), depuis 2026-08-25...
2026-09-05 02:12:52,748 [INFO]   -> 9 jours récupérés pour AMAT (source: ibkr)
2026-09-05 02:12:52,748 [INFO] [26/504] AMCR (Amcor), depuis 2026-08-25...
2026-09-05 02:13:04,154 [INFO]   -> 9 jours récupérés pour AMCR (source: ibkr)
2026-09-05 02:13:04,155 [INFO] [27/504] AMD (Advanced Micro Devices), depuis 2026-08-25...
2026-09-05 02:13:15,391 [INFO]   -> 9 jours récupérés pour AMD (source: ibkr)
2026-09-05 02:13:15,391 [INFO] [28/504] AME (Ametek), depuis 2026-08-25...
2026-09-05 02:13:26,731 [INFO]   -> 9 jours récupérés pour AME (source: ibkr)
2026-09-05 02:13:26,732 [INFO] [29/504] AMGN (Amgen), depuis 2026-08-25...
2026-09-05 02:13:38,020 [INFO]   -> 9 jours récupérés pour AMGN (source: ibkr)
2026-09-05 02:13:38,021 [INFO] [30/504] AMP (Ameriprise Financial), depuis 2026-08-25...
2026-09-05 02:13:49,368 [INFO]   -> 9 jours récupérés pour AMP (source: ibkr)
2026-09-05 02:13:49,368 [INFO] [31/504] AMT (American Tower), depuis 2026-08-25...
2026-09-05 02:14:00,659 [INFO]   -> 9 jours récupérés pour AMT (source: ibkr)
2026-09-05 02:14:00,659 [INFO] [32/504] AMZN (Amazon), depuis 2026-08-25...
2026-09-05 02:14:11,898 [INFO]   -> 9 jours récupérés pour AMZN (source: ibkr)
2026-09-05 02:14:11,899 [INFO] [33/504] ANET (Arista Networks), depuis 2026-08-25...
2026-09-05 02:14:23,127 [INFO]   -> 9 jours récupérés pour ANET (source: ibkr)
2026-09-05 02:14:23,127 [INFO] [34/504] AON (Aon plc), depuis 2026-08-25...
2026-09-05 02:14:34,465 [INFO]   -> 9 jours récupérés pour AON (source: ibkr)
2026-09-05 02:14:34,465 [INFO] [35/504] AOS (A. O. Smith), depuis 2026-08-25...
2026-09-05 02:14:45,812 [INFO]   -> 9 jours récupérés pour AOS (source: ibkr)
2026-09-05 02:14:45,813 [INFO] [36/504] APA (APA Corporation), depuis 2026-08-25...
2026-09-05 02:14:57,271 [INFO]   -> 9 jours récupérés pour APA (source: ibkr)
2026-09-05 02:14:57,271 [INFO] [37/504] APD (Air Products), depuis 2026-08-25...
2026-09-05 02:15:08,620 [INFO]   -> 9 jours récupérés pour APD (source: ibkr)
2026-09-05 02:15:08,620 [INFO] [38/504] APH (Amphenol), depuis 2026-08-25...
2026-09-05 02:15:19,963 [INFO]   -> 9 jours récupérés pour APH (source: ibkr)
2026-09-05 02:15:19,963 [INFO] [39/504] APO (Apollo Global Management), depuis 2026-08-25...
2026-09-05 02:15:31,258 [INFO]   -> 9 jours récupérés pour APO (source: ibkr)
2026-09-05 02:15:31,259 [INFO] [40/504] APP (AppLovin), depuis 2026-08-25...
2026-09-05 02:15:42,496 [INFO]   -> 9 jours récupérés pour APP (source: ibkr)
2026-09-05 02:15:42,496 [INFO] [41/504] APTV (Aptiv), depuis 2026-08-25...
2026-09-05 02:15:53,740 [INFO]   -> 9 jours récupérés pour APTV (source: ibkr)
2026-09-05 02:15:53,740 [INFO] [42/504] ARE (Alexandria Real Estate Equities), depuis 2026-08-25...
2026-09-05 02:16:05,092 [INFO]   -> 9 jours récupérés pour ARE (source: ibkr)
2026-09-05 02:16:05,092 [INFO] [43/504] ARES (Ares Management), depuis 2026-08-25...
2026-09-05 02:16:16,379 [INFO]   -> 9 jours récupérés pour ARES (source: ibkr)
2026-09-05 02:16:16,380 [INFO] [44/504] ATO (Atmos Energy), depuis 2026-08-25...
2026-09-05 02:16:27,725 [INFO]   -> 9 jours récupérés pour ATO (source: ibkr)
2026-09-05 02:16:27,726 [INFO] [45/504] AVB (AvalonBay Communities), depuis 2026-08-13...
2026-09-05 02:16:27,749 [ERROR] Error 200, reqId 91: No security definition has been found for the request, contract: Stock(symbol='AVB', exchange='SMART', currency='USD')
2026-09-05 02:16:29,040 [WARNING]   -> ECHEC (ni IBKR ni Stooq) pour AVB : Aucune donnée (ni IBKR ni Stooq) pour AVB -- TROU DE COUVERTURE.
2026-09-05 02:16:29,040 [INFO] [46/504] AVGO (Broadcom), depuis 2026-08-25...
2026-09-05 02:16:40,330 [INFO]   -> 9 jours récupérés pour AVGO (source: ibkr)
2026-09-05 02:16:40,330 [INFO] [47/504] AVY (Avery Dennison), depuis 2026-08-25...
2026-09-05 02:16:51,672 [INFO]   -> 9 jours récupérés pour AVY (source: ibkr)
2026-09-05 02:16:51,672 [INFO] [48/504] AWK (American Water Works), depuis 2026-08-25...
2026-09-05 02:17:02,963 [INFO]   -> 9 jours récupérés pour AWK (source: ibkr)
2026-09-05 02:17:02,963 [INFO] [49/504] AXON (Axon Enterprise), depuis 2026-08-25...
2026-09-05 02:17:14,289 [INFO]   -> 9 jours récupérés pour AXON (source: ibkr)
2026-09-05 02:17:14,290 [INFO] [50/504] AXP (American Express), depuis 2026-08-25...
2026-09-05 02:17:25,628 [INFO]   -> 9 jours récupérés pour AXP (source: ibkr)
2026-09-05 02:17:25,628 [INFO] [51/504] AZO (AutoZone), depuis 2026-08-25...
2026-09-05 02:17:36,869 [INFO]   -> 9 jours récupérés pour AZO (source: ibkr)
2026-09-05 02:17:36,869 [INFO] [52/504] BA (Boeing), depuis 2026-08-25...
2026-09-05 02:17:48,164 [INFO]   -> 9 jours récupérés pour BA (source: ibkr)
2026-09-05 02:17:48,164 [INFO] [53/504] BAC (Bank of America), depuis 2026-08-25...
2026-09-05 02:17:59,510 [INFO]   -> 9 jours récupérés pour BAC (source: ibkr)
2026-09-05 02:17:59,511 [INFO] [54/504] BALL (Ball Corporation), depuis 2026-08-25...
2026-09-05 02:18:10,854 [INFO]   -> 9 jours récupérés pour BALL (source: ibkr)
2026-09-05 02:18:10,854 [INFO] [55/504] BAX (Baxter International), depuis 2026-08-25...
2026-09-05 02:18:22,191 [INFO]   -> 9 jours récupérés pour BAX (source: ibkr)
2026-09-05 02:18:22,191 [INFO] [56/504] BBY (Best Buy), depuis 2026-08-25...
2026-09-05 02:18:33,528 [INFO]   -> 9 jours récupérés pour BBY (source: ibkr)
2026-09-05 02:18:33,528 [INFO] [57/504] BDX (Becton Dickinson), depuis 2026-08-25...
2026-09-05 02:18:44,866 [INFO]   -> 9 jours récupérés pour BDX (source: ibkr)
2026-09-05 02:18:44,866 [INFO] [58/504] BEN (Franklin Resources), depuis 2026-08-25...
2026-09-05 02:18:56,210 [INFO]   -> 9 jours récupérés pour BEN (source: ibkr)
2026-09-05 02:18:56,210 [INFO] [59/504] BF B (Brown–Forman), depuis 2026-08-25...
2026-09-05 02:19:07,547 [INFO]   -> 9 jours récupérés pour BF B (source: ibkr)
2026-09-05 02:19:07,548 [INFO] [60/504] BG (Bunge Global), depuis 2026-08-25...
2026-09-05 02:19:18,889 [INFO]   -> 9 jours récupérés pour BG (source: ibkr)
2026-09-05 02:19:18,889 [INFO] [61/504] BIIB (Biogen), depuis 2026-08-25...
2026-09-05 02:19:30,120 [INFO]   -> 9 jours récupérés pour BIIB (source: ibkr)
2026-09-05 02:19:30,120 [INFO] [62/504] BKNG (Booking Holdings), depuis 2026-08-25...
2026-09-05 02:19:41,355 [INFO]   -> 9 jours récupérés pour BKNG (source: ibkr)
2026-09-05 02:19:41,355 [INFO] [63/504] BKR (Baker Hughes), depuis 2026-08-25...
2026-09-05 02:19:52,797 [INFO]   -> 9 jours récupérés pour BKR (source: ibkr)
2026-09-05 02:19:52,797 [INFO] [64/504] BLDR (Builders FirstSource), depuis 2026-08-25...
2026-09-05 02:20:04,207 [INFO]   -> 9 jours récupérés pour BLDR (source: ibkr)
2026-09-05 02:20:04,207 [INFO] [65/504] BLK (BlackRock), depuis 2026-08-25...
2026-09-05 02:20:15,547 [INFO]   -> 9 jours récupérés pour BLK (source: ibkr)
2026-09-05 02:20:15,548 [INFO] [66/504] BMY (Bristol Myers Squibb), depuis 2026-08-25...
2026-09-05 02:20:26,886 [INFO]   -> 9 jours récupérés pour BMY (source: ibkr)
2026-09-05 02:20:26,886 [INFO] [67/504] BNY (BNY Mellon), depuis 2026-08-25...
2026-09-05 02:20:38,225 [INFO]   -> 9 jours récupérés pour BNY (source: ibkr)
2026-09-05 02:20:38,225 [INFO] [68/504] BR (Broadridge Financial Solutions), depuis 2026-08-25...
2026-09-05 02:20:49,507 [INFO]   -> 9 jours récupérés pour BR (source: ibkr)
2026-09-05 02:20:49,508 [INFO] [69/504] BRK B (Berkshire Hathaway), depuis 2026-08-25...
2026-09-05 02:21:00,739 [INFO]   -> 9 jours récupérés pour BRK B (source: ibkr)
2026-09-05 02:21:00,739 [INFO] [70/504] BRO (Brown & Brown), depuis 2026-08-25...
2026-09-05 02:21:12,081 [INFO]   -> 9 jours récupérés pour BRO (source: ibkr)
2026-09-05 02:21:12,082 [INFO] [71/504] BSX (Boston Scientific), depuis 2026-08-25...
2026-09-05 02:21:23,345 [INFO]   -> 9 jours récupérés pour BSX (source: ibkr)
2026-09-05 02:21:23,346 [INFO] [72/504] BX (Blackstone Inc.), depuis 2026-08-25...
2026-09-05 02:21:34,685 [INFO]   -> 9 jours récupérés pour BX (source: ibkr)
2026-09-05 02:21:34,685 [INFO] [73/504] BXP (BXP, Inc.), depuis 2026-08-25...
2026-09-05 02:21:46,025 [INFO]   -> 9 jours récupérés pour BXP (source: ibkr)
2026-09-05 02:21:46,025 [INFO] [74/504] C (Citigroup), depuis 2026-08-25...
2026-09-05 02:21:57,311 [INFO]   -> 9 jours récupérés pour C (source: ibkr)
2026-09-05 02:21:57,312 [INFO] [75/504] CAH (Cardinal Health), depuis 2026-08-25...
2026-09-05 02:22:08,650 [INFO]   -> 9 jours récupérés pour CAH (source: ibkr)
2026-09-05 02:22:08,650 [INFO] [76/504] CARR (Carrier Global), depuis 2026-08-25...
2026-09-05 02:22:19,882 [INFO]   -> 9 jours récupérés pour CARR (source: ibkr)
2026-09-05 02:22:19,883 [INFO] [77/504] CASY (Casey's), depuis 2026-08-25...
2026-09-05 02:22:31,220 [INFO]   -> 9 jours récupérés pour CASY (source: ibkr)
2026-09-05 02:22:31,220 [INFO] [78/504] CAT (Caterpillar Inc.), depuis 2026-08-25...
2026-09-05 02:22:42,565 [INFO]   -> 9 jours récupérés pour CAT (source: ibkr)
2026-09-05 02:22:42,565 [INFO] [79/504] CB (Chubb Limited), depuis 2026-08-25...
2026-09-05 02:22:53,906 [INFO]   -> 9 jours récupérés pour CB (source: ibkr)
2026-09-05 02:22:53,906 [INFO] [80/504] CBOE (Cboe Global Markets), depuis 2026-08-25...
2026-09-05 02:23:05,193 [INFO]   -> 9 jours récupérés pour CBOE (source: ibkr)
2026-09-05 02:23:05,193 [INFO] [81/504] CBRE (CBRE Group), depuis 2026-08-25...
2026-09-05 02:23:16,424 [INFO]   -> 9 jours récupérés pour CBRE (source: ibkr)
2026-09-05 02:23:16,424 [INFO] [82/504] CCI (Crown Castle), depuis 2026-08-25...
2026-09-05 02:23:27,707 [INFO]   -> 9 jours récupérés pour CCI (source: ibkr)
2026-09-05 02:23:27,707 [INFO] [83/504] CCL (Carnival Corporation), depuis 2026-08-25...
2026-09-05 02:23:39,003 [INFO]   -> 9 jours récupérés pour CCL (source: ibkr)
2026-09-05 02:23:39,003 [INFO] [84/504] CDNS (Cadence Design Systems), depuis 2026-08-25...
2026-09-05 02:23:50,243 [INFO]   -> 9 jours récupérés pour CDNS (source: ibkr)
2026-09-05 02:23:50,243 [INFO] [85/504] CDW (CDW Corporation), depuis 2026-08-25...
2026-09-05 02:24:01,533 [INFO]   -> 9 jours récupérés pour CDW (source: ibkr)
2026-09-05 02:24:01,534 [INFO] [86/504] CEG (Constellation Energy), depuis 2026-08-25...
2026-09-05 02:24:12,765 [INFO]   -> 9 jours récupérés pour CEG (source: ibkr)
2026-09-05 02:24:12,765 [INFO] [87/504] CF (CF Industries), depuis 2026-08-25...
2026-09-05 02:24:24,105 [INFO]   -> 9 jours récupérés pour CF (source: ibkr)
2026-09-05 02:24:24,105 [INFO] [88/504] CFG (Citizens Financial Group), depuis 2026-08-25...
2026-09-05 02:24:35,386 [INFO]   -> 9 jours récupérés pour CFG (source: ibkr)
2026-09-05 02:24:35,387 [INFO] [89/504] CHD (Church & Dwight), depuis 2026-08-25...
2026-09-05 02:24:46,714 [INFO]   -> 9 jours récupérés pour CHD (source: ibkr)
2026-09-05 02:24:46,715 [INFO] [90/504] CHRW (C.H. Robinson), depuis 2026-08-25...
2026-09-05 02:24:58,053 [INFO]   -> 9 jours récupérés pour CHRW (source: ibkr)
2026-09-05 02:24:58,053 [INFO] [91/504] CHTR (Charter Communications), depuis 2026-08-25...
2026-09-05 02:25:09,278 [INFO]   -> 9 jours récupérés pour CHTR (source: ibkr)
2026-09-05 02:25:09,278 [INFO] [92/504] CI (Cigna), depuis 2026-08-25...
2026-09-05 02:25:20,557 [INFO]   -> 9 jours récupérés pour CI (source: ibkr)
2026-09-05 02:25:20,557 [INFO] [93/504] CIEN (Ciena), depuis 2026-08-25...
2026-09-05 02:25:31,785 [INFO]   -> 9 jours récupérés pour CIEN (source: ibkr)
2026-09-05 02:25:31,785 [INFO] [94/504] CINF (Cincinnati Financial), depuis 2026-08-25...
2026-09-05 02:25:43,121 [INFO]   -> 9 jours récupérés pour CINF (source: ibkr)
2026-09-05 02:25:43,121 [INFO] [95/504] CL (Colgate-Palmolive), depuis 2026-08-25...
2026-09-05 02:25:54,465 [INFO]   -> 9 jours récupérés pour CL (source: ibkr)
2026-09-05 02:25:54,465 [INFO] [96/504] CLX (Clorox), depuis 2026-08-25...
2026-09-05 02:26:05,804 [INFO]   -> 9 jours récupérés pour CLX (source: ibkr)
2026-09-05 02:26:05,804 [INFO] [97/504] CMCSA (Comcast), depuis 2026-08-25...
2026-09-05 02:26:17,137 [INFO]   -> 9 jours récupérés pour CMCSA (source: ibkr)
2026-09-05 02:26:17,138 [INFO] [98/504] CME (CME Group), depuis 2026-08-25...
2026-09-05 02:26:28,482 [INFO]   -> 9 jours récupérés pour CME (source: ibkr)
2026-09-05 02:26:28,482 [INFO] [99/504] CMG (Chipotle Mexican Grill), depuis 2026-08-25...
2026-09-05 02:26:39,712 [INFO]   -> 9 jours récupérés pour CMG (source: ibkr)
2026-09-05 02:26:39,712 [INFO] [100/504] CMI (Cummins), depuis 2026-08-25...
2026-09-05 02:26:51,046 [INFO]   -> 9 jours récupérés pour CMI (source: ibkr)
2026-09-05 02:26:51,046 [INFO] [101/504] CMS (CMS Energy), depuis 2026-08-25...
2026-09-05 02:27:02,381 [INFO]   -> 9 jours récupérés pour CMS (source: ibkr)
2026-09-05 02:27:02,381 [INFO] [102/504] CNC (Centene Corporation), depuis 2026-08-25...
2026-09-05 02:27:13,629 [INFO]   -> 9 jours récupérés pour CNC (source: ibkr)
2026-09-05 02:27:13,629 [INFO] [103/504] CNP (CenterPoint Energy), depuis 2026-08-25...
2026-09-05 02:27:24,964 [INFO]   -> 9 jours récupérés pour CNP (source: ibkr)
2026-09-05 02:27:24,964 [INFO] [104/504] COF (Capital One), depuis 2026-08-25...
2026-09-05 02:27:36,300 [INFO]   -> 9 jours récupérés pour COF (source: ibkr)
2026-09-05 02:27:36,301 [INFO] [105/504] COHR (Coherent Corp.), depuis 2026-08-25...
2026-09-05 02:27:47,559 [INFO]   -> 9 jours récupérés pour COHR (source: ibkr)
2026-09-05 02:27:47,559 [INFO] [106/504] COIN (Coinbase), depuis 2026-08-25...
2026-09-05 02:27:58,790 [INFO]   -> 9 jours récupérés pour COIN (source: ibkr)
2026-09-05 02:27:58,790 [INFO] [107/504] COO (Cooper Companies (The)), depuis 2026-08-25...
2026-09-05 02:28:10,024 [INFO]   -> 9 jours récupérés pour COO (source: ibkr)
2026-09-05 02:28:10,024 [INFO] [108/504] COP (ConocoPhillips), depuis 2026-08-25...
2026-09-05 02:28:21,358 [INFO]   -> 9 jours récupérés pour COP (source: ibkr)
2026-09-05 02:28:21,359 [INFO] [109/504] COR (Cencora), depuis 2026-08-25...
2026-09-05 02:28:32,700 [INFO]   -> 9 jours récupérés pour COR (source: ibkr)
2026-09-05 02:28:32,700 [INFO] [110/504] COST (Costco), depuis 2026-08-25...
2026-09-05 02:28:44,039 [INFO]   -> 9 jours récupérés pour COST (source: ibkr)
2026-09-05 02:28:44,039 [INFO] [111/504] CPAY (Corpay), depuis 2026-08-25...
2026-09-05 02:28:55,269 [INFO]   -> 9 jours récupérés pour CPAY (source: ibkr)
2026-09-05 02:28:55,270 [INFO] [112/504] CPRT (Copart), depuis 2026-08-25...
2026-09-05 02:29:06,500 [INFO]   -> 9 jours récupérés pour CPRT (source: ibkr)
2026-09-05 02:29:06,500 [INFO] [113/504] CPT (Camden Property Trust), depuis 2026-08-25...
2026-09-05 02:29:17,840 [INFO]   -> 9 jours récupérés pour CPT (source: ibkr)
2026-09-05 02:29:17,840 [INFO] [114/504] CRH (CRH plc), depuis 2026-08-25...
2026-09-05 02:29:29,120 [INFO]   -> 9 jours récupérés pour CRH (source: ibkr)
2026-09-05 02:29:29,121 [INFO] [115/504] CRL (Charles River Laboratories), depuis 2026-08-25...
2026-09-05 02:29:40,353 [INFO]   -> 9 jours récupérés pour CRL (source: ibkr)
2026-09-05 02:29:40,354 [INFO] [116/504] CRM (Salesforce), depuis 2026-08-25...
2026-09-05 02:29:51,591 [INFO]   -> 9 jours récupérés pour CRM (source: ibkr)
2026-09-05 02:29:51,591 [INFO] [117/504] CRWD (CrowdStrike), depuis 2026-08-25...
2026-09-05 02:30:02,826 [INFO]   -> 9 jours récupérés pour CRWD (source: ibkr)
2026-09-05 02:30:02,826 [INFO] [118/504] CSCO (Cisco), depuis 2026-08-25...
2026-09-05 02:30:14,111 [INFO]   -> 9 jours récupérés pour CSCO (source: ibkr)
2026-09-05 02:30:14,111 [INFO] [119/504] CSGP (CoStar Group), depuis 2026-08-25...
2026-09-05 02:30:25,342 [INFO]   -> 9 jours récupérés pour CSGP (source: ibkr)
2026-09-05 02:30:25,342 [INFO] [120/504] CSX (CSX Corporation), depuis 2026-08-25...
2026-09-05 02:30:36,680 [INFO]   -> 9 jours récupérés pour CSX (source: ibkr)
2026-09-05 02:30:36,681 [INFO] [121/504] CTAS (Cintas), depuis 2026-08-25...
2026-09-05 02:30:47,966 [INFO]   -> 9 jours récupérés pour CTAS (source: ibkr)
2026-09-05 02:30:47,966 [INFO] [122/504] CTSH (Cognizant), depuis 2026-08-25...
2026-09-05 02:30:59,254 [INFO]   -> 9 jours récupérés pour CTSH (source: ibkr)
2026-09-05 02:30:59,254 [INFO] [123/504] CTVA (Corteva), depuis 2026-08-25...
2026-09-05 02:31:10,492 [INFO]   -> 9 jours récupérés pour CTVA (source: ibkr)
2026-09-05 02:31:10,493 [INFO] [124/504] CVNA (Carvana), depuis 2026-08-25...
2026-09-05 02:31:21,723 [INFO]   -> 9 jours récupérés pour CVNA (source: ibkr)
2026-09-05 02:31:21,723 [INFO] [125/504] CVS (CVS Health), depuis 2026-08-25...
2026-09-05 02:31:33,060 [INFO]   -> 9 jours récupérés pour CVS (source: ibkr)
2026-09-05 02:31:33,061 [INFO] [126/504] CVX (Chevron Corporation), depuis 2026-08-25...
2026-09-05 02:31:44,467 [INFO]   -> 9 jours récupérés pour CVX (source: ibkr)
2026-09-05 02:31:44,468 [INFO] [127/504] D (Dominion Energy), depuis 2026-08-25...
2026-09-05 02:31:55,809 [INFO]   -> 9 jours récupérés pour D (source: ibkr)
2026-09-05 02:31:55,809 [INFO] [128/504] DAL (Delta Air Lines), depuis 2026-08-25...
2026-09-05 02:32:07,099 [INFO]   -> 9 jours récupérés pour DAL (source: ibkr)
2026-09-05 02:32:07,099 [INFO] [129/504] DASH (DoorDash), depuis 2026-08-25...
2026-09-05 02:32:18,332 [INFO]   -> 9 jours récupérés pour DASH (source: ibkr)
2026-09-05 02:32:18,333 [INFO] [130/504] DD (DuPont), depuis 2026-08-25...
2026-09-05 02:32:29,779 [INFO]   -> 9 jours récupérés pour DD (source: ibkr)
2026-09-05 02:32:29,779 [INFO] [131/504] DDOG (Datadog), depuis 2026-08-25...
2026-09-05 02:32:41,010 [INFO]   -> 9 jours récupérés pour DDOG (source: ibkr)
2026-09-05 02:32:41,010 [INFO] [132/504] DE (Deere & Company), depuis 2026-08-25...
2026-09-05 02:32:52,347 [INFO]   -> 9 jours récupérés pour DE (source: ibkr)
2026-09-05 02:32:52,347 [INFO] [133/504] DECK (Deckers Brands), depuis 2026-08-25...
2026-09-05 02:33:03,579 [INFO]   -> 9 jours récupérés pour DECK (source: ibkr)
2026-09-05 02:33:03,579 [INFO] [134/504] DELL (Dell Technologies), depuis 2026-08-25...
2026-09-05 02:33:14,811 [INFO]   -> 9 jours récupérés pour DELL (source: ibkr)
2026-09-05 02:33:14,811 [INFO] [135/504] DG (Dollar General), depuis 2026-08-25...
2026-09-05 02:33:26,101 [INFO]   -> 9 jours récupérés pour DG (source: ibkr)
2026-09-05 02:33:26,101 [INFO] [136/504] DGX (Quest Diagnostics), depuis 2026-08-25...
2026-09-05 02:33:37,441 [INFO]   -> 9 jours récupérés pour DGX (source: ibkr)
2026-09-05 02:33:37,441 [INFO] [137/504] DHI (D. R. Horton), depuis 2026-08-25...
2026-09-05 02:33:48,777 [INFO]   -> 9 jours récupérés pour DHI (source: ibkr)
2026-09-05 02:33:48,777 [INFO] [138/504] DHR (Danaher Corporation), depuis 2026-08-25...
2026-09-05 02:34:00,127 [INFO]   -> 9 jours récupérés pour DHR (source: ibkr)
2026-09-05 02:34:00,127 [INFO] [139/504] DIS (Walt Disney Company (The)), depuis 2026-08-25...
2026-09-05 02:34:11,464 [INFO]   -> 9 jours récupérés pour DIS (source: ibkr)
2026-09-05 02:34:11,464 [INFO] [140/504] DLR (Digital Realty), depuis 2026-08-25...
2026-09-05 02:34:22,800 [INFO]   -> 9 jours récupérés pour DLR (source: ibkr)
2026-09-05 02:34:22,800 [INFO] [141/504] DLTR (Dollar Tree), depuis 2026-08-25...
2026-09-05 02:34:34,036 [INFO]   -> 9 jours récupérés pour DLTR (source: ibkr)
2026-09-05 02:34:34,037 [INFO] [142/504] DOC (Healthpeak Properties), depuis 2026-08-25...
2026-09-05 02:34:45,540 [INFO]   -> 9 jours récupérés pour DOC (source: ibkr)
2026-09-05 02:34:45,541 [INFO] [143/504] DOV (Dover Corporation), depuis 2026-08-25...
2026-09-05 02:34:57,011 [INFO]   -> 9 jours récupérés pour DOV (source: ibkr)
2026-09-05 02:34:57,011 [INFO] [144/504] DOW (Dow Inc.), depuis 2026-08-25...
2026-09-05 02:35:08,243 [INFO]   -> 9 jours récupérés pour DOW (source: ibkr)
2026-09-05 02:35:08,243 [INFO] [145/504] DPZ (Domino's), depuis 2026-08-25...
2026-09-05 02:35:19,530 [INFO]   -> 9 jours récupérés pour DPZ (source: ibkr)
2026-09-05 02:35:19,531 [INFO] [146/504] DRI (Darden Restaurants), depuis 2026-08-25...
2026-09-05 02:35:30,866 [INFO]   -> 9 jours récupérés pour DRI (source: ibkr)
2026-09-05 02:35:30,866 [INFO] [147/504] DTE (DTE Energy), depuis 2026-08-25...
2026-09-05 02:35:42,202 [INFO]   -> 9 jours récupérés pour DTE (source: ibkr)
2026-09-05 02:35:42,203 [INFO] [148/504] DUK (Duke Energy), depuis 2026-08-25...
2026-09-05 02:35:53,560 [INFO]   -> 9 jours récupérés pour DUK (source: ibkr)
2026-09-05 02:35:53,560 [INFO] [149/504] DVA (DaVita), depuis 2026-08-25...
2026-09-05 02:36:04,793 [INFO]   -> 9 jours récupérés pour DVA (source: ibkr)
2026-09-05 02:36:04,793 [INFO] [150/504] DVN (Devon Energy), depuis 2026-08-25...
2026-09-05 02:36:16,136 [INFO]   -> 9 jours récupérés pour DVN (source: ibkr)
2026-09-05 02:36:16,137 [INFO] [151/504] DXCM (Dexcom), depuis 2026-08-25...
2026-09-05 02:36:27,371 [INFO]   -> 9 jours récupérés pour DXCM (source: ibkr)
2026-09-05 02:36:27,371 [INFO] [152/504] EBAY (eBay Inc.), depuis 2026-08-25...
2026-09-05 02:36:38,609 [INFO]   -> 9 jours récupérés pour EBAY (source: ibkr)
2026-09-05 02:36:38,609 [INFO] [153/504] ECHO (EchoStar), depuis 2026-08-25...
2026-09-05 02:36:49,837 [INFO]   -> 9 jours récupérés pour ECHO (source: ibkr)
2026-09-05 02:36:49,837 [INFO] [154/504] ECL (Ecolab), depuis 2026-08-25...
2026-09-05 02:37:01,174 [INFO]   -> 9 jours récupérés pour ECL (source: ibkr)
2026-09-05 02:37:01,174 [INFO] [155/504] ED (Consolidated Edison), depuis 2026-08-25...
2026-09-05 02:37:12,509 [INFO]   -> 9 jours récupérés pour ED (source: ibkr)
2026-09-05 02:37:12,509 [INFO] [156/504] EFX (Equifax), depuis 2026-08-25...
2026-09-05 02:37:23,849 [INFO]   -> 9 jours récupérés pour EFX (source: ibkr)
2026-09-05 02:37:23,849 [INFO] [157/504] EG (Everest Group), depuis 2026-08-25...
2026-09-05 02:37:35,183 [INFO]   -> 9 jours récupérés pour EG (source: ibkr)
2026-09-05 02:37:35,183 [INFO] [158/504] EIX (Edison International), depuis 2026-08-25...
2026-09-05 02:37:46,522 [INFO]   -> 9 jours récupérés pour EIX (source: ibkr)
2026-09-05 02:37:46,522 [INFO] [159/504] EL (Estée Lauder Companies (The)), depuis 2026-08-25...
2026-09-05 02:37:57,807 [INFO]   -> 9 jours récupérés pour EL (source: ibkr)
2026-09-05 02:37:57,807 [INFO] [160/504] ELV (Elevance Health), depuis 2026-08-25...
2026-09-05 02:38:09,090 [INFO]   -> 9 jours récupérés pour ELV (source: ibkr)
2026-09-05 02:38:09,090 [INFO] [161/504] EME (Emcor), depuis 2026-08-25...
2026-09-05 02:38:20,380 [INFO]   -> 9 jours récupérés pour EME (source: ibkr)
2026-09-05 02:38:20,380 [INFO] [162/504] EMR (Emerson Electric), depuis 2026-08-25...
2026-09-05 02:38:31,720 [INFO]   -> 9 jours récupérés pour EMR (source: ibkr)
2026-09-05 02:38:31,720 [INFO] [163/504] EOG (EOG Resources), depuis 2026-08-25...
2026-09-05 02:38:43,070 [INFO]   -> 9 jours récupérés pour EOG (source: ibkr)
2026-09-05 02:38:43,071 [INFO] [164/504] EQIX (Equinix), depuis 2026-08-25...
2026-09-05 02:38:54,360 [INFO]   -> 9 jours récupérés pour EQIX (source: ibkr)
2026-09-05 02:38:54,360 [INFO] [165/504] EQR (Equity Residential), depuis 2026-08-17...
2026-09-05 02:38:54,382 [ERROR] Error 200, reqId 330: No security definition has been found for the request, contract: Stock(symbol='EQR', exchange='SMART', currency='USD')
2026-09-05 02:38:55,694 [WARNING]   -> ECHEC (ni IBKR ni Stooq) pour EQR : Aucune donnée (ni IBKR ni Stooq) pour EQR -- TROU DE COUVERTURE.
2026-09-05 02:38:55,695 [INFO] [166/504] EQT (EQT Corporation), depuis 2026-08-25...
2026-09-05 02:39:06,991 [INFO]   -> 9 jours récupérés pour EQT (source: ibkr)
2026-09-05 02:39:06,991 [INFO] [167/504] ERIE (Erie Indemnity), depuis 2026-08-25...
2026-09-05 02:39:18,329 [INFO]   -> 9 jours récupérés pour ERIE (source: ibkr)
2026-09-05 02:39:18,330 [INFO] [168/504] ES (Eversource Energy), depuis 2026-08-25...
2026-09-05 02:39:29,667 [INFO]   -> 9 jours récupérés pour ES (source: ibkr)
2026-09-05 02:39:29,667 [INFO] [169/504] ESS (Essex Property Trust), depuis 2026-08-25...
2026-09-05 02:39:41,003 [INFO]   -> 9 jours récupérés pour ESS (source: ibkr)
2026-09-05 02:39:41,003 [INFO] [170/504] ETN (Eaton Corporation), depuis 2026-08-25...
2026-09-05 02:39:52,346 [INFO]   -> 9 jours récupérés pour ETN (source: ibkr)
2026-09-05 02:39:52,346 [INFO] [171/504] ETR (Entergy), depuis 2026-08-25...
2026-09-05 02:40:03,688 [INFO]   -> 9 jours récupérés pour ETR (source: ibkr)
2026-09-05 02:40:03,688 [INFO] [172/504] EVRG (Evergy), depuis 2026-08-25...
2026-09-05 02:40:15,133 [INFO]   -> 9 jours récupérés pour EVRG (source: ibkr)
2026-09-05 02:40:15,133 [INFO] [173/504] EW (Edwards Lifesciences), depuis 2026-08-25...
2026-09-05 02:40:26,366 [INFO]   -> 9 jours récupérés pour EW (source: ibkr)
2026-09-05 02:40:26,366 [INFO] [174/504] EXC (Exelon), depuis 2026-08-25...
2026-09-05 02:40:37,700 [INFO]   -> 9 jours récupérés pour EXC (source: ibkr)
2026-09-05 02:40:37,700 [INFO] [175/504] EXE (Expand Energy), depuis 2026-08-25...
2026-09-05 02:40:48,931 [INFO]   -> 9 jours récupérés pour EXE (source: ibkr)
2026-09-05 02:40:48,932 [INFO] [176/504] EXPD (Expeditors International), depuis 2026-08-25...
2026-09-05 02:41:00,213 [INFO]   -> 9 jours récupérés pour EXPD (source: ibkr)
2026-09-05 02:41:00,213 [INFO] [177/504] EXPE (Expedia Group), depuis 2026-08-25...
2026-09-05 02:41:11,496 [INFO]   -> 9 jours récupérés pour EXPE (source: ibkr)
2026-09-05 02:41:11,496 [INFO] [178/504] EXR (Extra Space Storage), depuis 2026-08-25...
2026-09-05 02:41:22,839 [INFO]   -> 9 jours récupérés pour EXR (source: ibkr)
2026-09-05 02:41:22,839 [INFO] [179/504] F (Ford Motor Company), depuis 2026-08-25...
2026-09-05 02:41:34,124 [INFO]   -> 9 jours récupérés pour F (source: ibkr)
2026-09-05 02:41:34,125 [INFO] [180/504] FANG (Diamondback Energy), depuis 2026-08-25...
2026-09-05 02:41:45,359 [INFO]   -> 9 jours récupérés pour FANG (source: ibkr)
2026-09-05 02:41:45,359 [INFO] [181/504] FAST (Fastenal), depuis 2026-08-25...
2026-09-05 02:41:56,642 [INFO]   -> 9 jours récupérés pour FAST (source: ibkr)
2026-09-05 02:41:56,642 [INFO] [182/504] FCX (Freeport-McMoRan), depuis 2026-08-25...
2026-09-05 02:42:07,925 [INFO]   -> 9 jours récupérés pour FCX (source: ibkr)
2026-09-05 02:42:07,925 [INFO] [183/504] FDS (FactSet), depuis 2026-08-25...
2026-09-05 02:42:19,260 [INFO]   -> 9 jours récupérés pour FDS (source: ibkr)
2026-09-05 02:42:19,261 [INFO] [184/504] FDX (FedEx), depuis 2026-08-25...
2026-09-05 02:42:30,596 [INFO]   -> 9 jours récupérés pour FDX (source: ibkr)
2026-09-05 02:42:30,596 [INFO] [185/504] FDXF (FedEx Freight), depuis 2026-08-25...
2026-09-05 02:42:41,827 [INFO]   -> 9 jours récupérés pour FDXF (source: ibkr)
2026-09-05 02:42:41,827 [INFO] [186/504] FE (FirstEnergy), depuis 2026-08-25...
2026-09-05 02:42:53,163 [INFO]   -> 9 jours récupérés pour FE (source: ibkr)
2026-09-05 02:42:53,164 [INFO] [187/504] FERG (Ferguson Enterprises), depuis 2026-08-25...
2026-09-05 02:43:04,532 [INFO]   -> 9 jours récupérés pour FERG (source: ibkr)
2026-09-05 02:43:04,533 [INFO] [188/504] FFIV (F5, Inc.), depuis 2026-08-25...
2026-09-05 02:43:15,767 [INFO]   -> 9 jours récupérés pour FFIV (source: ibkr)
2026-09-05 02:43:15,767 [INFO] [189/504] FICO (Fair Isaac), depuis 2026-08-25...
2026-09-05 02:43:27,051 [INFO]   -> 9 jours récupérés pour FICO (source: ibkr)
2026-09-05 02:43:27,051 [INFO] [190/504] FIS (Fidelity National Information Services), depuis 2026-08-25...
2026-09-05 02:43:38,393 [INFO]   -> 9 jours récupérés pour FIS (source: ibkr)
2026-09-05 02:43:38,393 [INFO] [191/504] FISV (Fiserv), depuis 2026-08-25...
2026-09-05 02:43:49,628 [INFO]   -> 9 jours récupérés pour FISV (source: ibkr)
2026-09-05 02:43:49,628 [INFO] [192/504] FITB (Fifth Third Bancorp), depuis 2026-08-25...
2026-09-05 02:44:00,966 [INFO]   -> 9 jours récupérés pour FITB (source: ibkr)
2026-09-05 02:44:00,966 [INFO] [193/504] FIX (Comfort Systems USA), depuis 2026-08-25...
2026-09-05 02:44:12,303 [INFO]   -> 9 jours récupérés pour FIX (source: ibkr)
2026-09-05 02:44:12,303 [INFO] [194/504] FLEX (Flex Ltd.), depuis 2026-08-25...
2026-09-05 02:44:23,534 [INFO]   -> 9 jours récupérés pour FLEX (source: ibkr)
2026-09-05 02:44:23,534 [INFO] [195/504] FOX (Fox Corporation (Class B)), depuis 2026-08-25...
2026-09-05 02:44:34,767 [INFO]   -> 9 jours récupérés pour FOX (source: ibkr)
2026-09-05 02:44:34,768 [INFO] [196/504] FOXA (Fox Corporation (Class A)), depuis 2026-08-25...
2026-09-05 02:44:46,002 [INFO]   -> 9 jours récupérés pour FOXA (source: ibkr)
2026-09-05 02:44:46,002 [INFO] [197/504] FRT (Federal Realty Investment Trust), depuis 2026-08-25...
2026-09-05 02:44:57,410 [INFO]   -> 9 jours récupérés pour FRT (source: ibkr)
2026-09-05 02:44:57,410 [INFO] [198/504] FSLR (First Solar), depuis 2026-08-25...
2026-09-05 02:45:08,643 [INFO]   -> 9 jours récupérés pour FSLR (source: ibkr)
2026-09-05 02:45:08,643 [INFO] [199/504] FTNT (Fortinet), depuis 2026-08-25...
2026-09-05 02:45:19,876 [INFO]   -> 9 jours récupérés pour FTNT (source: ibkr)
2026-09-05 02:45:19,876 [INFO] [200/504] FTV (Fortive), depuis 2026-08-25...
2026-09-05 02:45:31,159 [INFO]   -> 9 jours récupérés pour FTV (source: ibkr)
2026-09-05 02:45:31,159 [INFO] [201/504] GD (General Dynamics), depuis 2026-08-25...
2026-09-05 02:45:42,499 [INFO]   -> 9 jours récupérés pour GD (source: ibkr)
2026-09-05 02:45:42,499 [INFO] [202/504] GDDY (GoDaddy), depuis 2026-08-25...
2026-09-05 02:45:53,731 [INFO]   -> 9 jours récupérés pour GDDY (source: ibkr)
2026-09-05 02:45:53,731 [INFO] [203/504] GE (GE Aerospace), depuis 2026-08-25...
2026-09-05 02:46:05,068 [INFO]   -> 9 jours récupérés pour GE (source: ibkr)
2026-09-05 02:46:05,068 [INFO] [204/504] GEHC (GE HealthCare), depuis 2026-08-25...
2026-09-05 02:46:16,299 [INFO]   -> 9 jours récupérés pour GEHC (source: ibkr)
2026-09-05 02:46:16,299 [INFO] [205/504] GEN (Gen Digital), depuis 2026-08-25...
2026-09-05 02:46:27,583 [INFO]   -> 9 jours récupérés pour GEN (source: ibkr)
2026-09-05 02:46:27,583 [INFO] [206/504] GEV (GE Vernova), depuis 2026-08-25...
2026-09-05 02:46:38,814 [INFO]   -> 9 jours récupérés pour GEV (source: ibkr)
2026-09-05 02:46:38,814 [INFO] [207/504] GILD (Gilead Sciences), depuis 2026-08-25...
2026-09-05 02:46:50,096 [INFO]   -> 9 jours récupérés pour GILD (source: ibkr)
2026-09-05 02:46:50,097 [INFO] [208/504] GIS (General Mills), depuis 2026-08-25...
2026-09-05 02:47:01,432 [INFO]   -> 9 jours récupérés pour GIS (source: ibkr)
2026-09-05 02:47:01,433 [INFO] [209/504] GL (Globe Life), depuis 2026-08-25...
2026-09-05 02:47:12,769 [INFO]   -> 9 jours récupérés pour GL (source: ibkr)
2026-09-05 02:47:12,769 [INFO] [210/504] GLW (Corning Inc.), depuis 2026-08-25...
2026-09-05 02:47:24,106 [INFO]   -> 9 jours récupérés pour GLW (source: ibkr)
2026-09-05 02:47:24,107 [INFO] [211/504] GM (General Motors), depuis 2026-08-25...
2026-09-05 02:47:35,393 [INFO]   -> 9 jours récupérés pour GM (source: ibkr)
2026-09-05 02:47:35,394 [INFO] [212/504] GNRC (Generac), depuis 2026-08-25...
2026-09-05 02:47:46,631 [INFO]   -> 9 jours récupérés pour GNRC (source: ibkr)
2026-09-05 02:47:46,632 [INFO] [213/504] GOOG (Alphabet Inc. (Class C)), depuis 2026-08-25...
2026-09-05 02:47:57,862 [INFO]   -> 9 jours récupérés pour GOOG (source: ibkr)
2026-09-05 02:47:57,862 [INFO] [214/504] GOOGL (Alphabet Inc. (Class A)), depuis 2026-08-25...
2026-09-05 02:48:09,098 [INFO]   -> 9 jours récupérés pour GOOGL (source: ibkr)
2026-09-05 02:48:09,099 [INFO] [215/504] GPC (Genuine Parts Company), depuis 2026-08-25...
2026-09-05 02:48:20,446 [INFO]   -> 9 jours récupérés pour GPC (source: ibkr)
2026-09-05 02:48:20,447 [INFO] [216/504] GPN (Global Payments), depuis 2026-08-25...
2026-09-05 02:48:31,784 [INFO]   -> 9 jours récupérés pour GPN (source: ibkr)
2026-09-05 02:48:31,784 [INFO] [217/504] GRMN (Garmin), depuis 2026-08-25...
2026-09-05 02:48:43,066 [INFO]   -> 9 jours récupérés pour GRMN (source: ibkr)
2026-09-05 02:48:43,066 [INFO] [218/504] GS (Goldman Sachs), depuis 2026-08-25...
2026-09-05 02:48:54,448 [INFO]   -> 9 jours récupérés pour GS (source: ibkr)
2026-09-05 02:48:54,448 [INFO] [219/504] GWW (W. W. Grainger), depuis 2026-08-25...
2026-09-05 02:49:05,792 [INFO]   -> 9 jours récupérés pour GWW (source: ibkr)
2026-09-05 02:49:05,793 [INFO] [220/504] HAL (Halliburton), depuis 2026-08-25...
2026-09-05 02:49:17,135 [INFO]   -> 9 jours récupérés pour HAL (source: ibkr)
2026-09-05 02:49:17,136 [INFO] [221/504] HAS (Hasbro), depuis 2026-08-25...
2026-09-05 02:49:28,492 [INFO]   -> 9 jours récupérés pour HAS (source: ibkr)
2026-09-05 02:49:28,492 [INFO] [222/504] HBAN (Huntington Bancshares), depuis 2026-08-25...
2026-09-05 02:49:39,832 [INFO]   -> 9 jours récupérés pour HBAN (source: ibkr)
2026-09-05 02:49:39,833 [INFO] [223/504] HCA (HCA Healthcare), depuis 2026-08-25...
2026-09-05 02:49:51,066 [INFO]   -> 9 jours récupérés pour HCA (source: ibkr)
2026-09-05 02:49:51,067 [INFO] [224/504] HD (Home Depot (The)), depuis 2026-08-25...
2026-09-05 02:50:02,406 [INFO]   -> 9 jours récupérés pour HD (source: ibkr)
2026-09-05 02:50:02,406 [INFO] [225/504] HIG (Hartford (The)), depuis 2026-08-25...
2026-09-05 02:50:13,747 [INFO]   -> 9 jours récupérés pour HIG (source: ibkr)
2026-09-05 02:50:13,747 [INFO] [226/504] HII (Huntington Ingalls Industries), depuis 2026-08-25...
2026-09-05 02:50:25,030 [INFO]   -> 9 jours récupérés pour HII (source: ibkr)
2026-09-05 02:50:25,031 [INFO] [227/504] HLT (Hilton Worldwide), depuis 2026-08-25...
2026-09-05 02:50:36,310 [INFO]   -> 9 jours récupérés pour HLT (source: ibkr)
2026-09-05 02:50:36,310 [INFO] [228/504] HON (Honeywell Technologies), depuis 2026-08-25...
2026-09-05 02:50:47,651 [INFO]   -> 9 jours récupérés pour HON (source: ibkr)
2026-09-05 02:50:47,651 [INFO] [229/504] HONA (Honeywell Aerospace), depuis 2026-08-25...
2026-09-05 02:50:58,880 [INFO]   -> 9 jours récupérés pour HONA (source: ibkr)
2026-09-05 02:50:58,881 [INFO] [230/504] HOOD (Robinhood Markets), depuis 2026-08-25...
2026-09-05 02:51:10,112 [INFO]   -> 9 jours récupérés pour HOOD (source: ibkr)
2026-09-05 02:51:10,112 [INFO] [231/504] HPE (Hewlett Packard Enterprise), depuis 2026-08-25...
2026-09-05 02:51:21,396 [INFO]   -> 9 jours récupérés pour HPE (source: ibkr)
2026-09-05 02:51:21,397 [INFO] [232/504] HPQ (HP Inc.), depuis 2026-08-25...
2026-09-05 02:51:32,740 [INFO]   -> 9 jours récupérés pour HPQ (source: ibkr)
2026-09-05 02:51:32,740 [INFO] [233/504] HRL (Hormel Foods), depuis 2026-08-25...
2026-09-05 02:51:44,088 [INFO]   -> 9 jours récupérés pour HRL (source: ibkr)
2026-09-05 02:51:44,088 [INFO] [234/504] HSIC (Henry Schein), depuis 2026-08-25...
2026-09-05 02:51:55,318 [INFO]   -> 9 jours récupérés pour HSIC (source: ibkr)
2026-09-05 02:51:55,319 [INFO] [235/504] HST (Host Hotels & Resorts), depuis 2026-08-25...
2026-09-05 02:52:06,657 [INFO]   -> 9 jours récupérés pour HST (source: ibkr)
2026-09-05 02:52:06,658 [INFO] [236/504] HSY (Hershey Company (The)), depuis 2026-08-25...
2026-09-05 02:52:17,995 [INFO]   -> 9 jours récupérés pour HSY (source: ibkr)
2026-09-05 02:52:17,995 [INFO] [237/504] HUBB (Hubbell Incorporated), depuis 2026-08-25...
2026-09-05 02:52:29,327 [INFO]   -> 9 jours récupérés pour HUBB (source: ibkr)
2026-09-05 02:52:29,327 [INFO] [238/504] HUM (Humana), depuis 2026-08-25...
2026-09-05 02:52:40,617 [INFO]   -> 9 jours récupérés pour HUM (source: ibkr)
2026-09-05 02:52:40,617 [INFO] [239/504] HWM (Howmet Aerospace), depuis 2026-08-25...
2026-09-05 02:52:51,956 [INFO]   -> 9 jours récupérés pour HWM (source: ibkr)
2026-09-05 02:52:51,956 [INFO] [240/504] IBKR (Interactive Brokers), depuis 2026-08-25...
2026-09-05 02:53:03,245 [INFO]   -> 9 jours récupérés pour IBKR (source: ibkr)
2026-09-05 02:53:03,245 [INFO] [241/504] IBM (IBM), depuis 2026-08-25...
2026-09-05 02:53:14,769 [INFO]   -> 9 jours récupérés pour IBM (source: ibkr)
2026-09-05 02:53:14,769 [INFO] [242/504] ICE (Intercontinental Exchange), depuis 2026-08-25...
2026-09-05 02:53:26,056 [INFO]   -> 9 jours récupérés pour ICE (source: ibkr)
2026-09-05 02:53:26,056 [INFO] [243/504] IDXX (Idexx Laboratories), depuis 2026-08-25...
2026-09-05 02:53:37,286 [INFO]   -> 9 jours récupérés pour IDXX (source: ibkr)
2026-09-05 02:53:37,286 [INFO] [244/504] IEX (IDEX Corporation), depuis 2026-08-25...
2026-09-05 02:53:48,624 [INFO]   -> 9 jours récupérés pour IEX (source: ibkr)
2026-09-05 02:53:48,624 [INFO] [245/504] IFF (International Flavors & Fragrances), depuis 2026-08-25...
2026-09-05 02:53:59,961 [INFO]   -> 9 jours récupérés pour IFF (source: ibkr)
2026-09-05 02:53:59,961 [INFO] [246/504] INCY (Incyte), depuis 2026-08-25...
2026-09-05 02:54:11,197 [INFO]   -> 9 jours récupérés pour INCY (source: ibkr)
2026-09-05 02:54:11,198 [INFO] [247/504] INTC (Intel), depuis 2026-08-25...
2026-09-05 02:54:22,486 [INFO]   -> 9 jours récupérés pour INTC (source: ibkr)
2026-09-05 02:54:22,486 [INFO] [248/504] INTU (Intuit), depuis 2026-08-25...
2026-09-05 02:54:33,835 [INFO]   -> 9 jours récupérés pour INTU (source: ibkr)
2026-09-05 02:54:33,835 [INFO] [249/504] INVH (Invitation Homes), depuis 2026-08-25...
2026-09-05 02:54:45,066 [INFO]   -> 9 jours récupérés pour INVH (source: ibkr)
2026-09-05 02:54:45,067 [INFO] [250/504] IP (International Paper), depuis 2026-08-25...
2026-09-05 02:54:56,407 [INFO]   -> 9 jours récupérés pour IP (source: ibkr)
2026-09-05 02:54:56,407 [INFO] [251/504] IQV (IQVIA), depuis 2026-08-25...
2026-09-05 02:55:07,636 [INFO]   -> 9 jours récupérés pour IQV (source: ibkr)
2026-09-05 02:55:07,637 [INFO] [252/504] IR (Ingersoll Rand), depuis 2026-08-25...
2026-09-05 02:55:18,875 [INFO]   -> 9 jours récupérés pour IR (source: ibkr)
2026-09-05 02:55:18,875 [INFO] [253/504] IRM (Iron Mountain), depuis 2026-08-25...
2026-09-05 02:55:30,161 [INFO]   -> 9 jours récupérés pour IRM (source: ibkr)
2026-09-05 02:55:30,161 [INFO] [254/504] ISRG (Intuitive Surgical), depuis 2026-08-25...
2026-09-05 02:55:41,401 [INFO]   -> 9 jours récupérés pour ISRG (source: ibkr)
2026-09-05 02:55:41,401 [INFO] [255/504] IT (Gartner), depuis 2026-08-25...
2026-09-05 02:55:52,631 [INFO]   -> 9 jours récupérés pour IT (source: ibkr)
2026-09-05 02:55:52,632 [INFO] [256/504] ITW (Illinois Tool Works), depuis 2026-08-25...
2026-09-05 02:56:03,973 [INFO]   -> 9 jours récupérés pour ITW (source: ibkr)
2026-09-05 02:56:03,973 [INFO] [257/504] IVZ (Invesco), depuis 2026-08-25...
2026-09-05 02:56:15,310 [INFO]   -> 9 jours récupérés pour IVZ (source: ibkr)
2026-09-05 02:56:15,311 [INFO] [258/504] J (Jacobs Solutions), depuis 2026-08-25...
2026-09-05 02:56:26,598 [INFO]   -> 9 jours récupérés pour J (source: ibkr)
2026-09-05 02:56:26,598 [INFO] [259/504] JBHT (J.B. Hunt), depuis 2026-08-25...
2026-09-05 02:56:37,939 [INFO]   -> 9 jours récupérés pour JBHT (source: ibkr)
2026-09-05 02:56:37,939 [INFO] [260/504] JBL (Jabil), depuis 2026-08-25...
2026-09-05 02:56:49,277 [INFO]   -> 9 jours récupérés pour JBL (source: ibkr)
2026-09-05 02:56:49,277 [INFO] [261/504] JCI (Johnson Controls), depuis 2026-08-25...
2026-09-05 02:57:00,788 [INFO]   -> 9 jours récupérés pour JCI (source: ibkr)
2026-09-05 02:57:00,789 [INFO] [262/504] JKHY (Jack Henry & Associates), depuis 2026-08-25...
2026-09-05 02:57:12,123 [INFO]   -> 9 jours récupérés pour JKHY (source: ibkr)
2026-09-05 02:57:12,123 [INFO] [263/504] JNJ (Johnson & Johnson), depuis 2026-08-25...
2026-09-05 02:57:23,457 [INFO]   -> 9 jours récupérés pour JNJ (source: ibkr)
2026-09-05 02:57:23,458 [INFO] [264/504] JPM (JPMorgan Chase), depuis 2026-08-25...
2026-09-05 02:57:34,813 [INFO]   -> 9 jours récupérés pour JPM (source: ibkr)
2026-09-05 02:57:34,813 [INFO] [265/504] KDP (Keurig Dr Pepper), depuis 2026-08-25...
2026-09-05 02:57:46,101 [INFO]   -> 9 jours récupérés pour KDP (source: ibkr)
2026-09-05 02:57:46,102 [INFO] [266/504] KEY (KeyCorp), depuis 2026-08-25...
2026-09-05 02:57:57,440 [INFO]   -> 9 jours récupérés pour KEY (source: ibkr)
2026-09-05 02:57:57,440 [INFO] [267/504] KEYS (Keysight Technologies), depuis 2026-08-25...
2026-09-05 02:58:08,680 [INFO]   -> 9 jours récupérés pour KEYS (source: ibkr)
2026-09-05 02:58:08,680 [INFO] [268/504] KHC (Kraft Heinz), depuis 2026-08-25...
2026-09-05 02:58:19,966 [INFO]   -> 9 jours récupérés pour KHC (source: ibkr)
2026-09-05 02:58:19,967 [INFO] [269/504] KIM (Kimco Realty), depuis 2026-08-25...
2026-09-05 02:58:31,356 [INFO]   -> 9 jours récupérés pour KIM (source: ibkr)
2026-09-05 02:58:31,357 [INFO] [270/504] KKR (KKR & Co.), depuis 2026-08-25...
2026-09-05 02:58:42,645 [INFO]   -> 9 jours récupérés pour KKR (source: ibkr)
2026-09-05 02:58:42,646 [INFO] [271/504] KLAC (KLA Corporation), depuis 2026-08-25...
2026-09-05 02:58:53,981 [INFO]   -> 9 jours récupérés pour KLAC (source: ibkr)
2026-09-05 02:58:53,981 [INFO] [272/504] KMB (Kimberly-Clark), depuis 2026-08-25...
2026-09-05 02:59:05,317 [INFO]   -> 9 jours récupérés pour KMB (source: ibkr)
2026-09-05 02:59:05,317 [INFO] [273/504] KMI (Kinder Morgan), depuis 2026-08-25...
2026-09-05 02:59:16,605 [INFO]   -> 9 jours récupérés pour KMI (source: ibkr)
2026-09-05 02:59:16,605 [INFO] [274/504] KO (Coca-Cola Company (The)), depuis 2026-08-25...
2026-09-05 02:59:27,949 [INFO]   -> 9 jours récupérés pour KO (source: ibkr)
2026-09-05 02:59:27,949 [INFO] [275/504] KR (Kroger), depuis 2026-08-25...
2026-09-05 02:59:39,287 [INFO]   -> 9 jours récupérés pour KR (source: ibkr)
2026-09-05 02:59:39,287 [INFO] [276/504] KVUE (Kenvue), depuis 2026-08-25...
2026-09-05 02:59:50,517 [INFO]   -> 9 jours récupérés pour KVUE (source: ibkr)
2026-09-05 02:59:50,517 [INFO] [277/504] L (Loews Corporation), depuis 2026-08-25...
2026-09-05 03:00:01,855 [INFO]   -> 9 jours récupérés pour L (source: ibkr)
2026-09-05 03:00:01,856 [INFO] [278/504] LDOS (Leidos), depuis 2026-08-25...
2026-09-05 03:00:13,142 [INFO]   -> 9 jours récupérés pour LDOS (source: ibkr)
2026-09-05 03:00:13,142 [INFO] [279/504] LEN (Lennar), depuis 2026-08-25...
2026-09-05 03:00:24,477 [INFO]   -> 9 jours récupérés pour LEN (source: ibkr)
2026-09-05 03:00:24,477 [INFO] [280/504] LH (Labcorp), depuis 2026-08-25...
2026-09-05 03:00:35,711 [INFO]   -> 9 jours récupérés pour LH (source: ibkr)
2026-09-05 03:00:35,711 [INFO] [281/504] LHX (L3Harris), depuis 2026-08-25...
2026-09-05 03:00:47,051 [INFO]   -> 9 jours récupérés pour LHX (source: ibkr)
2026-09-05 03:00:47,051 [INFO] [282/504] LII (Lennox International), depuis 2026-08-17...
2026-09-05 03:00:58,388 [INFO]   -> 15 jours récupérés pour LII (source: ibkr)
2026-09-05 03:00:58,388 [INFO] [283/504] LIN (Linde plc), depuis 2026-08-17...
2026-09-05 03:01:09,788 [INFO]   -> 15 jours récupérés pour LIN (source: ibkr)
2026-09-05 03:01:09,788 [INFO] [284/504] LITE (Lumentum), depuis 2026-08-17...
2026-09-05 03:01:21,023 [INFO]   -> 15 jours récupérés pour LITE (source: ibkr)
2026-09-05 03:01:21,024 [INFO] [285/504] LLY (Lilly (Eli)), depuis 2026-08-17...
2026-09-05 03:01:32,364 [INFO]   -> 15 jours récupérés pour LLY (source: ibkr)
2026-09-05 03:01:32,364 [INFO] [286/504] LMT (Lockheed Martin), depuis 2026-08-17...
2026-09-05 03:01:43,700 [INFO]   -> 15 jours récupérés pour LMT (source: ibkr)
2026-09-05 03:01:43,700 [INFO] [287/504] LNT (Alliant Energy), depuis 2026-08-17...
2026-09-05 03:01:54,850 [INFO]   -> 15 jours récupérés pour LNT (source: ibkr)
2026-09-05 03:01:54,850 [INFO] [288/504] LOW (Lowe's), depuis 2026-08-17...
2026-09-05 03:02:06,023 [INFO]   -> 15 jours récupérés pour LOW (source: ibkr)
2026-09-05 03:02:06,023 [INFO] [289/504] LRCX (Lam Research), depuis 2026-08-17...
2026-09-05 03:02:17,168 [INFO]   -> 15 jours récupérés pour LRCX (source: ibkr)
2026-09-05 03:02:17,168 [INFO] [290/504] LULU (Lululemon Athletica), depuis 2026-08-17...
2026-09-05 03:02:28,316 [INFO]   -> 15 jours récupérés pour LULU (source: ibkr)
2026-09-05 03:02:28,317 [INFO] [291/504] LUV (Southwest Airlines), depuis 2026-08-17...
2026-09-05 03:02:39,466 [INFO]   -> 15 jours récupérés pour LUV (source: ibkr)
2026-09-05 03:02:39,466 [INFO] [292/504] LVS (Las Vegas Sands), depuis 2026-08-17...
2026-09-05 03:02:50,618 [INFO]   -> 15 jours récupérés pour LVS (source: ibkr)
2026-09-05 03:02:50,619 [INFO] [293/504] LYB (LyondellBasell), depuis 2026-08-17...
2026-09-05 03:03:01,768 [INFO]   -> 15 jours récupérés pour LYB (source: ibkr)
2026-09-05 03:03:01,768 [INFO] [294/504] LYV (Live Nation Entertainment), depuis 2026-08-17...
2026-09-05 03:03:12,920 [INFO]   -> 15 jours récupérés pour LYV (source: ibkr)
2026-09-05 03:03:12,920 [INFO] [295/504] MA (Mastercard), depuis 2026-08-17...
2026-09-05 03:03:24,082 [INFO]   -> 15 jours récupérés pour MA (source: ibkr)
2026-09-05 03:03:24,082 [INFO] [296/504] MAA (Mid-America Apartment Communities), depuis 2026-08-17...
2026-09-05 03:03:35,233 [INFO]   -> 15 jours récupérés pour MAA (source: ibkr)
2026-09-05 03:03:35,234 [INFO] [297/504] MAR (Marriott International), depuis 2026-08-17...
2026-09-05 03:03:46,382 [INFO]   -> 15 jours récupérés pour MAR (source: ibkr)
2026-09-05 03:03:46,382 [INFO] [298/504] MAS (Masco), depuis 2026-08-17...
2026-09-05 03:03:57,537 [INFO]   -> 15 jours récupérés pour MAS (source: ibkr)
2026-09-05 03:03:57,537 [INFO] [299/504] MCD (McDonald's), depuis 2026-08-17...
2026-09-05 03:04:08,682 [INFO]   -> 15 jours récupérés pour MCD (source: ibkr)
2026-09-05 03:04:08,683 [INFO] [300/504] MCHP (Microchip Technology), depuis 2026-08-17...
2026-09-05 03:04:19,829 [INFO]   -> 15 jours récupérés pour MCHP (source: ibkr)
2026-09-05 03:04:19,829 [INFO] [301/504] MCK (McKesson Corporation), depuis 2026-08-17...
2026-09-05 03:04:30,974 [INFO]   -> 15 jours récupérés pour MCK (source: ibkr)
2026-09-05 03:04:30,974 [INFO] [302/504] MCO (Moody's Corporation), depuis 2026-08-17...
2026-09-05 03:04:42,122 [INFO]   -> 15 jours récupérés pour MCO (source: ibkr)
2026-09-05 03:04:42,122 [INFO] [303/504] MDLZ (Mondelez International), depuis 2026-08-17...
2026-09-05 03:04:53,274 [INFO]   -> 15 jours récupérés pour MDLZ (source: ibkr)
2026-09-05 03:04:53,274 [INFO] [304/504] MDT (Medtronic), depuis 2026-08-17...
2026-09-05 03:05:04,474 [INFO]   -> 15 jours récupérés pour MDT (source: ibkr)
2026-09-05 03:05:04,474 [INFO] [305/504] MET (MetLife), depuis 2026-08-17...
2026-09-05 03:05:15,622 [INFO]   -> 15 jours récupérés pour MET (source: ibkr)
2026-09-05 03:05:15,622 [INFO] [306/504] META (Meta Platforms), depuis 2026-08-17...
2026-09-05 03:05:26,771 [INFO]   -> 15 jours récupérés pour META (source: ibkr)
2026-09-05 03:05:26,771 [INFO] [307/504] MGM (MGM Resorts), depuis 2026-08-17...
2026-09-05 03:05:37,918 [INFO]   -> 15 jours récupérés pour MGM (source: ibkr)
2026-09-05 03:05:37,918 [INFO] [308/504] MKC (McCormick & Company), depuis 2026-08-17...
2026-09-05 03:05:49,071 [INFO]   -> 15 jours récupérés pour MKC (source: ibkr)
2026-09-05 03:05:49,071 [INFO] [309/504] MLM (Martin Marietta Materials), depuis 2026-08-17...
2026-09-05 03:06:00,371 [INFO]   -> 15 jours récupérés pour MLM (source: ibkr)
2026-09-05 03:06:00,371 [INFO] [310/504] MMM (3M), depuis 2026-08-17...
2026-09-05 03:06:11,514 [INFO]   -> 15 jours récupérés pour MMM (source: ibkr)
2026-09-05 03:06:11,514 [INFO] [311/504] MNST (Monster Beverage), depuis 2026-08-17...
2026-09-05 03:06:22,659 [INFO]   -> 15 jours récupérés pour MNST (source: ibkr)
2026-09-05 03:06:22,659 [INFO] [312/504] MO (Altria), depuis 2026-08-17...
2026-09-05 03:06:33,806 [INFO]   -> 15 jours récupérés pour MO (source: ibkr)
2026-09-05 03:06:33,806 [INFO] [313/504] MOS (Mosaic Company (The)), depuis 2026-08-17...
2026-09-05 03:06:44,952 [INFO]   -> 15 jours récupérés pour MOS (source: ibkr)
2026-09-05 03:06:44,952 [INFO] [314/504] MPC (Marathon Petroleum), depuis 2026-08-17...
2026-09-05 03:06:56,097 [INFO]   -> 15 jours récupérés pour MPC (source: ibkr)
2026-09-05 03:06:56,097 [INFO] [315/504] MPWR (Monolithic Power Systems), depuis 2026-08-17...
2026-09-05 03:07:07,243 [INFO]   -> 15 jours récupérés pour MPWR (source: ibkr)
2026-09-05 03:07:07,243 [INFO] [316/504] MRK (Merck & Co.), depuis 2026-08-17...
2026-09-05 03:07:18,390 [INFO]   -> 15 jours récupérés pour MRK (source: ibkr)
2026-09-05 03:07:18,390 [INFO] [317/504] MRNA (Moderna), depuis 2026-08-17...
2026-09-05 03:07:29,533 [INFO]   -> 15 jours récupérés pour MRNA (source: ibkr)
2026-09-05 03:07:29,533 [INFO] [318/504] MRSH (Marsh McLennan), depuis 2026-08-17...
2026-09-05 03:07:40,680 [INFO]   -> 15 jours récupérés pour MRSH (source: ibkr)
2026-09-05 03:07:40,680 [INFO] [319/504] MRVL (Marvell Technology), depuis 2026-08-17...
2026-09-05 03:07:51,832 [INFO]   -> 15 jours récupérés pour MRVL (source: ibkr)
2026-09-05 03:07:51,832 [INFO] [320/504] MS (Morgan Stanley), depuis 2026-08-17...
