2026-08-01 18:59:43,443 [INFO] Log file: data\prices\daily_prices_20260801_185943.log
2026-08-01 18:59:43,510 [INFO] Univers chargé : 503 tickers.
2026-08-01 18:59:44,447 [INFO] Cache existant chargé : data\prices\daily_prices.parquet (1913068 lignes, 503 symboles).
2026-08-01 18:59:57,142 [INFO] 0/503 tickers déjà à jour (ignorés), 503 à récupérer.
2026-08-01 18:59:57,551 [INFO] Connecting to 127.0.0.1:4002 with clientId 4...
2026-08-01 18:59:59,607 [INFO] Disconnecting
2026-08-01 18:59:59,608 [ERROR] API connection failed: ConnectionRefusedError(22, 'The remote computer refused the network connection', None, 1225, None)
2026-08-01 18:59:59,610 [ERROR] Make sure API port on TWS/IBG is open
2026-08-01 18:59:59,611 [WARNING] Connexion IBKR impossible ([WinError 1225] The remote computer refused the network connection) : repli Stooq pour TOUS les tickers.
2026-08-01 18:59:59,611 [INFO] [1/503] A (Agilent Technologies), depuis 2026-07-30...
2026-08-01 19:00:01,252 [WARNING]   -> ECHEC (ni IBKR ni Stooq) pour A : Aucune donnée (ni IBKR ni Stooq) pour A -- TROU DE COUVERTURE.
2026-08-01 19:00:01,252 [INFO] [2/503] AAPL (Apple Inc.), depuis 2026-07-30...
2026-08-01 19:00:02,699 [WARNING]   -> ECHEC (ni IBKR ni Stooq) pour AAPL : Aucune donnée (ni IBKR ni Stooq) pour AAPL -- TROU DE COUVERTURE.
2026-08-01 19:00:02,700 [INFO] [3/503] ABBV (AbbVie), depuis 2026-07-30...
2026-08-01 19:00:04,132 [WARNING]   -> ECHEC (ni IBKR ni Stooq) pour ABBV : Aucune donnée (ni IBKR ni Stooq) pour ABBV -- TROU DE COUVERTURE.
2026-08-01 19:00:04,133 [INFO] [4/503] ABNB (Airbnb), depuis 2026-07-30...
2026-08-01 19:00:05,595 [WARNING]   -> ECHEC (ni IBKR ni Stooq) pour ABNB : Aucune donnée (ni IBKR ni Stooq) pour ABNB -- TROU DE COUVERTURE.
2026-08-01 19:00:05,596 [INFO] [5/503] ABT (Abbott Laboratories), depuis 2026-07-30...
2026-08-01 19:00:07,088 [WARNING]   -> ECHEC (ni IBKR ni Stooq) pour ABT : Aucune donnée (ni IBKR ni Stooq) pour ABT -- TROU DE COUVERTURE.
2026-08-01 19:00:07,089 [INFO] [6/503] ACGL (Arch Capital Group), depuis 2026-07-30...
2026-08-01 19:00:08,567 [WARNING]   -> ECHEC (ni IBKR ni Stooq) pour ACGL : Aucune donnée (ni IBKR ni Stooq) pour ACGL -- TROU DE COUVERTURE.
2026-08-01 19:00:08,568 [INFO] [7/503] ACN (Accenture), depuis 2026-07-30...
2026-08-01 19:00:10,027 [WARNING]   -> ECHEC (ni IBKR ni Stooq) pour ACN : Aucune donnée (ni IBKR ni Stooq) pour ACN -- TROU DE COUVERTURE.
2026-08-01 19:00:10,028 [INFO] [8/503] ADBE (Adobe Inc.), depuis 2026-07-30...
2026-08-01 19:00:11,526 [WARNING]   -> ECHEC (ni IBKR ni Stooq) pour ADBE : Aucune donnée (ni IBKR ni Stooq) pour ADBE -- TROU DE COUVERTURE.
2026-08-01 19:00:11,527 [INFO] [9/503] ADI (Analog Devices), depuis 2026-07-30...
2026-08-01 19:00:13,021 [WARNING]   -> ECHEC (ni IBKR ni Stooq) pour ADI : Aucune donnée (ni IBKR ni Stooq) pour ADI -- TROU DE COUVERTURE.
2026-08-01 19:00:13,022 [INFO] [10/503] ADM (Archer Daniels Midland), depuis 2026-07-30...
2026-08-01 19:00:14,588 [WARNING]   -> ECHEC (ni IBKR ni Stooq) pour ADM : Aucune donnée (ni IBKR ni Stooq) pour ADM -- TROU DE COUVERTURE.
2026-08-01 19:00:14,589 [INFO] [11/503] ADP (Automatic Data Processing), depuis 2026-07-30...
2026-08-01 19:00:16,027 [WARNING]   -> ECHEC (ni IBKR ni Stooq) pour ADP : Aucune donnée (ni IBKR ni Stooq) pour ADP -- TROU DE COUVERTURE.
2026-08-01 19:00:16,027 [INFO] [12/503] ADSK (Autodesk), depuis 2026-07-30...
2026-08-01 19:00:17,462 [WARNING]   -> ECHEC (ni IBKR ni Stooq) pour ADSK : Aucune donnée (ni IBKR ni Stooq) pour ADSK -- TROU DE COUVERTURE.
2026-08-01 19:00:17,463 [INFO] [13/503] AEE (Ameren), depuis 2026-07-30...
2026-08-01 19:00:18,901 [WARNING]   -> ECHEC (ni IBKR ni Stooq) pour AEE : Aucune donnée (ni IBKR ni Stooq) pour AEE -- TROU DE COUVERTURE.
2026-08-01 19:00:18,902 [INFO] [14/503] AEP (American Electric Power), depuis 2026-07-30...
2026-08-01 19:00:20,370 [WARNING]   -> ECHEC (ni IBKR ni Stooq) pour AEP : Aucune donnée (ni IBKR ni Stooq) pour AEP -- TROU DE COUVERTURE.
2026-08-01 19:00:20,371 [INFO] [15/503] AES (AES Corporation), depuis 2026-07-30...
2026-08-01 19:00:21,916 [WARNING]   -> ECHEC (ni IBKR ni Stooq) pour AES : Aucune donnée (ni IBKR ni Stooq) pour AES -- TROU DE COUVERTURE.
2026-08-01 19:00:21,917 [INFO] [16/503] AFL (Aflac), depuis 2026-07-30...
2026-08-01 19:00:23,428 [WARNING]   -> ECHEC (ni IBKR ni Stooq) pour AFL : Aucune donnée (ni IBKR ni Stooq) pour AFL -- TROU DE COUVERTURE.
2026-08-01 19:00:23,429 [INFO] [17/503] AIG (American International Group), depuis 2026-07-30...
2026-08-01 19:00:24,883 [WARNING]   -> ECHEC (ni IBKR ni Stooq) pour AIG : Aucune donnée (ni IBKR ni Stooq) pour AIG -- TROU DE COUVERTURE.
2026-08-01 19:00:24,884 [INFO] [18/503] AIZ (Assurant), depuis 2026-07-30...
2026-08-01 19:00:26,353 [WARNING]   -> ECHEC (ni IBKR ni Stooq) pour AIZ : Aucune donnée (ni IBKR ni Stooq) pour AIZ -- TROU DE COUVERTURE.
2026-08-01 19:00:26,354 [INFO] [19/503] AJG (Arthur J. Gallagher & Co.), depuis 2026-07-30...
2026-08-01 19:00:27,854 [WARNING]   -> ECHEC (ni IBKR ni Stooq) pour AJG : Aucune donnée (ni IBKR ni Stooq) pour AJG -- TROU DE COUVERTURE.
2026-08-01 19:00:27,855 [INFO] [20/503] AKAM (Akamai Technologies), depuis 2026-07-30...
2026-08-01 19:00:29,329 [WARNING]   -> ECHEC (ni IBKR ni Stooq) pour AKAM : Aucune donnée (ni IBKR ni Stooq) pour AKAM -- TROU DE COUVERTURE.
2026-08-01 19:00:29,330 [INFO] [21/503] ALB (Albemarle Corporation), depuis 2026-07-30...
2026-08-01 19:00:30,827 [WARNING]   -> ECHEC (ni IBKR ni Stooq) pour ALB : Aucune donnée (ni IBKR ni Stooq) pour ALB -- TROU DE COUVERTURE.
2026-08-01 19:00:30,828 [INFO] [22/503] ALGN (Align Technology), depuis 2026-07-30...
2026-08-01 19:00:32,336 [WARNING]   -> ECHEC (ni IBKR ni Stooq) pour ALGN : Aucune donnée (ni IBKR ni Stooq) pour ALGN -- TROU DE COUVERTURE.
2026-08-01 19:00:32,337 [INFO] [23/503] ALL (Allstate), depuis 2026-07-30...
2026-08-01 19:00:33,745 [WARNING]   -> ECHEC (ni IBKR ni Stooq) pour ALL : Aucune donnée (ni IBKR ni Stooq) pour ALL -- TROU DE COUVERTURE.
2026-08-01 19:00:33,746 [INFO] [24/503] ALLE (Allegion), depuis 2026-07-30...
2026-08-01 19:00:35,200 [WARNING]   -> ECHEC (ni IBKR ni Stooq) pour ALLE : Aucune donnée (ni IBKR ni Stooq) pour ALLE -- TROU DE COUVERTURE.
2026-08-01 19:00:35,201 [INFO] [25/503] AMAT (Applied Materials), depuis 2026-07-30...
2026-08-01 19:00:36,662 [WARNING]   -> ECHEC (ni IBKR ni Stooq) pour AMAT : Aucune donnée (ni IBKR ni Stooq) pour AMAT -- TROU DE COUVERTURE.
2026-08-01 19:00:36,663 [INFO] [26/503] AMCR (Amcor), depuis 2026-07-30...
2026-08-01 19:00:38,093 [WARNING]   -> ECHEC (ni IBKR ni Stooq) pour AMCR : Aucune donnée (ni IBKR ni Stooq) pour AMCR -- TROU DE COUVERTURE.
2026-08-01 19:00:38,094 [INFO] [27/503] AMD (Advanced Micro Devices), depuis 2026-07-30...
2026-08-01 19:00:39,537 [WARNING]   -> ECHEC (ni IBKR ni Stooq) pour AMD : Aucune donnée (ni IBKR ni Stooq) pour AMD -- TROU DE COUVERTURE.
2026-08-01 19:00:39,538 [INFO] [28/503] AME (Ametek), depuis 2026-07-30...
2026-08-01 19:00:41,043 [WARNING]   -> ECHEC (ni IBKR ni Stooq) pour AME : Aucune donnée (ni IBKR ni Stooq) pour AME -- TROU DE COUVERTURE.
2026-08-01 19:00:41,044 [INFO] [29/503] AMGN (Amgen), depuis 2026-07-30...
2026-08-01 19:00:42,496 [WARNING]   -> ECHEC (ni IBKR ni Stooq) pour AMGN : Aucune donnée (ni IBKR ni Stooq) pour AMGN -- TROU DE COUVERTURE.
2026-08-01 19:00:42,497 [INFO] [30/503] AMP (Ameriprise Financial), depuis 2026-07-30...
2026-08-01 19:00:43,926 [WARNING]   -> ECHEC (ni IBKR ni Stooq) pour AMP : Aucune donnée (ni IBKR ni Stooq) pour AMP -- TROU DE COUVERTURE.
2026-08-01 19:00:43,927 [INFO] [31/503] AMT (American Tower), depuis 2026-07-30...
2026-08-01 19:00:45,393 [WARNING]   -> ECHEC (ni IBKR ni Stooq) pour AMT : Aucune donnée (ni IBKR ni Stooq) pour AMT -- TROU DE COUVERTURE.
2026-08-01 19:00:45,394 [INFO] [32/503] AMZN (Amazon), depuis 2026-07-30...
2026-08-01 19:00:46,834 [WARNING]   -> ECHEC (ni IBKR ni Stooq) pour AMZN : Aucune donnée (ni IBKR ni Stooq) pour AMZN -- TROU DE COUVERTURE.
2026-08-01 19:00:46,835 [INFO] [33/503] ANET (Arista Networks), depuis 2026-07-30...
2026-08-01 19:00:48,279 [WARNING]   -> ECHEC (ni IBKR ni Stooq) pour ANET : Aucune donnée (ni IBKR ni Stooq) pour ANET -- TROU DE COUVERTURE.
2026-08-01 19:00:48,280 [INFO] [34/503] AON (Aon plc), depuis 2026-07-30...
2026-08-01 19:00:49,728 [WARNING]   -> ECHEC (ni IBKR ni Stooq) pour AON : Aucune donnée (ni IBKR ni Stooq) pour AON -- TROU DE COUVERTURE.
2026-08-01 19:00:49,728 [INFO] [35/503] AOS (A. O. Smith), depuis 2026-07-30...
2026-08-01 19:00:51,181 [WARNING]   -> ECHEC (ni IBKR ni Stooq) pour AOS : Aucune donnée (ni IBKR ni Stooq) pour AOS -- TROU DE COUVERTURE.
2026-08-01 19:00:51,182 [INFO] [36/503] APA (APA Corporation), depuis 2026-07-30...
2026-08-01 19:00:52,601 [WARNING]   -> ECHEC (ni IBKR ni Stooq) pour APA : Aucune donnée (ni IBKR ni Stooq) pour APA -- TROU DE COUVERTURE.
2026-08-01 19:00:52,602 [INFO] [37/503] APD (Air Products), depuis 2026-07-30...
2026-08-01 19:00:54,085 [WARNING]   -> ECHEC (ni IBKR ni Stooq) pour APD : Aucune donnée (ni IBKR ni Stooq) pour APD -- TROU DE COUVERTURE.
2026-08-01 19:00:54,086 [INFO] [38/503] APH (Amphenol), depuis 2026-07-30...
2026-08-01 19:00:55,563 [WARNING]   -> ECHEC (ni IBKR ni Stooq) pour APH : Aucune donnée (ni IBKR ni Stooq) pour APH -- TROU DE COUVERTURE.
2026-08-01 19:00:55,564 [INFO] [39/503] APO (Apollo Global Management), depuis 2026-07-30...
2026-08-01 19:00:57,074 [WARNING]   -> ECHEC (ni IBKR ni Stooq) pour APO : Aucune donnée (ni IBKR ni Stooq) pour APO -- TROU DE COUVERTURE.
2026-08-01 19:00:57,075 [INFO] [40/503] APP (AppLovin), depuis 2026-07-30...
2026-08-01 19:00:58,518 [WARNING]   -> ECHEC (ni IBKR ni Stooq) pour APP : Aucune donnée (ni IBKR ni Stooq) pour APP -- TROU DE COUVERTURE.
2026-08-01 19:00:58,519 [INFO] [41/503] APTV (Aptiv), depuis 2026-07-30...
2026-08-01 19:00:59,963 [WARNING]   -> ECHEC (ni IBKR ni Stooq) pour APTV : Aucune donnée (ni IBKR ni Stooq) pour APTV -- TROU DE COUVERTURE.
2026-08-01 19:00:59,964 [INFO] [42/503] ARE (Alexandria Real Estate Equities), depuis 2026-07-30...
2026-08-01 19:01:01,523 [WARNING]   -> ECHEC (ni IBKR ni Stooq) pour ARE : Aucune donnée (ni IBKR ni Stooq) pour ARE -- TROU DE COUVERTURE.
2026-08-01 19:01:01,524 [INFO] [43/503] ARES (Ares Management), depuis 2026-07-30...
2026-08-01 19:01:03,001 [WARNING]   -> ECHEC (ni IBKR ni Stooq) pour ARES : Aucune donnée (ni IBKR ni Stooq) pour ARES -- TROU DE COUVERTURE.
2026-08-01 19:01:03,002 [INFO] [44/503] ATO (Atmos Energy), depuis 2026-07-30...
2026-08-01 19:01:05,136 [WARNING]   -> ECHEC (ni IBKR ni Stooq) pour ATO : Aucune donnée (ni IBKR ni Stooq) pour ATO -- TROU DE COUVERTURE.
2026-08-01 19:01:05,136 [INFO] [45/503] AVB (AvalonBay Communities), depuis 2026-07-30...
2026-08-01 19:01:06,979 [WARNING]   -> ECHEC (ni IBKR ni Stooq) pour AVB : Aucune donnée (ni IBKR ni Stooq) pour AVB -- TROU DE COUVERTURE.
2026-08-01 19:01:06,979 [INFO] [46/503] AVGO (Broadcom), depuis 2026-07-30...
2026-08-01 19:01:08,542 [WARNING]   -> ECHEC (ni IBKR ni Stooq) pour AVGO : Aucune donnée (ni IBKR ni Stooq) pour AVGO -- TROU DE COUVERTURE.
2026-08-01 19:01:08,543 [INFO] [47/503] AVY (Avery Dennison), depuis 2026-07-30...
2026-08-01 19:01:10,193 [WARNING]   -> ECHEC (ni IBKR ni Stooq) pour AVY : Aucune donnée (ni IBKR ni Stooq) pour AVY -- TROU DE COUVERTURE.
2026-08-01 19:01:10,193 [INFO] [48/503] AWK (American Water Works), depuis 2026-07-30...
2026-08-01 19:01:11,799 [WARNING]   -> ECHEC (ni IBKR ni Stooq) pour AWK : Aucune donnée (ni IBKR ni Stooq) pour AWK -- TROU DE COUVERTURE.
2026-08-01 19:01:11,799 [INFO] [49/503] AXON (Axon Enterprise), depuis 2026-07-30...
2026-08-01 19:01:13,309 [WARNING]   -> ECHEC (ni IBKR ni Stooq) pour AXON : Aucune donnée (ni IBKR ni Stooq) pour AXON -- TROU DE COUVERTURE.
2026-08-01 19:01:13,310 [INFO] [50/503] AXP (American Express), depuis 2026-07-30...
2026-08-01 19:01:14,910 [WARNING]   -> ECHEC (ni IBKR ni Stooq) pour AXP : Aucune donnée (ni IBKR ni Stooq) pour AXP -- TROU DE COUVERTURE.
2026-08-01 19:01:14,911 [INFO] [51/503] AZO (AutoZone), depuis 2026-07-30...
2026-08-01 19:01:16,445 [WARNING]   -> ECHEC (ni IBKR ni Stooq) pour AZO : Aucune donnée (ni IBKR ni Stooq) pour AZO -- TROU DE COUVERTURE.
2026-08-01 19:01:16,445 [INFO] [52/503] BA (Boeing), depuis 2026-07-30...
2026-08-01 19:01:17,949 [WARNING]   -> ECHEC (ni IBKR ni Stooq) pour BA : Aucune donnée (ni IBKR ni Stooq) pour BA -- TROU DE COUVERTURE.
2026-08-01 19:01:17,949 [INFO] [53/503] BAC (Bank of America), depuis 2026-07-30...
2026-08-01 19:01:19,482 [WARNING]   -> ECHEC (ni IBKR ni Stooq) pour BAC : Aucune donnée (ni IBKR ni Stooq) pour BAC -- TROU DE COUVERTURE.
2026-08-01 19:01:19,483 [INFO] [54/503] BALL (Ball Corporation), depuis 2026-07-30...
2026-08-01 19:01:21,392 [WARNING]   -> ECHEC (ni IBKR ni Stooq) pour BALL : Aucune donnée (ni IBKR ni Stooq) pour BALL -- TROU DE COUVERTURE.
2026-08-01 19:01:21,393 [INFO] [55/503] BAX (Baxter International), depuis 2026-07-30...
2026-08-01 19:01:23,257 [WARNING]   -> ECHEC (ni IBKR ni Stooq) pour BAX : Aucune donnée (ni IBKR ni Stooq) pour BAX -- TROU DE COUVERTURE.
2026-08-01 19:01:23,257 [INFO] [56/503] BBY (Best Buy), depuis 2026-07-30...
2026-08-01 19:01:25,105 [WARNING]   -> ECHEC (ni IBKR ni Stooq) pour BBY : Aucune donnée (ni IBKR ni Stooq) pour BBY -- TROU DE COUVERTURE.
2026-08-01 19:01:25,106 [INFO] [57/503] BDX (Becton Dickinson), depuis 2026-07-30...
2026-08-01 19:01:27,026 [WARNING]   -> ECHEC (ni IBKR ni Stooq) pour BDX : Aucune donnée (ni IBKR ni Stooq) pour BDX -- TROU DE COUVERTURE.
2026-08-01 19:01:27,027 [INFO] [58/503] BEN (Franklin Resources), depuis 2026-07-30...
2026-08-01 19:01:28,914 [WARNING]   -> ECHEC (ni IBKR ni Stooq) pour BEN : Aucune donnée (ni IBKR ni Stooq) pour BEN -- TROU DE COUVERTURE.
2026-08-01 19:01:28,916 [INFO] [59/503] BF B (Brown–Forman), depuis 2026-07-30...
2026-08-01 19:01:30,745 [WARNING]   -> ECHEC (ni IBKR ni Stooq) pour BF B : Aucune donnée (ni IBKR ni Stooq) pour BF B -- TROU DE COUVERTURE.
2026-08-01 19:01:30,746 [INFO] [60/503] BG (Bunge Global), depuis 2026-07-30...
2026-08-01 19:01:32,704 [WARNING]   -> ECHEC (ni IBKR ni Stooq) pour BG : Aucune donnée (ni IBKR ni Stooq) pour BG -- TROU DE COUVERTURE.
2026-08-01 19:01:32,704 [INFO] [61/503] BIIB (Biogen), depuis 2026-07-30...
2026-08-01 19:01:34,612 [WARNING]   -> ECHEC (ni IBKR ni Stooq) pour BIIB : Aucune donnée (ni IBKR ni Stooq) pour BIIB -- TROU DE COUVERTURE.
2026-08-01 19:01:34,613 [INFO] [62/503] BKNG (Booking Holdings), depuis 2026-07-30...
2026-08-01 19:01:36,456 [WARNING]   -> ECHEC (ni IBKR ni Stooq) pour BKNG : Aucune donnée (ni IBKR ni Stooq) pour BKNG -- TROU DE COUVERTURE.
2026-08-01 19:01:36,457 [INFO] [63/503] BKR (Baker Hughes), depuis 2026-07-30...
2026-08-01 19:01:38,309 [WARNING]   -> ECHEC (ni IBKR ni Stooq) pour BKR : Aucune donnée (ni IBKR ni Stooq) pour BKR -- TROU DE COUVERTURE.
2026-08-01 19:01:38,310 [INFO] [64/503] BLDR (Builders FirstSource), depuis 2026-07-30...
2026-08-01 19:01:40,227 [WARNING]   -> ECHEC (ni IBKR ni Stooq) pour BLDR : Aucune donnée (ni IBKR ni Stooq) pour BLDR -- TROU DE COUVERTURE.
2026-08-01 19:01:40,228 [INFO] [65/503] BLK (BlackRock), depuis 2026-07-30...
2026-08-01 19:01:42,097 [WARNING]   -> ECHEC (ni IBKR ni Stooq) pour BLK : Aucune donnée (ni IBKR ni Stooq) pour BLK -- TROU DE COUVERTURE.
2026-08-01 19:01:42,098 [INFO] [66/503] BMY (Bristol Myers Squibb), depuis 2026-07-30...
2026-08-01 19:01:43,905 [WARNING]   -> ECHEC (ni IBKR ni Stooq) pour BMY : Aucune donnée (ni IBKR ni Stooq) pour BMY -- TROU DE COUVERTURE.
2026-08-01 19:01:43,906 [INFO] [67/503] BNY (BNY Mellon), depuis 2026-07-30...
2026-08-01 19:01:45,733 [WARNING]   -> ECHEC (ni IBKR ni Stooq) pour BNY : Aucune donnée (ni IBKR ni Stooq) pour BNY -- TROU DE COUVERTURE.
2026-08-01 19:01:45,733 [INFO] [68/503] BR (Broadridge Financial Solutions), depuis 2026-07-30...
2026-08-01 19:01:47,515 [WARNING]   -> ECHEC (ni IBKR ni Stooq) pour BR : Aucune donnée (ni IBKR ni Stooq) pour BR -- TROU DE COUVERTURE.
2026-08-01 19:01:47,515 [INFO] [69/503] BRK B (Berkshire Hathaway), depuis 2026-07-30...
2026-08-01 19:01:49,011 [WARNING]   -> ECHEC (ni IBKR ni Stooq) pour BRK B : Aucune donnée (ni IBKR ni Stooq) pour BRK B -- TROU DE COUVERTURE.
2026-08-01 19:01:49,012 [INFO] [70/503] BRO (Brown & Brown), depuis 2026-07-30...
2026-08-01 19:01:50,492 [WARNING]   -> ECHEC (ni IBKR ni Stooq) pour BRO : Aucune donnée (ni IBKR ni Stooq) pour BRO -- TROU DE COUVERTURE.
2026-08-01 19:01:50,493 [INFO] [71/503] BSX (Boston Scientific), depuis 2026-07-30...
2026-08-01 19:01:51,984 [WARNING]   -> ECHEC (ni IBKR ni Stooq) pour BSX : Aucune donnée (ni IBKR ni Stooq) pour BSX -- TROU DE COUVERTURE.
2026-08-01 19:01:51,985 [INFO] [72/503] BX (Blackstone Inc.), depuis 2026-07-30...
2026-08-01 19:01:53,467 [WARNING]   -> ECHEC (ni IBKR ni Stooq) pour BX : Aucune donnée (ni IBKR ni Stooq) pour BX -- TROU DE COUVERTURE.
2026-08-01 19:01:53,468 [INFO] [73/503] BXP (BXP, Inc.), depuis 2026-07-30...
2026-08-01 19:01:54,970 [WARNING]   -> ECHEC (ni IBKR ni Stooq) pour BXP : Aucune donnée (ni IBKR ni Stooq) pour BXP -- TROU DE COUVERTURE.
2026-08-01 19:01:54,971 [INFO] [74/503] C (Citigroup), depuis 2026-07-30...
2026-08-01 19:01:56,438 [WARNING]   -> ECHEC (ni IBKR ni Stooq) pour C : Aucune donnée (ni IBKR ni Stooq) pour C -- TROU DE COUVERTURE.
2026-08-01 19:01:56,438 [INFO] [75/503] CAH (Cardinal Health), depuis 2026-07-30...
2026-08-01 19:01:57,877 [WARNING]   -> ECHEC (ni IBKR ni Stooq) pour CAH : Aucune donnée (ni IBKR ni Stooq) pour CAH -- TROU DE COUVERTURE.
2026-08-01 19:01:57,878 [INFO] [76/503] CARR (Carrier Global), depuis 2026-07-30...
2026-08-01 19:01:59,304 [WARNING]   -> ECHEC (ni IBKR ni Stooq) pour CARR : Aucune donnée (ni IBKR ni Stooq) pour CARR -- TROU DE COUVERTURE.
2026-08-01 19:01:59,305 [INFO] [77/503] CASY (Casey's), depuis 2026-07-30...
2026-08-01 19:02:00,797 [WARNING]   -> ECHEC (ni IBKR ni Stooq) pour CASY : Aucune donnée (ni IBKR ni Stooq) pour CASY -- TROU DE COUVERTURE.
2026-08-01 19:02:00,798 [INFO] [78/503] CAT (Caterpillar Inc.), depuis 2026-07-30...
2026-08-01 19:02:02,410 [WARNING]   -> ECHEC (ni IBKR ni Stooq) pour CAT : Aucune donnée (ni IBKR ni Stooq) pour CAT -- TROU DE COUVERTURE.
2026-08-01 19:02:02,411 [INFO] [79/503] CB (Chubb Limited), depuis 2026-07-30...
2026-08-01 19:02:03,943 [WARNING]   -> ECHEC (ni IBKR ni Stooq) pour CB : Aucune donnée (ni IBKR ni Stooq) pour CB -- TROU DE COUVERTURE.
2026-08-01 19:02:03,944 [INFO] [80/503] CBOE (Cboe Global Markets), depuis 2026-07-30...
2026-08-01 19:02:05,447 [WARNING]   -> ECHEC (ni IBKR ni Stooq) pour CBOE : Aucune donnée (ni IBKR ni Stooq) pour CBOE -- TROU DE COUVERTURE.
2026-08-01 19:02:05,448 [INFO] [81/503] CBRE (CBRE Group), depuis 2026-07-30...
2026-08-01 19:02:06,947 [WARNING]   -> ECHEC (ni IBKR ni Stooq) pour CBRE : Aucune donnée (ni IBKR ni Stooq) pour CBRE -- TROU DE COUVERTURE.
2026-08-01 19:02:06,948 [INFO] [82/503] CCI (Crown Castle), depuis 2026-07-30...
2026-08-01 19:02:08,404 [WARNING]   -> ECHEC (ni IBKR ni Stooq) pour CCI : Aucune donnée (ni IBKR ni Stooq) pour CCI -- TROU DE COUVERTURE.
2026-08-01 19:02:08,404 [INFO] [83/503] CCL (Carnival Corporation), depuis 2026-07-30...
2026-08-01 19:02:09,897 [WARNING]   -> ECHEC (ni IBKR ni Stooq) pour CCL : Aucune donnée (ni IBKR ni Stooq) pour CCL -- TROU DE COUVERTURE.
2026-08-01 19:02:09,898 [INFO] [84/503] CDNS (Cadence Design Systems), depuis 2026-07-30...
2026-08-01 19:02:11,329 [WARNING]   -> ECHEC (ni IBKR ni Stooq) pour CDNS : Aucune donnée (ni IBKR ni Stooq) pour CDNS -- TROU DE COUVERTURE.
2026-08-01 19:02:11,330 [INFO] [85/503] CDW (CDW Corporation), depuis 2026-07-30...
2026-08-01 19:02:12,820 [WARNING]   -> ECHEC (ni IBKR ni Stooq) pour CDW : Aucune donnée (ni IBKR ni Stooq) pour CDW -- TROU DE COUVERTURE.
2026-08-01 19:02:12,821 [INFO] [86/503] CEG (Constellation Energy), depuis 2026-07-30...
2026-08-01 19:02:14,267 [WARNING]   -> ECHEC (ni IBKR ni Stooq) pour CEG : Aucune donnée (ni IBKR ni Stooq) pour CEG -- TROU DE COUVERTURE.
2026-08-01 19:02:14,268 [INFO] [87/503] CF (CF Industries), depuis 2026-07-30...
2026-08-01 19:02:15,767 [WARNING]   -> ECHEC (ni IBKR ni Stooq) pour CF : Aucune donnée (ni IBKR ni Stooq) pour CF -- TROU DE COUVERTURE.
2026-08-01 19:02:15,768 [INFO] [88/503] CFG (Citizens Financial Group), depuis 2026-07-30...
2026-08-01 19:02:17,238 [WARNING]   -> ECHEC (ni IBKR ni Stooq) pour CFG : Aucune donnée (ni IBKR ni Stooq) pour CFG -- TROU DE COUVERTURE.
2026-08-01 19:02:17,238 [INFO] [89/503] CHD (Church & Dwight), depuis 2026-07-30...
2026-08-01 19:02:18,696 [WARNING]   -> ECHEC (ni IBKR ni Stooq) pour CHD : Aucune donnée (ni IBKR ni Stooq) pour CHD -- TROU DE COUVERTURE.
2026-08-01 19:02:18,697 [INFO] [90/503] CHRW (C.H. Robinson), depuis 2026-07-30...
