2026-08-01 19:46:28,787 [INFO] Log file: data\prices\daily_prices_20260801_194628.log
2026-08-01 19:46:28,858 [INFO] Univers chargé : 503 tickers.
2026-08-01 19:46:29,304 [INFO] Cache existant chargé : data\prices\daily_prices.parquet (1913068 lignes, 503 symboles).
2026-08-01 19:46:47,170 [INFO] 0/503 tickers déjà à jour (ignorés), 503 à récupérer.
2026-08-01 19:46:47,308 [INFO] Connecting to 127.0.0.1:4002 with clientId 4...
2026-08-01 19:46:47,310 [INFO] Connected
2026-08-01 19:46:47,315 [INFO] Logged on to server version 176
2026-08-01 19:46:47,317 [INFO] API connection ready
2026-08-01 19:46:47,320 [INFO] Warning 2104, reqId -1: Market data farm connection is OK:eufarm
2026-08-01 19:46:47,321 [INFO] Warning 2106, reqId -1: HMDS data farm connection is OK:euhmds
2026-08-01 19:46:47,321 [INFO] Warning 2106, reqId -1: HMDS data farm connection is OK:ushmds
2026-08-01 19:46:47,322 [INFO] Warning 2158, reqId -1: Sec-def data farm connection is OK:secdefeu
2026-08-01 19:46:47,829 [INFO] Synchronization complete
2026-08-01 19:46:47,830 [INFO] Connecté à IBKR sur 127.0.0.1:4002 (clientId=4)
2026-08-01 19:46:47,831 [INFO] [1/503] A (Agilent Technologies), depuis 2026-07-30...
2026-08-01 19:46:59,482 [INFO]   -> 2 jours récupérés pour A (source: ibkr)
2026-08-01 19:46:59,483 [INFO] [2/503] AAPL (Apple Inc.), depuis 2026-07-30...
2026-08-01 19:47:11,046 [INFO]   -> 2 jours récupérés pour AAPL (source: ibkr)
2026-08-01 19:47:11,048 [INFO] [3/503] ABBV (AbbVie), depuis 2026-07-30...
2026-08-01 19:47:22,411 [INFO]   -> 2 jours récupérés pour ABBV (source: ibkr)
2026-08-01 19:47:22,414 [INFO] [4/503] ABNB (Airbnb), depuis 2026-07-30...
2026-08-01 19:47:33,853 [INFO]   -> 2 jours récupérés pour ABNB (source: ibkr)
2026-08-01 19:47:33,854 [INFO] [5/503] ABT (Abbott Laboratories), depuis 2026-07-30...
2026-08-01 19:47:45,657 [INFO]   -> 2 jours récupérés pour ABT (source: ibkr)
2026-08-01 19:47:45,657 [INFO] [6/503] ACGL (Arch Capital Group), depuis 2026-07-30...
2026-08-01 19:47:57,173 [INFO]   -> 2 jours récupérés pour ACGL (source: ibkr)
2026-08-01 19:47:57,174 [INFO] [7/503] ACN (Accenture), depuis 2026-07-30...
2026-08-01 19:48:08,801 [INFO]   -> 2 jours récupérés pour ACN (source: ibkr)
2026-08-01 19:48:08,802 [INFO] [8/503] ADBE (Adobe Inc.), depuis 2026-07-30...
2026-08-01 19:48:20,470 [INFO]   -> 2 jours récupérés pour ADBE (source: ibkr)
2026-08-01 19:48:20,470 [INFO] [9/503] ADI (Analog Devices), depuis 2026-07-30...
2026-08-01 19:48:31,850 [INFO]   -> 2 jours récupérés pour ADI (source: ibkr)
2026-08-01 19:48:31,861 [INFO] [10/503] ADM (Archer Daniels Midland), depuis 2026-07-30...
2026-08-01 19:48:43,617 [INFO]   -> 2 jours récupérés pour ADM (source: ibkr)
2026-08-01 19:48:43,618 [INFO] [11/503] ADP (Automatic Data Processing), depuis 2026-07-30...
2026-08-01 19:48:55,294 [INFO]   -> 2 jours récupérés pour ADP (source: ibkr)
2026-08-01 19:48:55,295 [INFO] [12/503] ADSK (Autodesk), depuis 2026-07-30...
2026-08-01 19:49:07,001 [INFO]   -> 2 jours récupérés pour ADSK (source: ibkr)
2026-08-01 19:49:07,002 [INFO] [13/503] AEE (Ameren), depuis 2026-07-30...
2026-08-01 19:49:18,739 [INFO]   -> 2 jours récupérés pour AEE (source: ibkr)
2026-08-01 19:49:18,740 [INFO] [14/503] AEP (American Electric Power), depuis 2026-07-30...
2026-08-01 19:49:30,412 [INFO]   -> 2 jours récupérés pour AEP (source: ibkr)
2026-08-01 19:49:30,413 [INFO] [15/503] AES (AES Corporation), depuis 2026-07-30...
2026-08-01 19:49:42,086 [INFO]   -> 2 jours récupérés pour AES (source: ibkr)
2026-08-01 19:49:42,090 [INFO] [16/503] AFL (Aflac), depuis 2026-07-30...
2026-08-01 19:49:53,954 [INFO]   -> 2 jours récupérés pour AFL (source: ibkr)
2026-08-01 19:49:53,955 [INFO] [17/503] AIG (American International Group), depuis 2026-07-30...
2026-08-01 19:50:05,653 [INFO]   -> 2 jours récupérés pour AIG (source: ibkr)
2026-08-01 19:50:05,653 [INFO] [18/503] AIZ (Assurant), depuis 2026-07-30...
2026-08-01 19:50:17,414 [INFO]   -> 2 jours récupérés pour AIZ (source: ibkr)
2026-08-01 19:50:17,415 [INFO] [19/503] AJG (Arthur J. Gallagher & Co.), depuis 2026-07-30...
2026-08-01 19:50:29,090 [INFO]   -> 2 jours récupérés pour AJG (source: ibkr)
2026-08-01 19:50:29,092 [INFO] [20/503] AKAM (Akamai Technologies), depuis 2026-07-30...
2026-08-01 19:50:40,966 [INFO]   -> 2 jours récupérés pour AKAM (source: ibkr)
2026-08-01 19:50:40,967 [INFO] [21/503] ALB (Albemarle Corporation), depuis 2026-07-30...
2026-08-01 19:50:52,744 [INFO]   -> 2 jours récupérés pour ALB (source: ibkr)
2026-08-01 19:50:52,745 [INFO] [22/503] ALGN (Align Technology), depuis 2026-07-30...
2026-08-01 19:51:04,430 [INFO]   -> 2 jours récupérés pour ALGN (source: ibkr)
2026-08-01 19:51:04,430 [INFO] [23/503] ALL (Allstate), depuis 2026-07-30...
2026-08-01 19:51:16,206 [INFO]   -> 2 jours récupérés pour ALL (source: ibkr)
2026-08-01 19:51:16,237 [INFO] [24/503] ALLE (Allegion), depuis 2026-07-30...
2026-08-01 19:51:27,768 [INFO]   -> 2 jours récupérés pour ALLE (source: ibkr)
2026-08-01 19:51:27,769 [INFO] [25/503] AMAT (Applied Materials), depuis 2026-07-30...
2026-08-01 19:51:39,506 [INFO]   -> 2 jours récupérés pour AMAT (source: ibkr)
2026-08-01 19:51:39,507 [INFO] [26/503] AMCR (Amcor), depuis 2026-07-30...
2026-08-01 19:51:50,908 [INFO]   -> 2 jours récupérés pour AMCR (source: ibkr)
2026-08-01 19:51:50,910 [INFO] [27/503] AMD (Advanced Micro Devices), depuis 2026-07-30...
2026-08-01 19:52:02,378 [INFO]   -> 2 jours récupérés pour AMD (source: ibkr)
2026-08-01 19:52:02,380 [INFO] [28/503] AME (Ametek), depuis 2026-07-30...
2026-08-01 19:52:14,132 [INFO]   -> 2 jours récupérés pour AME (source: ibkr)
2026-08-01 19:52:14,134 [INFO] [29/503] AMGN (Amgen), depuis 2026-07-30...
2026-08-01 19:52:25,765 [INFO]   -> 2 jours récupérés pour AMGN (source: ibkr)
2026-08-01 19:52:25,766 [INFO] [30/503] AMP (Ameriprise Financial), depuis 2026-07-30...
2026-08-01 19:52:37,500 [INFO]   -> 2 jours récupérés pour AMP (source: ibkr)
2026-08-01 19:52:37,501 [INFO] [31/503] AMT (American Tower), depuis 2026-07-30...
2026-08-01 19:52:49,179 [INFO]   -> 2 jours récupérés pour AMT (source: ibkr)
2026-08-01 19:52:49,180 [INFO] [32/503] AMZN (Amazon), depuis 2026-07-30...
2026-08-01 19:53:00,848 [INFO]   -> 2 jours récupérés pour AMZN (source: ibkr)
2026-08-01 19:53:00,849 [INFO] [33/503] ANET (Arista Networks), depuis 2026-07-30...
2026-08-01 19:53:12,316 [INFO]   -> 2 jours récupérés pour ANET (source: ibkr)
2026-08-01 19:53:12,317 [INFO] [34/503] AON (Aon plc), depuis 2026-07-30...
2026-08-01 19:53:24,077 [INFO]   -> 2 jours récupérés pour AON (source: ibkr)
2026-08-01 19:53:24,079 [INFO] [35/503] AOS (A. O. Smith), depuis 2026-07-30...
2026-08-01 19:53:35,876 [INFO]   -> 2 jours récupérés pour AOS (source: ibkr)
2026-08-01 19:53:35,877 [INFO] [36/503] APA (APA Corporation), depuis 2026-07-30...
2026-08-01 19:53:47,746 [INFO]   -> 2 jours récupérés pour APA (source: ibkr)
2026-08-01 19:53:47,748 [INFO] [37/503] APD (Air Products), depuis 2026-07-30...
2026-08-01 19:53:59,521 [INFO]   -> 2 jours récupérés pour APD (source: ibkr)
2026-08-01 19:53:59,523 [INFO] [38/503] APH (Amphenol), depuis 2026-07-30...
2026-08-01 19:54:11,195 [INFO]   -> 2 jours récupérés pour APH (source: ibkr)
2026-08-01 19:54:11,195 [INFO] [39/503] APO (Apollo Global Management), depuis 2026-07-30...
2026-08-01 19:54:22,567 [INFO]   -> 2 jours récupérés pour APO (source: ibkr)
2026-08-01 19:54:22,568 [INFO] [40/503] APP (AppLovin), depuis 2026-07-30...
2026-08-01 19:54:34,112 [INFO]   -> 2 jours récupérés pour APP (source: ibkr)
2026-08-01 19:54:34,113 [INFO] [41/503] APTV (Aptiv), depuis 2026-07-30...
2026-08-01 19:54:45,604 [INFO]   -> 2 jours récupérés pour APTV (source: ibkr)
2026-08-01 19:54:45,606 [INFO] [42/503] ARE (Alexandria Real Estate Equities), depuis 2026-07-30...
2026-08-01 19:54:57,481 [INFO]   -> 2 jours récupérés pour ARE (source: ibkr)
2026-08-01 19:54:57,482 [INFO] [43/503] ARES (Ares Management), depuis 2026-07-30...
2026-08-01 19:55:08,949 [INFO]   -> 2 jours récupérés pour ARES (source: ibkr)
2026-08-01 19:55:08,950 [INFO] [44/503] ATO (Atmos Energy), depuis 2026-07-30...
2026-08-01 19:55:20,711 [INFO]   -> 2 jours récupérés pour ATO (source: ibkr)
2026-08-01 19:55:20,712 [INFO] [45/503] AVB (AvalonBay Communities), depuis 2026-07-30...
2026-08-01 19:55:32,506 [INFO]   -> 2 jours récupérés pour AVB (source: ibkr)
2026-08-01 19:55:32,507 [INFO] [46/503] AVGO (Broadcom), depuis 2026-07-30...
2026-08-01 19:55:43,925 [INFO]   -> 2 jours récupérés pour AVGO (source: ibkr)
2026-08-01 19:55:43,926 [INFO] [47/503] AVY (Avery Dennison), depuis 2026-07-30...
2026-08-01 19:55:55,707 [INFO]   -> 2 jours récupérés pour AVY (source: ibkr)
2026-08-01 19:55:55,708 [INFO] [48/503] AWK (American Water Works), depuis 2026-07-30...
2026-08-01 19:56:07,422 [INFO]   -> 2 jours récupérés pour AWK (source: ibkr)
2026-08-01 19:56:07,424 [INFO] [49/503] AXON (Axon Enterprise), depuis 2026-07-30...
2026-08-01 19:56:19,098 [INFO]   -> 2 jours récupérés pour AXON (source: ibkr)
2026-08-01 19:56:19,100 [INFO] [50/503] AXP (American Express), depuis 2026-07-30...
2026-08-01 19:56:30,768 [INFO]   -> 2 jours récupérés pour AXP (source: ibkr)
2026-08-01 19:56:30,770 [INFO] [51/503] AZO (AutoZone), depuis 2026-07-30...
2026-08-01 19:56:42,431 [INFO]   -> 2 jours récupérés pour AZO (source: ibkr)
2026-08-01 19:56:42,432 [INFO] [52/503] BA (Boeing), depuis 2026-07-30...
2026-08-01 19:56:54,234 [INFO]   -> 2 jours récupérés pour BA (source: ibkr)
2026-08-01 19:56:54,235 [INFO] [53/503] BAC (Bank of America), depuis 2026-07-30...
2026-08-01 19:57:06,100 [INFO]   -> 2 jours récupérés pour BAC (source: ibkr)
2026-08-01 19:57:06,104 [INFO] [54/503] BALL (Ball Corporation), depuis 2026-07-30...
2026-08-01 19:57:17,784 [INFO]   -> 2 jours récupérés pour BALL (source: ibkr)
2026-08-01 19:57:17,785 [INFO] [55/503] BAX (Baxter International), depuis 2026-07-30...
2026-08-01 19:57:29,546 [INFO]   -> 2 jours récupérés pour BAX (source: ibkr)
2026-08-01 19:57:29,548 [INFO] [56/503] BBY (Best Buy), depuis 2026-07-30...
2026-08-01 19:57:41,220 [INFO]   -> 2 jours récupérés pour BBY (source: ibkr)
2026-08-01 19:57:41,221 [INFO] [57/503] BDX (Becton Dickinson), depuis 2026-07-30...
2026-08-01 19:57:53,103 [INFO]   -> 2 jours récupérés pour BDX (source: ibkr)
2026-08-01 19:57:53,104 [INFO] [58/503] BEN (Franklin Resources), depuis 2026-07-30...
2026-08-01 19:58:04,774 [INFO]   -> 2 jours récupérés pour BEN (source: ibkr)
2026-08-01 19:58:04,778 [INFO] [59/503] BF B (Brown–Forman), depuis 2026-07-30...
2026-08-01 19:58:16,551 [INFO]   -> 2 jours récupérés pour BF B (source: ibkr)
2026-08-01 19:58:16,552 [INFO] [60/503] BG (Bunge Global), depuis 2026-07-30...
2026-08-01 19:58:28,351 [INFO]   -> 2 jours récupérés pour BG (source: ibkr)
2026-08-01 19:58:28,351 [INFO] [61/503] BIIB (Biogen), depuis 2026-07-30...
2026-08-01 19:58:40,207 [INFO]   -> 2 jours récupérés pour BIIB (source: ibkr)
2026-08-01 19:58:40,208 [INFO] [62/503] BKNG (Booking Holdings), depuis 2026-07-30...
2026-08-01 19:58:51,880 [INFO]   -> 2 jours récupérés pour BKNG (source: ibkr)
2026-08-01 19:58:51,882 [INFO] [63/503] BKR (Baker Hughes), depuis 2026-07-30...
2026-08-01 19:59:03,246 [INFO]   -> 2 jours récupérés pour BKR (source: ibkr)
2026-08-01 19:59:03,247 [INFO] [64/503] BLDR (Builders FirstSource), depuis 2026-07-30...
2026-08-01 19:59:14,918 [INFO]   -> 2 jours récupérés pour BLDR (source: ibkr)
2026-08-01 19:59:14,919 [INFO] [65/503] BLK (BlackRock), depuis 2026-07-30...
2026-08-01 19:59:26,591 [INFO]   -> 2 jours récupérés pour BLK (source: ibkr)
2026-08-01 19:59:26,592 [INFO] [66/503] BMY (Bristol Myers Squibb), depuis 2026-07-30...
2026-08-01 19:59:38,270 [INFO]   -> 2 jours récupérés pour BMY (source: ibkr)
2026-08-01 19:59:38,271 [INFO] [67/503] BNY (BNY Mellon), depuis 2026-07-30...
2026-08-01 19:59:49,943 [INFO]   -> 2 jours récupérés pour BNY (source: ibkr)
2026-08-01 19:59:49,944 [INFO] [68/503] BR (Broadridge Financial Solutions), depuis 2026-07-30...
2026-08-01 20:00:01,611 [INFO]   -> 2 jours récupérés pour BR (source: ibkr)
2026-08-01 20:00:01,617 [INFO] [69/503] BRK B (Berkshire Hathaway), depuis 2026-07-30...
2026-08-01 20:00:13,285 [INFO]   -> 2 jours récupérés pour BRK B (source: ibkr)
2026-08-01 20:00:13,287 [INFO] [70/503] BRO (Brown & Brown), depuis 2026-07-30...
2026-08-01 20:00:25,067 [INFO]   -> 2 jours récupérés pour BRO (source: ibkr)
2026-08-01 20:00:25,068 [INFO] [71/503] BSX (Boston Scientific), depuis 2026-07-30...
2026-08-01 20:00:36,636 [INFO]   -> 2 jours récupérés pour BSX (source: ibkr)
2026-08-01 20:00:36,639 [INFO] [72/503] BX (Blackstone Inc.), depuis 2026-07-30...
2026-08-01 20:00:48,311 [INFO]   -> 2 jours récupérés pour BX (source: ibkr)
2026-08-01 20:00:48,313 [INFO] [73/503] BXP (BXP, Inc.), depuis 2026-07-30...
2026-08-01 20:01:00,087 [INFO]   -> 2 jours récupérés pour BXP (source: ibkr)
2026-08-01 20:01:00,088 [INFO] [74/503] C (Citigroup), depuis 2026-07-30...
2026-08-01 20:01:11,758 [INFO]   -> 2 jours récupérés pour C (source: ibkr)
2026-08-01 20:01:11,759 [INFO] [75/503] CAH (Cardinal Health), depuis 2026-07-30...
2026-08-01 20:01:23,656 [INFO]   -> 2 jours récupérés pour CAH (source: ibkr)
2026-08-01 20:01:23,657 [INFO] [76/503] CARR (Carrier Global), depuis 2026-07-30...
2026-08-01 20:01:35,207 [INFO]   -> 2 jours récupérés pour CARR (source: ibkr)
2026-08-01 20:01:35,208 [INFO] [77/503] CASY (Casey's), depuis 2026-07-30...
2026-08-01 20:01:46,882 [INFO]   -> 2 jours récupérés pour CASY (source: ibkr)
2026-08-01 20:01:46,883 [INFO] [78/503] CAT (Caterpillar Inc.), depuis 2026-07-30...
2026-08-01 20:01:58,557 [INFO]   -> 2 jours récupérés pour CAT (source: ibkr)
2026-08-01 20:01:58,559 [INFO] [79/503] CB (Chubb Limited), depuis 2026-07-30...
2026-08-01 20:02:10,337 [INFO]   -> 2 jours récupérés pour CB (source: ibkr)
2026-08-01 20:02:10,338 [INFO] [80/503] CBOE (Cboe Global Markets), depuis 2026-07-30...
2026-08-01 20:02:22,116 [INFO]   -> 2 jours récupérés pour CBOE (source: ibkr)
2026-08-01 20:02:22,116 [INFO] [81/503] CBRE (CBRE Group), depuis 2026-07-30...
2026-08-01 20:02:33,802 [INFO]   -> 2 jours récupérés pour CBRE (source: ibkr)
2026-08-01 20:02:33,804 [INFO] [82/503] CCI (Crown Castle), depuis 2026-07-30...
2026-08-01 20:02:45,455 [INFO]   -> 2 jours récupérés pour CCI (source: ibkr)
2026-08-01 20:02:45,455 [INFO] [83/503] CCL (Carnival Corporation), depuis 2026-07-30...
2026-08-01 20:02:57,133 [INFO]   -> 2 jours récupérés pour CCL (source: ibkr)
2026-08-01 20:02:57,158 [INFO] [84/503] CDNS (Cadence Design Systems), depuis 2026-07-30...
2026-08-01 20:03:08,910 [INFO]   -> 2 jours récupérés pour CDNS (source: ibkr)
2026-08-01 20:03:08,911 [INFO] [85/503] CDW (CDW Corporation), depuis 2026-07-30...
2026-08-01 20:03:20,379 [INFO]   -> 2 jours récupérés pour CDW (source: ibkr)
2026-08-01 20:03:20,381 [INFO] [86/503] CEG (Constellation Energy), depuis 2026-07-30...
2026-08-01 20:03:31,841 [INFO]   -> 2 jours récupérés pour CEG (source: ibkr)
2026-08-01 20:03:31,842 [INFO] [87/503] CF (CF Industries), depuis 2026-07-30...
2026-08-01 20:03:43,522 [INFO]   -> 2 jours récupérés pour CF (source: ibkr)
2026-08-01 20:03:43,523 [INFO] [88/503] CFG (Citizens Financial Group), depuis 2026-07-30...
2026-08-01 20:03:54,985 [INFO]   -> 2 jours récupérés pour CFG (source: ibkr)
2026-08-01 20:03:54,985 [INFO] [89/503] CHD (Church & Dwight), depuis 2026-07-30...
2026-08-01 20:04:06,760 [INFO]   -> 2 jours récupérés pour CHD (source: ibkr)
2026-08-01 20:04:06,762 [INFO] [90/503] CHRW (C.H. Robinson), depuis 2026-07-30...
2026-08-01 20:04:18,542 [INFO]   -> 2 jours récupérés pour CHRW (source: ibkr)
2026-08-01 20:04:18,543 [INFO] [91/503] CHTR (Charter Communications), depuis 2026-07-30...
2026-08-01 20:04:30,212 [INFO]   -> 2 jours récupérés pour CHTR (source: ibkr)
2026-08-01 20:04:30,213 [INFO] [92/503] CI (Cigna), depuis 2026-07-30...
2026-08-01 20:04:41,988 [INFO]   -> 2 jours récupérés pour CI (source: ibkr)
2026-08-01 20:04:41,991 [INFO] [93/503] CIEN (Ciena), depuis 2026-07-30...
2026-08-01 20:04:53,557 [INFO]   -> 2 jours récupérés pour CIEN (source: ibkr)
2026-08-01 20:04:53,557 [INFO] [94/503] CINF (Cincinnati Financial), depuis 2026-07-30...
2026-08-01 20:05:05,232 [INFO]   -> 2 jours récupérés pour CINF (source: ibkr)
2026-08-01 20:05:05,233 [INFO] [95/503] CL (Colgate-Palmolive), depuis 2026-07-30...
2026-08-01 20:05:16,905 [INFO]   -> 2 jours récupérés pour CL (source: ibkr)
2026-08-01 20:05:16,906 [INFO] [96/503] CLX (Clorox), depuis 2026-07-30...
2026-08-01 20:05:28,581 [INFO]   -> 2 jours récupérés pour CLX (source: ibkr)
2026-08-01 20:05:28,582 [INFO] [97/503] CMCSA (Comcast), depuis 2026-07-30...
2026-08-01 20:05:40,219 [INFO]   -> 2 jours récupérés pour CMCSA (source: ibkr)
2026-08-01 20:05:40,220 [INFO] [98/503] CME (CME Group), depuis 2026-07-30...
2026-08-01 20:05:51,927 [INFO]   -> 2 jours récupérés pour CME (source: ibkr)
2026-08-01 20:05:51,928 [INFO] [99/503] CMG (Chipotle Mexican Grill), depuis 2026-07-30...
2026-08-01 20:06:03,641 [INFO]   -> 2 jours récupérés pour CMG (source: ibkr)
2026-08-01 20:06:03,643 [INFO] [100/503] CMI (Cummins), depuis 2026-07-30...
2026-08-01 20:06:15,375 [INFO]   -> 2 jours récupérés pour CMI (source: ibkr)
2026-08-01 20:06:15,375 [INFO] [101/503] CMS (CMS Energy), depuis 2026-07-30...
2026-08-01 20:06:27,050 [INFO]   -> 2 jours récupérés pour CMS (source: ibkr)
2026-08-01 20:06:27,051 [INFO] [102/503] CNC (Centene Corporation), depuis 2026-07-30...
2026-08-01 20:06:39,366 [INFO]   -> 2 jours récupérés pour CNC (source: ibkr)
2026-08-01 20:06:39,367 [INFO] [103/503] CNP (CenterPoint Energy), depuis 2026-07-30...
2026-08-01 20:06:51,011 [INFO]   -> 2 jours récupérés pour CNP (source: ibkr)
2026-08-01 20:06:51,013 [INFO] [104/503] COF (Capital One), depuis 2026-07-30...
2026-08-01 20:07:02,686 [INFO]   -> 2 jours récupérés pour COF (source: ibkr)
2026-08-01 20:07:02,687 [INFO] [105/503] COHR (Coherent Corp.), depuis 2026-07-30...
2026-08-01 20:07:14,379 [INFO]   -> 2 jours récupérés pour COHR (source: ibkr)
2026-08-01 20:07:14,380 [INFO] [106/503] COIN (Coinbase), depuis 2026-07-30...
2026-08-01 20:07:25,768 [INFO]   -> 2 jours récupérés pour COIN (source: ibkr)
2026-08-01 20:07:25,769 [INFO] [107/503] COO (Cooper Companies (The)), depuis 2026-07-30...
2026-08-01 20:07:37,197 [INFO]   -> 2 jours récupérés pour COO (source: ibkr)
2026-08-01 20:07:37,199 [INFO] [108/503] COP (ConocoPhillips), depuis 2026-07-30...
2026-08-01 20:07:48,875 [INFO]   -> 2 jours récupérés pour COP (source: ibkr)
2026-08-01 20:07:48,876 [INFO] [109/503] COR (Cencora), depuis 2026-07-30...
2026-08-01 20:08:00,543 [INFO]   -> 2 jours récupérés pour COR (source: ibkr)
2026-08-01 20:08:00,544 [INFO] [110/503] COST (Costco), depuis 2026-07-30...
2026-08-01 20:08:00,546 [INFO] Warning 2105, reqId -1: HMDS data farm connection is broken:euhmds
2026-08-01 20:08:00,547 [INFO] Warning 2106, reqId -1: HMDS data farm connection is OK:euhmds
2026-08-01 20:08:12,258 [INFO]   -> 2 jours récupérés pour COST (source: ibkr)
2026-08-01 20:08:12,259 [INFO] [111/503] CPAY (Corpay), depuis 2026-07-30...
2026-08-01 20:08:24,097 [INFO]   -> 2 jours récupérés pour CPAY (source: ibkr)
2026-08-01 20:08:24,099 [INFO] [112/503] CPRT (Copart), depuis 2026-07-30...
2026-08-01 20:08:35,666 [INFO]   -> 2 jours récupérés pour CPRT (source: ibkr)
2026-08-01 20:08:35,668 [INFO] [113/503] CPT (Camden Property Trust), depuis 2026-07-30...
2026-08-01 20:08:47,340 [INFO]   -> 2 jours récupérés pour CPT (source: ibkr)
2026-08-01 20:08:47,341 [INFO] [114/503] CRH (CRH plc), depuis 2026-07-30...
2026-08-01 20:08:58,706 [INFO]   -> 2 jours récupérés pour CRH (source: ibkr)
2026-08-01 20:08:58,707 [INFO] [115/503] CRL (Charles River Laboratories), depuis 2026-07-30...
2026-08-01 20:09:10,379 [INFO]   -> 2 jours récupérés pour CRL (source: ibkr)
2026-08-01 20:09:10,380 [INFO] [116/503] CRM (Salesforce), depuis 2026-07-30...
2026-08-01 20:09:10,540 [INFO] Warning 2105, reqId -1: HMDS data farm connection is broken:euhmds
2026-08-01 20:09:21,845 [INFO]   -> 2 jours récupérés pour CRM (source: ibkr)
2026-08-01 20:09:21,846 [INFO] [117/503] CRWD (CrowdStrike), depuis 2026-07-30...
2026-08-01 20:09:21,847 [INFO] Warning 2106, reqId -1: HMDS data farm connection is OK:euhmds
2026-08-01 20:09:33,259 [INFO]   -> 2 jours récupérés pour CRWD (source: ibkr)
2026-08-01 20:09:33,260 [INFO] [118/503] CSCO (Cisco), depuis 2026-07-30...
2026-08-01 20:09:44,887 [INFO]   -> 2 jours récupérés pour CSCO (source: ibkr)
2026-08-01 20:09:44,888 [INFO] [119/503] CSGP (CoStar Group), depuis 2026-07-30...
2026-08-01 20:09:56,442 [INFO]   -> 2 jours récupérés pour CSGP (source: ibkr)
2026-08-01 20:09:56,443 [INFO] [120/503] CSX (CSX Corporation), depuis 2026-07-30...
2026-08-01 20:10:07,928 [INFO]   -> 2 jours récupérés pour CSX (source: ibkr)
2026-08-01 20:10:07,930 [INFO] [121/503] CTAS (Cintas), depuis 2026-07-30...
2026-08-01 20:10:19,520 [INFO]   -> 2 jours récupérés pour CTAS (source: ibkr)
2026-08-01 20:10:19,521 [INFO] [122/503] CTSH (Cognizant), depuis 2026-07-30...
2026-08-01 20:10:31,277 [INFO]   -> 2 jours récupérés pour CTSH (source: ibkr)
2026-08-01 20:10:31,280 [INFO] [123/503] CTVA (Corteva), depuis 2026-07-30...
2026-08-01 20:10:42,644 [INFO]   -> 2 jours récupérés pour CTVA (source: ibkr)
2026-08-01 20:10:42,645 [INFO] [124/503] CVNA (Carvana), depuis 2026-07-30...
2026-08-01 20:10:54,093 [INFO]   -> 2 jours récupérés pour CVNA (source: ibkr)
2026-08-01 20:10:54,095 [INFO] [125/503] CVS (CVS Health), depuis 2026-07-30...
2026-08-01 20:11:05,893 [INFO]   -> 2 jours récupérés pour CVS (source: ibkr)
2026-08-01 20:11:05,894 [INFO] [126/503] CVX (Chevron Corporation), depuis 2026-07-30...
2026-08-01 20:11:17,561 [INFO]   -> 2 jours récupérés pour CVX (source: ibkr)
2026-08-01 20:11:17,562 [INFO] [127/503] D (Dominion Energy), depuis 2026-07-30...
2026-08-01 20:11:29,276 [INFO]   -> 2 jours récupérés pour D (source: ibkr)
2026-08-01 20:11:29,277 [INFO] [128/503] DAL (Delta Air Lines), depuis 2026-07-30...
2026-08-01 20:11:40,885 [INFO]   -> 2 jours récupérés pour DAL (source: ibkr)
2026-08-01 20:11:40,887 [INFO] [129/503] DASH (DoorDash), depuis 2026-07-30...
2026-08-01 20:11:52,292 [INFO]   -> 2 jours récupérés pour DASH (source: ibkr)
2026-08-01 20:11:52,301 [INFO] [130/503] DD (DuPont), depuis 2026-07-30...
2026-08-01 20:12:03,745 [INFO]   -> 2 jours récupérés pour DD (source: ibkr)
2026-08-01 20:12:03,747 [INFO] [131/503] DDOG (Datadog), depuis 2026-07-30...
2026-08-01 20:12:15,092 [INFO]   -> 2 jours récupérés pour DDOG (source: ibkr)
2026-08-01 20:12:15,094 [INFO] [132/503] DE (Deere & Company), depuis 2026-07-30...
2026-08-01 20:12:26,785 [INFO]   -> 2 jours récupérés pour DE (source: ibkr)
2026-08-01 20:12:26,786 [INFO] [133/503] DECK (Deckers Brands), depuis 2026-07-30...
2026-08-01 20:12:38,461 [INFO]   -> 2 jours récupérés pour DECK (source: ibkr)
2026-08-01 20:12:38,461 [INFO] [134/503] DELL (Dell Technologies), depuis 2026-07-30...
2026-08-01 20:12:49,936 [INFO]   -> 2 jours récupérés pour DELL (source: ibkr)
2026-08-01 20:12:49,936 [INFO] [135/503] DG (Dollar General), depuis 2026-07-30...
2026-08-01 20:13:01,600 [INFO]   -> 2 jours récupérés pour DG (source: ibkr)
2026-08-01 20:13:01,601 [INFO] [136/503] DGX (Quest Diagnostics), depuis 2026-07-30...
2026-08-01 20:13:12,996 [INFO]   -> 2 jours récupérés pour DGX (source: ibkr)
2026-08-01 20:13:12,996 [INFO] [137/503] DHI (D. R. Horton), depuis 2026-07-30...
2026-08-01 20:13:24,642 [INFO]   -> 2 jours récupérés pour DHI (source: ibkr)
2026-08-01 20:13:24,644 [INFO] [138/503] DHR (Danaher Corporation), depuis 2026-07-30...
2026-08-01 20:13:36,314 [INFO]   -> 2 jours récupérés pour DHR (source: ibkr)
2026-08-01 20:13:36,315 [INFO] [139/503] DIS (Walt Disney Company (The)), depuis 2026-07-30...
2026-08-01 20:13:47,682 [INFO]   -> 2 jours récupérés pour DIS (source: ibkr)
2026-08-01 20:13:47,682 [INFO] [140/503] DLR (Digital Realty), depuis 2026-07-30...
2026-08-01 20:13:59,560 [INFO]   -> 2 jours récupérés pour DLR (source: ibkr)
2026-08-01 20:13:59,563 [INFO] [141/503] DLTR (Dollar Tree), depuis 2026-07-30...
2026-08-01 20:14:11,274 [INFO]   -> 2 jours récupérés pour DLTR (source: ibkr)
2026-08-01 20:14:11,276 [INFO] [142/503] DOC (Healthpeak Properties), depuis 2026-07-30...
2026-08-01 20:14:23,191 [INFO]   -> 2 jours récupérés pour DOC (source: ibkr)
2026-08-01 20:14:23,191 [INFO] [143/503] DOV (Dover Corporation), depuis 2026-07-30...
2026-08-01 20:14:34,889 [INFO]   -> 2 jours récupérés pour DOV (source: ibkr)
2026-08-01 20:14:34,890 [INFO] [144/503] DOW (Dow Inc.), depuis 2026-07-30...
2026-08-01 20:14:46,242 [INFO]   -> 2 jours récupérés pour DOW (source: ibkr)
2026-08-01 20:14:46,243 [INFO] [145/503] DPZ (Domino's), depuis 2026-07-30...
2026-08-01 20:14:57,932 [INFO]   -> 2 jours récupérés pour DPZ (source: ibkr)
2026-08-01 20:14:57,933 [INFO] [146/503] DRI (Darden Restaurants), depuis 2026-07-30...
2026-08-01 20:15:09,609 [INFO]   -> 2 jours récupérés pour DRI (source: ibkr)
2026-08-01 20:15:09,609 [INFO] [147/503] DTE (DTE Energy), depuis 2026-07-30...
2026-08-01 20:15:21,277 [INFO]   -> 2 jours récupérés pour DTE (source: ibkr)
2026-08-01 20:15:21,278 [INFO] [148/503] DUK (Duke Energy), depuis 2026-07-30...
2026-08-01 20:15:32,954 [INFO]   -> 2 jours récupérés pour DUK (source: ibkr)
2026-08-01 20:15:32,955 [INFO] [149/503] DVA (DaVita), depuis 2026-07-30...
2026-08-01 20:15:44,928 [INFO]   -> 2 jours récupérés pour DVA (source: ibkr)
2026-08-01 20:15:44,947 [INFO] [150/503] DVN (Devon Energy), depuis 2026-07-30...
2026-08-01 20:15:56,584 [INFO]   -> 2 jours récupérés pour DVN (source: ibkr)
2026-08-01 20:15:56,585 [INFO] [151/503] DXCM (Dexcom), depuis 2026-07-30...
2026-08-01 20:16:08,177 [INFO]   -> 2 jours récupérés pour DXCM (source: ibkr)
2026-08-01 20:16:08,178 [INFO] [152/503] EA (Electronic Arts), depuis 2026-07-30...
2026-08-01 20:16:19,848 [INFO]   -> 2 jours récupérés pour EA (source: ibkr)
2026-08-01 20:16:19,849 [INFO] [153/503] EBAY (eBay Inc.), depuis 2026-07-30...
2026-08-01 20:16:31,429 [INFO]   -> 2 jours récupérés pour EBAY (source: ibkr)
2026-08-01 20:16:31,430 [INFO] [154/503] ECHO (EchoStar), depuis 2026-07-30...
2026-08-01 20:16:43,102 [INFO]   -> 2 jours récupérés pour ECHO (source: ibkr)
2026-08-01 20:16:43,122 [INFO] [155/503] ECL (Ecolab), depuis 2026-07-30...
2026-08-01 20:16:54,762 [INFO]   -> 2 jours récupérés pour ECL (source: ibkr)
2026-08-01 20:16:54,795 [INFO] [156/503] ED (Consolidated Edison), depuis 2026-07-30...
2026-08-01 20:17:06,453 [INFO]   -> 2 jours récupérés pour ED (source: ibkr)
2026-08-01 20:17:06,453 [INFO] [157/503] EFX (Equifax), depuis 2026-07-30...
2026-08-01 20:17:18,154 [INFO]   -> 2 jours récupérés pour EFX (source: ibkr)
2026-08-01 20:17:18,161 [INFO] [158/503] EG (Everest Group), depuis 2026-07-30...
2026-08-01 20:17:29,892 [INFO]   -> 2 jours récupérés pour EG (source: ibkr)
2026-08-01 20:17:29,894 [INFO] [159/503] EIX (Edison International), depuis 2026-07-30...
2026-08-01 20:17:41,566 [INFO]   -> 2 jours récupérés pour EIX (source: ibkr)
2026-08-01 20:17:41,569 [INFO] [160/503] EL (Estée Lauder Companies (The)), depuis 2026-07-30...
2026-08-01 20:17:53,239 [INFO]   -> 2 jours récupérés pour EL (source: ibkr)
2026-08-01 20:17:53,241 [INFO] [161/503] ELV (Elevance Health), depuis 2026-07-30...
2026-08-01 20:18:04,811 [INFO]   -> 2 jours récupérés pour ELV (source: ibkr)
2026-08-01 20:18:04,812 [INFO] [162/503] EME (Emcor), depuis 2026-07-30...
2026-08-01 20:18:16,487 [INFO]   -> 2 jours récupérés pour EME (source: ibkr)
2026-08-01 20:18:16,489 [INFO] [163/503] EMR (Emerson Electric), depuis 2026-07-30...
2026-08-01 20:18:28,160 [INFO]   -> 2 jours récupérés pour EMR (source: ibkr)
2026-08-01 20:18:28,161 [INFO] [164/503] EOG (EOG Resources), depuis 2026-07-30...
2026-08-01 20:18:40,072 [INFO]   -> 2 jours récupérés pour EOG (source: ibkr)
2026-08-01 20:18:40,108 [INFO] [165/503] EQIX (Equinix), depuis 2026-07-30...
2026-08-01 20:18:51,722 [INFO]   -> 2 jours récupérés pour EQIX (source: ibkr)
2026-08-01 20:18:51,723 [INFO] [166/503] EQR (Equity Residential), depuis 2026-07-30...
2026-08-01 20:19:03,385 [INFO]   -> 2 jours récupérés pour EQR (source: ibkr)
2026-08-01 20:19:03,386 [INFO] [167/503] EQT (EQT Corporation), depuis 2026-07-30...
2026-08-01 20:19:14,955 [INFO]   -> 2 jours récupérés pour EQT (source: ibkr)
2026-08-01 20:19:14,958 [INFO] [168/503] ERIE (Erie Indemnity), depuis 2026-07-30...
2026-08-01 20:19:26,633 [INFO]   -> 2 jours récupérés pour ERIE (source: ibkr)
2026-08-01 20:19:26,635 [INFO] [169/503] ES (Eversource Energy), depuis 2026-07-30...
2026-08-01 20:19:38,303 [INFO]   -> 2 jours récupérés pour ES (source: ibkr)
2026-08-01 20:19:38,304 [INFO] [170/503] ESS (Essex Property Trust), depuis 2026-07-30...
2026-08-01 20:19:50,081 [INFO]   -> 2 jours récupérés pour ESS (source: ibkr)
2026-08-01 20:19:50,082 [INFO] [171/503] ETN (Eaton Corporation), depuis 2026-07-30...
2026-08-01 20:20:01,858 [INFO]   -> 2 jours récupérés pour ETN (source: ibkr)
2026-08-01 20:20:01,862 [INFO] [172/503] ETR (Entergy), depuis 2026-07-30...
2026-08-01 20:20:13,670 [INFO]   -> 2 jours récupérés pour ETR (source: ibkr)
2026-08-01 20:20:13,672 [INFO] [173/503] EVRG (Evergy), depuis 2026-07-30...
2026-08-01 20:20:25,101 [INFO]   -> 2 jours récupérés pour EVRG (source: ibkr)
2026-08-01 20:20:25,102 [INFO] [174/503] EW (Edwards Lifesciences), depuis 2026-07-30...
2026-08-01 20:20:36,777 [INFO]   -> 2 jours récupérés pour EW (source: ibkr)
2026-08-01 20:20:36,779 [INFO] [175/503] EXC (Exelon), depuis 2026-07-30...
2026-08-01 20:20:48,446 [INFO]   -> 2 jours récupérés pour EXC (source: ibkr)
2026-08-01 20:20:48,446 [INFO] [176/503] EXE (Expand Energy), depuis 2026-07-30...
2026-08-01 20:20:59,936 [INFO]   -> 2 jours récupérés pour EXE (source: ibkr)
2026-08-01 20:20:59,941 [INFO] [177/503] EXPD (Expeditors International), depuis 2026-07-30...
2026-08-01 20:21:11,560 [INFO]   -> 2 jours récupérés pour EXPD (source: ibkr)
2026-08-01 20:21:11,561 [INFO] [178/503] EXPE (Expedia Group), depuis 2026-07-30...
2026-08-01 20:21:23,239 [INFO]   -> 2 jours récupérés pour EXPE (source: ibkr)
2026-08-01 20:21:23,241 [INFO] [179/503] EXR (Extra Space Storage), depuis 2026-07-30...
2026-08-01 20:21:34,937 [INFO]   -> 2 jours récupérés pour EXR (source: ibkr)
2026-08-01 20:21:34,939 [INFO] [180/503] F (Ford Motor Company), depuis 2026-07-30...
2026-08-01 20:21:46,620 [INFO]   -> 2 jours récupérés pour F (source: ibkr)
2026-08-01 20:21:46,620 [INFO] [181/503] FANG (Diamondback Energy), depuis 2026-07-30...
2026-08-01 20:21:57,978 [INFO]   -> 2 jours récupérés pour FANG (source: ibkr)
2026-08-01 20:21:57,981 [INFO] [182/503] FAST (Fastenal), depuis 2026-07-30...
2026-08-01 20:22:09,710 [INFO]   -> 2 jours récupérés pour FAST (source: ibkr)
2026-08-01 20:22:09,714 [INFO] [183/503] FCX (Freeport-McMoRan), depuis 2026-07-30...
2026-08-01 20:22:21,325 [INFO]   -> 2 jours récupérés pour FCX (source: ibkr)
2026-08-01 20:22:21,326 [INFO] [184/503] FDS (FactSet), depuis 2026-07-30...
2026-08-01 20:22:32,998 [INFO]   -> 2 jours récupérés pour FDS (source: ibkr)
2026-08-01 20:22:32,999 [INFO] [185/503] FDX (FedEx), depuis 2026-07-30...
2026-08-01 20:22:44,883 [INFO]   -> 2 jours récupérés pour FDX (source: ibkr)
2026-08-01 20:22:44,883 [INFO] [186/503] FDXF (FedEx Freight), depuis 2026-07-30...
2026-08-01 20:22:56,356 [INFO]   -> 2 jours récupérés pour FDXF (source: ibkr)
2026-08-01 20:22:56,358 [INFO] [187/503] FE (FirstEnergy), depuis 2026-07-30...
2026-08-01 20:23:08,021 [INFO]   -> 2 jours récupérés pour FE (source: ibkr)
2026-08-01 20:23:08,022 [INFO] [188/503] FFIV (F5, Inc.), depuis 2026-07-30...
2026-08-01 20:23:19,572 [INFO]   -> 2 jours récupérés pour FFIV (source: ibkr)
2026-08-01 20:23:19,574 [INFO] [189/503] FICO (Fair Isaac), depuis 2026-07-30...
2026-08-01 20:23:31,267 [INFO]   -> 2 jours récupérés pour FICO (source: ibkr)
2026-08-01 20:23:31,268 [INFO] [190/503] FIS (Fidelity National Information Services), depuis 2026-07-30...
2026-08-01 20:23:43,059 [INFO]   -> 2 jours récupérés pour FIS (source: ibkr)
2026-08-01 20:23:43,060 [INFO] [191/503] FISV (Fiserv), depuis 2026-07-30...
2026-08-01 20:23:54,557 [INFO]   -> 2 jours récupérés pour FISV (source: ibkr)
2026-08-01 20:23:54,559 [INFO] [192/503] FITB (Fifth Third Bancorp), depuis 2026-07-30...
2026-08-01 20:24:06,184 [INFO]   -> 2 jours récupérés pour FITB (source: ibkr)
2026-08-01 20:24:06,185 [INFO] [193/503] FIX (Comfort Systems USA), depuis 2026-07-30...
2026-08-01 20:24:17,843 [INFO]   -> 2 jours récupérés pour FIX (source: ibkr)
2026-08-01 20:24:17,844 [INFO] [194/503] FLEX (Flex Ltd.), depuis 2026-07-30...
2026-08-01 20:24:29,429 [INFO]   -> 2 jours récupérés pour FLEX (source: ibkr)
2026-08-01 20:24:29,430 [INFO] [195/503] FOX (Fox Corporation (Class B)), depuis 2026-07-30...
2026-08-01 20:24:40,901 [INFO]   -> 2 jours récupérés pour FOX (source: ibkr)
2026-08-01 20:24:40,902 [INFO] [196/503] FOXA (Fox Corporation (Class A)), depuis 2026-07-30...
2026-08-01 20:24:52,374 [INFO]   -> 2 jours récupérés pour FOXA (source: ibkr)
2026-08-01 20:24:52,375 [INFO] [197/503] FRT (Federal Realty Investment Trust), depuis 2026-07-30...
2026-08-01 20:25:04,249 [INFO]   -> 2 jours récupérés pour FRT (source: ibkr)
2026-08-01 20:25:04,250 [INFO] [198/503] FSLR (First Solar), depuis 2026-07-30...
2026-08-01 20:25:15,931 [INFO]   -> 2 jours récupérés pour FSLR (source: ibkr)
2026-08-01 20:25:15,933 [INFO] [199/503] FTNT (Fortinet), depuis 2026-07-30...
2026-08-01 20:25:27,488 [INFO]   -> 2 jours récupérés pour FTNT (source: ibkr)
2026-08-01 20:25:27,489 [INFO] [200/503] FTV (Fortive), depuis 2026-07-30...
2026-08-01 20:25:38,862 [INFO]   -> 2 jours récupérés pour FTV (source: ibkr)
2026-08-01 20:25:38,863 [INFO] [201/503] GD (General Dynamics), depuis 2026-07-30...
2026-08-01 20:25:51,041 [INFO]   -> 2 jours récupérés pour GD (source: ibkr)
2026-08-01 20:25:51,042 [INFO] [202/503] GDDY (GoDaddy), depuis 2026-07-30...
2026-08-01 20:26:02,432 [INFO]   -> 2 jours récupérés pour GDDY (source: ibkr)
2026-08-01 20:26:02,477 [INFO] [203/503] GE (GE Aerospace), depuis 2026-07-30...
2026-08-01 20:26:14,812 [INFO]   -> 2 jours récupérés pour GE (source: ibkr)
2026-08-01 20:26:14,826 [INFO] [204/503] GEHC (GE HealthCare), depuis 2026-07-30...
2026-08-01 20:26:26,268 [INFO]   -> 2 jours récupérés pour GEHC (source: ibkr)
2026-08-01 20:26:26,269 [INFO] [205/503] GEN (Gen Digital), depuis 2026-07-30...
2026-08-01 20:26:37,940 [INFO]   -> 2 jours récupérés pour GEN (source: ibkr)
2026-08-01 20:26:37,941 [INFO] [206/503] GEV (GE Vernova), depuis 2026-07-30...
2026-08-01 20:26:49,308 [INFO]   -> 2 jours récupérés pour GEV (source: ibkr)
2026-08-01 20:26:49,308 [INFO] [207/503] GILD (Gilead Sciences), depuis 2026-07-30...
2026-08-01 20:27:00,982 [INFO]   -> 2 jours récupérés pour GILD (source: ibkr)
2026-08-01 20:27:00,983 [INFO] [208/503] GIS (General Mills), depuis 2026-07-30...
2026-08-01 20:27:12,659 [INFO]   -> 2 jours récupérés pour GIS (source: ibkr)
2026-08-01 20:27:12,659 [INFO] [209/503] GL (Globe Life), depuis 2026-07-30...
2026-08-01 20:27:24,428 [INFO]   -> 2 jours récupérés pour GL (source: ibkr)
2026-08-01 20:27:24,429 [INFO] [210/503] GLW (Corning Inc.), depuis 2026-07-30...
2026-08-01 20:27:36,107 [INFO]   -> 2 jours récupérés pour GLW (source: ibkr)
2026-08-01 20:27:36,108 [INFO] [211/503] GM (General Motors), depuis 2026-07-30...
2026-08-01 20:27:47,778 [INFO]   -> 2 jours récupérés pour GM (source: ibkr)
2026-08-01 20:27:47,780 [INFO] [212/503] GNRC (Generac), depuis 2026-07-30...
2026-08-01 20:27:59,581 [INFO]   -> 2 jours récupérés pour GNRC (source: ibkr)
2026-08-01 20:27:59,583 [INFO] [213/503] GOOG (Alphabet Inc. (Class C)), depuis 2026-07-30...
2026-08-01 20:28:11,127 [INFO]   -> 2 jours récupérés pour GOOG (source: ibkr)
2026-08-01 20:28:11,129 [INFO] [214/503] GOOGL (Alphabet Inc. (Class A)), depuis 2026-07-30...
2026-08-01 20:28:22,704 [INFO]   -> 2 jours récupérés pour GOOGL (source: ibkr)
2026-08-01 20:28:22,706 [INFO] [215/503] GPC (Genuine Parts Company), depuis 2026-07-30...
2026-08-01 20:28:34,986 [INFO]   -> 2 jours récupérés pour GPC (source: ibkr)
2026-08-01 20:28:34,987 [INFO] [216/503] GPN (Global Payments), depuis 2026-07-30...
2026-08-01 20:28:46,688 [INFO]   -> 2 jours récupérés pour GPN (source: ibkr)
2026-08-01 20:28:46,688 [INFO] [217/503] GRMN (Garmin), depuis 2026-07-30...
2026-08-01 20:28:58,335 [INFO]   -> 2 jours récupérés pour GRMN (source: ibkr)
2026-08-01 20:28:58,337 [INFO] [218/503] GS (Goldman Sachs), depuis 2026-07-30...
2026-08-01 20:29:10,007 [INFO]   -> 2 jours récupérés pour GS (source: ibkr)
2026-08-01 20:29:10,009 [INFO] [219/503] GWW (W. W. Grainger), depuis 2026-07-30...
2026-08-01 20:29:21,377 [INFO]   -> 2 jours récupérés pour GWW (source: ibkr)
2026-08-01 20:29:21,379 [INFO] [220/503] HAL (Halliburton), depuis 2026-07-30...
2026-08-01 20:29:33,046 [INFO]   -> 2 jours récupérés pour HAL (source: ibkr)
2026-08-01 20:29:33,046 [INFO] [221/503] HAS (Hasbro), depuis 2026-07-30...
2026-08-01 20:29:44,877 [INFO]   -> 2 jours récupérés pour HAS (source: ibkr)
2026-08-01 20:29:44,879 [INFO] [222/503] HBAN (Huntington Bancshares), depuis 2026-07-30...
2026-08-01 20:29:56,539 [INFO]   -> 2 jours récupérés pour HBAN (source: ibkr)
2026-08-01 20:29:56,541 [INFO] [223/503] HCA (HCA Healthcare), depuis 2026-07-30...
2026-08-01 20:30:07,966 [INFO]   -> 2 jours récupérés pour HCA (source: ibkr)
2026-08-01 20:30:07,967 [INFO] [224/503] HD (Home Depot (The)), depuis 2026-07-30...
2026-08-01 20:30:19,629 [INFO]   -> 2 jours récupérés pour HD (source: ibkr)
2026-08-01 20:30:19,630 [INFO] [225/503] HIG (Hartford (The)), depuis 2026-07-30...
2026-08-01 20:30:31,313 [INFO]   -> 2 jours récupérés pour HIG (source: ibkr)
2026-08-01 20:30:31,314 [INFO] [226/503] HII (Huntington Ingalls Industries), depuis 2026-07-30...
2026-08-01 20:30:42,793 [INFO]   -> 2 jours récupérés pour HII (source: ibkr)
2026-08-01 20:30:42,794 [INFO] [227/503] HLT (Hilton Worldwide), depuis 2026-07-30...
2026-08-01 20:30:54,277 [INFO]   -> 2 jours récupérés pour HLT (source: ibkr)
2026-08-01 20:30:54,278 [INFO] [228/503] HON (Honeywell Technologies), depuis 2026-07-30...
2026-08-01 20:31:05,925 [INFO]   -> 2 jours récupérés pour HON (source: ibkr)
2026-08-01 20:31:05,926 [INFO] [229/503] HONA (Honeywell Aerospace), depuis 2026-07-30...
2026-08-01 20:31:17,294 [INFO]   -> 2 jours récupérés pour HONA (source: ibkr)
2026-08-01 20:31:17,295 [INFO] [230/503] HOOD (Robinhood Markets), depuis 2026-07-30...
2026-08-01 20:31:28,667 [INFO]   -> 2 jours récupérés pour HOOD (source: ibkr)
2026-08-01 20:31:28,668 [INFO] [231/503] HPE (Hewlett Packard Enterprise), depuis 2026-07-30...
2026-08-01 20:31:40,127 [INFO]   -> 2 jours récupérés pour HPE (source: ibkr)
2026-08-01 20:31:40,128 [INFO] [232/503] HPQ (HP Inc.), depuis 2026-07-30...
2026-08-01 20:31:51,859 [INFO]   -> 2 jours récupérés pour HPQ (source: ibkr)
2026-08-01 20:31:51,860 [INFO] [233/503] HRL (Hormel Foods), depuis 2026-07-30...
2026-08-01 20:32:04,805 [INFO]   -> 2 jours récupérés pour HRL (source: ibkr)
2026-08-01 20:32:04,806 [INFO] [234/503] HSIC (Henry Schein), depuis 2026-07-30...
2026-08-01 20:32:16,377 [INFO]   -> 2 jours récupérés pour HSIC (source: ibkr)
2026-08-01 20:32:16,378 [INFO] [235/503] HST (Host Hotels & Resorts), depuis 2026-07-30...
2026-08-01 20:32:28,050 [INFO]   -> 2 jours récupérés pour HST (source: ibkr)
2026-08-01 20:32:28,051 [INFO] [236/503] HSY (Hershey Company (The)), depuis 2026-07-30...
2026-08-01 20:32:39,747 [INFO]   -> 2 jours récupérés pour HSY (source: ibkr)
2026-08-01 20:32:39,747 [INFO] [237/503] HUBB (Hubbell Incorporated), depuis 2026-07-30...
2026-08-01 20:32:51,503 [INFO]   -> 2 jours récupérés pour HUBB (source: ibkr)
2026-08-01 20:32:51,504 [INFO] [238/503] HUM (Humana), depuis 2026-07-30...
2026-08-01 20:33:03,209 [INFO]   -> 2 jours récupérés pour HUM (source: ibkr)
2026-08-01 20:33:03,210 [INFO] [239/503] HWM (Howmet Aerospace), depuis 2026-07-30...
2026-08-01 20:33:14,847 [INFO]   -> 2 jours récupérés pour HWM (source: ibkr)
2026-08-01 20:33:14,848 [INFO] [240/503] IBKR (Interactive Brokers), depuis 2026-07-30...
2026-08-01 20:33:26,683 [INFO]   -> 2 jours récupérés pour IBKR (source: ibkr)
2026-08-01 20:33:26,684 [INFO] [241/503] IBM (IBM), depuis 2026-07-30...
2026-08-01 20:33:38,503 [INFO]   -> 2 jours récupérés pour IBM (source: ibkr)
2026-08-01 20:33:38,507 [INFO] [242/503] ICE (Intercontinental Exchange), depuis 2026-07-30...
2026-08-01 20:33:50,073 [INFO]   -> 2 jours récupérés pour ICE (source: ibkr)
2026-08-01 20:33:50,075 [INFO] [243/503] IDXX (Idexx Laboratories), depuis 2026-07-30...
2026-08-01 20:34:01,634 [INFO]   -> 2 jours récupérés pour IDXX (source: ibkr)
2026-08-01 20:34:01,635 [INFO] [244/503] IEX (IDEX Corporation), depuis 2026-07-30...
2026-08-01 20:34:13,328 [INFO]   -> 2 jours récupérés pour IEX (source: ibkr)
2026-08-01 20:34:13,329 [INFO] [245/503] IFF (International Flavors & Fragrances), depuis 2026-07-30...
2026-08-01 20:34:24,994 [INFO]   -> 2 jours récupérés pour IFF (source: ibkr)
2026-08-01 20:34:24,997 [INFO] [246/503] INCY (Incyte), depuis 2026-07-30...
2026-08-01 20:34:36,667 [INFO]   -> 2 jours récupérés pour INCY (source: ibkr)
2026-08-01 20:34:36,668 [INFO] [247/503] INTC (Intel), depuis 2026-07-30...
2026-08-01 20:34:48,319 [INFO]   -> 2 jours récupérés pour INTC (source: ibkr)
2026-08-01 20:34:48,320 [INFO] [248/503] INTU (Intuit), depuis 2026-07-30...
2026-08-01 20:35:00,020 [INFO]   -> 2 jours récupérés pour INTU (source: ibkr)
2026-08-01 20:35:00,026 [INFO] [249/503] INVH (Invitation Homes), depuis 2026-07-30...
2026-08-01 20:35:11,481 [INFO]   -> 2 jours récupérés pour INVH (source: ibkr)
2026-08-01 20:35:11,481 [INFO] [250/503] IP (International Paper), depuis 2026-07-30...
2026-08-01 20:35:23,195 [INFO]   -> 2 jours récupérés pour IP (source: ibkr)
2026-08-01 20:35:23,196 [INFO] [251/503] IQV (IQVIA), depuis 2026-07-30...
2026-08-01 20:35:34,625 [INFO]   -> 2 jours récupérés pour IQV (source: ibkr)
2026-08-01 20:35:34,626 [INFO] [252/503] IR (Ingersoll Rand), depuis 2026-07-30...
2026-08-01 20:35:46,095 [INFO]   -> 2 jours récupérés pour IR (source: ibkr)
2026-08-01 20:35:46,099 [INFO] [253/503] IRM (Iron Mountain), depuis 2026-07-30...
2026-08-01 20:35:57,768 [INFO]   -> 2 jours récupérés pour IRM (source: ibkr)
2026-08-01 20:35:57,769 [INFO] [254/503] ISRG (Intuitive Surgical), depuis 2026-07-30...
2026-08-01 20:36:09,646 [INFO]   -> 2 jours récupérés pour ISRG (source: ibkr)
2026-08-01 20:36:09,647 [INFO] [255/503] IT (Gartner), depuis 2026-07-30...
2026-08-01 20:36:21,319 [INFO]   -> 2 jours récupérés pour IT (source: ibkr)
2026-08-01 20:36:21,320 [INFO] [256/503] ITW (Illinois Tool Works), depuis 2026-07-30...
2026-08-01 20:36:32,989 [INFO]   -> 2 jours récupérés pour ITW (source: ibkr)
2026-08-01 20:36:32,990 [INFO] [257/503] IVZ (Invesco), depuis 2026-07-30...
2026-08-01 20:36:45,077 [INFO]   -> 2 jours récupérés pour IVZ (source: ibkr)
2026-08-01 20:36:45,078 [INFO] [258/503] J (Jacobs Solutions), depuis 2026-07-30...
2026-08-01 20:36:56,752 [INFO]   -> 2 jours récupérés pour J (source: ibkr)
2026-08-01 20:36:56,752 [INFO] [259/503] JBHT (J.B. Hunt), depuis 2026-07-30...
2026-08-01 20:37:08,527 [INFO]   -> 2 jours récupérés pour JBHT (source: ibkr)
2026-08-01 20:37:08,531 [INFO] [260/503] JBL (Jabil), depuis 2026-07-30...
2026-08-01 20:37:20,201 [INFO]   -> 2 jours récupérés pour JBL (source: ibkr)
2026-08-01 20:37:20,202 [INFO] [261/503] JCI (Johnson Controls), depuis 2026-07-30...
2026-08-01 20:37:31,885 [INFO]   -> 2 jours récupérés pour JCI (source: ibkr)
2026-08-01 20:37:31,886 [INFO] [262/503] JKHY (Jack Henry & Associates), depuis 2026-07-30...
2026-08-01 20:37:43,549 [INFO]   -> 2 jours récupérés pour JKHY (source: ibkr)
2026-08-01 20:37:43,550 [INFO] [263/503] JNJ (Johnson & Johnson), depuis 2026-07-30...
2026-08-01 20:37:55,222 [INFO]   -> 2 jours récupérés pour JNJ (source: ibkr)
2026-08-01 20:37:55,223 [INFO] [264/503] JPM (JPMorgan Chase), depuis 2026-07-30...
2026-08-01 20:38:06,896 [INFO]   -> 2 jours récupérés pour JPM (source: ibkr)
2026-08-01 20:38:06,943 [INFO] [265/503] KDP (Keurig Dr Pepper), depuis 2026-07-30...
2026-08-01 20:38:18,569 [INFO]   -> 2 jours récupérés pour KDP (source: ibkr)
2026-08-01 20:38:18,569 [INFO] [266/503] KEY (KeyCorp), depuis 2026-07-30...
2026-08-01 20:38:30,241 [INFO]   -> 2 jours récupérés pour KEY (source: ibkr)
2026-08-01 20:38:30,268 [INFO] [267/503] KEYS (Keysight Technologies), depuis 2026-07-30...
2026-08-01 20:38:41,727 [INFO]   -> 2 jours récupérés pour KEYS (source: ibkr)
2026-08-01 20:38:41,728 [INFO] [268/503] KHC (Kraft Heinz), depuis 2026-07-30...
2026-08-01 20:38:53,079 [INFO]   -> 2 jours récupérés pour KHC (source: ibkr)
2026-08-01 20:38:53,080 [INFO] [269/503] KIM (Kimco Realty), depuis 2026-07-30...
2026-08-01 20:39:04,856 [INFO]   -> 2 jours récupérés pour KIM (source: ibkr)
2026-08-01 20:39:04,858 [INFO] [270/503] KKR (KKR & Co.), depuis 2026-07-30...
2026-08-01 20:39:16,527 [INFO]   -> 2 jours récupérés pour KKR (source: ibkr)
2026-08-01 20:39:16,535 [INFO] [271/503] KLAC (KLA Corporation), depuis 2026-07-30...
2026-08-01 20:39:28,169 [INFO]   -> 2 jours récupérés pour KLAC (source: ibkr)
2026-08-01 20:39:28,171 [INFO] [272/503] KMB (Kimberly-Clark), depuis 2026-07-30...
2026-08-01 20:39:39,875 [INFO]   -> 2 jours récupérés pour KMB (source: ibkr)
2026-08-01 20:39:39,876 [INFO] [273/503] KMI (Kinder Morgan), depuis 2026-07-30...
2026-08-01 20:39:51,245 [INFO]   -> 2 jours récupérés pour KMI (source: ibkr)
2026-08-01 20:39:51,247 [INFO] [274/503] KO (Coca-Cola Company (The)), depuis 2026-07-30...
2026-08-01 20:40:02,919 [INFO]   -> 2 jours récupérés pour KO (source: ibkr)
2026-08-01 20:40:02,920 [INFO] [275/503] KR (Kroger), depuis 2026-07-30...
2026-08-01 20:40:14,592 [INFO]   -> 2 jours récupérés pour KR (source: ibkr)
2026-08-01 20:40:14,593 [INFO] [276/503] KVUE (Kenvue), depuis 2026-07-30...
2026-08-01 20:40:25,956 [INFO]   -> 2 jours récupérés pour KVUE (source: ibkr)
2026-08-01 20:40:25,957 [INFO] [277/503] L (Loews Corporation), depuis 2026-07-30...
2026-08-01 20:40:37,628 [INFO]   -> 2 jours récupérés pour L (source: ibkr)
2026-08-01 20:40:37,629 [INFO] [278/503] LDOS (Leidos), depuis 2026-07-30...
2026-08-01 20:40:49,100 [INFO]   -> 2 jours récupérés pour LDOS (source: ibkr)
2026-08-01 20:40:49,101 [INFO] [279/503] LEN (Lennar), depuis 2026-07-30...
2026-08-01 20:41:00,778 [INFO]   -> 2 jours récupérés pour LEN (source: ibkr)
2026-08-01 20:41:00,780 [INFO] [280/503] LH (Labcorp), depuis 2026-07-30...
2026-08-01 20:41:12,422 [INFO]   -> 2 jours récupérés pour LH (source: ibkr)
2026-08-01 20:41:12,446 [INFO] [281/503] LHX (L3Harris), depuis 2026-07-30...
2026-08-01 20:41:24,122 [INFO]   -> 2 jours récupérés pour LHX (source: ibkr)
2026-08-01 20:41:24,122 [INFO] [282/503] LII (Lennox International), depuis 2026-07-30...
2026-08-01 20:41:35,794 [INFO]   -> 2 jours récupérés pour LII (source: ibkr)
2026-08-01 20:41:35,797 [INFO] [283/503] LIN (Linde plc), depuis 2026-07-30...
2026-08-01 20:41:47,138 [INFO]   -> 2 jours récupérés pour LIN (source: ibkr)
2026-08-01 20:41:47,139 [INFO] [284/503] LITE (Lumentum), depuis 2026-07-30...
2026-08-01 20:41:58,597 [INFO]   -> 2 jours récupérés pour LITE (source: ibkr)
2026-08-01 20:41:58,598 [INFO] [285/503] LLY (Lilly (Eli)), depuis 2026-07-30...
2026-08-01 20:42:10,303 [INFO]   -> 2 jours récupérés pour LLY (source: ibkr)
2026-08-01 20:42:10,304 [INFO] [286/503] LMT (Lockheed Martin), depuis 2026-07-30...
2026-08-01 20:42:21,976 [INFO]   -> 2 jours récupérés pour LMT (source: ibkr)
2026-08-01 20:42:21,979 [INFO] [287/503] LNT (Alliant Energy), depuis 2026-07-30...
2026-08-01 20:42:33,683 [INFO]   -> 2 jours récupérés pour LNT (source: ibkr)
2026-08-01 20:42:33,685 [INFO] [288/503] LOW (Lowe's), depuis 2026-07-30...
2026-08-01 20:42:45,324 [INFO]   -> 2 jours récupérés pour LOW (source: ibkr)
2026-08-01 20:42:45,327 [INFO] [289/503] LRCX (Lam Research), depuis 2026-07-30...
2026-08-01 20:42:56,996 [INFO]   -> 2 jours récupérés pour LRCX (source: ibkr)
2026-08-01 20:42:56,997 [INFO] [290/503] LULU (Lululemon Athletica), depuis 2026-07-30...
2026-08-01 20:43:08,569 [INFO]   -> 2 jours récupérés pour LULU (source: ibkr)
2026-08-01 20:43:08,570 [INFO] [291/503] LUV (Southwest Airlines), depuis 2026-07-30...
2026-08-01 20:43:20,036 [INFO]   -> 2 jours récupérés pour LUV (source: ibkr)
2026-08-01 20:43:20,038 [INFO] [292/503] LVS (Las Vegas Sands), depuis 2026-07-30...
2026-08-01 20:43:31,715 [INFO]   -> 2 jours récupérés pour LVS (source: ibkr)
2026-08-01 20:43:31,716 [INFO] [293/503] LYB (LyondellBasell), depuis 2026-07-30...
2026-08-01 20:43:43,261 [INFO]   -> 2 jours récupérés pour LYB (source: ibkr)
2026-08-01 20:43:43,261 [INFO] [294/503] LYV (Live Nation Entertainment), depuis 2026-07-30...
2026-08-01 20:43:54,854 [INFO]   -> 2 jours récupérés pour LYV (source: ibkr)
2026-08-01 20:43:54,855 [INFO] [295/503] MA (Mastercard), depuis 2026-07-30...
2026-08-01 20:44:06,529 [INFO]   -> 2 jours récupérés pour MA (source: ibkr)
2026-08-01 20:44:06,531 [INFO] [296/503] MAA (Mid-America Apartment Communities), depuis 2026-07-30...
2026-08-01 20:44:18,201 [INFO]   -> 2 jours récupérés pour MAA (source: ibkr)
2026-08-01 20:44:18,202 [INFO] [297/503] MAR (Marriott International), depuis 2026-07-30...
2026-08-01 20:44:29,670 [INFO]   -> 2 jours récupérés pour MAR (source: ibkr)
2026-08-01 20:44:29,670 [INFO] [298/503] MAS (Masco), depuis 2026-07-30...
2026-08-01 20:44:41,344 [INFO]   -> 2 jours récupérés pour MAS (source: ibkr)
2026-08-01 20:44:41,345 [INFO] [299/503] MCD (McDonald's), depuis 2026-07-30...
2026-08-01 20:44:53,043 [INFO]   -> 2 jours récupérés pour MCD (source: ibkr)
2026-08-01 20:44:53,044 [INFO] [300/503] MCHP (Microchip Technology), depuis 2026-07-30...
2026-08-01 20:45:04,898 [INFO]   -> 2 jours récupérés pour MCHP (source: ibkr)
2026-08-01 20:45:04,899 [INFO] [301/503] MCK (McKesson Corporation), depuis 2026-07-30...
2026-08-01 20:45:16,572 [INFO]   -> 2 jours récupérés pour MCK (source: ibkr)
2026-08-01 20:45:16,574 [INFO] [302/503] MCO (Moody's Corporation), depuis 2026-07-30...
2026-08-01 20:45:28,242 [INFO]   -> 2 jours récupérés pour MCO (source: ibkr)
2026-08-01 20:45:28,270 [INFO] [303/503] MDLZ (Mondelez International), depuis 2026-07-30...
2026-08-01 20:45:39,917 [INFO]   -> 2 jours récupérés pour MDLZ (source: ibkr)
2026-08-01 20:45:39,920 [INFO] [304/503] MDT (Medtronic), depuis 2026-07-30...
2026-08-01 20:45:51,693 [INFO]   -> 2 jours récupérés pour MDT (source: ibkr)
2026-08-01 20:45:51,694 [INFO] [305/503] MET (MetLife), depuis 2026-07-30...
2026-08-01 20:46:03,251 [INFO]   -> 2 jours récupérés pour MET (source: ibkr)
2026-08-01 20:46:03,252 [INFO] [306/503] META (Meta Platforms), depuis 2026-07-30...
2026-08-01 20:46:14,579 [INFO]   -> 2 jours récupérés pour META (source: ibkr)
2026-08-01 20:46:14,587 [INFO] [307/503] MGM (MGM Resorts), depuis 2026-07-30...
2026-08-01 20:46:26,304 [INFO]   -> 2 jours récupérés pour MGM (source: ibkr)
2026-08-01 20:46:26,305 [INFO] [308/503] MKC (McCormick & Company), depuis 2026-07-30...
2026-08-01 20:46:38,081 [INFO]   -> 2 jours récupérés pour MKC (source: ibkr)
2026-08-01 20:46:38,083 [INFO] [309/503] MLM (Martin Marietta Materials), depuis 2026-07-30...
2026-08-01 20:46:49,756 [INFO]   -> 2 jours récupérés pour MLM (source: ibkr)
2026-08-01 20:46:49,757 [INFO] [310/503] MMM (3M), depuis 2026-07-30...
2026-08-01 20:47:01,428 [INFO]   -> 2 jours récupérés pour MMM (source: ibkr)
2026-08-01 20:47:01,429 [INFO] [311/503] MNST (Monster Beverage), depuis 2026-07-30...
2026-08-01 20:47:12,797 [INFO]   -> 2 jours récupérés pour MNST (source: ibkr)
2026-08-01 20:47:12,799 [INFO] [312/503] MO (Altria), depuis 2026-07-30...
2026-08-01 20:47:24,653 [INFO]   -> 2 jours récupérés pour MO (source: ibkr)
2026-08-01 20:47:24,655 [INFO] [313/503] MOS (Mosaic Company (The)), depuis 2026-07-30...
2026-08-01 20:47:36,316 [INFO]   -> 2 jours récupérés pour MOS (source: ibkr)
2026-08-01 20:47:36,317 [INFO] [314/503] MPC (Marathon Petroleum), depuis 2026-07-30...
2026-08-01 20:47:47,713 [INFO]   -> 2 jours récupérés pour MPC (source: ibkr)
2026-08-01 20:47:47,714 [INFO] [315/503] MPWR (Monolithic Power Systems), depuis 2026-07-30...
2026-08-01 20:47:59,387 [INFO]   -> 2 jours récupérés pour MPWR (source: ibkr)
2026-08-01 20:47:59,387 [INFO] [316/503] MRK (Merck & Co.), depuis 2026-07-30...
2026-08-01 20:48:11,067 [INFO]   -> 2 jours récupérés pour MRK (source: ibkr)
2026-08-01 20:48:11,068 [INFO] [317/503] MRNA (Moderna), depuis 2026-07-30...
2026-08-01 20:48:22,530 [INFO]   -> 2 jours récupérés pour MRNA (source: ibkr)
2026-08-01 20:48:22,532 [INFO] [318/503] MRSH (Marsh McLennan), depuis 2026-07-30...
2026-08-01 20:48:34,181 [INFO]   -> 2 jours récupérés pour MRSH (source: ibkr)
2026-08-01 20:48:34,182 [INFO] [319/503] MRVL (Marvell Technology), depuis 2026-07-30...
2026-08-01 20:48:45,877 [INFO]   -> 2 jours récupérés pour MRVL (source: ibkr)
2026-08-01 20:48:45,878 [INFO] [320/503] MS (Morgan Stanley), depuis 2026-07-30...
2026-08-01 20:48:57,571 [INFO]   -> 2 jours récupérés pour MS (source: ibkr)
2026-08-01 20:48:57,574 [INFO] [321/503] MSCI (MSCI Inc.), depuis 2026-07-30...
2026-08-01 20:49:09,226 [INFO]   -> 2 jours récupérés pour MSCI (source: ibkr)
2026-08-01 20:49:09,230 [INFO] [322/503] MSFT (Microsoft), depuis 2026-07-30...
2026-08-01 20:49:21,000 [INFO]   -> 2 jours récupérés pour MSFT (source: ibkr)
2026-08-01 20:49:21,002 [INFO] [323/503] MSI (Motorola Solutions), depuis 2026-07-30...
2026-08-01 20:49:32,575 [INFO]   -> 2 jours récupérés pour MSI (source: ibkr)
2026-08-01 20:49:32,576 [INFO] [324/503] MTB (M&T Bank), depuis 2026-07-30...
2026-08-01 20:49:44,348 [INFO]   -> 2 jours récupérés pour MTB (source: ibkr)
2026-08-01 20:49:44,350 [INFO] [325/503] MTD (Mettler Toledo), depuis 2026-07-30...
2026-08-01 20:49:55,921 [INFO]   -> 2 jours récupérés pour MTD (source: ibkr)
2026-08-01 20:49:55,922 [INFO] [326/503] MU (Micron Technology), depuis 2026-07-30...
2026-08-01 20:50:07,592 [INFO]   -> 2 jours récupérés pour MU (source: ibkr)
2026-08-01 20:50:07,593 [INFO] [327/503] NCLH (Norwegian Cruise Line Holdings), depuis 2026-07-30...
2026-08-01 20:50:18,962 [INFO]   -> 2 jours récupérés pour NCLH (source: ibkr)
2026-08-01 20:50:18,963 [INFO] [328/503] NDAQ (Nasdaq, Inc.), depuis 2026-07-30...
2026-08-01 20:50:30,629 [INFO]   -> 2 jours récupérés pour NDAQ (source: ibkr)
2026-08-01 20:50:30,630 [INFO] [329/503] NDSN (Nordson Corporation), depuis 2026-07-30...
2026-08-01 20:50:42,308 [INFO]   -> 2 jours récupérés pour NDSN (source: ibkr)
2026-08-01 20:50:42,309 [INFO] [330/503] NEE (NextEra Energy), depuis 2026-07-30...
2026-08-01 20:50:53,981 [INFO]   -> 2 jours récupérés pour NEE (source: ibkr)
2026-08-01 20:50:53,982 [INFO] [331/503] NEM (Newmont), depuis 2026-07-30...
2026-08-01 20:51:05,582 [INFO]   -> 2 jours récupérés pour NEM (source: ibkr)
2026-08-01 20:51:05,587 [INFO] [332/503] NFLX (Netflix), depuis 2026-07-30...
2026-08-01 20:51:17,224 [INFO]   -> 2 jours récupérés pour NFLX (source: ibkr)
2026-08-01 20:51:17,225 [INFO] [333/503] NI (NiSource), depuis 2026-07-30...
2026-08-01 20:51:29,004 [INFO]   -> 2 jours récupérés pour NI (source: ibkr)
2026-08-01 20:51:29,005 [INFO] [334/503] NKE (Nike, Inc.), depuis 2026-07-30...
2026-08-01 20:51:40,677 [INFO]   -> 2 jours récupérés pour NKE (source: ibkr)
2026-08-01 20:51:40,678 [INFO] [335/503] NOC (Northrop Grumman), depuis 2026-07-30...
2026-08-01 20:51:52,349 [INFO]   -> 2 jours récupérés pour NOC (source: ibkr)
2026-08-01 20:51:52,350 [INFO] [336/503] NOW (ServiceNow), depuis 2026-07-30...
2026-08-01 20:52:03,716 [INFO]   -> 2 jours récupérés pour NOW (source: ibkr)
2026-08-01 20:52:03,717 [INFO] [337/503] NRG (NRG Energy), depuis 2026-07-30...
2026-08-01 20:52:15,278 [INFO]   -> 2 jours récupérés pour NRG (source: ibkr)
2026-08-01 20:52:15,278 [INFO] [338/503] NSC (Norfolk Southern), depuis 2026-07-30...
2026-08-01 20:52:26,965 [INFO]   -> 2 jours récupérés pour NSC (source: ibkr)
2026-08-01 20:52:26,967 [INFO] [339/503] NTAP (NetApp), depuis 2026-07-30...
2026-08-01 20:52:38,636 [INFO]   -> 2 jours récupérés pour NTAP (source: ibkr)
2026-08-01 20:52:38,636 [INFO] [340/503] NTRS (Northern Trust), depuis 2026-07-30...
2026-08-01 20:52:50,308 [INFO]   -> 2 jours récupérés pour NTRS (source: ibkr)
2026-08-01 20:52:50,309 [INFO] [341/503] NUE (Nucor), depuis 2026-07-30...
2026-08-01 20:53:01,982 [INFO]   -> 2 jours récupérés pour NUE (source: ibkr)
2026-08-01 20:53:01,983 [INFO] [342/503] NVDA (Nvidia), depuis 2026-07-30...
2026-08-01 20:53:13,656 [INFO]   -> 2 jours récupérés pour NVDA (source: ibkr)
2026-08-01 20:53:13,658 [INFO] [343/503] NVR (NVR, Inc.), depuis 2026-07-30...
2026-08-01 20:53:25,226 [INFO]   -> 2 jours récupérés pour NVR (source: ibkr)
2026-08-01 20:53:25,227 [INFO] [344/503] NWS (News Corp (Class B)), depuis 2026-07-30...
2026-08-01 20:53:36,600 [INFO]   -> 2 jours récupérés pour NWS (source: ibkr)
2026-08-01 20:53:36,605 [INFO] [345/503] NWSA (News Corp (Class A)), depuis 2026-07-30...
2026-08-01 20:53:48,063 [INFO]   -> 2 jours récupérés pour NWSA (source: ibkr)
2026-08-01 20:53:48,064 [INFO] [346/503] NXPI (NXP Semiconductors), depuis 2026-07-30...
2026-08-01 20:53:59,685 [INFO]   -> 2 jours récupérés pour NXPI (source: ibkr)
2026-08-01 20:53:59,688 [INFO] [347/503] O (Realty Income), depuis 2026-07-30...
2026-08-01 20:54:11,103 [INFO]   -> 2 jours récupérés pour O (source: ibkr)
2026-08-01 20:54:11,105 [INFO] [348/503] ODFL (Old Dominion), depuis 2026-07-30...
2026-08-01 20:54:22,674 [INFO]   -> 2 jours récupérés pour ODFL (source: ibkr)
2026-08-01 20:54:22,675 [INFO] [349/503] OKE (Oneok), depuis 2026-07-30...
2026-08-01 20:54:35,066 [INFO]   -> 2 jours récupérés pour OKE (source: ibkr)
2026-08-01 20:54:35,067 [INFO] [350/503] OMC (Omnicom Group), depuis 2026-07-30...
2026-08-01 20:54:46,840 [INFO]   -> 2 jours récupérés pour OMC (source: ibkr)
2026-08-01 20:54:46,850 [INFO] [351/503] ON (ON Semiconductor), depuis 2026-07-30...
2026-08-01 20:54:58,487 [INFO]   -> 2 jours récupérés pour ON (source: ibkr)
2026-08-01 20:54:58,488 [INFO] [352/503] ORCL (Oracle Corporation), depuis 2026-07-30...
2026-08-01 20:55:10,187 [INFO]   -> 2 jours récupérés pour ORCL (source: ibkr)
2026-08-01 20:55:10,188 [INFO] [353/503] ORLY (O’Reilly Automotive), depuis 2026-07-30...
2026-08-01 20:55:21,758 [INFO]   -> 2 jours récupérés pour ORLY (source: ibkr)
2026-08-01 20:55:21,759 [INFO] [354/503] OTIS (Otis Worldwide), depuis 2026-07-30...
2026-08-01 20:55:33,229 [INFO]   -> 2 jours récupérés pour OTIS (source: ibkr)
2026-08-01 20:55:33,230 [INFO] [355/503] OXY (Occidental Petroleum), depuis 2026-07-30...
2026-08-01 20:55:45,106 [INFO]   -> 2 jours récupérés pour OXY (source: ibkr)
2026-08-01 20:55:45,107 [INFO] [356/503] PANW (Palo Alto Networks), depuis 2026-07-30...
2026-08-01 20:55:56,456 [INFO]   -> 2 jours récupérés pour PANW (source: ibkr)
2026-08-01 20:55:56,457 [INFO] [357/503] PAYX (Paychex), depuis 2026-07-30...
2026-08-01 20:56:07,839 [INFO]   -> 2 jours récupérés pour PAYX (source: ibkr)
2026-08-01 20:56:07,841 [INFO] [358/503] PCAR (Paccar), depuis 2026-07-30...
2026-08-01 20:56:19,620 [INFO]   -> 2 jours récupérés pour PCAR (source: ibkr)
2026-08-01 20:56:19,620 [INFO] [359/503] PCG (PG&E Corporation), depuis 2026-07-30...
2026-08-01 20:56:31,086 [INFO]   -> 2 jours récupérés pour PCG (source: ibkr)
2026-08-01 20:56:31,087 [INFO] [360/503] PEG (Public Service Enterprise Group), depuis 2026-07-30...
2026-08-01 20:56:42,553 [INFO]   -> 2 jours récupérés pour PEG (source: ibkr)
2026-08-01 20:56:42,557 [INFO] [361/503] PEP (PepsiCo), depuis 2026-07-30...
2026-08-01 20:56:54,459 [INFO]   -> 2 jours récupérés pour PEP (source: ibkr)
2026-08-01 20:56:54,461 [INFO] [362/503] PFE (Pfizer), depuis 2026-07-30...
2026-08-01 20:57:05,806 [INFO]   -> 2 jours récupérés pour PFE (source: ibkr)
2026-08-01 20:57:05,807 [INFO] [363/503] PFG (Principal Financial Group), depuis 2026-07-30...
2026-08-01 20:57:17,267 [INFO]   -> 2 jours récupérés pour PFG (source: ibkr)
2026-08-01 20:57:17,267 [INFO] [364/503] PG (Procter & Gamble), depuis 2026-07-30...
2026-08-01 20:57:28,637 [INFO]   -> 2 jours récupérés pour PG (source: ibkr)
2026-08-01 20:57:28,639 [INFO] [365/503] PGR (Progressive Corporation), depuis 2026-07-30...
2026-08-01 20:57:40,000 [INFO]   -> 2 jours récupérés pour PGR (source: ibkr)
2026-08-01 20:57:40,001 [INFO] [366/503] PH (Parker Hannifin), depuis 2026-07-30...
2026-08-01 20:57:51,431 [INFO]   -> 2 jours récupérés pour PH (source: ibkr)
2026-08-01 20:57:51,432 [INFO] [367/503] PHM (PulteGroup), depuis 2026-07-30...
2026-08-01 20:58:02,790 [INFO]   -> 2 jours récupérés pour PHM (source: ibkr)
2026-08-01 20:58:02,792 [INFO] [368/503] PKG (Packaging Corporation of America), depuis 2026-07-30...
2026-08-01 20:58:14,613 [INFO]   -> 2 jours récupérés pour PKG (source: ibkr)
2026-08-01 20:58:14,613 [INFO] [369/503] PLD (Prologis), depuis 2026-07-30...
2026-08-01 20:58:26,045 [INFO]   -> 2 jours récupérés pour PLD (source: ibkr)
2026-08-01 20:58:26,046 [INFO] [370/503] PLTR (Palantir Technologies), depuis 2026-07-30...
2026-08-01 20:58:37,446 [INFO]   -> 2 jours récupérés pour PLTR (source: ibkr)
2026-08-01 20:58:37,448 [INFO] [371/503] PM (Philip Morris International), depuis 2026-07-30...
2026-08-01 20:58:48,916 [INFO]   -> 2 jours récupérés pour PM (source: ibkr)
2026-08-01 20:58:48,920 [INFO] [372/503] PNC (PNC Financial Services), depuis 2026-07-30...
2026-08-01 20:59:00,386 [INFO]   -> 2 jours récupérés pour PNC (source: ibkr)
2026-08-01 20:59:00,392 [INFO] [373/503] PNR (Pentair), depuis 2026-07-30...
2026-08-01 20:59:11,855 [INFO]   -> 2 jours récupérés pour PNR (source: ibkr)
2026-08-01 20:59:11,859 [INFO] [374/503] PNW (Pinnacle West Capital), depuis 2026-07-30...
2026-08-01 20:59:23,245 [INFO]   -> 2 jours récupérés pour PNW (source: ibkr)
2026-08-01 20:59:23,247 [INFO] [375/503] PODD (Insulet Corporation), depuis 2026-07-30...
2026-08-01 20:59:34,999 [INFO]   -> 2 jours récupérés pour PODD (source: ibkr)
2026-08-01 20:59:35,000 [INFO] [376/503] PPG (PPG Industries), depuis 2026-07-30...
2026-08-01 20:59:46,365 [INFO]   -> 2 jours récupérés pour PPG (source: ibkr)
2026-08-01 20:59:46,367 [INFO] [377/503] PPL (PPL Corporation), depuis 2026-07-30...
2026-08-01 20:59:57,832 [INFO]   -> 2 jours récupérés pour PPL (source: ibkr)
2026-08-01 20:59:57,834 [INFO] [378/503] PRU (Prudential Financial), depuis 2026-07-30...
2026-08-01 21:00:09,306 [INFO]   -> 2 jours récupérés pour PRU (source: ibkr)
2026-08-01 21:00:09,306 [INFO] [379/503] PSA (Public Storage), depuis 2026-07-30...
2026-08-01 21:00:20,671 [INFO]   -> 2 jours récupérés pour PSA (source: ibkr)
2026-08-01 21:00:20,672 [INFO] [380/503] PSKY (Paramount Skydance Corporation), depuis 2026-07-30...
2026-08-01 21:00:32,033 [INFO]   -> 2 jours récupérés pour PSKY (source: ibkr)
2026-08-01 21:00:32,034 [INFO] [381/503] PSX (Phillips 66), depuis 2026-07-30...
2026-08-01 21:00:43,401 [INFO]   -> 2 jours récupérés pour PSX (source: ibkr)
2026-08-01 21:00:43,402 [INFO] [382/503] PTC (PTC Inc.), depuis 2026-07-30...
2026-08-01 21:00:54,714 [INFO]   -> 2 jours récupérés pour PTC (source: ibkr)
2026-08-01 21:00:54,716 [INFO] [383/503] PWR (Quanta Services), depuis 2026-07-30...
2026-08-01 21:01:06,271 [INFO]   -> 2 jours récupérés pour PWR (source: ibkr)
2026-08-01 21:01:06,272 [INFO] [384/503] PYPL (PayPal), depuis 2026-07-30...
2026-08-01 21:01:17,629 [INFO]   -> 2 jours récupérés pour PYPL (source: ibkr)
2026-08-01 21:01:17,630 [INFO] [385/503] Q (Qnity Electronics), depuis 2026-07-30...
2026-08-01 21:01:28,969 [INFO]   -> 2 jours récupérés pour Q (source: ibkr)
2026-08-01 21:01:28,970 [INFO] [386/503] QCOM (Qualcomm), depuis 2026-07-30...
2026-08-01 21:01:40,542 [INFO]   -> 2 jours récupérés pour QCOM (source: ibkr)
2026-08-01 21:01:40,542 [INFO] [387/503] RCL (Royal Caribbean Group), depuis 2026-07-30...
2026-08-01 21:01:52,012 [INFO]   -> 2 jours récupérés pour RCL (source: ibkr)
2026-08-01 21:01:52,013 [INFO] [388/503] REG (Regency Centers), depuis 2026-07-30...
2026-08-01 21:02:03,479 [INFO]   -> 2 jours récupérés pour REG (source: ibkr)
2026-08-01 21:02:03,480 [INFO] [389/503] REGN (Regeneron Pharmaceuticals), depuis 2026-07-30...
2026-08-01 21:02:14,945 [INFO]   -> 2 jours récupérés pour REGN (source: ibkr)
2026-08-01 21:02:14,947 [INFO] [390/503] RF (Regions Financial Corporation), depuis 2026-07-30...
2026-08-01 21:02:26,313 [INFO]   -> 2 jours récupérés pour RF (source: ibkr)
2026-08-01 21:02:26,314 [INFO] [391/503] RJF (Raymond James Financial), depuis 2026-07-30...
2026-08-01 21:02:37,681 [INFO]   -> 2 jours récupérés pour RJF (source: ibkr)
2026-08-01 21:02:37,681 [INFO] [392/503] RL (Ralph Lauren Corporation), depuis 2026-07-30...
2026-08-01 21:02:49,058 [INFO]   -> 2 jours récupérés pour RL (source: ibkr)
2026-08-01 21:02:49,059 [INFO] [393/503] RMD (ResMed), depuis 2026-07-30...
2026-08-01 21:03:00,515 [INFO]   -> 2 jours récupérés pour RMD (source: ibkr)
2026-08-01 21:03:00,516 [INFO] [394/503] ROK (Rockwell Automation), depuis 2026-07-30...
2026-08-01 21:03:11,855 [INFO]   -> 2 jours récupérés pour ROK (source: ibkr)
2026-08-01 21:03:11,857 [INFO] [395/503] ROL (Rollins, Inc.), depuis 2026-07-30...
2026-08-01 21:03:23,175 [INFO]   -> 2 jours récupérés pour ROL (source: ibkr)
2026-08-01 21:03:23,176 [INFO] [396/503] ROP (Roper Technologies), depuis 2026-07-30...
2026-08-01 21:03:34,563 [INFO]   -> 2 jours récupérés pour ROP (source: ibkr)
2026-08-01 21:03:34,564 [INFO] [397/503] ROST (Ross Stores), depuis 2026-07-30...
2026-08-01 21:03:46,084 [INFO]   -> 2 jours récupérés pour ROST (source: ibkr)
2026-08-01 21:03:46,085 [INFO] [398/503] RSG (Republic Services), depuis 2026-07-30...
2026-08-01 21:03:57,449 [INFO]   -> 2 jours récupérés pour RSG (source: ibkr)
2026-08-01 21:03:57,451 [INFO] [399/503] RTX (RTX Corporation), depuis 2026-07-30...
2026-08-01 21:04:08,921 [INFO]   -> 2 jours récupérés pour RTX (source: ibkr)
2026-08-01 21:04:08,922 [INFO] [400/503] RVTY (Revvity), depuis 2026-07-30...
2026-08-01 21:04:20,288 [INFO]   -> 2 jours récupérés pour RVTY (source: ibkr)
2026-08-01 21:04:20,289 [INFO] [401/503] SBAC (SBA Communications), depuis 2026-07-30...
2026-08-01 21:04:31,632 [INFO]   -> 2 jours récupérés pour SBAC (source: ibkr)
2026-08-01 21:04:31,633 [INFO] [402/503] SBUX (Starbucks), depuis 2026-07-30...
2026-08-01 21:04:43,018 [INFO]   -> 2 jours récupérés pour SBUX (source: ibkr)
2026-08-01 21:04:43,019 [INFO] [403/503] SCHW (Charles Schwab Corporation), depuis 2026-07-30...
2026-08-01 21:04:54,771 [INFO]   -> 2 jours récupérés pour SCHW (source: ibkr)
2026-08-01 21:04:54,772 [INFO] [404/503] SHW (Sherwin-Williams), depuis 2026-07-30...
2026-08-01 21:05:06,165 [INFO]   -> 2 jours récupérés pour SHW (source: ibkr)
2026-08-01 21:05:06,166 [INFO] [405/503] SJM (J.M. Smucker Company (The)), depuis 2026-07-30...
2026-08-01 21:05:17,640 [INFO]   -> 2 jours récupérés pour SJM (source: ibkr)
2026-08-01 21:05:17,642 [INFO] [406/503] SLB (Schlumberger), depuis 2026-07-30...
2026-08-01 21:05:28,996 [INFO]   -> 2 jours récupérés pour SLB (source: ibkr)
2026-08-01 21:05:28,998 [INFO] [407/503] SMCI (Supermicro), depuis 2026-07-30...
2026-08-01 21:05:40,363 [INFO]   -> 2 jours récupérés pour SMCI (source: ibkr)
2026-08-01 21:05:40,364 [INFO] [408/503] SNA (Snap-on), depuis 2026-07-30...
2026-08-01 21:05:51,730 [INFO]   -> 2 jours récupérés pour SNA (source: ibkr)
2026-08-01 21:05:51,731 [INFO] [409/503] SNDK (Sandisk), depuis 2026-07-30...
2026-08-01 21:06:03,612 [INFO]   -> 2 jours récupérés pour SNDK (source: ibkr)
2026-08-01 21:06:03,613 [INFO] [410/503] SNPS (Synopsys), depuis 2026-07-30...
2026-08-01 21:06:14,974 [INFO]   -> 2 jours récupérés pour SNPS (source: ibkr)
2026-08-01 21:06:14,975 [INFO] [411/503] SO (Southern Company), depuis 2026-07-30...
2026-08-01 21:06:26,396 [INFO]   -> 2 jours récupérés pour SO (source: ibkr)
2026-08-01 21:06:26,398 [INFO] [412/503] SOLV (Solventum), depuis 2026-07-30...
2026-08-01 21:06:37,810 [INFO]   -> 2 jours récupérés pour SOLV (source: ibkr)
2026-08-01 21:06:37,812 [INFO] [413/503] SPG (Simon Property Group), depuis 2026-07-30...
2026-08-01 21:06:49,289 [INFO]   -> 2 jours récupérés pour SPG (source: ibkr)
2026-08-01 21:06:49,294 [INFO] [414/503] SPGI (S&P Global), depuis 2026-07-30...
2026-08-01 21:07:00,748 [INFO]   -> 2 jours récupérés pour SPGI (source: ibkr)
2026-08-01 21:07:00,749 [INFO] [415/503] SRE (Sempra), depuis 2026-07-30...
2026-08-01 21:07:12,217 [INFO]   -> 2 jours récupérés pour SRE (source: ibkr)
2026-08-01 21:07:12,219 [INFO] [416/503] STE (Steris), depuis 2026-07-30...
2026-08-01 21:07:23,577 [INFO]   -> 2 jours récupérés pour STE (source: ibkr)
2026-08-01 21:07:23,578 [INFO] [417/503] STLD (Steel Dynamics), depuis 2026-07-30...
2026-08-01 21:07:34,907 [INFO]   -> 2 jours récupérés pour STLD (source: ibkr)
2026-08-01 21:07:34,908 [INFO] [418/503] STT (State Street Corporation), depuis 2026-07-30...
2026-08-01 21:07:46,317 [INFO]   -> 2 jours récupérés pour STT (source: ibkr)
2026-08-01 21:07:46,317 [INFO] [419/503] STX (Seagate Technology), depuis 2026-07-30...
2026-08-01 21:07:57,785 [INFO]   -> 2 jours récupérés pour STX (source: ibkr)
2026-08-01 21:07:57,787 [INFO] [420/503] STZ (Constellation Brands), depuis 2026-07-30...
2026-08-01 21:08:09,459 [INFO]   -> 2 jours récupérés pour STZ (source: ibkr)
2026-08-01 21:08:09,460 [INFO] [421/503] SW (Smurfit Westrock), depuis 2026-07-30...
2026-08-01 21:08:20,928 [INFO]   -> 2 jours récupérés pour SW (source: ibkr)
2026-08-01 21:08:20,929 [INFO] [422/503] SWK (Stanley Black & Decker), depuis 2026-07-30...
2026-08-01 21:08:32,594 [INFO]   -> 2 jours récupérés pour SWK (source: ibkr)
2026-08-01 21:08:32,596 [INFO] [423/503] SWKS (Skyworks Solutions), depuis 2026-07-30...
2026-08-01 21:08:43,985 [INFO]   -> 2 jours récupérés pour SWKS (source: ibkr)
2026-08-01 21:08:43,986 [INFO] [424/503] SYF (Synchrony Financial), depuis 2026-07-30...
2026-08-01 21:08:55,339 [INFO]   -> 2 jours récupérés pour SYF (source: ibkr)
2026-08-01 21:08:55,340 [INFO] [425/503] SYK (Stryker Corporation), depuis 2026-07-30...
2026-08-01 21:09:06,805 [INFO]   -> 2 jours récupérés pour SYK (source: ibkr)
2026-08-01 21:09:06,806 [INFO] [426/503] SYY (Sysco), depuis 2026-07-30...
2026-08-01 21:09:18,275 [INFO]   -> 2 jours récupérés pour SYY (source: ibkr)
2026-08-01 21:09:18,276 [INFO] [427/503] T (AT&T), depuis 2026-07-30...
2026-08-01 21:09:29,947 [INFO]   -> 2 jours récupérés pour T (source: ibkr)
2026-08-01 21:09:29,949 [INFO] [428/503] TAP (Molson Coors Beverage Company), depuis 2026-07-30...
2026-08-01 21:09:41,635 [INFO]   -> 2 jours récupérés pour TAP (source: ibkr)
2026-08-01 21:09:41,636 [INFO] [429/503] TDG (TransDigm Group), depuis 2026-07-30...
2026-08-01 21:09:53,089 [INFO]   -> 2 jours récupérés pour TDG (source: ibkr)
2026-08-01 21:09:53,091 [INFO] [430/503] TDY (Teledyne Technologies), depuis 2026-07-30...
2026-08-01 21:10:05,072 [INFO]   -> 2 jours récupérés pour TDY (source: ibkr)
2026-08-01 21:10:05,073 [INFO] [431/503] TECH (Bio-Techne), depuis 2026-07-30...
2026-08-01 21:10:16,752 [INFO]   -> 2 jours récupérés pour TECH (source: ibkr)
2026-08-01 21:10:16,754 [INFO] [432/503] TEL (TE Connectivity), depuis 2026-07-30...
2026-08-01 21:10:28,215 [INFO]   -> 2 jours récupérés pour TEL (source: ibkr)
2026-08-01 21:10:28,216 [INFO] [433/503] TER (Teradyne), depuis 2026-07-30...
2026-08-01 21:10:39,597 [INFO]   -> 2 jours récupérés pour TER (source: ibkr)
2026-08-01 21:10:39,598 [INFO] [434/503] TFC (Truist Financial), depuis 2026-07-30...
2026-08-01 21:10:50,948 [INFO]   -> 2 jours récupérés pour TFC (source: ibkr)
2026-08-01 21:10:50,950 [INFO] [435/503] TGT (Target Corporation), depuis 2026-07-30...
2026-08-01 21:11:02,327 [INFO]   -> 2 jours récupérés pour TGT (source: ibkr)
2026-08-01 21:11:02,328 [INFO] [436/503] TJX (TJX Companies), depuis 2026-07-30...
2026-08-01 21:11:13,661 [INFO]   -> 2 jours récupérés pour TJX (source: ibkr)
2026-08-01 21:11:13,661 [INFO] [437/503] TKO (TKO Group Holdings), depuis 2026-07-30...
2026-08-01 21:11:25,052 [INFO]   -> 2 jours récupérés pour TKO (source: ibkr)
2026-08-01 21:11:25,053 [INFO] [438/503] TMO (Thermo Fisher Scientific), depuis 2026-07-30...
2026-08-01 21:11:36,414 [INFO]   -> 2 jours récupérés pour TMO (source: ibkr)
2026-08-01 21:11:36,414 [INFO] [439/503] TMUS (T-Mobile US), depuis 2026-07-30...
2026-08-01 21:11:47,990 [INFO]   -> 2 jours récupérés pour TMUS (source: ibkr)
2026-08-01 21:11:47,990 [INFO] [440/503] TPL (Texas Pacific Land Corporation), depuis 2026-07-30...
2026-08-01 21:11:59,452 [INFO]   -> 2 jours récupérés pour TPL (source: ibkr)
2026-08-01 21:11:59,453 [INFO] [441/503] TPR (Tapestry, Inc.), depuis 2026-07-30...
2026-08-01 21:12:11,025 [INFO]   -> 2 jours récupérés pour TPR (source: ibkr)
2026-08-01 21:12:11,029 [INFO] [442/503] TRGP (Targa Resources), depuis 2026-07-30...
2026-08-01 21:12:22,391 [INFO]   -> 2 jours récupérés pour TRGP (source: ibkr)
2026-08-01 21:12:22,392 [INFO] [443/503] TRMB (Trimble Inc.), depuis 2026-07-30...
2026-08-01 21:12:33,859 [INFO]   -> 2 jours récupérés pour TRMB (source: ibkr)
2026-08-01 21:12:33,860 [INFO] [444/503] TROW (T. Rowe Price), depuis 2026-07-30...
2026-08-01 21:12:45,328 [INFO]   -> 2 jours récupérés pour TROW (source: ibkr)
2026-08-01 21:12:45,329 [INFO] [445/503] TRV (Travelers Companies (The)), depuis 2026-07-30...
2026-08-01 21:12:56,694 [INFO]   -> 2 jours récupérés pour TRV (source: ibkr)
2026-08-01 21:12:56,695 [INFO] [446/503] TSCO (Tractor Supply), depuis 2026-07-30...
2026-08-01 21:13:08,718 [INFO]   -> 2 jours récupérés pour TSCO (source: ibkr)
2026-08-01 21:13:08,718 [INFO] [447/503] TSLA (Tesla, Inc.), depuis 2026-07-30...
2026-08-01 21:13:20,146 [INFO]   -> 2 jours récupérés pour TSLA (source: ibkr)
2026-08-01 21:13:20,148 [INFO] [448/503] TSN (Tyson Foods), depuis 2026-07-30...
2026-08-01 21:13:31,614 [INFO]   -> 2 jours récupérés pour TSN (source: ibkr)
2026-08-01 21:13:31,615 [INFO] [449/503] TT (Trane Technologies), depuis 2026-07-30...
2026-08-01 21:13:43,086 [INFO]   -> 2 jours récupérés pour TT (source: ibkr)
2026-08-01 21:13:43,087 [INFO] [450/503] TTD (Trade Desk (The)), depuis 2026-07-30...
2026-08-01 21:13:54,448 [INFO]   -> 2 jours récupérés pour TTD (source: ibkr)
2026-08-01 21:13:54,449 [INFO] [451/503] TTWO (Take-Two Interactive), depuis 2026-07-30...
2026-08-01 21:14:05,814 [INFO]   -> 2 jours récupérés pour TTWO (source: ibkr)
2026-08-01 21:14:05,816 [INFO] [452/503] TXN (Texas Instruments), depuis 2026-07-30...
2026-08-01 21:14:17,199 [INFO]   -> 2 jours récupérés pour TXN (source: ibkr)
2026-08-01 21:14:17,201 [INFO] [453/503] TXT (Textron), depuis 2026-07-30...
2026-08-01 21:14:28,559 [INFO]   -> 2 jours récupérés pour TXT (source: ibkr)
2026-08-01 21:14:28,561 [INFO] [454/503] TYL (Tyler Technologies), depuis 2026-07-30...
2026-08-01 21:14:39,925 [INFO]   -> 2 jours récupérés pour TYL (source: ibkr)
2026-08-01 21:14:39,926 [INFO] [455/503] UAL (United Airlines Holdings), depuis 2026-07-30...
2026-08-01 21:14:51,384 [INFO]   -> 2 jours récupérés pour UAL (source: ibkr)
2026-08-01 21:14:51,385 [INFO] [456/503] UBER (Uber), depuis 2026-07-30...
2026-08-01 21:15:02,757 [INFO]   -> 2 jours récupérés pour UBER (source: ibkr)
2026-08-01 21:15:02,758 [INFO] [457/503] UDR (UDR, Inc.), depuis 2026-07-30...
2026-08-01 21:15:14,117 [INFO]   -> 2 jours récupérés pour UDR (source: ibkr)
2026-08-01 21:15:14,117 [INFO] [458/503] UHS (Universal Health Services), depuis 2026-07-30...
2026-08-01 21:15:25,586 [INFO]   -> 2 jours récupérés pour UHS (source: ibkr)
2026-08-01 21:15:25,589 [INFO] [459/503] ULTA (Ulta Beauty), depuis 2026-07-30...
2026-08-01 21:15:37,053 [INFO]   -> 2 jours récupérés pour ULTA (source: ibkr)
2026-08-01 21:15:37,055 [INFO] [460/503] UNH (UnitedHealth Group), depuis 2026-07-30...
2026-08-01 21:15:48,470 [INFO]   -> 2 jours récupérés pour UNH (source: ibkr)
2026-08-01 21:15:48,471 [INFO] [461/503] UNP (Union Pacific Corporation), depuis 2026-07-30...
2026-08-01 21:15:59,813 [INFO]   -> 2 jours récupérés pour UNP (source: ibkr)
2026-08-01 21:15:59,814 [INFO] [462/503] UPS (United Parcel Service), depuis 2026-07-30...
2026-08-01 21:16:11,179 [INFO]   -> 2 jours récupérés pour UPS (source: ibkr)
2026-08-01 21:16:11,181 [INFO] [463/503] URI (United Rentals), depuis 2026-07-30...
2026-08-01 21:16:22,722 [INFO]   -> 2 jours récupérés pour URI (source: ibkr)
2026-08-01 21:16:22,723 [INFO] [464/503] USB (U.S. Bancorp), depuis 2026-07-30...
2026-08-01 21:16:34,095 [INFO]   -> 2 jours récupérés pour USB (source: ibkr)
2026-08-01 21:16:34,096 [INFO] [465/503] V (Visa Inc.), depuis 2026-07-30...
2026-08-01 21:16:45,560 [INFO]   -> 2 jours récupérés pour V (source: ibkr)
2026-08-01 21:16:45,561 [INFO] [466/503] VEEV (Veeva Systems), depuis 2026-07-30...
2026-08-01 21:16:56,926 [INFO]   -> 2 jours récupérés pour VEEV (source: ibkr)
2026-08-01 21:16:56,928 [INFO] [467/503] VICI (Vici Properties), depuis 2026-07-30...
2026-08-01 21:17:08,294 [INFO]   -> 2 jours récupérés pour VICI (source: ibkr)
2026-08-01 21:17:08,295 [INFO] [468/503] VLO (Valero Energy), depuis 2026-07-30...
2026-08-01 21:17:19,763 [INFO]   -> 2 jours récupérés pour VLO (source: ibkr)
2026-08-01 21:17:19,764 [INFO] [469/503] VLTO (Veralto), depuis 2026-07-30...
2026-08-01 21:17:31,234 [INFO]   -> 2 jours récupérés pour VLTO (source: ibkr)
2026-08-01 21:17:31,236 [INFO] [470/503] VMC (Vulcan Materials Company), depuis 2026-07-30...
2026-08-01 21:17:42,599 [INFO]   -> 2 jours récupérés pour VMC (source: ibkr)
2026-08-01 21:17:42,599 [INFO] [471/503] VRSK (Verisk Analytics), depuis 2026-07-30...
2026-08-01 21:17:53,965 [INFO]   -> 2 jours récupérés pour VRSK (source: ibkr)
2026-08-01 21:17:53,966 [INFO] [472/503] VRSN (Verisign), depuis 2026-07-30...
2026-08-01 21:18:05,345 [INFO]   -> 2 jours récupérés pour VRSN (source: ibkr)
2026-08-01 21:18:05,346 [INFO] [473/503] VRT (Vertiv), depuis 2026-07-30...
2026-08-01 21:18:16,801 [INFO]   -> 2 jours récupérés pour VRT (source: ibkr)
2026-08-01 21:18:16,802 [INFO] [474/503] VRTX (Vertex Pharmaceuticals), depuis 2026-07-30...
2026-08-01 21:18:28,166 [INFO]   -> 2 jours récupérés pour VRTX (source: ibkr)
2026-08-01 21:18:28,167 [INFO] [475/503] VST (Vistra Corp.), depuis 2026-07-30...
2026-08-01 21:18:40,773 [INFO]   -> 2 jours récupérés pour VST (source: ibkr)
2026-08-01 21:18:40,819 [INFO] [476/503] VTR (Ventas), depuis 2026-07-30...
2026-08-01 21:18:52,538 [INFO]   -> 2 jours récupérés pour VTR (source: ibkr)
2026-08-01 21:18:52,538 [INFO] [477/503] VTRS (Viatris), depuis 2026-07-30...
2026-08-01 21:19:03,903 [INFO]   -> 2 jours récupérés pour VTRS (source: ibkr)
2026-08-01 21:19:03,906 [INFO] [478/503] VZ (Verizon), depuis 2026-07-30...
2026-08-01 21:19:15,580 [INFO]   -> 2 jours récupérés pour VZ (source: ibkr)
2026-08-01 21:19:15,582 [INFO] [479/503] WAB (Wabtec), depuis 2026-07-30...
2026-08-01 21:19:27,149 [INFO]   -> 2 jours récupérés pour WAB (source: ibkr)
2026-08-01 21:19:27,150 [INFO] [480/503] WAT (Waters Corporation), depuis 2026-07-30...
2026-08-01 21:19:38,494 [INFO]   -> 2 jours récupérés pour WAT (source: ibkr)
2026-08-01 21:19:38,511 [INFO] [481/503] WBD (Warner Bros. Discovery), depuis 2026-07-30...
2026-08-01 21:19:49,880 [INFO]   -> 2 jours récupérés pour WBD (source: ibkr)
2026-08-01 21:19:49,881 [INFO] [482/503] WDAY (Workday, Inc.), depuis 2026-07-30...
2026-08-01 21:20:01,247 [INFO]   -> 2 jours récupérés pour WDAY (source: ibkr)
2026-08-01 21:20:01,249 [INFO] [483/503] WDC (Western Digital), depuis 2026-07-30...
2026-08-01 21:20:12,640 [INFO]   -> 2 jours récupérés pour WDC (source: ibkr)
2026-08-01 21:20:12,642 [INFO] [484/503] WEC (WEC Energy Group), depuis 2026-07-30...
2026-08-01 21:20:24,086 [INFO]   -> 2 jours récupérés pour WEC (source: ibkr)
2026-08-01 21:20:24,087 [INFO] [485/503] WELL (Welltower), depuis 2026-07-30...
2026-08-01 21:20:35,860 [INFO]   -> 2 jours récupérés pour WELL (source: ibkr)
2026-08-01 21:20:35,861 [INFO] [486/503] WFC (Wells Fargo), depuis 2026-07-30...
2026-08-01 21:20:47,234 [INFO]   -> 2 jours récupérés pour WFC (source: ibkr)
2026-08-01 21:20:47,235 [INFO] [487/503] WM (Waste Management), depuis 2026-07-30...
2026-08-01 21:20:58,900 [INFO]   -> 2 jours récupérés pour WM (source: ibkr)
2026-08-01 21:20:58,901 [INFO] [488/503] WMB (Williams Companies), depuis 2026-07-30...
2026-08-01 21:21:10,368 [INFO]   -> 2 jours récupérés pour WMB (source: ibkr)
2026-08-01 21:21:10,370 [INFO] [489/503] WMT (Walmart), depuis 2026-07-30...
2026-08-01 21:21:21,736 [INFO]   -> 2 jours récupérés pour WMT (source: ibkr)
2026-08-01 21:21:21,737 [INFO] [490/503] WRB (W. R. Berkley Corporation), depuis 2026-07-30...
2026-08-01 21:21:33,103 [INFO]   -> 2 jours récupérés pour WRB (source: ibkr)
2026-08-01 21:21:33,110 [INFO] [491/503] WSM (Williams-Sonoma, Inc.), depuis 2026-07-30...
2026-08-01 21:21:45,291 [INFO]   -> 2 jours récupérés pour WSM (source: ibkr)
2026-08-01 21:21:45,293 [INFO] [492/503] WST (West Pharmaceutical Services), depuis 2026-07-30...
2026-08-01 21:21:56,649 [INFO]   -> 2 jours récupérés pour WST (source: ibkr)
2026-08-01 21:21:56,650 [INFO] [493/503] WTW (Willis Towers Watson), depuis 2026-07-30...
2026-08-01 21:22:08,021 [INFO]   -> 2 jours récupérés pour WTW (source: ibkr)
2026-08-01 21:22:08,021 [INFO] [494/503] WY (Weyerhaeuser), depuis 2026-07-30...
2026-08-01 21:22:19,394 [INFO]   -> 2 jours récupérés pour WY (source: ibkr)
2026-08-01 21:22:19,395 [INFO] [495/503] WYNN (Wynn Resorts), depuis 2026-07-30...
2026-08-01 21:22:30,752 [INFO]   -> 2 jours récupérés pour WYNN (source: ibkr)
2026-08-01 21:22:30,753 [INFO] [496/503] XEL (Xcel Energy), depuis 2026-07-30...
2026-08-01 21:22:42,115 [INFO]   -> 2 jours récupérés pour XEL (source: ibkr)
2026-08-01 21:22:42,117 [INFO] [497/503] XOM (ExxonMobil), depuis 2026-07-30...
2026-08-01 21:22:53,880 [INFO]   -> 2 jours récupérés pour XOM (source: ibkr)
2026-08-01 21:22:53,886 [INFO] [498/503] XYL (Xylem Inc.), depuis 2026-07-30...
2026-08-01 21:23:05,263 [INFO]   -> 2 jours récupérés pour XYL (source: ibkr)
2026-08-01 21:23:05,264 [INFO] [499/503] XYZ (Block, Inc.), depuis 2026-07-30...
2026-08-01 21:23:16,632 [INFO]   -> 2 jours récupérés pour XYZ (source: ibkr)
2026-08-01 21:23:16,633 [INFO] [500/503] YUM (Yum! Brands), depuis 2026-07-30...
2026-08-01 21:23:28,099 [INFO]   -> 2 jours récupérés pour YUM (source: ibkr)
2026-08-01 21:23:28,100 [INFO] [501/503] ZBH (Zimmer Biomet), depuis 2026-07-30...
2026-08-01 21:23:39,421 [INFO]   -> 2 jours récupérés pour ZBH (source: ibkr)
2026-08-01 21:23:39,423 [INFO] [502/503] ZBRA (Zebra Technologies), depuis 2026-07-30...
2026-08-01 21:23:50,831 [INFO]   -> 2 jours récupérés pour ZBRA (source: ibkr)
2026-08-01 21:23:50,832 [INFO] [503/503] ZTS (Zoetis), depuis 2026-07-30...
2026-08-01 21:24:02,198 [INFO]   -> 2 jours récupérés pour ZTS (source: ibkr)
2026-08-01 21:24:02,235 [INFO] Disconnecting from 127.0.0.1:4002, 66.4 kB sent in 1014 messages, 803 kB received in 1899 messages, session time 5.83 ks.
2026-08-01 21:24:02,236 [INFO] Disconnecting
2026-08-01 21:24:02,236 [INFO] Déconnecté d'IBKR.
2026-08-01 21:24:02,237 [INFO] Terminé. OK: 503 | Échecs (trous de couverture): 0 | Déjà à jour (ignorés): 0 | Nouvelles lignes: 1006 | Sources: {'ibkr': 503}
2026-08-01 21:24:05,970 [INFO] Fichier écrit : data\prices\daily_prices.parquet (1913571 lignes au total, 1006 nouvelles/mises à jour ce run).
