2026-09-05 01:07:02,036 [INFO] Log file: data\prices\daily_prices_20260905_010702.log
2026-09-05 01:07:02,086 [INFO] Univers chargé : 503 tickers.
2026-09-05 01:07:02,086 [INFO] Indice de référence SPY ajouté aux tickers à récupérer (SPDR S&P 500 ETF Trust). Il n'entre PAS dans l'univers investissable, qui vient de sp500_universe_history.parquet.
2026-09-05 01:07:02,792 [INFO] Cache existant chargé : data\prices\daily_prices.parquet (1926311 lignes, 505 symboles).
2026-09-05 01:07:16,112 [INFO] 0/504 tickers déjà à jour (ignorés), 504 à récupérer.
2026-09-05 01:07:16,321 [INFO] Connecting to 127.0.0.1:4002 with clientId 4...
2026-09-05 01:07:16,322 [INFO] Connected
2026-09-05 01:07:16,324 [INFO] Logged on to server version 176
2026-09-05 01:07:16,327 [INFO] API connection ready
2026-09-05 01:07:16,327 [INFO] Warning 2104, reqId -1: Market data farm connection is OK:eufarm
2026-09-05 01:07:16,328 [INFO] Warning 2107, reqId -1: HMDS data farm connection is inactive but should be available upon demand.euhmds
2026-09-05 01:07:16,328 [INFO] Warning 2106, reqId -1: HMDS data farm connection is OK:ushmds
2026-09-05 01:07:16,328 [INFO] Warning 2158, reqId -1: Sec-def data farm connection is OK:secdefeu
2026-09-05 01:07:16,643 [INFO] Synchronization complete
2026-09-05 01:07:16,644 [INFO] Connecté à IBKR sur 127.0.0.1:4002 (clientId=4, readonly=True).
2026-09-05 01:07:16,644 [INFO] [1/504] A (Agilent Technologies), depuis 2026-08-25...
2026-09-05 01:07:27,798 [INFO]   -> 9 jours récupérés pour A (source: ibkr)
2026-09-05 01:07:27,798 [INFO] [2/504] AAPL (Apple Inc.), depuis 2026-08-25...
2026-09-05 01:07:38,951 [INFO]   -> 9 jours récupérés pour AAPL (source: ibkr)
2026-09-05 01:07:38,951 [INFO] [3/504] ABBV (AbbVie), depuis 2026-08-25...
2026-09-05 01:07:50,103 [INFO]   -> 9 jours récupérés pour ABBV (source: ibkr)
2026-09-05 01:07:50,103 [INFO] [4/504] ABNB (Airbnb), depuis 2026-08-25...
2026-09-05 01:08:01,250 [INFO]   -> 9 jours récupérés pour ABNB (source: ibkr)
2026-09-05 01:08:01,250 [INFO] [5/504] ABT (Abbott Laboratories), depuis 2026-08-25...
2026-09-05 01:08:12,402 [INFO]   -> 9 jours récupérés pour ABT (source: ibkr)
2026-09-05 01:08:12,402 [INFO] [6/504] ACGL (Arch Capital Group), depuis 2026-08-25...
2026-09-05 01:08:23,550 [INFO]   -> 9 jours récupérés pour ACGL (source: ibkr)
2026-09-05 01:08:23,550 [INFO] [7/504] ACN (Accenture), depuis 2026-08-25...
2026-09-05 01:08:34,702 [INFO]   -> 9 jours récupérés pour ACN (source: ibkr)
2026-09-05 01:08:34,702 [INFO] [8/504] ADBE (Adobe Inc.), depuis 2026-08-25...
2026-09-05 01:08:45,853 [INFO]   -> 9 jours récupérés pour ADBE (source: ibkr)
2026-09-05 01:08:45,854 [INFO] [9/504] ADI (Analog Devices), depuis 2026-08-25...
2026-09-05 01:08:57,003 [INFO]   -> 9 jours récupérés pour ADI (source: ibkr)
2026-09-05 01:08:57,003 [INFO] [10/504] ADM (Archer Daniels Midland), depuis 2026-08-25...
2026-09-05 01:09:08,150 [INFO]   -> 9 jours récupérés pour ADM (source: ibkr)
2026-09-05 01:09:08,150 [INFO] [11/504] ADP (Automatic Data Processing), depuis 2026-08-25...
2026-09-05 01:09:19,300 [INFO]   -> 9 jours récupérés pour ADP (source: ibkr)
2026-09-05 01:09:19,300 [INFO] [12/504] ADSK (Autodesk), depuis 2026-08-25...
2026-09-05 01:09:30,447 [INFO]   -> 9 jours récupérés pour ADSK (source: ibkr)
2026-09-05 01:09:30,448 [INFO] [13/504] AEE (Ameren), depuis 2026-08-25...
2026-09-05 01:09:41,595 [INFO]   -> 9 jours récupérés pour AEE (source: ibkr)
2026-09-05 01:09:41,595 [INFO] [14/504] AEP (American Electric Power), depuis 2026-08-25...
2026-09-05 01:09:52,745 [INFO]   -> 9 jours récupérés pour AEP (source: ibkr)
2026-09-05 01:09:52,745 [INFO] [15/504] AES (AES Corporation), depuis 2026-08-25...
2026-09-05 01:10:03,896 [INFO]   -> 9 jours récupérés pour AES (source: ibkr)
2026-09-05 01:10:03,896 [INFO] [16/504] AFL (Aflac), depuis 2026-08-25...
2026-09-05 01:10:15,047 [INFO]   -> 9 jours récupérés pour AFL (source: ibkr)
2026-09-05 01:10:15,047 [INFO] [17/504] AIG (American International Group), depuis 2026-08-25...
2026-09-05 01:10:26,195 [INFO]   -> 9 jours récupérés pour AIG (source: ibkr)
2026-09-05 01:10:26,195 [INFO] [18/504] AIZ (Assurant), depuis 2026-08-25...
2026-09-05 01:10:37,339 [INFO]   -> 9 jours récupérés pour AIZ (source: ibkr)
2026-09-05 01:10:37,339 [INFO] [19/504] AJG (Arthur J. Gallagher & Co.), depuis 2026-08-25...
2026-09-05 01:10:48,488 [INFO]   -> 9 jours récupérés pour AJG (source: ibkr)
2026-09-05 01:10:48,488 [INFO] [20/504] AKAM (Akamai Technologies), depuis 2026-08-25...
2026-09-05 01:10:59,634 [INFO]   -> 9 jours récupérés pour AKAM (source: ibkr)
2026-09-05 01:10:59,635 [INFO] [21/504] ALB (Albemarle Corporation), depuis 2026-08-25...
2026-09-05 01:11:10,783 [INFO]   -> 9 jours récupérés pour ALB (source: ibkr)
2026-09-05 01:11:10,783 [INFO] [22/504] ALGN (Align Technology), depuis 2026-08-25...
2026-09-05 01:11:21,934 [INFO]   -> 9 jours récupérés pour ALGN (source: ibkr)
2026-09-05 01:11:21,935 [INFO] [23/504] ALL (Allstate), depuis 2026-08-25...
2026-09-05 01:11:33,078 [INFO]   -> 9 jours récupérés pour ALL (source: ibkr)
2026-09-05 01:11:33,078 [INFO] [24/504] ALLE (Allegion), depuis 2026-08-25...
2026-09-05 01:11:44,221 [INFO]   -> 9 jours récupérés pour ALLE (source: ibkr)
2026-09-05 01:11:44,222 [INFO] [25/504] AMAT (Applied Materials), depuis 2026-08-25...
2026-09-05 01:11:55,376 [INFO]   -> 9 jours récupérés pour AMAT (source: ibkr)
2026-09-05 01:11:55,376 [INFO] [26/504] AMCR (Amcor), depuis 2026-08-25...
2026-09-05 01:12:06,525 [INFO]   -> 9 jours récupérés pour AMCR (source: ibkr)
2026-09-05 01:12:06,525 [INFO] [27/504] AMD (Advanced Micro Devices), depuis 2026-08-25...
2026-09-05 01:12:17,670 [INFO]   -> 9 jours récupérés pour AMD (source: ibkr)
2026-09-05 01:12:17,670 [INFO] [28/504] AME (Ametek), depuis 2026-08-25...
2026-09-05 01:12:28,823 [INFO]   -> 9 jours récupérés pour AME (source: ibkr)
2026-09-05 01:12:28,823 [INFO] [29/504] AMGN (Amgen), depuis 2026-08-25...
2026-09-05 01:12:39,972 [INFO]   -> 9 jours récupérés pour AMGN (source: ibkr)
2026-09-05 01:12:39,973 [INFO] [30/504] AMP (Ameriprise Financial), depuis 2026-08-25...
2026-09-05 01:12:51,123 [INFO]   -> 9 jours récupérés pour AMP (source: ibkr)
2026-09-05 01:12:51,123 [INFO] [31/504] AMT (American Tower), depuis 2026-08-25...
2026-09-05 01:13:02,266 [INFO]   -> 9 jours récupérés pour AMT (source: ibkr)
2026-09-05 01:13:02,266 [INFO] [32/504] AMZN (Amazon), depuis 2026-08-25...
2026-09-05 01:13:13,413 [INFO]   -> 9 jours récupérés pour AMZN (source: ibkr)
2026-09-05 01:13:13,413 [INFO] [33/504] ANET (Arista Networks), depuis 2026-08-25...
2026-09-05 01:13:24,557 [INFO]   -> 9 jours récupérés pour ANET (source: ibkr)
2026-09-05 01:13:24,558 [INFO] [34/504] AON (Aon plc), depuis 2026-08-25...
2026-09-05 01:13:35,702 [INFO]   -> 9 jours récupérés pour AON (source: ibkr)
2026-09-05 01:13:35,702 [INFO] [35/504] AOS (A. O. Smith), depuis 2026-08-25...
2026-09-05 01:13:46,853 [INFO]   -> 9 jours récupérés pour AOS (source: ibkr)
2026-09-05 01:13:46,853 [INFO] [36/504] APA (APA Corporation), depuis 2026-08-25...
2026-09-05 01:13:58,004 [INFO]   -> 9 jours récupérés pour APA (source: ibkr)
2026-09-05 01:13:58,004 [INFO] [37/504] APD (Air Products), depuis 2026-08-25...
2026-09-05 01:14:09,155 [INFO]   -> 9 jours récupérés pour APD (source: ibkr)
2026-09-05 01:14:09,155 [INFO] [38/504] APH (Amphenol), depuis 2026-08-25...
2026-09-05 01:14:20,303 [INFO]   -> 9 jours récupérés pour APH (source: ibkr)
2026-09-05 01:14:20,303 [INFO] [39/504] APO (Apollo Global Management), depuis 2026-08-25...
2026-09-05 01:14:31,448 [INFO]   -> 9 jours récupérés pour APO (source: ibkr)
2026-09-05 01:14:31,448 [INFO] [40/504] APP (AppLovin), depuis 2026-08-25...
2026-09-05 01:14:42,593 [INFO]   -> 9 jours récupérés pour APP (source: ibkr)
2026-09-05 01:14:42,593 [INFO] [41/504] APTV (Aptiv), depuis 2026-08-25...
2026-09-05 01:14:53,739 [INFO]   -> 9 jours récupérés pour APTV (source: ibkr)
2026-09-05 01:14:53,739 [INFO] [42/504] ARE (Alexandria Real Estate Equities), depuis 2026-08-25...
2026-09-05 01:15:04,890 [INFO]   -> 9 jours récupérés pour ARE (source: ibkr)
2026-09-05 01:15:04,890 [INFO] [43/504] ARES (Ares Management), depuis 2026-08-25...
2026-09-05 01:15:16,036 [INFO]   -> 9 jours récupérés pour ARES (source: ibkr)
2026-09-05 01:15:16,036 [INFO] [44/504] ATO (Atmos Energy), depuis 2026-08-25...
2026-09-05 01:15:27,186 [INFO]   -> 9 jours récupérés pour ATO (source: ibkr)
2026-09-05 01:15:27,186 [INFO] [45/504] AVB (AvalonBay Communities), depuis 2026-08-13...
2026-09-05 01:15:27,207 [ERROR] Error 200, reqId 91: No security definition has been found for the request, contract: Stock(symbol='AVB', exchange='SMART', currency='USD')
2026-09-05 01:15:28,546 [WARNING]   -> ECHEC (ni IBKR ni Stooq) pour AVB : Aucune donnée (ni IBKR ni Stooq) pour AVB -- TROU DE COUVERTURE.
2026-09-05 01:15:28,547 [INFO] [46/504] AVGO (Broadcom), depuis 2026-08-25...
2026-09-05 01:15:39,702 [INFO]   -> 9 jours récupérés pour AVGO (source: ibkr)
2026-09-05 01:15:39,703 [INFO] [47/504] AVY (Avery Dennison), depuis 2026-08-25...
2026-09-05 01:15:50,848 [INFO]   -> 9 jours récupérés pour AVY (source: ibkr)
2026-09-05 01:15:50,848 [INFO] [48/504] AWK (American Water Works), depuis 2026-08-25...
2026-09-05 01:16:01,998 [INFO]   -> 9 jours récupérés pour AWK (source: ibkr)
2026-09-05 01:16:01,998 [INFO] [49/504] AXON (Axon Enterprise), depuis 2026-08-25...
2026-09-05 01:16:13,238 [INFO]   -> 9 jours récupérés pour AXON (source: ibkr)
2026-09-05 01:16:13,238 [INFO] [50/504] AXP (American Express), depuis 2026-08-25...
2026-09-05 01:16:24,391 [INFO]   -> 9 jours récupérés pour AXP (source: ibkr)
2026-09-05 01:16:24,391 [INFO] [51/504] AZO (AutoZone), depuis 2026-08-25...
2026-09-05 01:16:35,544 [INFO]   -> 9 jours récupérés pour AZO (source: ibkr)
2026-09-05 01:16:35,544 [INFO] [52/504] BA (Boeing), depuis 2026-08-25...
2026-09-05 01:16:46,694 [INFO]   -> 9 jours récupérés pour BA (source: ibkr)
2026-09-05 01:16:46,694 [INFO] [53/504] BAC (Bank of America), depuis 2026-08-25...
2026-09-05 01:16:57,842 [INFO]   -> 9 jours récupérés pour BAC (source: ibkr)
2026-09-05 01:16:57,842 [INFO] [54/504] BALL (Ball Corporation), depuis 2026-08-25...
2026-09-05 01:17:08,990 [INFO]   -> 9 jours récupérés pour BALL (source: ibkr)
2026-09-05 01:17:08,990 [INFO] [55/504] BAX (Baxter International), depuis 2026-08-25...
2026-09-05 01:17:20,138 [INFO]   -> 9 jours récupérés pour BAX (source: ibkr)
2026-09-05 01:17:20,139 [INFO] [56/504] BBY (Best Buy), depuis 2026-08-25...
2026-09-05 01:17:31,294 [INFO]   -> 9 jours récupérés pour BBY (source: ibkr)
2026-09-05 01:17:31,294 [INFO] [57/504] BDX (Becton Dickinson), depuis 2026-08-25...
2026-09-05 01:17:42,450 [INFO]   -> 9 jours récupérés pour BDX (source: ibkr)
2026-09-05 01:17:42,451 [INFO] [58/504] BEN (Franklin Resources), depuis 2026-08-25...
2026-09-05 01:17:53,598 [INFO]   -> 9 jours récupérés pour BEN (source: ibkr)
2026-09-05 01:17:53,599 [INFO] [59/504] BF B (Brown–Forman), depuis 2026-08-25...
2026-09-05 01:18:04,777 [INFO]   -> 9 jours récupérés pour BF B (source: ibkr)
2026-09-05 01:18:04,777 [INFO] [60/504] BG (Bunge Global), depuis 2026-08-25...
2026-09-05 01:18:15,921 [INFO]   -> 9 jours récupérés pour BG (source: ibkr)
2026-09-05 01:18:15,922 [INFO] [61/504] BIIB (Biogen), depuis 2026-08-25...
2026-09-05 01:18:27,074 [INFO]   -> 9 jours récupérés pour BIIB (source: ibkr)
2026-09-05 01:18:27,075 [INFO] [62/504] BKNG (Booking Holdings), depuis 2026-08-25...
2026-09-05 01:18:38,221 [INFO]   -> 9 jours récupérés pour BKNG (source: ibkr)
2026-09-05 01:18:38,221 [INFO] [63/504] BKR (Baker Hughes), depuis 2026-08-25...
2026-09-05 01:18:49,376 [INFO]   -> 9 jours récupérés pour BKR (source: ibkr)
2026-09-05 01:18:49,377 [INFO] [64/504] BLDR (Builders FirstSource), depuis 2026-08-25...
2026-09-05 01:19:00,526 [INFO]   -> 9 jours récupérés pour BLDR (source: ibkr)
2026-09-05 01:19:00,526 [INFO] [65/504] BLK (BlackRock), depuis 2026-08-25...
2026-09-05 01:19:11,678 [INFO]   -> 9 jours récupérés pour BLK (source: ibkr)
2026-09-05 01:19:11,678 [INFO] [66/504] BMY (Bristol Myers Squibb), depuis 2026-08-25...
2026-09-05 01:19:22,826 [INFO]   -> 9 jours récupérés pour BMY (source: ibkr)
2026-09-05 01:19:22,826 [INFO] [67/504] BNY (BNY Mellon), depuis 2026-08-25...
2026-09-05 01:19:33,973 [INFO]   -> 9 jours récupérés pour BNY (source: ibkr)
2026-09-05 01:19:33,973 [INFO] [68/504] BR (Broadridge Financial Solutions), depuis 2026-08-25...
2026-09-05 01:19:45,126 [INFO]   -> 9 jours récupérés pour BR (source: ibkr)
2026-09-05 01:19:45,126 [INFO] [69/504] BRK B (Berkshire Hathaway), depuis 2026-08-25...
2026-09-05 01:19:56,273 [INFO]   -> 9 jours récupérés pour BRK B (source: ibkr)
2026-09-05 01:19:56,273 [INFO] [70/504] BRO (Brown & Brown), depuis 2026-08-25...
2026-09-05 01:20:07,421 [INFO]   -> 9 jours récupérés pour BRO (source: ibkr)
2026-09-05 01:20:07,421 [INFO] [71/504] BSX (Boston Scientific), depuis 2026-08-25...
2026-09-05 01:20:18,572 [INFO]   -> 9 jours récupérés pour BSX (source: ibkr)
2026-09-05 01:20:18,572 [INFO] [72/504] BX (Blackstone Inc.), depuis 2026-08-25...
2026-09-05 01:20:29,724 [INFO]   -> 9 jours récupérés pour BX (source: ibkr)
2026-09-05 01:20:29,725 [INFO] [73/504] BXP (BXP, Inc.), depuis 2026-08-25...
2026-09-05 01:20:40,869 [INFO]   -> 9 jours récupérés pour BXP (source: ibkr)
2026-09-05 01:20:40,869 [INFO] [74/504] C (Citigroup), depuis 2026-08-25...
2026-09-05 01:20:52,018 [INFO]   -> 9 jours récupérés pour C (source: ibkr)
2026-09-05 01:20:52,019 [INFO] [75/504] CAH (Cardinal Health), depuis 2026-08-25...
2026-09-05 01:21:03,166 [INFO]   -> 9 jours récupérés pour CAH (source: ibkr)
2026-09-05 01:21:03,166 [INFO] [76/504] CARR (Carrier Global), depuis 2026-08-25...
2026-09-05 01:21:14,317 [INFO]   -> 9 jours récupérés pour CARR (source: ibkr)
2026-09-05 01:21:14,317 [INFO] [77/504] CASY (Casey's), depuis 2026-08-25...
2026-09-05 01:21:25,467 [INFO]   -> 9 jours récupérés pour CASY (source: ibkr)
2026-09-05 01:21:25,467 [INFO] [78/504] CAT (Caterpillar Inc.), depuis 2026-08-25...
2026-09-05 01:21:36,617 [INFO]   -> 9 jours récupérés pour CAT (source: ibkr)
2026-09-05 01:21:36,617 [INFO] [79/504] CB (Chubb Limited), depuis 2026-08-25...
2026-09-05 01:21:47,776 [INFO]   -> 9 jours récupérés pour CB (source: ibkr)
2026-09-05 01:21:47,776 [INFO] [80/504] CBOE (Cboe Global Markets), depuis 2026-08-25...
2026-09-05 01:21:58,923 [INFO]   -> 9 jours récupérés pour CBOE (source: ibkr)
2026-09-05 01:21:58,924 [INFO] [81/504] CBRE (CBRE Group), depuis 2026-08-25...
2026-09-05 01:22:10,079 [INFO]   -> 9 jours récupérés pour CBRE (source: ibkr)
2026-09-05 01:22:10,080 [INFO] [82/504] CCI (Crown Castle), depuis 2026-08-25...
2026-09-05 01:22:21,315 [INFO]   -> 9 jours récupérés pour CCI (source: ibkr)
2026-09-05 01:22:21,315 [INFO] [83/504] CCL (Carnival Corporation), depuis 2026-08-25...
2026-09-05 01:22:32,463 [INFO]   -> 9 jours récupérés pour CCL (source: ibkr)
2026-09-05 01:22:32,464 [INFO] [84/504] CDNS (Cadence Design Systems), depuis 2026-08-25...
2026-09-05 01:22:43,615 [INFO]   -> 9 jours récupérés pour CDNS (source: ibkr)
2026-09-05 01:22:43,615 [INFO] [85/504] CDW (CDW Corporation), depuis 2026-08-25...
2026-09-05 01:22:54,765 [INFO]   -> 9 jours récupérés pour CDW (source: ibkr)
2026-09-05 01:22:54,765 [INFO] [86/504] CEG (Constellation Energy), depuis 2026-08-25...
2026-09-05 01:23:05,916 [INFO]   -> 9 jours récupérés pour CEG (source: ibkr)
2026-09-05 01:23:05,916 [INFO] [87/504] CF (CF Industries), depuis 2026-08-25...
2026-09-05 01:23:17,071 [INFO]   -> 9 jours récupérés pour CF (source: ibkr)
2026-09-05 01:23:17,072 [INFO] [88/504] CFG (Citizens Financial Group), depuis 2026-08-25...
2026-09-05 01:23:28,218 [INFO]   -> 9 jours récupérés pour CFG (source: ibkr)
2026-09-05 01:23:28,218 [INFO] [89/504] CHD (Church & Dwight), depuis 2026-08-25...
2026-09-05 01:23:39,367 [INFO]   -> 9 jours récupérés pour CHD (source: ibkr)
2026-09-05 01:23:39,367 [INFO] [90/504] CHRW (C.H. Robinson), depuis 2026-08-25...
2026-09-05 01:23:50,521 [INFO]   -> 9 jours récupérés pour CHRW (source: ibkr)
2026-09-05 01:23:50,521 [INFO] [91/504] CHTR (Charter Communications), depuis 2026-08-25...
2026-09-05 01:24:01,666 [INFO]   -> 9 jours récupérés pour CHTR (source: ibkr)
2026-09-05 01:24:01,667 [INFO] [92/504] CI (Cigna), depuis 2026-08-25...
2026-09-05 01:24:12,819 [INFO]   -> 9 jours récupérés pour CI (source: ibkr)
2026-09-05 01:24:12,820 [INFO] [93/504] CIEN (Ciena), depuis 2026-08-25...
2026-09-05 01:24:23,966 [INFO]   -> 9 jours récupérés pour CIEN (source: ibkr)
2026-09-05 01:24:23,966 [INFO] [94/504] CINF (Cincinnati Financial), depuis 2026-08-25...
2026-09-05 01:24:35,116 [INFO]   -> 9 jours récupérés pour CINF (source: ibkr)
2026-09-05 01:24:35,116 [INFO] [95/504] CL (Colgate-Palmolive), depuis 2026-08-25...
2026-09-05 01:24:46,267 [INFO]   -> 9 jours récupérés pour CL (source: ibkr)
2026-09-05 01:24:46,267 [INFO] [96/504] CLX (Clorox), depuis 2026-08-25...
2026-09-05 01:24:57,419 [INFO]   -> 9 jours récupérés pour CLX (source: ibkr)
2026-09-05 01:24:57,420 [INFO] [97/504] CMCSA (Comcast), depuis 2026-08-25...
2026-09-05 01:25:08,574 [INFO]   -> 9 jours récupérés pour CMCSA (source: ibkr)
2026-09-05 01:25:08,575 [INFO] [98/504] CME (CME Group), depuis 2026-08-25...
2026-09-05 01:25:19,721 [INFO]   -> 9 jours récupérés pour CME (source: ibkr)
2026-09-05 01:25:19,721 [INFO] [99/504] CMG (Chipotle Mexican Grill), depuis 2026-08-25...
2026-09-05 01:25:30,866 [INFO]   -> 9 jours récupérés pour CMG (source: ibkr)
2026-09-05 01:25:30,866 [INFO] [100/504] CMI (Cummins), depuis 2026-08-25...
2026-09-05 01:25:42,022 [INFO]   -> 9 jours récupérés pour CMI (source: ibkr)
2026-09-05 01:25:42,022 [INFO] [101/504] CMS (CMS Energy), depuis 2026-08-25...
2026-09-05 01:25:53,170 [INFO]   -> 9 jours récupérés pour CMS (source: ibkr)
2026-09-05 01:25:53,171 [INFO] [102/504] CNC (Centene Corporation), depuis 2026-08-25...
2026-09-05 01:26:04,318 [INFO]   -> 9 jours récupérés pour CNC (source: ibkr)
2026-09-05 01:26:04,319 [INFO] [103/504] CNP (CenterPoint Energy), depuis 2026-08-25...
2026-09-05 01:26:15,470 [INFO]   -> 9 jours récupérés pour CNP (source: ibkr)
2026-09-05 01:26:15,470 [INFO] [104/504] COF (Capital One), depuis 2026-08-25...
2026-09-05 01:26:26,622 [INFO]   -> 9 jours récupérés pour COF (source: ibkr)
2026-09-05 01:26:26,622 [INFO] [105/504] COHR (Coherent Corp.), depuis 2026-08-25...
2026-09-05 01:26:37,766 [INFO]   -> 9 jours récupérés pour COHR (source: ibkr)
2026-09-05 01:26:37,767 [INFO] [106/504] COIN (Coinbase), depuis 2026-08-25...
2026-09-05 01:26:48,918 [INFO]   -> 9 jours récupérés pour COIN (source: ibkr)
2026-09-05 01:26:48,918 [INFO] [107/504] COO (Cooper Companies (The)), depuis 2026-08-25...
2026-09-05 01:27:00,061 [INFO]   -> 9 jours récupérés pour COO (source: ibkr)
2026-09-05 01:27:00,061 [INFO] [108/504] COP (ConocoPhillips), depuis 2026-08-25...
2026-09-05 01:27:11,207 [INFO]   -> 9 jours récupérés pour COP (source: ibkr)
2026-09-05 01:27:11,207 [INFO] [109/504] COR (Cencora), depuis 2026-08-25...
2026-09-05 01:27:22,353 [INFO]   -> 9 jours récupérés pour COR (source: ibkr)
2026-09-05 01:27:22,353 [INFO] [110/504] COST (Costco), depuis 2026-08-25...
2026-09-05 01:27:33,505 [INFO]   -> 9 jours récupérés pour COST (source: ibkr)
2026-09-05 01:27:33,506 [INFO] [111/504] CPAY (Corpay), depuis 2026-08-25...
2026-09-05 01:27:44,670 [INFO]   -> 9 jours récupérés pour CPAY (source: ibkr)
2026-09-05 01:27:44,670 [INFO] [112/504] CPRT (Copart), depuis 2026-08-25...
2026-09-05 01:27:55,817 [INFO]   -> 9 jours récupérés pour CPRT (source: ibkr)
2026-09-05 01:27:55,817 [INFO] [113/504] CPT (Camden Property Trust), depuis 2026-08-25...
2026-09-05 01:28:06,971 [INFO]   -> 9 jours récupérés pour CPT (source: ibkr)
2026-09-05 01:28:06,971 [INFO] [114/504] CRH (CRH plc), depuis 2026-08-25...
2026-09-05 01:28:18,115 [INFO]   -> 9 jours récupérés pour CRH (source: ibkr)
2026-09-05 01:28:18,115 [INFO] [115/504] CRL (Charles River Laboratories), depuis 2026-08-25...
2026-09-05 01:28:29,261 [INFO]   -> 9 jours récupérés pour CRL (source: ibkr)
2026-09-05 01:28:29,261 [INFO] [116/504] CRM (Salesforce), depuis 2026-08-25...
2026-09-05 01:28:40,408 [INFO]   -> 9 jours récupérés pour CRM (source: ibkr)
2026-09-05 01:28:40,408 [INFO] [117/504] CRWD (CrowdStrike), depuis 2026-08-25...
2026-09-05 01:28:51,554 [INFO]   -> 9 jours récupérés pour CRWD (source: ibkr)
2026-09-05 01:28:51,554 [INFO] [118/504] CSCO (Cisco), depuis 2026-08-25...
2026-09-05 01:29:02,703 [INFO]   -> 9 jours récupérés pour CSCO (source: ibkr)
2026-09-05 01:29:02,703 [INFO] [119/504] CSGP (CoStar Group), depuis 2026-08-25...
2026-09-05 01:29:13,847 [INFO]   -> 9 jours récupérés pour CSGP (source: ibkr)
2026-09-05 01:29:13,848 [INFO] [120/504] CSX (CSX Corporation), depuis 2026-08-25...
2026-09-05 01:29:24,991 [INFO]   -> 9 jours récupérés pour CSX (source: ibkr)
2026-09-05 01:29:24,991 [INFO] [121/504] CTAS (Cintas), depuis 2026-08-25...
2026-09-05 01:29:36,132 [INFO]   -> 9 jours récupérés pour CTAS (source: ibkr)
2026-09-05 01:29:36,132 [INFO] [122/504] CTSH (Cognizant), depuis 2026-08-25...
2026-09-05 01:29:47,278 [INFO]   -> 9 jours récupérés pour CTSH (source: ibkr)
2026-09-05 01:29:47,279 [INFO] [123/504] CTVA (Corteva), depuis 2026-08-25...
2026-09-05 01:29:58,423 [INFO]   -> 9 jours récupérés pour CTVA (source: ibkr)
2026-09-05 01:29:58,423 [INFO] [124/504] CVNA (Carvana), depuis 2026-08-25...
2026-09-05 01:30:09,575 [INFO]   -> 9 jours récupérés pour CVNA (source: ibkr)
2026-09-05 01:30:09,575 [INFO] [125/504] CVS (CVS Health), depuis 2026-08-25...
2026-09-05 01:30:20,726 [INFO]   -> 9 jours récupérés pour CVS (source: ibkr)
2026-09-05 01:30:20,726 [INFO] [126/504] CVX (Chevron Corporation), depuis 2026-08-25...
2026-09-05 01:30:31,873 [INFO]   -> 9 jours récupérés pour CVX (source: ibkr)
2026-09-05 01:30:31,873 [INFO] [127/504] D (Dominion Energy), depuis 2026-08-25...
2026-09-05 01:30:43,024 [INFO]   -> 9 jours récupérés pour D (source: ibkr)
2026-09-05 01:30:43,024 [INFO] [128/504] DAL (Delta Air Lines), depuis 2026-08-25...
2026-09-05 01:30:54,182 [INFO]   -> 9 jours récupérés pour DAL (source: ibkr)
2026-09-05 01:30:54,182 [INFO] [129/504] DASH (DoorDash), depuis 2026-08-25...
2026-09-05 01:31:05,330 [INFO]   -> 9 jours récupérés pour DASH (source: ibkr)
2026-09-05 01:31:05,330 [INFO] [130/504] DD (DuPont), depuis 2026-08-25...
2026-09-05 01:31:16,483 [INFO]   -> 9 jours récupérés pour DD (source: ibkr)
2026-09-05 01:31:16,484 [INFO] [131/504] DDOG (Datadog), depuis 2026-08-25...
2026-09-05 01:31:27,634 [INFO]   -> 9 jours récupérés pour DDOG (source: ibkr)
2026-09-05 01:31:27,634 [INFO] [132/504] DE (Deere & Company), depuis 2026-08-25...
2026-09-05 01:31:38,790 [INFO]   -> 9 jours récupérés pour DE (source: ibkr)
2026-09-05 01:31:38,790 [INFO] [133/504] DECK (Deckers Brands), depuis 2026-08-25...
2026-09-05 01:31:49,939 [INFO]   -> 9 jours récupérés pour DECK (source: ibkr)
2026-09-05 01:31:49,939 [INFO] [134/504] DELL (Dell Technologies), depuis 2026-08-25...
2026-09-05 01:32:01,087 [INFO]   -> 9 jours récupérés pour DELL (source: ibkr)
2026-09-05 01:32:01,087 [INFO] [135/504] DG (Dollar General), depuis 2026-08-25...
2026-09-05 01:32:12,241 [INFO]   -> 9 jours récupérés pour DG (source: ibkr)
2026-09-05 01:32:12,241 [INFO] [136/504] DGX (Quest Diagnostics), depuis 2026-08-25...
2026-09-05 01:32:23,457 [INFO]   -> 9 jours récupérés pour DGX (source: ibkr)
2026-09-05 01:32:23,457 [INFO] [137/504] DHI (D. R. Horton), depuis 2026-08-25...
2026-09-05 01:32:34,611 [INFO]   -> 9 jours récupérés pour DHI (source: ibkr)
2026-09-05 01:32:34,611 [INFO] [138/504] DHR (Danaher Corporation), depuis 2026-08-25...
2026-09-05 01:32:45,770 [INFO]   -> 9 jours récupérés pour DHR (source: ibkr)
2026-09-05 01:32:45,770 [INFO] [139/504] DIS (Walt Disney Company (The)), depuis 2026-08-25...
2026-09-05 01:32:56,919 [INFO]   -> 9 jours récupérés pour DIS (source: ibkr)
2026-09-05 01:32:56,919 [INFO] [140/504] DLR (Digital Realty), depuis 2026-08-25...
2026-09-05 01:33:08,067 [INFO]   -> 9 jours récupérés pour DLR (source: ibkr)
2026-09-05 01:33:08,067 [INFO] [141/504] DLTR (Dollar Tree), depuis 2026-08-25...
2026-09-05 01:33:19,211 [INFO]   -> 9 jours récupérés pour DLTR (source: ibkr)
2026-09-05 01:33:19,212 [INFO] [142/504] DOC (Healthpeak Properties), depuis 2026-08-25...
2026-09-05 01:33:30,362 [INFO]   -> 9 jours récupérés pour DOC (source: ibkr)
2026-09-05 01:33:30,363 [INFO] [143/504] DOV (Dover Corporation), depuis 2026-08-25...
2026-09-05 01:33:41,516 [INFO]   -> 9 jours récupérés pour DOV (source: ibkr)
2026-09-05 01:33:41,516 [INFO] [144/504] DOW (Dow Inc.), depuis 2026-08-25...
2026-09-05 01:33:52,662 [INFO]   -> 9 jours récupérés pour DOW (source: ibkr)
2026-09-05 01:33:52,663 [INFO] [145/504] DPZ (Domino's), depuis 2026-08-25...
2026-09-05 01:34:03,814 [INFO]   -> 9 jours récupérés pour DPZ (source: ibkr)
2026-09-05 01:34:03,814 [INFO] [146/504] DRI (Darden Restaurants), depuis 2026-08-25...
2026-09-05 01:34:14,961 [INFO]   -> 9 jours récupérés pour DRI (source: ibkr)
2026-09-05 01:34:14,962 [INFO] [147/504] DTE (DTE Energy), depuis 2026-08-25...
2026-09-05 01:34:26,107 [INFO]   -> 9 jours récupérés pour DTE (source: ibkr)
2026-09-05 01:34:26,107 [INFO] [148/504] DUK (Duke Energy), depuis 2026-08-25...
2026-09-05 01:34:37,259 [INFO]   -> 9 jours récupérés pour DUK (source: ibkr)
2026-09-05 01:34:37,260 [INFO] [149/504] DVA (DaVita), depuis 2026-08-25...
2026-09-05 01:34:48,413 [INFO]   -> 9 jours récupérés pour DVA (source: ibkr)
2026-09-05 01:34:48,413 [INFO] [150/504] DVN (Devon Energy), depuis 2026-08-25...
2026-09-05 01:34:59,563 [INFO]   -> 9 jours récupérés pour DVN (source: ibkr)
2026-09-05 01:34:59,563 [INFO] [151/504] DXCM (Dexcom), depuis 2026-08-25...
2026-09-05 01:35:10,715 [INFO]   -> 9 jours récupérés pour DXCM (source: ibkr)
2026-09-05 01:35:10,715 [INFO] [152/504] EBAY (eBay Inc.), depuis 2026-08-25...
2026-09-05 01:35:21,869 [INFO]   -> 9 jours récupérés pour EBAY (source: ibkr)
2026-09-05 01:35:21,869 [INFO] [153/504] ECHO (EchoStar), depuis 2026-08-25...
2026-09-05 01:35:33,011 [INFO]   -> 9 jours récupérés pour ECHO (source: ibkr)
2026-09-05 01:35:33,011 [INFO] [154/504] ECL (Ecolab), depuis 2026-08-25...
2026-09-05 01:35:44,157 [INFO]   -> 9 jours récupérés pour ECL (source: ibkr)
2026-09-05 01:35:44,157 [INFO] [155/504] ED (Consolidated Edison), depuis 2026-08-25...
2026-09-05 01:35:55,307 [INFO]   -> 9 jours récupérés pour ED (source: ibkr)
2026-09-05 01:35:55,308 [INFO] [156/504] EFX (Equifax), depuis 2026-08-25...
2026-09-05 01:36:06,476 [INFO]   -> 9 jours récupérés pour EFX (source: ibkr)
2026-09-05 01:36:06,476 [INFO] [157/504] EG (Everest Group), depuis 2026-08-25...
2026-09-05 01:36:17,623 [INFO]   -> 9 jours récupérés pour EG (source: ibkr)
2026-09-05 01:36:17,623 [INFO] [158/504] EIX (Edison International), depuis 2026-08-25...
2026-09-05 01:36:28,775 [INFO]   -> 9 jours récupérés pour EIX (source: ibkr)
2026-09-05 01:36:28,775 [INFO] [159/504] EL (Estée Lauder Companies (The)), depuis 2026-08-25...
2026-09-05 01:36:39,928 [INFO]   -> 9 jours récupérés pour EL (source: ibkr)
2026-09-05 01:36:39,929 [INFO] [160/504] ELV (Elevance Health), depuis 2026-08-25...
2026-09-05 01:36:51,081 [INFO]   -> 9 jours récupérés pour ELV (source: ibkr)
2026-09-05 01:36:51,082 [INFO] [161/504] EME (Emcor), depuis 2026-08-25...
2026-09-05 01:37:02,230 [INFO]   -> 9 jours récupérés pour EME (source: ibkr)
2026-09-05 01:37:02,230 [INFO] [162/504] EMR (Emerson Electric), depuis 2026-08-25...
2026-09-05 01:37:13,458 [INFO]   -> 9 jours récupérés pour EMR (source: ibkr)
2026-09-05 01:37:13,458 [INFO] [163/504] EOG (EOG Resources), depuis 2026-08-25...
2026-09-05 01:37:24,605 [INFO]   -> 9 jours récupérés pour EOG (source: ibkr)
2026-09-05 01:37:24,605 [INFO] [164/504] EQIX (Equinix), depuis 2026-08-25...
2026-09-05 01:37:35,764 [INFO]   -> 9 jours récupérés pour EQIX (source: ibkr)
2026-09-05 01:37:35,764 [INFO] [165/504] EQR (Equity Residential), depuis 2026-08-17...
2026-09-05 01:37:35,786 [ERROR] Error 200, reqId 330: No security definition has been found for the request, contract: Stock(symbol='EQR', exchange='SMART', currency='USD')
2026-09-05 01:37:37,121 [WARNING]   -> ECHEC (ni IBKR ni Stooq) pour EQR : Aucune donnée (ni IBKR ni Stooq) pour EQR -- TROU DE COUVERTURE.
2026-09-05 01:37:37,122 [INFO] [166/504] EQT (EQT Corporation), depuis 2026-08-25...
2026-09-05 01:37:48,293 [INFO]   -> 9 jours récupérés pour EQT (source: ibkr)
2026-09-05 01:37:48,294 [INFO] [167/504] ERIE (Erie Indemnity), depuis 2026-08-25...
2026-09-05 01:37:59,454 [INFO]   -> 9 jours récupérés pour ERIE (source: ibkr)
2026-09-05 01:37:59,454 [INFO] [168/504] ES (Eversource Energy), depuis 2026-08-25...
2026-09-05 01:38:10,619 [INFO]   -> 9 jours récupérés pour ES (source: ibkr)
2026-09-05 01:38:10,619 [INFO] [169/504] ESS (Essex Property Trust), depuis 2026-08-25...
2026-09-05 01:38:21,769 [INFO]   -> 9 jours récupérés pour ESS (source: ibkr)
2026-09-05 01:38:21,769 [INFO] [170/504] ETN (Eaton Corporation), depuis 2026-08-25...
2026-09-05 01:38:32,922 [INFO]   -> 9 jours récupérés pour ETN (source: ibkr)
2026-09-05 01:38:32,923 [INFO] [171/504] ETR (Entergy), depuis 2026-08-25...
2026-09-05 01:38:44,077 [INFO]   -> 9 jours récupérés pour ETR (source: ibkr)
2026-09-05 01:38:44,077 [INFO] [172/504] EVRG (Evergy), depuis 2026-08-25...
2026-09-05 01:38:55,227 [INFO]   -> 9 jours récupérés pour EVRG (source: ibkr)
2026-09-05 01:38:55,228 [INFO] [173/504] EW (Edwards Lifesciences), depuis 2026-08-25...
2026-09-05 01:39:06,375 [INFO]   -> 9 jours récupérés pour EW (source: ibkr)
2026-09-05 01:39:06,375 [INFO] [174/504] EXC (Exelon), depuis 2026-08-25...
2026-09-05 01:39:17,524 [INFO]   -> 9 jours récupérés pour EXC (source: ibkr)
2026-09-05 01:39:17,524 [INFO] [175/504] EXE (Expand Energy), depuis 2026-08-25...
2026-09-05 01:39:28,673 [INFO]   -> 9 jours récupérés pour EXE (source: ibkr)
2026-09-05 01:39:28,673 [INFO] [176/504] EXPD (Expeditors International), depuis 2026-08-25...
2026-09-05 01:39:39,825 [INFO]   -> 9 jours récupérés pour EXPD (source: ibkr)
2026-09-05 01:39:39,825 [INFO] [177/504] EXPE (Expedia Group), depuis 2026-08-25...
2026-09-05 01:39:51,004 [INFO]   -> 9 jours récupérés pour EXPE (source: ibkr)
2026-09-05 01:39:51,004 [INFO] [178/504] EXR (Extra Space Storage), depuis 2026-08-25...
2026-09-05 01:40:02,158 [INFO]   -> 9 jours récupérés pour EXR (source: ibkr)
2026-09-05 01:40:02,159 [INFO] [179/504] F (Ford Motor Company), depuis 2026-08-25...
2026-09-05 01:40:13,315 [INFO]   -> 9 jours récupérés pour F (source: ibkr)
2026-09-05 01:40:13,315 [INFO] [180/504] FANG (Diamondback Energy), depuis 2026-08-25...
2026-09-05 01:40:24,459 [INFO]   -> 9 jours récupérés pour FANG (source: ibkr)
2026-09-05 01:40:24,459 [INFO] [181/504] FAST (Fastenal), depuis 2026-08-25...
2026-09-05 01:40:35,611 [INFO]   -> 9 jours récupérés pour FAST (source: ibkr)
2026-09-05 01:40:35,611 [INFO] [182/504] FCX (Freeport-McMoRan), depuis 2026-08-25...
2026-09-05 01:40:46,769 [INFO]   -> 9 jours récupérés pour FCX (source: ibkr)
2026-09-05 01:40:46,769 [INFO] [183/504] FDS (FactSet), depuis 2026-08-25...
2026-09-05 01:40:57,923 [INFO]   -> 9 jours récupérés pour FDS (source: ibkr)
2026-09-05 01:40:57,924 [INFO] [184/504] FDX (FedEx), depuis 2026-08-25...
2026-09-05 01:41:09,072 [INFO]   -> 9 jours récupérés pour FDX (source: ibkr)
2026-09-05 01:41:09,073 [INFO] [185/504] FDXF (FedEx Freight), depuis 2026-08-25...
2026-09-05 01:41:20,217 [INFO]   -> 9 jours récupérés pour FDXF (source: ibkr)
2026-09-05 01:41:20,217 [INFO] [186/504] FE (FirstEnergy), depuis 2026-08-25...
2026-09-05 01:41:31,364 [INFO]   -> 9 jours récupérés pour FE (source: ibkr)
2026-09-05 01:41:31,365 [INFO] [187/504] FERG (Ferguson Enterprises), depuis 2026-08-25...
2026-09-05 01:41:42,524 [INFO]   -> 9 jours récupérés pour FERG (source: ibkr)
2026-09-05 01:41:42,524 [INFO] [188/504] FFIV (F5, Inc.), depuis 2026-08-25...
2026-09-05 01:41:53,673 [INFO]   -> 9 jours récupérés pour FFIV (source: ibkr)
2026-09-05 01:41:53,674 [INFO] [189/504] FICO (Fair Isaac), depuis 2026-08-25...
2026-09-05 01:42:04,819 [INFO]   -> 9 jours récupérés pour FICO (source: ibkr)
2026-09-05 01:42:04,820 [INFO] [190/504] FIS (Fidelity National Information Services), depuis 2026-08-25...
2026-09-05 01:42:15,966 [INFO]   -> 9 jours récupérés pour FIS (source: ibkr)
2026-09-05 01:42:15,966 [INFO] [191/504] FISV (Fiserv), depuis 2026-08-25...
2026-09-05 01:42:27,114 [INFO]   -> 9 jours récupérés pour FISV (source: ibkr)
2026-09-05 01:42:27,114 [INFO] [192/504] FITB (Fifth Third Bancorp), depuis 2026-08-25...
2026-09-05 01:42:38,263 [INFO]   -> 9 jours récupérés pour FITB (source: ibkr)
2026-09-05 01:42:38,263 [INFO] [193/504] FIX (Comfort Systems USA), depuis 2026-08-25...
2026-09-05 01:42:49,411 [INFO]   -> 9 jours récupérés pour FIX (source: ibkr)
2026-09-05 01:42:49,411 [INFO] [194/504] FLEX (Flex Ltd.), depuis 2026-08-25...
2026-09-05 01:43:00,562 [INFO]   -> 9 jours récupérés pour FLEX (source: ibkr)
2026-09-05 01:43:00,562 [INFO] [195/504] FOX (Fox Corporation (Class B)), depuis 2026-08-25...
2026-09-05 01:43:11,706 [INFO]   -> 9 jours récupérés pour FOX (source: ibkr)
2026-09-05 01:43:11,706 [INFO] [196/504] FOXA (Fox Corporation (Class A)), depuis 2026-08-25...
2026-09-05 01:43:22,849 [INFO]   -> 9 jours récupérés pour FOXA (source: ibkr)
2026-09-05 01:43:22,849 [INFO] [197/504] FRT (Federal Realty Investment Trust), depuis 2026-08-25...
2026-09-05 01:43:33,997 [INFO]   -> 9 jours récupérés pour FRT (source: ibkr)
2026-09-05 01:43:33,997 [INFO] [198/504] FSLR (First Solar), depuis 2026-08-25...
2026-09-05 01:43:45,147 [INFO]   -> 9 jours récupérés pour FSLR (source: ibkr)
2026-09-05 01:43:45,147 [INFO] [199/504] FTNT (Fortinet), depuis 2026-08-25...
2026-09-05 01:43:56,294 [INFO]   -> 9 jours récupérés pour FTNT (source: ibkr)
2026-09-05 01:43:56,295 [INFO] [200/504] FTV (Fortive), depuis 2026-08-25...
2026-09-05 01:44:07,440 [INFO]   -> 9 jours récupérés pour FTV (source: ibkr)
2026-09-05 01:44:07,440 [INFO] [201/504] GD (General Dynamics), depuis 2026-08-25...
2026-09-05 01:44:18,597 [INFO]   -> 9 jours récupérés pour GD (source: ibkr)
2026-09-05 01:44:18,597 [INFO] [202/504] GDDY (GoDaddy), depuis 2026-08-25...
2026-09-05 01:44:29,747 [INFO]   -> 9 jours récupérés pour GDDY (source: ibkr)
2026-09-05 01:44:29,747 [INFO] [203/504] GE (GE Aerospace), depuis 2026-08-25...
2026-09-05 01:44:40,894 [INFO]   -> 9 jours récupérés pour GE (source: ibkr)
2026-09-05 01:44:40,894 [INFO] [204/504] GEHC (GE HealthCare), depuis 2026-08-25...
2026-09-05 01:44:52,043 [INFO]   -> 9 jours récupérés pour GEHC (source: ibkr)
2026-09-05 01:44:52,043 [INFO] [205/504] GEN (Gen Digital), depuis 2026-08-25...
2026-09-05 01:45:03,194 [INFO]   -> 9 jours récupérés pour GEN (source: ibkr)
2026-09-05 01:45:03,195 [INFO] [206/504] GEV (GE Vernova), depuis 2026-08-25...
2026-09-05 01:45:14,339 [INFO]   -> 9 jours récupérés pour GEV (source: ibkr)
2026-09-05 01:45:14,340 [INFO] [207/504] GILD (Gilead Sciences), depuis 2026-08-25...
2026-09-05 01:45:25,484 [INFO]   -> 9 jours récupérés pour GILD (source: ibkr)
2026-09-05 01:45:25,484 [INFO] [208/504] GIS (General Mills), depuis 2026-08-25...
2026-09-05 01:45:36,632 [INFO]   -> 9 jours récupérés pour GIS (source: ibkr)
2026-09-05 01:45:36,633 [INFO] [209/504] GL (Globe Life), depuis 2026-08-25...
2026-09-05 01:45:47,779 [INFO]   -> 9 jours récupérés pour GL (source: ibkr)
2026-09-05 01:45:47,780 [INFO] [210/504] GLW (Corning Inc.), depuis 2026-08-25...
2026-09-05 01:45:58,927 [INFO]   -> 9 jours récupérés pour GLW (source: ibkr)
2026-09-05 01:45:58,927 [INFO] [211/504] GM (General Motors), depuis 2026-08-25...
2026-09-05 01:46:10,080 [INFO]   -> 9 jours récupérés pour GM (source: ibkr)
2026-09-05 01:46:10,080 [INFO] [212/504] GNRC (Generac), depuis 2026-08-25...
2026-09-05 01:46:21,223 [INFO]   -> 9 jours récupérés pour GNRC (source: ibkr)
2026-09-05 01:46:21,223 [INFO] [213/504] GOOG (Alphabet Inc. (Class C)), depuis 2026-08-25...
2026-09-05 01:46:32,374 [INFO]   -> 9 jours récupérés pour GOOG (source: ibkr)
2026-09-05 01:46:32,375 [INFO] [214/504] GOOGL (Alphabet Inc. (Class A)), depuis 2026-08-25...
2026-09-05 01:46:43,587 [INFO]   -> 9 jours récupérés pour GOOGL (source: ibkr)
2026-09-05 01:46:43,587 [INFO] [215/504] GPC (Genuine Parts Company), depuis 2026-08-25...
2026-09-05 01:46:54,734 [INFO]   -> 9 jours récupérés pour GPC (source: ibkr)
2026-09-05 01:46:54,735 [INFO] [216/504] GPN (Global Payments), depuis 2026-08-25...
2026-09-05 01:47:05,879 [INFO]   -> 9 jours récupérés pour GPN (source: ibkr)
2026-09-05 01:47:05,879 [INFO] [217/504] GRMN (Garmin), depuis 2026-08-25...
2026-09-05 01:47:17,025 [INFO]   -> 9 jours récupérés pour GRMN (source: ibkr)
2026-09-05 01:47:17,025 [INFO] [218/504] GS (Goldman Sachs), depuis 2026-08-25...
2026-09-05 01:47:28,172 [INFO]   -> 9 jours récupérés pour GS (source: ibkr)
2026-09-05 01:47:28,172 [INFO] [219/504] GWW (W. W. Grainger), depuis 2026-08-25...
2026-09-05 01:47:39,323 [INFO]   -> 9 jours récupérés pour GWW (source: ibkr)
2026-09-05 01:47:39,323 [INFO] [220/504] HAL (Halliburton), depuis 2026-08-25...
2026-09-05 01:47:50,466 [INFO]   -> 9 jours récupérés pour HAL (source: ibkr)
2026-09-05 01:47:50,466 [INFO] [221/504] HAS (Hasbro), depuis 2026-08-25...
2026-09-05 01:48:01,617 [INFO]   -> 9 jours récupérés pour HAS (source: ibkr)
2026-09-05 01:48:01,618 [INFO] [222/504] HBAN (Huntington Bancshares), depuis 2026-08-25...
2026-09-05 01:48:12,761 [INFO]   -> 9 jours récupérés pour HBAN (source: ibkr)
2026-09-05 01:48:12,761 [INFO] [223/504] HCA (HCA Healthcare), depuis 2026-08-25...
2026-09-05 01:48:23,905 [INFO]   -> 9 jours récupérés pour HCA (source: ibkr)
2026-09-05 01:48:23,905 [INFO] [224/504] HD (Home Depot (The)), depuis 2026-08-25...
2026-09-05 01:48:35,053 [INFO]   -> 9 jours récupérés pour HD (source: ibkr)
2026-09-05 01:48:35,053 [INFO] [225/504] HIG (Hartford (The)), depuis 2026-08-25...
2026-09-05 01:48:46,200 [INFO]   -> 9 jours récupérés pour HIG (source: ibkr)
2026-09-05 01:48:46,200 [INFO] [226/504] HII (Huntington Ingalls Industries), depuis 2026-08-25...
2026-09-05 01:48:57,348 [INFO]   -> 9 jours récupérés pour HII (source: ibkr)
2026-09-05 01:48:57,348 [INFO] [227/504] HLT (Hilton Worldwide), depuis 2026-08-25...
2026-09-05 01:49:08,496 [INFO]   -> 9 jours récupérés pour HLT (source: ibkr)
2026-09-05 01:49:08,496 [INFO] [228/504] HON (Honeywell Technologies), depuis 2026-08-25...
2026-09-05 01:49:19,644 [INFO]   -> 9 jours récupérés pour HON (source: ibkr)
2026-09-05 01:49:19,645 [INFO] [229/504] HONA (Honeywell Aerospace), depuis 2026-08-25...
2026-09-05 01:49:30,792 [INFO]   -> 9 jours récupérés pour HONA (source: ibkr)
2026-09-05 01:49:30,792 [INFO] [230/504] HOOD (Robinhood Markets), depuis 2026-08-25...
2026-09-05 01:49:41,938 [INFO]   -> 9 jours récupérés pour HOOD (source: ibkr)
2026-09-05 01:49:41,939 [INFO] [231/504] HPE (Hewlett Packard Enterprise), depuis 2026-08-25...
2026-09-05 01:49:53,085 [INFO]   -> 9 jours récupérés pour HPE (source: ibkr)
2026-09-05 01:49:53,085 [INFO] [232/504] HPQ (HP Inc.), depuis 2026-08-25...
2026-09-05 01:50:04,241 [INFO]   -> 9 jours récupérés pour HPQ (source: ibkr)
2026-09-05 01:50:04,242 [INFO] [233/504] HRL (Hormel Foods), depuis 2026-08-25...
2026-09-05 01:50:15,391 [INFO]   -> 9 jours récupérés pour HRL (source: ibkr)
2026-09-05 01:50:15,391 [INFO] [234/504] HSIC (Henry Schein), depuis 2026-08-25...
2026-09-05 01:50:26,538 [INFO]   -> 9 jours récupérés pour HSIC (source: ibkr)
2026-09-05 01:50:26,538 [INFO] [235/504] HST (Host Hotels & Resorts), depuis 2026-08-25...
2026-09-05 01:50:37,706 [INFO]   -> 9 jours récupérés pour HST (source: ibkr)
2026-09-05 01:50:37,706 [INFO] [236/504] HSY (Hershey Company (The)), depuis 2026-08-25...
2026-09-05 01:50:48,861 [INFO]   -> 9 jours récupérés pour HSY (source: ibkr)
2026-09-05 01:50:48,862 [INFO] [237/504] HUBB (Hubbell Incorporated), depuis 2026-08-25...
2026-09-05 01:51:00,009 [INFO]   -> 9 jours récupérés pour HUBB (source: ibkr)
2026-09-05 01:51:00,009 [INFO] [238/504] HUM (Humana), depuis 2026-08-25...
2026-09-05 01:51:11,164 [INFO]   -> 9 jours récupérés pour HUM (source: ibkr)
2026-09-05 01:51:11,164 [INFO] [239/504] HWM (Howmet Aerospace), depuis 2026-08-25...
2026-09-05 01:51:22,316 [INFO]   -> 9 jours récupérés pour HWM (source: ibkr)
2026-09-05 01:51:22,316 [INFO] [240/504] IBKR (Interactive Brokers), depuis 2026-08-25...
2026-09-05 01:51:33,463 [INFO]   -> 9 jours récupérés pour IBKR (source: ibkr)
2026-09-05 01:51:33,464 [INFO] [241/504] IBM (IBM), depuis 2026-08-25...
2026-09-05 01:51:44,610 [INFO]   -> 9 jours récupérés pour IBM (source: ibkr)
2026-09-05 01:51:44,610 [INFO] [242/504] ICE (Intercontinental Exchange), depuis 2026-08-25...
2026-09-05 01:51:55,758 [INFO]   -> 9 jours récupérés pour ICE (source: ibkr)
2026-09-05 01:51:55,758 [INFO] [243/504] IDXX (Idexx Laboratories), depuis 2026-08-25...
2026-09-05 01:52:06,908 [INFO]   -> 9 jours récupérés pour IDXX (source: ibkr)
2026-09-05 01:52:06,908 [INFO] [244/504] IEX (IDEX Corporation), depuis 2026-08-25...
2026-09-05 01:52:18,057 [INFO]   -> 9 jours récupérés pour IEX (source: ibkr)
2026-09-05 01:52:18,057 [INFO] [245/504] IFF (International Flavors & Fragrances), depuis 2026-08-25...
2026-09-05 01:52:29,200 [INFO]   -> 9 jours récupérés pour IFF (source: ibkr)
2026-09-05 01:52:29,201 [INFO] [246/504] INCY (Incyte), depuis 2026-08-25...
2026-09-05 01:52:40,348 [INFO]   -> 9 jours récupérés pour INCY (source: ibkr)
2026-09-05 01:52:40,349 [INFO] [247/504] INTC (Intel), depuis 2026-08-25...
2026-09-05 01:52:51,517 [INFO]   -> 9 jours récupérés pour INTC (source: ibkr)
2026-09-05 01:52:51,517 [INFO] [248/504] INTU (Intuit), depuis 2026-08-25...
2026-09-05 01:53:02,664 [INFO]   -> 9 jours récupérés pour INTU (source: ibkr)
2026-09-05 01:53:02,664 [INFO] [249/504] INVH (Invitation Homes), depuis 2026-08-25...
2026-09-05 01:53:13,842 [INFO]   -> 9 jours récupérés pour INVH (source: ibkr)
2026-09-05 01:53:13,842 [INFO] [250/504] IP (International Paper), depuis 2026-08-25...
2026-09-05 01:53:24,988 [INFO]   -> 9 jours récupérés pour IP (source: ibkr)
2026-09-05 01:53:24,988 [INFO] [251/504] IQV (IQVIA), depuis 2026-08-25...
2026-09-05 01:53:36,134 [INFO]   -> 9 jours récupérés pour IQV (source: ibkr)
2026-09-05 01:53:36,134 [INFO] [252/504] IR (Ingersoll Rand), depuis 2026-08-25...
2026-09-05 01:53:47,277 [INFO]   -> 9 jours récupérés pour IR (source: ibkr)
2026-09-05 01:53:47,277 [INFO] [253/504] IRM (Iron Mountain), depuis 2026-08-25...
2026-09-05 01:53:58,424 [INFO]   -> 9 jours récupérés pour IRM (source: ibkr)
2026-09-05 01:53:58,424 [INFO] [254/504] ISRG (Intuitive Surgical), depuis 2026-08-25...
2026-09-05 01:54:09,576 [INFO]   -> 9 jours récupérés pour ISRG (source: ibkr)
2026-09-05 01:54:09,576 [INFO] [255/504] IT (Gartner), depuis 2026-08-25...
2026-09-05 01:54:20,721 [INFO]   -> 9 jours récupérés pour IT (source: ibkr)
2026-09-05 01:54:20,721 [INFO] [256/504] ITW (Illinois Tool Works), depuis 2026-08-25...
2026-09-05 01:54:31,869 [INFO]   -> 9 jours récupérés pour ITW (source: ibkr)
2026-09-05 01:54:31,869 [INFO] [257/504] IVZ (Invesco), depuis 2026-08-25...
2026-09-05 01:54:43,013 [INFO]   -> 9 jours récupérés pour IVZ (source: ibkr)
2026-09-05 01:54:43,013 [INFO] [258/504] J (Jacobs Solutions), depuis 2026-08-25...
2026-09-05 01:54:54,156 [INFO]   -> 9 jours récupérés pour J (source: ibkr)
2026-09-05 01:54:54,156 [INFO] [259/504] JBHT (J.B. Hunt), depuis 2026-08-25...
2026-09-05 01:55:05,307 [INFO]   -> 9 jours récupérés pour JBHT (source: ibkr)
2026-09-05 01:55:05,307 [INFO] [260/504] JBL (Jabil), depuis 2026-08-25...
2026-09-05 01:55:16,452 [INFO]   -> 9 jours récupérés pour JBL (source: ibkr)
2026-09-05 01:55:16,452 [INFO] [261/504] JCI (Johnson Controls), depuis 2026-08-25...
2026-09-05 01:55:27,596 [INFO]   -> 9 jours récupérés pour JCI (source: ibkr)
2026-09-05 01:55:27,597 [INFO] [262/504] JKHY (Jack Henry & Associates), depuis 2026-08-25...
2026-09-05 01:55:38,741 [INFO]   -> 9 jours récupérés pour JKHY (source: ibkr)
2026-09-05 01:55:38,741 [INFO] [263/504] JNJ (Johnson & Johnson), depuis 2026-08-25...
2026-09-05 01:55:49,893 [INFO]   -> 9 jours récupérés pour JNJ (source: ibkr)
2026-09-05 01:55:49,893 [INFO] [264/504] JPM (JPMorgan Chase), depuis 2026-08-25...
2026-09-05 01:56:01,039 [INFO]   -> 9 jours récupérés pour JPM (source: ibkr)
2026-09-05 01:56:01,039 [INFO] [265/504] KDP (Keurig Dr Pepper), depuis 2026-08-25...
2026-09-05 01:56:12,198 [INFO]   -> 9 jours récupérés pour KDP (source: ibkr)
2026-09-05 01:56:12,198 [INFO] [266/504] KEY (KeyCorp), depuis 2026-08-25...
2026-09-05 01:56:23,343 [INFO]   -> 9 jours récupérés pour KEY (source: ibkr)
2026-09-05 01:56:23,343 [INFO] [267/504] KEYS (Keysight Technologies), depuis 2026-08-25...
2026-09-05 01:56:34,493 [INFO]   -> 9 jours récupérés pour KEYS (source: ibkr)
2026-09-05 01:56:34,494 [INFO] [268/504] KHC (Kraft Heinz), depuis 2026-08-25...
2026-09-05 01:56:45,641 [INFO]   -> 9 jours récupérés pour KHC (source: ibkr)
2026-09-05 01:56:45,641 [INFO] [269/504] KIM (Kimco Realty), depuis 2026-08-25...
2026-09-05 01:56:56,783 [INFO]   -> 9 jours récupérés pour KIM (source: ibkr)
2026-09-05 01:56:56,783 [INFO] [270/504] KKR (KKR & Co.), depuis 2026-08-25...
2026-09-05 01:57:07,932 [INFO]   -> 9 jours récupérés pour KKR (source: ibkr)
2026-09-05 01:57:07,932 [INFO] [271/504] KLAC (KLA Corporation), depuis 2026-08-25...
2026-09-05 01:57:19,075 [INFO]   -> 9 jours récupérés pour KLAC (source: ibkr)
2026-09-05 01:57:19,075 [INFO] [272/504] KMB (Kimberly-Clark), depuis 2026-08-25...
2026-09-05 01:57:30,236 [INFO]   -> 9 jours récupérés pour KMB (source: ibkr)
2026-09-05 01:57:30,237 [INFO] [273/504] KMI (Kinder Morgan), depuis 2026-08-25...
2026-09-05 01:57:41,384 [INFO]   -> 9 jours récupérés pour KMI (source: ibkr)
2026-09-05 01:57:41,384 [INFO] [274/504] KO (Coca-Cola Company (The)), depuis 2026-08-25...
2026-09-05 01:57:52,531 [INFO]   -> 9 jours récupérés pour KO (source: ibkr)
2026-09-05 01:57:52,531 [INFO] [275/504] KR (Kroger), depuis 2026-08-25...
2026-09-05 01:58:03,677 [INFO]   -> 9 jours récupérés pour KR (source: ibkr)
2026-09-05 01:58:03,677 [INFO] [276/504] KVUE (Kenvue), depuis 2026-08-25...
2026-09-05 01:58:14,822 [INFO]   -> 9 jours récupérés pour KVUE (source: ibkr)
2026-09-05 01:58:14,823 [INFO] [277/504] L (Loews Corporation), depuis 2026-08-25...
2026-09-05 01:58:25,974 [INFO]   -> 9 jours récupérés pour L (source: ibkr)
2026-09-05 01:58:25,974 [INFO] [278/504] LDOS (Leidos), depuis 2026-08-25...
2026-09-05 01:58:37,123 [INFO]   -> 9 jours récupérés pour LDOS (source: ibkr)
2026-09-05 01:58:37,123 [INFO] [279/504] LEN (Lennar), depuis 2026-08-25...
2026-09-05 01:58:48,277 [INFO]   -> 9 jours récupérés pour LEN (source: ibkr)
2026-09-05 01:58:48,277 [INFO] [280/504] LH (Labcorp), depuis 2026-08-25...
2026-09-05 01:58:59,423 [INFO]   -> 9 jours récupérés pour LH (source: ibkr)
2026-09-05 01:58:59,423 [INFO] [281/504] LHX (L3Harris), depuis 2026-08-25...
2026-09-05 01:59:10,569 [INFO]   -> 9 jours récupérés pour LHX (source: ibkr)
2026-09-05 01:59:10,570 [INFO] [282/504] LII (Lennox International), depuis 2026-08-17...
2026-09-05 01:59:21,718 [INFO]   -> 15 jours récupérés pour LII (source: ibkr)
2026-09-05 01:59:21,719 [INFO] [283/504] LIN (Linde plc), depuis 2026-08-17...
2026-09-05 01:59:32,870 [INFO]   -> 15 jours récupérés pour LIN (source: ibkr)
2026-09-05 01:59:32,870 [INFO] [284/504] LITE (Lumentum), depuis 2026-08-17...
2026-09-05 01:59:44,014 [INFO]   -> 15 jours récupérés pour LITE (source: ibkr)
2026-09-05 01:59:44,014 [INFO] [285/504] LLY (Lilly (Eli)), depuis 2026-08-17...
2026-09-05 01:59:55,171 [INFO]   -> 15 jours récupérés pour LLY (source: ibkr)
2026-09-05 01:59:55,172 [INFO] [286/504] LMT (Lockheed Martin), depuis 2026-08-17...
2026-09-05 02:00:06,321 [INFO]   -> 15 jours récupérés pour LMT (source: ibkr)
2026-09-05 02:00:06,321 [INFO] [287/504] LNT (Alliant Energy), depuis 2026-08-17...
2026-09-05 02:00:17,667 [INFO]   -> 15 jours récupérés pour LNT (source: ibkr)
2026-09-05 02:00:17,667 [INFO] [288/504] LOW (Lowe's), depuis 2026-08-17...
2026-09-05 02:00:29,002 [INFO]   -> 15 jours récupérés pour LOW (source: ibkr)
2026-09-05 02:00:29,002 [INFO] [289/504] LRCX (Lam Research), depuis 2026-08-17...
2026-09-05 02:00:40,314 [INFO]   -> 15 jours récupérés pour LRCX (source: ibkr)
2026-09-05 02:00:40,314 [INFO] [290/504] LULU (Lululemon Athletica), depuis 2026-08-17...
2026-09-05 02:00:51,547 [INFO]   -> 15 jours récupérés pour LULU (source: ibkr)
2026-09-05 02:00:51,548 [INFO] [291/504] LUV (Southwest Airlines), depuis 2026-08-17...
2026-09-05 02:01:02,836 [INFO]   -> 15 jours récupérés pour LUV (source: ibkr)
2026-09-05 02:01:02,836 [INFO] [292/504] LVS (Las Vegas Sands), depuis 2026-08-17...
2026-09-05 02:01:14,175 [INFO]   -> 15 jours récupérés pour LVS (source: ibkr)
2026-09-05 02:01:14,176 [INFO] [293/504] LYB (LyondellBasell), depuis 2026-08-17...
2026-09-05 02:01:25,459 [INFO]   -> 15 jours récupérés pour LYB (source: ibkr)
2026-09-05 02:01:25,460 [INFO] [294/504] LYV (Live Nation Entertainment), depuis 2026-08-17...
2026-09-05 02:01:36,692 [INFO]   -> 15 jours récupérés pour LYV (source: ibkr)
2026-09-05 02:01:36,692 [INFO] [295/504] MA (Mastercard), depuis 2026-08-17...
2026-09-05 02:01:48,030 [INFO]   -> 15 jours récupérés pour MA (source: ibkr)
2026-09-05 02:01:48,030 [INFO] [296/504] MAA (Mid-America Apartment Communities), depuis 2026-08-17...
2026-09-05 02:01:59,370 [INFO]   -> 15 jours récupérés pour MAA (source: ibkr)
2026-09-05 02:01:59,371 [INFO] [297/504] MAR (Marriott International), depuis 2026-08-17...
2026-09-05 02:02:10,663 [INFO]   -> 15 jours récupérés pour MAR (source: ibkr)
2026-09-05 02:02:10,664 [INFO] [298/504] MAS (Masco), depuis 2026-08-17...
2026-09-05 02:02:22,000 [INFO]   -> 15 jours récupérés pour MAS (source: ibkr)
2026-09-05 02:02:22,000 [INFO] [299/504] MCD (McDonald's), depuis 2026-08-17...
2026-09-05 02:02:33,341 [INFO]   -> 15 jours récupérés pour MCD (source: ibkr)
2026-09-05 02:02:33,342 [INFO] [300/504] MCHP (Microchip Technology), depuis 2026-08-17...
2026-09-05 02:02:44,682 [INFO]   -> 15 jours récupérés pour MCHP (source: ibkr)
2026-09-05 02:02:44,683 [INFO] [301/504] MCK (McKesson Corporation), depuis 2026-08-17...
2026-09-05 02:02:56,017 [INFO]   -> 15 jours récupérés pour MCK (source: ibkr)
2026-09-05 02:02:56,017 [INFO] [302/504] MCO (Moody's Corporation), depuis 2026-08-17...
2026-09-05 02:03:07,363 [INFO]   -> 15 jours récupérés pour MCO (source: ibkr)
2026-09-05 02:03:07,363 [INFO] [303/504] MDLZ (Mondelez International), depuis 2026-08-17...
2026-09-05 02:03:18,703 [INFO]   -> 15 jours récupérés pour MDLZ (source: ibkr)
2026-09-05 02:03:18,703 [INFO] [304/504] MDT (Medtronic), depuis 2026-08-17...
2026-09-05 02:03:30,049 [INFO]   -> 15 jours récupérés pour MDT (source: ibkr)
2026-09-05 02:03:30,049 [INFO] [305/504] MET (MetLife), depuis 2026-08-17...
2026-09-05 02:03:41,333 [INFO]   -> 15 jours récupérés pour MET (source: ibkr)
2026-09-05 02:03:41,333 [INFO] [306/504] META (Meta Platforms), depuis 2026-08-17...
2026-09-05 02:03:52,567 [INFO]   -> 15 jours récupérés pour META (source: ibkr)
2026-09-05 02:03:52,567 [INFO] [307/504] MGM (MGM Resorts), depuis 2026-08-17...
2026-09-05 02:04:03,802 [INFO]   -> 15 jours récupérés pour MGM (source: ibkr)
2026-09-05 02:04:03,802 [INFO] [308/504] MKC (McCormick & Company), depuis 2026-08-17...
2026-09-05 02:04:15,153 [INFO]   -> 15 jours récupérés pour MKC (source: ibkr)
2026-09-05 02:04:15,153 [INFO] [309/504] MLM (Martin Marietta Materials), depuis 2026-08-17...
2026-09-05 02:04:26,496 [INFO]   -> 15 jours récupérés pour MLM (source: ibkr)
2026-09-05 02:04:26,496 [INFO] [310/504] MMM (3M), depuis 2026-08-17...
2026-09-05 02:04:37,842 [INFO]   -> 15 jours récupérés pour MMM (source: ibkr)
2026-09-05 02:04:37,842 [INFO] [311/504] MNST (Monster Beverage), depuis 2026-08-17...
2026-09-05 02:04:49,082 [INFO]   -> 15 jours récupérés pour MNST (source: ibkr)
2026-09-05 02:04:49,082 [INFO] [312/504] MO (Altria), depuis 2026-08-17...
2026-09-05 02:05:00,417 [INFO]   -> 15 jours récupérés pour MO (source: ibkr)
2026-09-05 02:05:00,417 [INFO] [313/504] MOS (Mosaic Company (The)), depuis 2026-08-17...
2026-09-05 02:05:11,712 [INFO]   -> 15 jours récupérés pour MOS (source: ibkr)
2026-09-05 02:05:11,712 [INFO] [314/504] MPC (Marathon Petroleum), depuis 2026-08-17...
2026-09-05 02:05:22,996 [INFO]   -> 15 jours récupérés pour MPC (source: ibkr)
2026-09-05 02:05:22,996 [INFO] [315/504] MPWR (Monolithic Power Systems), depuis 2026-08-17...
2026-09-05 02:05:34,283 [INFO]   -> 15 jours récupérés pour MPWR (source: ibkr)
2026-09-05 02:05:34,283 [INFO] [316/504] MRK (Merck & Co.), depuis 2026-08-17...
2026-09-05 02:05:45,768 [INFO]   -> 15 jours récupérés pour MRK (source: ibkr)
2026-09-05 02:05:45,769 [INFO] [317/504] MRNA (Moderna), depuis 2026-08-17...
2026-09-05 02:05:57,076 [INFO]   -> 15 jours récupérés pour MRNA (source: ibkr)
2026-09-05 02:05:57,076 [INFO] [318/504] MRSH (Marsh McLennan), depuis 2026-08-17...
2026-09-05 02:06:08,486 [INFO]   -> 15 jours récupérés pour MRSH (source: ibkr)
2026-09-05 02:06:08,487 [INFO] [319/504] MRVL (Marvell Technology), depuis 2026-08-17...
2026-09-05 02:06:19,847 [INFO]   -> 15 jours récupérés pour MRVL (source: ibkr)
2026-09-05 02:06:19,847 [INFO] [320/504] MS (Morgan Stanley), depuis 2026-08-17...
2026-09-05 02:06:31,259 [INFO]   -> 15 jours récupérés pour MS (source: ibkr)
2026-09-05 02:06:31,260 [INFO] [321/504] MSCI (MSCI), depuis 2026-08-17...
2026-09-05 02:06:42,616 [INFO]   -> 15 jours récupérés pour MSCI (source: ibkr)
2026-09-05 02:06:42,617 [INFO] [322/504] MSFT (Microsoft), depuis 2026-08-17...
2026-09-05 02:06:54,051 [INFO]   -> 15 jours récupérés pour MSFT (source: ibkr)
2026-09-05 02:06:54,052 [INFO] [323/504] MSI (Motorola Solutions), depuis 2026-08-17...
