2026-08-14 09:19:57,929 [INFO] Log file: data\prices\daily_prices_20260814_091957.log
2026-08-14 09:19:57,958 [INFO] Univers chargé : 503 tickers.
2026-08-14 09:19:58,254 [INFO] Cache existant chargé : data\prices\daily_prices.parquet (1917441 lignes, 504 symboles).
2026-08-14 09:20:21,042 [INFO] 0/503 tickers déjà à jour (ignorés), 503 à récupérer.
2026-08-14 09:20:21,156 [INFO] Connecting to 127.0.0.1:4002 with clientId 4...
2026-08-14 09:20:23,178 [INFO] Disconnecting
2026-08-14 09:20:23,183 [ERROR] API connection failed: ConnectionRefusedError(22, 'The remote computer refused the network connection', None, 1225, None)
2026-08-14 09:20:23,185 [ERROR] Make sure API port on TWS/IBG is open
2026-08-14 09:20:23,186 [WARNING] Connexion IBKR impossible ([WinError 1225] The remote computer refused the network connection) : repli Stooq pour TOUS les tickers.
2026-08-14 09:20:23,186 [INFO] [1/503] A (Agilent Technologies), depuis 2026-08-07...
2026-08-14 09:20:24,808 [WARNING]   -> ECHEC (ni IBKR ni Stooq) pour A : Aucune donnée (ni IBKR ni Stooq) pour A -- TROU DE COUVERTURE.
2026-08-14 09:20:24,814 [INFO] [2/503] AAPL (Apple Inc.), depuis 2026-08-07...
2026-08-14 09:20:26,293 [WARNING]   -> ECHEC (ni IBKR ni Stooq) pour AAPL : Aucune donnée (ni IBKR ni Stooq) pour AAPL -- TROU DE COUVERTURE.
2026-08-14 09:20:26,294 [INFO] [3/503] ABBV (AbbVie), depuis 2026-08-07...
2026-08-14 09:20:27,732 [WARNING]   -> ECHEC (ni IBKR ni Stooq) pour ABBV : Aucune donnée (ni IBKR ni Stooq) pour ABBV -- TROU DE COUVERTURE.
2026-08-14 09:20:27,733 [INFO] [4/503] ABNB (Airbnb), depuis 2026-08-07...
2026-08-14 09:20:29,234 [WARNING]   -> ECHEC (ni IBKR ni Stooq) pour ABNB : Aucune donnée (ni IBKR ni Stooq) pour ABNB -- TROU DE COUVERTURE.
2026-08-14 09:20:29,235 [INFO] [5/503] ABT (Abbott Laboratories), depuis 2026-08-07...
2026-08-14 09:20:30,693 [WARNING]   -> ECHEC (ni IBKR ni Stooq) pour ABT : Aucune donnée (ni IBKR ni Stooq) pour ABT -- TROU DE COUVERTURE.
2026-08-14 09:20:30,695 [INFO] [6/503] ACGL (Arch Capital Group), depuis 2026-08-07...
2026-08-14 09:20:32,137 [WARNING]   -> ECHEC (ni IBKR ni Stooq) pour ACGL : Aucune donnée (ni IBKR ni Stooq) pour ACGL -- TROU DE COUVERTURE.
2026-08-14 09:20:32,138 [INFO] [7/503] ACN (Accenture), depuis 2026-08-07...
2026-08-14 09:20:33,640 [WARNING]   -> ECHEC (ni IBKR ni Stooq) pour ACN : Aucune donnée (ni IBKR ni Stooq) pour ACN -- TROU DE COUVERTURE.
2026-08-14 09:20:33,656 [INFO] [8/503] ADBE (Adobe Inc.), depuis 2026-08-07...
2026-08-14 09:20:35,184 [WARNING]   -> ECHEC (ni IBKR ni Stooq) pour ADBE : Aucune donnée (ni IBKR ni Stooq) pour ADBE -- TROU DE COUVERTURE.
2026-08-14 09:20:35,185 [INFO] [9/503] ADI (Analog Devices), depuis 2026-08-07...
2026-08-14 09:20:36,699 [WARNING]   -> ECHEC (ni IBKR ni Stooq) pour ADI : Aucune donnée (ni IBKR ni Stooq) pour ADI -- TROU DE COUVERTURE.
2026-08-14 09:20:36,700 [INFO] [10/503] ADM (Archer Daniels Midland), depuis 2026-08-07...
2026-08-14 09:20:38,222 [WARNING]   -> ECHEC (ni IBKR ni Stooq) pour ADM : Aucune donnée (ni IBKR ni Stooq) pour ADM -- TROU DE COUVERTURE.
2026-08-14 09:20:38,225 [INFO] [11/503] ADP (Automatic Data Processing), depuis 2026-08-07...
2026-08-14 09:20:39,734 [WARNING]   -> ECHEC (ni IBKR ni Stooq) pour ADP : Aucune donnée (ni IBKR ni Stooq) pour ADP -- TROU DE COUVERTURE.
2026-08-14 09:20:39,735 [INFO] [12/503] ADSK (Autodesk), depuis 2026-08-07...
2026-08-14 09:20:41,299 [WARNING]   -> ECHEC (ni IBKR ni Stooq) pour ADSK : Aucune donnée (ni IBKR ni Stooq) pour ADSK -- TROU DE COUVERTURE.
2026-08-14 09:20:41,300 [INFO] [13/503] AEE (Ameren), depuis 2026-08-07...
2026-08-14 09:20:42,821 [WARNING]   -> ECHEC (ni IBKR ni Stooq) pour AEE : Aucune donnée (ni IBKR ni Stooq) pour AEE -- TROU DE COUVERTURE.
2026-08-14 09:20:42,822 [INFO] [14/503] AEP (American Electric Power), depuis 2026-08-07...
2026-08-14 09:20:44,321 [WARNING]   -> ECHEC (ni IBKR ni Stooq) pour AEP : Aucune donnée (ni IBKR ni Stooq) pour AEP -- TROU DE COUVERTURE.
2026-08-14 09:20:44,322 [INFO] [15/503] AES (AES Corporation), depuis 2026-08-07...
2026-08-14 09:20:45,846 [WARNING]   -> ECHEC (ni IBKR ni Stooq) pour AES : Aucune donnée (ni IBKR ni Stooq) pour AES -- TROU DE COUVERTURE.
2026-08-14 09:20:45,847 [INFO] [16/503] AFL (Aflac), depuis 2026-08-07...
2026-08-14 09:20:47,390 [WARNING]   -> ECHEC (ni IBKR ni Stooq) pour AFL : Aucune donnée (ni IBKR ni Stooq) pour AFL -- TROU DE COUVERTURE.
2026-08-14 09:20:47,391 [INFO] [17/503] AIG (American International Group), depuis 2026-08-07...
2026-08-14 09:20:49,116 [WARNING]   -> ECHEC (ni IBKR ni Stooq) pour AIG : Aucune donnée (ni IBKR ni Stooq) pour AIG -- TROU DE COUVERTURE.
2026-08-14 09:20:49,117 [INFO] [18/503] AIZ (Assurant), depuis 2026-08-07...
2026-08-14 09:20:51,225 [WARNING]   -> ECHEC (ni IBKR ni Stooq) pour AIZ : Aucune donnée (ni IBKR ni Stooq) pour AIZ -- TROU DE COUVERTURE.
2026-08-14 09:20:51,226 [INFO] [19/503] AJG (Arthur J. Gallagher & Co.), depuis 2026-08-07...
2026-08-14 09:20:52,992 [WARNING]   -> ECHEC (ni IBKR ni Stooq) pour AJG : Aucune donnée (ni IBKR ni Stooq) pour AJG -- TROU DE COUVERTURE.
2026-08-14 09:20:52,992 [INFO] [20/503] AKAM (Akamai Technologies), depuis 2026-08-07...
2026-08-14 09:20:54,876 [WARNING]   -> ECHEC (ni IBKR ni Stooq) pour AKAM : Aucune donnée (ni IBKR ni Stooq) pour AKAM -- TROU DE COUVERTURE.
2026-08-14 09:20:54,892 [INFO] [21/503] ALB (Albemarle Corporation), depuis 2026-08-07...
2026-08-14 09:20:56,734 [WARNING]   -> ECHEC (ni IBKR ni Stooq) pour ALB : Aucune donnée (ni IBKR ni Stooq) pour ALB -- TROU DE COUVERTURE.
2026-08-14 09:20:56,735 [INFO] [22/503] ALGN (Align Technology), depuis 2026-08-07...
2026-08-14 09:20:58,555 [WARNING]   -> ECHEC (ni IBKR ni Stooq) pour ALGN : Aucune donnée (ni IBKR ni Stooq) pour ALGN -- TROU DE COUVERTURE.
2026-08-14 09:20:58,556 [INFO] [23/503] ALL (Allstate), depuis 2026-08-07...
2026-08-14 09:21:00,266 [WARNING]   -> ECHEC (ni IBKR ni Stooq) pour ALL : Aucune donnée (ni IBKR ni Stooq) pour ALL -- TROU DE COUVERTURE.
2026-08-14 09:21:00,270 [INFO] [24/503] ALLE (Allegion), depuis 2026-08-07...
2026-08-14 09:21:02,320 [WARNING]   -> ECHEC (ni IBKR ni Stooq) pour ALLE : Aucune donnée (ni IBKR ni Stooq) pour ALLE -- TROU DE COUVERTURE.
2026-08-14 09:21:02,321 [INFO] [25/503] AMAT (Applied Materials), depuis 2026-08-07...
2026-08-14 09:21:04,529 [WARNING]   -> ECHEC (ni IBKR ni Stooq) pour AMAT : Aucune donnée (ni IBKR ni Stooq) pour AMAT -- TROU DE COUVERTURE.
2026-08-14 09:21:04,531 [INFO] [26/503] AMCR (Amcor), depuis 2026-08-07...
2026-08-14 09:21:06,277 [WARNING]   -> ECHEC (ni IBKR ni Stooq) pour AMCR : Aucune donnée (ni IBKR ni Stooq) pour AMCR -- TROU DE COUVERTURE.
2026-08-14 09:21:06,278 [INFO] [27/503] AMD (Advanced Micro Devices), depuis 2026-08-07...
2026-08-14 09:21:07,962 [WARNING]   -> ECHEC (ni IBKR ni Stooq) pour AMD : Aucune donnée (ni IBKR ni Stooq) pour AMD -- TROU DE COUVERTURE.
2026-08-14 09:21:07,963 [INFO] [28/503] AME (Ametek), depuis 2026-08-07...
2026-08-14 09:21:09,733 [WARNING]   -> ECHEC (ni IBKR ni Stooq) pour AME : Aucune donnée (ni IBKR ni Stooq) pour AME -- TROU DE COUVERTURE.
2026-08-14 09:21:09,734 [INFO] [29/503] AMGN (Amgen), depuis 2026-08-07...
2026-08-14 09:21:11,489 [WARNING]   -> ECHEC (ni IBKR ni Stooq) pour AMGN : Aucune donnée (ni IBKR ni Stooq) pour AMGN -- TROU DE COUVERTURE.
2026-08-14 09:21:11,492 [INFO] [30/503] AMP (Ameriprise Financial), depuis 2026-08-07...
2026-08-14 09:21:13,239 [WARNING]   -> ECHEC (ni IBKR ni Stooq) pour AMP : Aucune donnée (ni IBKR ni Stooq) pour AMP -- TROU DE COUVERTURE.
2026-08-14 09:21:13,240 [INFO] [31/503] AMT (American Tower), depuis 2026-08-07...
2026-08-14 09:21:14,944 [WARNING]   -> ECHEC (ni IBKR ni Stooq) pour AMT : Aucune donnée (ni IBKR ni Stooq) pour AMT -- TROU DE COUVERTURE.
2026-08-14 09:21:14,945 [INFO] [32/503] AMZN (Amazon), depuis 2026-08-07...
2026-08-14 09:21:16,719 [WARNING]   -> ECHEC (ni IBKR ni Stooq) pour AMZN : Aucune donnée (ni IBKR ni Stooq) pour AMZN -- TROU DE COUVERTURE.
2026-08-14 09:21:16,721 [INFO] [33/503] ANET (Arista Networks), depuis 2026-08-07...
2026-08-14 09:21:18,532 [WARNING]   -> ECHEC (ni IBKR ni Stooq) pour ANET : Aucune donnée (ni IBKR ni Stooq) pour ANET -- TROU DE COUVERTURE.
2026-08-14 09:21:18,533 [INFO] [34/503] AON (Aon plc), depuis 2026-08-07...
2026-08-14 09:21:20,242 [WARNING]   -> ECHEC (ni IBKR ni Stooq) pour AON : Aucune donnée (ni IBKR ni Stooq) pour AON -- TROU DE COUVERTURE.
2026-08-14 09:21:20,243 [INFO] [35/503] AOS (A. O. Smith), depuis 2026-08-07...
2026-08-14 09:21:22,098 [WARNING]   -> ECHEC (ni IBKR ni Stooq) pour AOS : Aucune donnée (ni IBKR ni Stooq) pour AOS -- TROU DE COUVERTURE.
2026-08-14 09:21:22,098 [INFO] [36/503] APA (APA Corporation), depuis 2026-08-07...
2026-08-14 09:21:23,821 [WARNING]   -> ECHEC (ni IBKR ni Stooq) pour APA : Aucune donnée (ni IBKR ni Stooq) pour APA -- TROU DE COUVERTURE.
2026-08-14 09:21:23,822 [INFO] [37/503] APD (Air Products), depuis 2026-08-07...
2026-08-14 09:21:25,755 [WARNING]   -> ECHEC (ni IBKR ni Stooq) pour APD : Aucune donnée (ni IBKR ni Stooq) pour APD -- TROU DE COUVERTURE.
2026-08-14 09:21:25,757 [INFO] [38/503] APH (Amphenol), depuis 2026-08-07...
2026-08-14 09:21:27,476 [WARNING]   -> ECHEC (ni IBKR ni Stooq) pour APH : Aucune donnée (ni IBKR ni Stooq) pour APH -- TROU DE COUVERTURE.
2026-08-14 09:21:27,477 [INFO] [39/503] APO (Apollo Global Management), depuis 2026-08-07...
2026-08-14 09:21:29,329 [WARNING]   -> ECHEC (ni IBKR ni Stooq) pour APO : Aucune donnée (ni IBKR ni Stooq) pour APO -- TROU DE COUVERTURE.
2026-08-14 09:21:29,329 [INFO] [40/503] APP (AppLovin), depuis 2026-08-07...
2026-08-14 09:21:30,658 [WARNING]   -> ECHEC (ni IBKR ni Stooq) pour APP : Aucune donnée (ni IBKR ni Stooq) pour APP -- TROU DE COUVERTURE.
2026-08-14 09:21:30,662 [INFO] [41/503] APTV (Aptiv), depuis 2026-08-07...
2026-08-14 09:21:32,025 [WARNING]   -> ECHEC (ni IBKR ni Stooq) pour APTV : Aucune donnée (ni IBKR ni Stooq) pour APTV -- TROU DE COUVERTURE.
2026-08-14 09:21:32,026 [INFO] [42/503] ARE (Alexandria Real Estate Equities), depuis 2026-08-07...
2026-08-14 09:21:33,419 [WARNING]   -> ECHEC (ni IBKR ni Stooq) pour ARE : Aucune donnée (ni IBKR ni Stooq) pour ARE -- TROU DE COUVERTURE.
2026-08-14 09:21:33,420 [INFO] [43/503] ARES (Ares Management), depuis 2026-08-07...
2026-08-14 09:21:34,825 [WARNING]   -> ECHEC (ni IBKR ni Stooq) pour ARES : Aucune donnée (ni IBKR ni Stooq) pour ARES -- TROU DE COUVERTURE.
2026-08-14 09:21:34,826 [INFO] [44/503] ATO (Atmos Energy), depuis 2026-08-07...
2026-08-14 09:21:36,214 [WARNING]   -> ECHEC (ni IBKR ni Stooq) pour ATO : Aucune donnée (ni IBKR ni Stooq) pour ATO -- TROU DE COUVERTURE.
2026-08-14 09:21:36,215 [INFO] [45/503] AVB (AvalonBay Communities), depuis 2026-08-07...
