2026-08-14 09:21:42,594 [INFO] Log file: data\prices\year_end_prices_20260814_092142.log
2026-08-14 09:21:42,613 [INFO] Univers chargé : 503 tickers.
2026-08-14 09:21:42,692 [INFO] Cache existant chargé : data\prices\year_end_prices.parquet (7888 lignes, 504 symboles).
2026-08-14 09:21:43,082 [INFO] 111/503 tickers déjà à jour (ignorés), 392 à récupérer.
2026-08-14 09:21:43,083 [INFO] Connecting to 127.0.0.1:4002 with clientId 3...
2026-08-14 09:21:43,084 [INFO] Connected
2026-08-14 09:21:43,184 [INFO] Logged on to server version 176
2026-08-14 09:21:43,274 [INFO] API connection ready
2026-08-14 09:21:43,292 [INFO] Warning 2104, reqId -1: Market data farm connection is OK:eufarm
2026-08-14 09:21:43,297 [INFO] Warning 2106, reqId -1: HMDS data farm connection is OK:euhmds
2026-08-14 09:21:43,297 [INFO] Warning 2158, reqId -1: Sec-def data farm connection is OK:secdefeu
2026-08-14 09:21:43,672 [INFO] Synchronization complete
2026-08-14 09:21:43,673 [INFO] Connecté à IBKR sur 127.0.0.1:4002 (clientId=3, readonly=True).
2026-08-14 09:21:43,673 [INFO] [1/392] CLX (Clorox), depuis 2010...
2026-08-14 09:21:49,055 [INFO] Warning 2106, reqId -1: HMDS data farm connection is OK:ushmds
2026-08-14 09:22:04,555 [INFO]   -> 17 années récupérées pour CLX
2026-08-14 09:22:04,555 [INFO] [2/392] CME (CME Group), depuis 2010...
2026-08-14 09:22:18,445 [INFO]   -> 17 années récupérées pour CME
2026-08-14 09:22:18,448 [INFO] [3/392] CMS (CMS Energy), depuis 2010...
2026-08-14 09:22:32,474 [INFO]   -> 17 années récupérées pour CMS
2026-08-14 09:22:32,475 [INFO] [4/392] KO (Coca-Cola Company (The)), depuis 2010...
2026-08-14 09:22:45,435 [INFO]   -> 17 années récupérées pour KO
2026-08-14 09:22:45,436 [INFO] [5/392] CTSH (Cognizant), depuis 2010...
2026-08-14 09:22:57,842 [INFO]   -> 17 années récupérées pour CTSH
2026-08-14 09:22:57,843 [INFO] [6/392] COHR (Coherent Corp.), depuis 2010...
2026-08-14 09:23:10,771 [INFO]   -> 17 années récupérées pour COHR
2026-08-14 09:23:10,772 [INFO] [7/392] COIN (Coinbase), depuis 2010...
2026-08-14 09:23:22,594 [INFO]   -> 6 années récupérées pour COIN
2026-08-14 09:23:22,596 [INFO] [8/392] CL (Colgate-Palmolive), depuis 2010...
2026-08-14 09:23:35,461 [INFO]   -> 17 années récupérées pour CL
2026-08-14 09:23:35,461 [INFO] [9/392] CMCSA (Comcast), depuis 2010...
2026-08-14 09:23:49,320 [INFO]   -> 17 années récupérées pour CMCSA
2026-08-14 09:23:49,320 [INFO] [10/392] FIX (Comfort Systems USA), depuis 2010...
2026-08-14 09:24:02,230 [INFO]   -> 17 années récupérées pour FIX
2026-08-14 09:24:02,230 [INFO] [11/392] COP (ConocoPhillips), depuis 2010...
2026-08-14 09:24:15,089 [INFO]   -> 17 années récupérées pour COP
2026-08-14 09:24:15,090 [INFO] [12/392] ED (Consolidated Edison), depuis 2010...
2026-08-14 09:24:28,161 [INFO]   -> 17 années récupérées pour ED
2026-08-14 09:24:28,163 [INFO] [13/392] STZ (Constellation Brands), depuis 2010...
2026-08-14 09:24:40,902 [INFO]   -> 17 années récupérées pour STZ
2026-08-14 09:24:40,966 [INFO]   (point de sauvegarde : 7888 lignes au total dans data\prices\year_end_prices.parquet)
2026-08-14 09:24:40,967 [INFO] [14/392] CEG (Constellation Energy), depuis 2010...
2026-08-14 09:24:52,980 [INFO]   -> 5 années récupérées pour CEG
2026-08-14 09:24:52,981 [INFO] [15/392] COO (Cooper Companies (The)), depuis 2010...
2026-08-14 09:25:04,821 [INFO]   -> 4 années récupérées pour COO
2026-08-14 09:25:04,822 [INFO] [16/392] CPRT (Copart), depuis 2010...
2026-08-14 09:25:17,090 [INFO]   -> 17 années récupérées pour CPRT
2026-08-14 09:25:17,092 [INFO] [17/392] GLW (Corning Inc.), depuis 2010...
2026-08-14 09:25:29,859 [INFO]   -> 17 années récupérées pour GLW
2026-08-14 09:25:29,860 [INFO] [18/392] CPAY (Corpay), depuis 2010...
2026-08-14 09:25:42,344 [INFO]   -> 17 années récupérées pour CPAY
2026-08-14 09:25:42,344 [INFO] [19/392] CTVA (Corteva), depuis 2010...
2026-08-14 09:25:54,674 [INFO]   -> 8 années récupérées pour CTVA
2026-08-14 09:25:54,675 [INFO] [20/392] CSGP (CoStar Group), depuis 2010...
2026-08-14 09:26:06,888 [INFO]   -> 17 années récupérées pour CSGP
2026-08-14 09:26:06,889 [INFO] [21/392] COST (Costco), depuis 2010...
2026-08-14 09:26:19,378 [INFO]   -> 17 années récupérées pour COST
2026-08-14 09:26:19,378 [INFO] [22/392] CRH (CRH plc), depuis 2010...
2026-08-14 09:26:31,255 [INFO]   -> 4 années récupérées pour CRH
2026-08-14 09:26:31,256 [INFO] [23/392] CRWD (CrowdStrike), depuis 2010...
2026-08-14 09:26:43,290 [INFO]   -> 8 années récupérées pour CRWD
2026-08-14 09:26:43,291 [INFO] [24/392] CCI (Crown Castle), depuis 2010...
2026-08-14 09:26:55,880 [INFO]   -> 17 années récupérées pour CCI
2026-08-14 09:26:55,880 [INFO] [25/392] CSX (CSX Corporation), depuis 2010...
2026-08-14 09:27:08,097 [INFO]   -> 12 années récupérées pour CSX
2026-08-14 09:27:08,098 [INFO] [26/392] CMI (Cummins), depuis 2010...
2026-08-14 09:27:20,856 [INFO]   -> 17 années récupérées pour CMI
2026-08-14 09:27:20,856 [INFO] [27/392] CVS (CVS Health), depuis 2010...
2026-08-14 09:27:33,738 [INFO]   -> 17 années récupérées pour CVS
2026-08-14 09:27:33,739 [INFO] [28/392] DHR (Danaher Corporation), depuis 2010...
2026-08-14 09:27:46,502 [INFO]   -> 17 années récupérées pour DHR
2026-08-14 09:27:46,503 [INFO] [29/392] DRI (Darden Restaurants), depuis 2010...
2026-08-14 09:27:59,294 [INFO]   -> 17 années récupérées pour DRI
2026-08-14 09:27:59,340 [INFO]   (point de sauvegarde : 7888 lignes au total dans data\prices\year_end_prices.parquet)
2026-08-14 09:27:59,342 [INFO] [30/392] DDOG (Datadog), depuis 2010...
2026-08-14 09:28:11,173 [INFO]   -> 8 années récupérées pour DDOG
2026-08-14 09:28:11,174 [INFO] [31/392] DVA (DaVita), depuis 2010...
2026-08-14 09:28:23,660 [INFO]   -> 17 années récupérées pour DVA
2026-08-14 09:28:23,662 [INFO] [32/392] DECK (Deckers Brands), depuis 2010...
2026-08-14 09:28:36,128 [INFO]   -> 17 années récupérées pour DECK
2026-08-14 09:28:36,129 [INFO] [33/392] DE (Deere & Company), depuis 2010...
2026-08-14 09:28:48,932 [INFO]   -> 17 années récupérées pour DE
2026-08-14 09:28:48,933 [INFO] [34/392] DELL (Dell Technologies), depuis 2010...
2026-08-14 09:29:01,719 [INFO]   -> 9 années récupérées pour DELL
2026-08-14 09:29:01,720 [INFO] [35/392] DAL (Delta Air Lines), depuis 2010...
2026-08-14 09:29:14,302 [INFO]   -> 17 années récupérées pour DAL
2026-08-14 09:29:14,303 [INFO] [36/392] DVN (Devon Energy), depuis 2010...
2026-08-14 09:29:27,013 [INFO]   -> 17 années récupérées pour DVN
2026-08-14 09:29:27,014 [INFO] [37/392] DXCM (Dexcom), depuis 2010...
2026-08-14 09:29:39,296 [INFO]   -> 17 années récupérées pour DXCM
2026-08-14 09:29:39,297 [INFO] [38/392] FANG (Diamondback Energy), depuis 2010...
2026-08-14 09:29:51,535 [INFO]   -> 15 années récupérées pour FANG
2026-08-14 09:29:51,536 [INFO] [39/392] DLR (Digital Realty), depuis 2010...
2026-08-14 09:30:04,261 [INFO]   -> 17 années récupérées pour DLR
2026-08-14 09:30:04,262 [INFO] [40/392] DG (Dollar General), depuis 2010...
2026-08-14 09:30:16,869 [INFO]   -> 17 années récupérées pour DG
2026-08-14 09:30:16,870 [INFO] [41/392] DLTR (Dollar Tree), depuis 2010...
2026-08-14 09:30:29,492 [INFO]   -> 17 années récupérées pour DLTR
2026-08-14 09:30:29,493 [INFO] [42/392] D (Dominion Energy), depuis 2010...
2026-08-14 09:30:42,169 [INFO]   -> 17 années récupérées pour D
2026-08-14 09:30:42,208 [INFO]   (point de sauvegarde : 7888 lignes au total dans data\prices\year_end_prices.parquet)
2026-08-14 09:30:42,208 [INFO] [43/392] DPZ (Domino's), depuis 2010...
2026-08-14 09:30:54,778 [INFO]   -> 17 années récupérées pour DPZ
2026-08-14 09:30:54,778 [INFO] [44/392] DASH (DoorDash), depuis 2010...
2026-08-14 09:31:06,973 [INFO]   -> 7 années récupérées pour DASH
2026-08-14 09:31:06,974 [INFO] [45/392] DOV (Dover Corporation), depuis 2010...
2026-08-14 09:31:19,828 [INFO]   -> 17 années récupérées pour DOV
2026-08-14 09:31:19,829 [INFO] [46/392] DOW (Dow Inc.), depuis 2010...
2026-08-14 09:31:31,974 [INFO]   -> 8 années récupérées pour DOW
2026-08-14 09:31:31,975 [INFO] [47/392] DHI (D. R. Horton), depuis 2010...
2026-08-14 09:31:44,724 [INFO]   -> 17 années récupérées pour DHI
2026-08-14 09:31:44,726 [INFO] [48/392] DTE (DTE Energy), depuis 2010...
2026-08-14 09:31:57,420 [INFO]   -> 17 années récupérées pour DTE
2026-08-14 09:31:57,421 [INFO] [49/392] DUK (Duke Energy), depuis 2010...
2026-08-14 09:32:10,287 [INFO]   -> 17 années récupérées pour DUK
2026-08-14 09:32:10,287 [INFO] [50/392] DD (DuPont), depuis 2010...
2026-08-14 09:32:22,983 [INFO]   -> 10 années récupérées pour DD
2026-08-14 09:32:22,984 [INFO] [51/392] ETN (Eaton Corporation), depuis 2010...
2026-08-14 09:32:35,884 [INFO]   -> 17 années récupérées pour ETN
2026-08-14 09:32:35,885 [INFO] [52/392] EBAY (eBay Inc.), depuis 2010...
2026-08-14 09:32:48,193 [INFO]   -> 17 années récupérées pour EBAY
2026-08-14 09:32:48,193 [INFO] [53/392] ECHO (EchoStar), depuis 2010...
2026-08-14 09:33:00,699 [INFO]   -> 17 années récupérées pour ECHO
2026-08-14 09:33:00,700 [INFO] [54/392] ECL (Ecolab), depuis 2010...
2026-08-14 09:33:13,449 [INFO]   -> 17 années récupérées pour ECL
2026-08-14 09:33:13,449 [INFO] [55/392] EIX (Edison International), depuis 2010...
2026-08-14 09:33:26,168 [INFO]   -> 17 années récupérées pour EIX
2026-08-14 09:33:26,168 [INFO] [56/392] EW (Edwards Lifesciences), depuis 2010...
2026-08-14 09:33:38,677 [INFO]   -> 17 années récupérées pour EW
2026-08-14 09:33:38,727 [INFO]   (point de sauvegarde : 7888 lignes au total dans data\prices\year_end_prices.parquet)
2026-08-14 09:33:38,732 [INFO] [57/392] ELV (Elevance Health), depuis 2010...
2026-08-14 09:33:51,284 [INFO]   -> 17 années récupérées pour ELV
2026-08-14 09:33:51,285 [INFO] [58/392] EME (Emcor), depuis 2010...
2026-08-14 09:34:03,908 [INFO]   -> 17 années récupérées pour EME
2026-08-14 09:34:03,908 [INFO] [59/392] EMR (Emerson Electric), depuis 2010...
2026-08-14 09:34:16,710 [INFO]   -> 17 années récupérées pour EMR
2026-08-14 09:34:16,711 [INFO] [60/392] ETR (Entergy), depuis 2010...
2026-08-14 09:34:29,479 [INFO]   -> 17 années récupérées pour ETR
2026-08-14 09:34:29,480 [INFO] [61/392] EOG (EOG Resources), depuis 2010...
2026-08-14 09:34:42,170 [INFO]   -> 17 années récupérées pour EOG
2026-08-14 09:34:42,171 [INFO] [62/392] EQT (EQT Corporation), depuis 2010...
2026-08-14 09:34:54,805 [INFO]   -> 17 années récupérées pour EQT
2026-08-14 09:34:54,805 [INFO] [63/392] EFX (Equifax), depuis 2010...
2026-08-14 09:35:07,447 [INFO]   -> 17 années récupérées pour EFX
2026-08-14 09:35:07,447 [INFO] [64/392] EQIX (Equinix), depuis 2010...
2026-08-14 09:35:19,721 [INFO]   -> 17 années récupérées pour EQIX
2026-08-14 09:35:19,721 [INFO] [65/392] EQR (Equity Residential), depuis 2010...
2026-08-14 09:35:32,456 [INFO]   -> 17 années récupérées pour EQR
2026-08-14 09:35:32,457 [INFO] [66/392] ERIE (Erie Indemnity), depuis 2010...
2026-08-14 09:35:44,778 [INFO]   -> 17 années récupérées pour ERIE
2026-08-14 09:35:44,779 [INFO] [67/392] ESS (Essex Property Trust), depuis 2010...
2026-08-14 09:35:57,435 [INFO]   -> 17 années récupérées pour ESS
2026-08-14 09:35:57,435 [INFO] [68/392] EL (Estée Lauder Companies (The)), depuis 2010...
2026-08-14 09:36:10,036 [INFO]   -> 17 années récupérées pour EL
2026-08-14 09:36:10,086 [INFO]   (point de sauvegarde : 7888 lignes au total dans data\prices\year_end_prices.parquet)
2026-08-14 09:36:10,087 [INFO] [69/392] EG (Everest Group), depuis 2010...
2026-08-14 09:36:22,906 [INFO]   -> 17 années récupérées pour EG
2026-08-14 09:36:22,906 [INFO] [70/392] EVRG (Evergy), depuis 2010...
2026-08-14 09:36:35,373 [INFO]   -> 9 années récupérées pour EVRG
2026-08-14 09:36:35,374 [INFO] [71/392] ES (Eversource Energy), depuis 2010...
2026-08-14 09:36:48,057 [INFO]   -> 17 années récupérées pour ES
2026-08-14 09:36:48,059 [INFO] [72/392] EXC (Exelon), depuis 2010...
2026-08-14 09:37:00,696 [INFO]   -> 17 années récupérées pour EXC
2026-08-14 09:37:00,697 [INFO] [73/392] EXE (Expand Energy), depuis 2010...
2026-08-14 09:37:12,798 [INFO]   -> 6 années récupérées pour EXE
2026-08-14 09:37:12,799 [INFO] [74/392] EXPE (Expedia Group), depuis 2010...
2026-08-14 09:37:25,285 [INFO]   -> 17 années récupérées pour EXPE
2026-08-14 09:37:25,286 [INFO] [75/392] EXPD (Expeditors International), depuis 2010...
2026-08-14 09:37:37,825 [INFO]   -> 17 années récupérées pour EXPD
2026-08-14 09:37:37,825 [INFO] [76/392] EXR (Extra Space Storage), depuis 2010...
2026-08-14 09:37:50,563 [INFO]   -> 17 années récupérées pour EXR
2026-08-14 09:37:50,564 [INFO] [77/392] XOM (ExxonMobil), depuis 2010...
2026-08-14 09:38:03,598 [INFO]   -> 17 années récupérées pour XOM
2026-08-14 09:38:03,599 [INFO] [78/392] FFIV (F5, Inc.), depuis 2010...
2026-08-14 09:38:15,908 [INFO]   -> 17 années récupérées pour FFIV
2026-08-14 09:38:15,909 [INFO] [79/392] FDS (FactSet), depuis 2010...
2026-08-14 09:38:28,859 [INFO]   -> 17 années récupérées pour FDS
2026-08-14 09:38:28,859 [INFO] [80/392] FICO (Fair Isaac), depuis 2010...
2026-08-14 09:38:41,459 [INFO]   -> 17 années récupérées pour FICO
2026-08-14 09:38:41,460 [INFO] [81/392] FAST (Fastenal), depuis 2010...
2026-08-14 09:38:53,946 [INFO]   -> 17 années récupérées pour FAST
2026-08-14 09:38:53,992 [INFO]   (point de sauvegarde : 7888 lignes au total dans data\prices\year_end_prices.parquet)
2026-08-14 09:38:53,993 [INFO] [82/392] FRT (Federal Realty Investment Trust), depuis 2010...
2026-08-14 09:39:06,744 [INFO]   -> 17 années récupérées pour FRT
2026-08-14 09:39:06,744 [INFO] [83/392] FDX (FedEx), depuis 2010...
2026-08-14 09:39:19,594 [INFO]   -> 17 années récupérées pour FDX
2026-08-14 09:39:19,595 [INFO] [84/392] FDXF (FedEx Freight), depuis 2010...
2026-08-14 09:39:31,235 [INFO]   -> 1 années récupérées pour FDXF
2026-08-14 09:39:31,236 [INFO] [85/392] FERG (Ferguson Enterprises), depuis 2026...
2026-08-14 09:39:42,798 [INFO]   -> 1 années récupérées pour FERG
2026-08-14 09:39:42,800 [INFO] [86/392] FIS (Fidelity National Information Services), depuis 2010...
2026-08-14 09:39:55,667 [INFO]   -> 17 années récupérées pour FIS
2026-08-14 09:39:55,668 [INFO] [87/392] FITB (Fifth Third Bancorp), depuis 2010...
2026-08-14 09:40:08,323 [INFO]   -> 17 années récupérées pour FITB
2026-08-14 09:40:08,324 [INFO] [88/392] FSLR (First Solar), depuis 2010...
2026-08-14 09:40:20,547 [INFO]   -> 17 années récupérées pour FSLR
2026-08-14 09:40:20,548 [INFO] [89/392] FE (FirstEnergy), depuis 2010...
2026-08-14 09:40:33,266 [INFO]   -> 17 années récupérées pour FE
2026-08-14 09:40:33,267 [INFO] [90/392] FISV (Fiserv), depuis 2010...
2026-08-14 09:40:45,992 [INFO]   -> 17 années récupérées pour FISV
2026-08-14 09:40:45,993 [INFO] [91/392] FLEX (Flex Ltd.), depuis 2010...
2026-08-14 09:40:58,383 [INFO]   -> 17 années récupérées pour FLEX
2026-08-14 09:40:58,383 [INFO] [92/392] F (Ford Motor Company), depuis 2010...
2026-08-14 09:41:10,985 [INFO]   -> 17 années récupérées pour F
2026-08-14 09:41:10,985 [INFO] [93/392] FTNT (Fortinet), depuis 2010...
2026-08-14 09:41:23,356 [INFO]   -> 17 années récupérées pour FTNT
2026-08-14 09:41:23,357 [INFO] [94/392] FTV (Fortive), depuis 2010...
2026-08-14 09:41:35,819 [INFO]   -> 11 années récupérées pour FTV
2026-08-14 09:41:35,821 [INFO] [95/392] FOXA (Fox Corporation (Class A)), depuis 2010...
2026-08-14 09:41:47,827 [INFO]   -> 8 années récupérées pour FOXA
2026-08-14 09:41:47,828 [INFO] [96/392] FOX (Fox Corporation (Class B)), depuis 2010...
2026-08-14 09:41:59,740 [INFO]   -> 8 années récupérées pour FOX
2026-08-14 09:41:59,741 [INFO] [97/392] BEN (Franklin Resources), depuis 2010...
2026-08-14 09:42:12,656 [INFO]   -> 17 années récupérées pour BEN
2026-08-14 09:42:12,713 [INFO]   (point de sauvegarde : 7888 lignes au total dans data\prices\year_end_prices.parquet)
2026-08-14 09:42:12,718 [INFO] [98/392] FCX (Freeport-McMoRan), depuis 2010...
2026-08-14 09:42:25,479 [INFO]   -> 17 années récupérées pour FCX
2026-08-14 09:42:25,479 [INFO] [99/392] GRMN (Garmin), depuis 2010...
2026-08-14 09:42:38,385 [INFO]   -> 17 années récupérées pour GRMN
2026-08-14 09:42:38,386 [INFO] [100/392] IT (Gartner), depuis 2010...
2026-08-14 09:42:50,975 [INFO]   -> 17 années récupérées pour IT
2026-08-14 09:42:50,975 [INFO] [101/392] GE (GE Aerospace), depuis 2010...
2026-08-14 09:43:03,740 [INFO]   -> 17 années récupérées pour GE
2026-08-14 09:43:03,741 [INFO] [102/392] GEHC (GE HealthCare), depuis 2010...
2026-08-14 09:43:15,643 [INFO]   -> 5 années récupérées pour GEHC
2026-08-14 09:43:15,643 [INFO] [103/392] GEV (GE Vernova), depuis 2010...
2026-08-14 09:43:27,411 [INFO]   -> 3 années récupérées pour GEV
2026-08-14 09:43:27,416 [INFO] [104/392] GEN (Gen Digital), depuis 2010...
2026-08-14 09:43:40,005 [INFO]   -> 17 années récupérées pour GEN
2026-08-14 09:43:40,006 [INFO] [105/392] GNRC (Generac), depuis 2010...
2026-08-14 09:43:52,561 [INFO]   -> 17 années récupérées pour GNRC
2026-08-14 09:43:52,561 [INFO] [106/392] GD (General Dynamics), depuis 2010...
2026-08-14 09:44:05,222 [INFO]   -> 17 années récupérées pour GD
2026-08-14 09:44:05,222 [INFO] [107/392] GIS (General Mills), depuis 2010...
2026-08-14 09:44:18,047 [INFO]   -> 17 années récupérées pour GIS
2026-08-14 09:44:18,048 [INFO] [108/392] GM (General Motors), depuis 2010...
2026-08-14 09:44:30,572 [INFO]   -> 17 années récupérées pour GM
2026-08-14 09:44:30,574 [INFO] [109/392] GPC (Genuine Parts Company), depuis 2010...
2026-08-14 09:44:43,387 [INFO]   -> 17 années récupérées pour GPC
2026-08-14 09:44:43,387 [INFO] [110/392] GILD (Gilead Sciences), depuis 2010...
2026-08-14 09:44:55,688 [INFO]   -> 17 années récupérées pour GILD
2026-08-14 09:44:55,689 [INFO] [111/392] GPN (Global Payments), depuis 2010...
2026-08-14 09:45:08,457 [INFO]   -> 17 années récupérées pour GPN
2026-08-14 09:45:08,507 [INFO]   (point de sauvegarde : 7888 lignes au total dans data\prices\year_end_prices.parquet)
2026-08-14 09:45:08,507 [INFO] [112/392] GL (Globe Life), depuis 2010...
2026-08-14 09:45:21,155 [INFO]   -> 17 années récupérées pour GL
2026-08-14 09:45:21,156 [INFO] [113/392] GDDY (GoDaddy), depuis 2010...
2026-08-14 09:45:33,412 [INFO]   -> 12 années récupérées pour GDDY
2026-08-14 09:45:33,413 [INFO] [114/392] GS (Goldman Sachs), depuis 2010...
2026-08-14 09:45:46,058 [INFO]   -> 17 années récupérées pour GS
2026-08-14 09:45:46,059 [INFO] [115/392] HAL (Halliburton), depuis 2010...
2026-08-14 09:45:59,196 [INFO]   -> 17 années récupérées pour HAL
2026-08-14 09:45:59,197 [INFO] [116/392] HIG (Hartford (The)), depuis 2010...
2026-08-14 09:46:11,961 [INFO]   -> 17 années récupérées pour HIG
2026-08-14 09:46:11,961 [INFO] [117/392] HAS (Hasbro), depuis 2010...
2026-08-14 09:46:24,509 [INFO]   -> 17 années récupérées pour HAS
2026-08-14 09:46:24,509 [INFO] [118/392] HCA (HCA Healthcare), depuis 2010...
2026-08-14 09:46:36,982 [INFO]   -> 16 années récupérées pour HCA
2026-08-14 09:46:36,982 [INFO] [119/392] DOC (Healthpeak Properties), depuis 2010...
2026-08-14 09:46:50,135 [INFO]   -> 17 années récupérées pour DOC
2026-08-14 09:46:50,135 [INFO] [120/392] HSIC (Henry Schein), depuis 2010...
2026-08-14 09:47:02,290 [INFO]   -> 17 années récupérées pour HSIC
2026-08-14 09:47:02,291 [INFO] [121/392] HSY (Hershey Company (The)), depuis 2010...
2026-08-14 09:47:15,118 [INFO]   -> 17 années récupérées pour HSY
2026-08-14 09:47:15,119 [INFO] [122/392] HPE (Hewlett Packard Enterprise), depuis 2010...
2026-08-14 09:47:27,553 [INFO]   -> 12 années récupérées pour HPE
2026-08-14 09:47:27,556 [INFO] [123/392] HLT (Hilton Worldwide), depuis 2010...
2026-08-14 09:47:39,938 [INFO]   -> 14 années récupérées pour HLT
2026-08-14 09:47:39,939 [INFO] [124/392] HD (Home Depot (The)), depuis 2010...
2026-08-14 09:47:52,636 [INFO]   -> 17 années récupérées pour HD
2026-08-14 09:47:52,656 [INFO]   (point de sauvegarde : 7888 lignes au total dans data\prices\year_end_prices.parquet)
2026-08-14 09:47:52,657 [INFO] [125/392] HONA (Honeywell Aerospace), depuis 2010...
2026-08-14 09:48:04,265 [INFO]   -> 1 années récupérées pour HONA
2026-08-14 09:48:04,267 [INFO] [126/392] HON (Honeywell Technologies), depuis 2010...
2026-08-14 09:48:17,190 [INFO]   -> 17 années récupérées pour HON
2026-08-14 09:48:17,190 [INFO] [127/392] HRL (Hormel Foods), depuis 2010...
2026-08-14 09:48:30,004 [INFO]   -> 17 années récupérées pour HRL
2026-08-14 09:48:30,005 [INFO] [128/392] HST (Host Hotels & Resorts), depuis 2010...
2026-08-14 09:48:42,714 [INFO]   -> 17 années récupérées pour HST
2026-08-14 09:48:42,714 [INFO] [129/392] HWM (Howmet Aerospace), depuis 2010...
2026-08-14 09:48:55,707 [INFO]   -> 17 années récupérées pour HWM
2026-08-14 09:48:55,707 [INFO] [130/392] HPQ (HP Inc.), depuis 2010...
2026-08-14 09:49:08,378 [INFO]   -> 17 années récupérées pour HPQ
2026-08-14 09:49:08,379 [INFO] [131/392] HUBB (Hubbell Incorporated), depuis 2010...
2026-08-14 09:49:20,991 [INFO]   -> 17 années récupérées pour HUBB
2026-08-14 09:49:20,991 [INFO] [132/392] HUM (Humana), depuis 2010...
2026-08-14 09:49:33,681 [INFO]   -> 17 années récupérées pour HUM
2026-08-14 09:49:33,682 [INFO] [133/392] HBAN (Huntington Bancshares), depuis 2010...
2026-08-14 09:49:46,046 [INFO]   -> 17 années récupérées pour HBAN
2026-08-14 09:49:46,047 [INFO] [134/392] HII (Huntington Ingalls Industries), depuis 2010...
2026-08-14 09:49:58,773 [INFO]   -> 16 années récupérées pour HII
2026-08-14 09:49:58,773 [INFO] [135/392] IBM (IBM), depuis 2010...
2026-08-14 09:50:11,636 [INFO]   -> 17 années récupérées pour IBM
2026-08-14 09:50:11,636 [INFO] [136/392] IEX (IDEX Corporation), depuis 2010...
2026-08-14 09:50:24,281 [INFO]   -> 17 années récupérées pour IEX
2026-08-14 09:50:24,282 [INFO] [137/392] IDXX (Idexx Laboratories), depuis 2010...
2026-08-14 09:50:36,489 [INFO]   -> 17 années récupérées pour IDXX
2026-08-14 09:50:36,545 [INFO]   (point de sauvegarde : 7888 lignes au total dans data\prices\year_end_prices.parquet)
2026-08-14 09:50:36,546 [INFO] [138/392] ITW (Illinois Tool Works), depuis 2010...
2026-08-14 09:50:49,362 [INFO]   -> 17 années récupérées pour ITW
2026-08-14 09:50:49,363 [INFO] [139/392] INCY (Incyte), depuis 2010...
2026-08-14 09:51:01,562 [INFO]   -> 17 années récupérées pour INCY
2026-08-14 09:51:01,563 [INFO] [140/392] IR (Ingersoll Rand), depuis 2010...
2026-08-14 09:51:13,706 [INFO]   -> 10 années récupérées pour IR
2026-08-14 09:51:13,707 [INFO] [141/392] PODD (Insulet Corporation), depuis 2010...
2026-08-14 09:51:25,877 [INFO]   -> 17 années récupérées pour PODD
2026-08-14 09:51:25,877 [INFO] [142/392] INTC (Intel), depuis 2010...
2026-08-14 09:51:38,226 [INFO]   -> 17 années récupérées pour INTC
2026-08-14 09:51:38,227 [INFO] [143/392] IBKR (Interactive Brokers), depuis 2010...
2026-08-14 09:51:51,055 [INFO]   -> 17 années récupérées pour IBKR
2026-08-14 09:51:51,056 [INFO] [144/392] ICE (Intercontinental Exchange), depuis 2010...
2026-08-14 09:52:03,633 [INFO]   -> 17 années récupérées pour ICE
2026-08-14 09:52:03,634 [INFO] [145/392] IFF (International Flavors & Fragrances), depuis 2010...
2026-08-14 09:52:16,355 [INFO]   -> 17 années récupérées pour IFF
2026-08-14 09:52:16,356 [INFO] [146/392] IP (International Paper), depuis 2010...
2026-08-14 09:52:29,089 [INFO]   -> 17 années récupérées pour IP
2026-08-14 09:52:29,092 [INFO] [147/392] INTU (Intuit), depuis 2010...
2026-08-14 09:52:41,405 [INFO]   -> 17 années récupérées pour INTU
2026-08-14 09:52:41,406 [INFO] [148/392] ISRG (Intuitive Surgical), depuis 2010...
2026-08-14 09:52:53,644 [INFO]   -> 17 années récupérées pour ISRG
2026-08-14 09:52:53,645 [INFO] [149/392] IVZ (Invesco), depuis 2010...
2026-08-14 09:53:06,301 [INFO]   -> 17 années récupérées pour IVZ
2026-08-14 09:53:06,302 [INFO] [150/392] INVH (Invitation Homes), depuis 2010...
2026-08-14 09:53:18,582 [INFO]   -> 10 années récupérées pour INVH
2026-08-14 09:53:18,623 [INFO]   (point de sauvegarde : 7888 lignes au total dans data\prices\year_end_prices.parquet)
2026-08-14 09:53:18,623 [INFO] [151/392] IQV (IQVIA), depuis 2010...
2026-08-14 09:53:30,894 [INFO]   -> 14 années récupérées pour IQV
2026-08-14 09:53:30,895 [INFO] [152/392] IRM (Iron Mountain), depuis 2010...
2026-08-14 09:53:43,442 [INFO]   -> 17 années récupérées pour IRM
2026-08-14 09:53:43,443 [INFO] [153/392] JBHT (J.B. Hunt), depuis 2010...
2026-08-14 09:53:55,822 [INFO]   -> 17 années récupérées pour JBHT
2026-08-14 09:53:55,824 [INFO] [154/392] JBL (Jabil), depuis 2010...
2026-08-14 09:54:08,583 [INFO]   -> 17 années récupérées pour JBL
2026-08-14 09:54:08,583 [INFO] [155/392] JKHY (Jack Henry & Associates), depuis 2010...
2026-08-14 09:54:21,083 [INFO]   -> 17 années récupérées pour JKHY
2026-08-14 09:54:21,083 [INFO] [156/392] J (Jacobs Solutions), depuis 2010...
2026-08-14 09:54:33,841 [INFO]   -> 17 années récupérées pour J
2026-08-14 09:54:33,842 [INFO] [157/392] JNJ (Johnson & Johnson), depuis 2010...
2026-08-14 09:54:46,579 [INFO]   -> 17 années récupérées pour JNJ
2026-08-14 09:54:46,580 [INFO] [158/392] JCI (Johnson Controls), depuis 2010...
2026-08-14 09:54:59,517 [INFO]   -> 17 années récupérées pour JCI
2026-08-14 09:54:59,521 [INFO] [159/392] JPM (JPMorgan Chase), depuis 2010...
2026-08-14 09:55:12,455 [INFO]   -> 17 années récupérées pour JPM
2026-08-14 09:55:12,455 [INFO] [160/392] KVUE (Kenvue), depuis 2010...
2026-08-14 09:55:24,203 [INFO]   -> 4 années récupérées pour KVUE
2026-08-14 09:55:24,203 [INFO] [161/392] KDP (Keurig Dr Pepper), depuis 2010...
2026-08-14 09:55:36,886 [INFO]   -> 17 années récupérées pour KDP
2026-08-14 09:55:36,887 [INFO] [162/392] KEY (KeyCorp), depuis 2010...
2026-08-14 09:55:49,657 [INFO]   -> 17 années récupérées pour KEY
2026-08-14 09:55:49,658 [INFO] [163/392] KEYS (Keysight Technologies), depuis 2010...
2026-08-14 09:56:02,059 [INFO]   -> 13 années récupérées pour KEYS
2026-08-14 09:56:02,103 [INFO]   (point de sauvegarde : 7888 lignes au total dans data\prices\year_end_prices.parquet)
2026-08-14 09:56:02,104 [INFO] [164/392] KMB (Kimberly-Clark), depuis 2010...
2026-08-14 09:56:14,916 [INFO]   -> 17 années récupérées pour KMB
2026-08-14 09:56:14,917 [INFO] [165/392] KIM (Kimco Realty), depuis 2010...
2026-08-14 09:56:27,794 [INFO]   -> 17 années récupérées pour KIM
2026-08-14 09:56:27,795 [INFO] [166/392] KMI (Kinder Morgan), depuis 2010...
2026-08-14 09:56:40,432 [INFO]   -> 16 années récupérées pour KMI
2026-08-14 09:56:40,432 [INFO] [167/392] KKR (KKR & Co.), depuis 2010...
2026-08-14 09:56:53,039 [INFO]   -> 17 années récupérées pour KKR
2026-08-14 09:56:53,040 [INFO] [168/392] KLAC (KLA Corporation), depuis 2010...
2026-08-14 09:57:05,547 [INFO]   -> 17 années récupérées pour KLAC
2026-08-14 09:57:05,548 [INFO] [169/392] KHC (Kraft Heinz), depuis 2010...
2026-08-14 09:57:17,679 [INFO]   -> 12 années récupérées pour KHC
2026-08-14 09:57:17,680 [INFO] [170/392] KR (Kroger), depuis 2010...
2026-08-14 09:57:30,482 [INFO]   -> 17 années récupérées pour KR
2026-08-14 09:57:30,483 [INFO] [171/392] LHX (L3Harris), depuis 2010...
2026-08-14 09:57:43,148 [INFO]   -> 17 années récupérées pour LHX
2026-08-14 09:57:43,150 [INFO] [172/392] LH (Labcorp), depuis 2010...
2026-08-14 09:57:55,908 [INFO]   -> 17 années récupérées pour LH
2026-08-14 09:57:55,909 [INFO] [173/392] LRCX (Lam Research), depuis 2010...
2026-08-14 09:58:08,380 [INFO]   -> 17 années récupérées pour LRCX
2026-08-14 09:58:08,381 [INFO] [174/392] LVS (Las Vegas Sands), depuis 2010...
2026-08-14 09:58:21,034 [INFO]   -> 17 années récupérées pour LVS
2026-08-14 09:58:21,035 [INFO] [175/392] LDOS (Leidos), depuis 2010...
2026-08-14 09:58:33,417 [INFO]   -> 14 années récupérées pour LDOS
2026-08-14 09:58:33,417 [INFO] [176/392] LEN (Lennar), depuis 2010...
2026-08-14 09:58:46,268 [INFO]   -> 17 années récupérées pour LEN
2026-08-14 09:58:46,326 [INFO]   (point de sauvegarde : 7888 lignes au total dans data\prices\year_end_prices.parquet)
2026-08-14 09:58:46,327 [INFO] [177/392] LII (Lennox International), depuis 2010...
2026-08-14 09:58:59,144 [INFO]   -> 17 années récupérées pour LII
2026-08-14 09:58:59,145 [INFO] [178/392] LLY (Lilly (Eli)), depuis 2010...
2026-08-14 09:59:11,850 [INFO]   -> 17 années récupérées pour LLY
2026-08-14 09:59:11,851 [INFO] [179/392] LIN (Linde plc), depuis 2010...
2026-08-14 09:59:24,359 [INFO]   -> 9 années récupérées pour LIN
2026-08-14 09:59:24,360 [INFO] [180/392] LYV (Live Nation Entertainment), depuis 2010...
2026-08-14 09:59:36,821 [INFO]   -> 17 années récupérées pour LYV
2026-08-14 09:59:36,822 [INFO] [181/392] LMT (Lockheed Martin), depuis 2010...
2026-08-14 09:59:49,594 [INFO]   -> 17 années récupérées pour LMT
2026-08-14 09:59:49,595 [INFO] [182/392] L (Loews Corporation), depuis 2010...
2026-08-14 10:00:02,322 [INFO]   -> 17 années récupérées pour L
2026-08-14 10:00:02,323 [INFO] [183/392] LOW (Lowe's), depuis 2010...
2026-08-14 10:00:15,109 [INFO]   -> 17 années récupérées pour LOW
2026-08-14 10:00:15,111 [INFO] [184/392] LULU (Lululemon Athletica), depuis 2010...
2026-08-14 10:00:27,275 [INFO]   -> 17 années récupérées pour LULU
2026-08-14 10:00:27,275 [INFO] [185/392] LITE (Lumentum), depuis 2010...
2026-08-14 10:00:39,592 [INFO]   -> 12 années récupérées pour LITE
2026-08-14 10:00:39,592 [INFO] [186/392] LYB (LyondellBasell), depuis 2010...
2026-08-14 10:00:52,272 [INFO]   -> 17 années récupérées pour LYB
2026-08-14 10:00:52,273 [INFO] [187/392] MTB (M&T Bank), depuis 2010...
2026-08-14 10:01:04,909 [INFO]   -> 17 années récupérées pour MTB
2026-08-14 10:01:04,910 [INFO] [188/392] MPC (Marathon Petroleum), depuis 2010...
2026-08-14 10:01:17,516 [INFO]   -> 16 années récupérées pour MPC
2026-08-14 10:01:17,517 [INFO] [189/392] MAR (Marriott International), depuis 2010...
2026-08-14 10:01:29,728 [INFO]   -> 14 années récupérées pour MAR
2026-08-14 10:01:29,781 [INFO]   (point de sauvegarde : 7888 lignes au total dans data\prices\year_end_prices.parquet)
2026-08-14 10:01:29,782 [INFO] [190/392] MRSH (Marsh McLennan), depuis 2010...
2026-08-14 10:01:42,772 [INFO]   -> 17 années récupérées pour MRSH
2026-08-14 10:01:42,774 [INFO] [191/392] MLM (Martin Marietta Materials), depuis 2010...
2026-08-14 10:01:55,563 [INFO]   -> 17 années récupérées pour MLM
2026-08-14 10:01:55,563 [INFO] [192/392] MRVL (Marvell Technology), depuis 2010...
2026-08-14 10:02:07,957 [INFO]   -> 17 années récupérées pour MRVL
2026-08-14 10:02:07,957 [INFO] [193/392] MAS (Masco), depuis 2010...
2026-08-14 10:02:20,732 [INFO]   -> 17 années récupérées pour MAS
2026-08-14 10:02:20,732 [INFO] [194/392] MA (Mastercard), depuis 2010...
2026-08-14 10:02:33,490 [INFO]   -> 17 années récupérées pour MA
2026-08-14 10:02:33,490 [INFO] [195/392] MKC (McCormick & Company), depuis 2010...
2026-08-14 10:02:46,434 [INFO]   -> 17 années récupérées pour MKC
2026-08-14 10:02:46,434 [INFO] [196/392] MCD (McDonald's), depuis 2010...
2026-08-14 10:02:59,181 [INFO]   -> 17 années récupérées pour MCD
2026-08-14 10:02:59,182 [INFO] [197/392] MCK (McKesson Corporation), depuis 2010...
2026-08-14 10:03:11,916 [INFO]   -> 17 années récupérées pour MCK
2026-08-14 10:03:11,916 [INFO] [198/392] MDT (Medtronic), depuis 2010...
2026-08-14 10:03:24,629 [INFO]   -> 17 années récupérées pour MDT
2026-08-14 10:03:24,630 [INFO] [199/392] MRK (Merck & Co.), depuis 2010...
2026-08-14 10:03:37,661 [INFO]   -> 17 années récupérées pour MRK
2026-08-14 10:03:37,662 [INFO] [200/392] META (Meta Platforms), depuis 2010...
2026-08-14 10:03:50,026 [INFO]   -> 15 années récupérées pour META
2026-08-14 10:03:50,026 [INFO] [201/392] MET (MetLife), depuis 2010...
2026-08-14 10:04:02,653 [INFO]   -> 17 années récupérées pour MET
2026-08-14 10:04:02,684 [INFO]   (point de sauvegarde : 7888 lignes au total dans data\prices\year_end_prices.parquet)
2026-08-14 10:04:02,685 [INFO] [202/392] MTD (Mettler Toledo), depuis 2010...
2026-08-14 10:04:15,124 [INFO]   -> 17 années récupérées pour MTD
2026-08-14 10:04:15,125 [INFO] [203/392] MGM (MGM Resorts), depuis 2010...
2026-08-14 10:04:27,624 [INFO]   -> 17 années récupérées pour MGM
2026-08-14 10:04:27,624 [INFO] [204/392] MCHP (Microchip Technology), depuis 2010...
2026-08-14 10:04:40,078 [INFO]   -> 17 années récupérées pour MCHP
2026-08-14 10:04:40,079 [INFO] [205/392] MU (Micron Technology), depuis 2010...
2026-08-14 10:04:52,397 [INFO]   -> 17 années récupérées pour MU
2026-08-14 10:04:52,397 [INFO] [206/392] MSFT (Microsoft), depuis 2010...
2026-08-14 10:05:04,803 [INFO]   -> 17 années récupérées pour MSFT
2026-08-14 10:05:04,804 [INFO] [207/392] MAA (Mid-America Apartment Communities), depuis 2010...
2026-08-14 10:05:17,536 [INFO]   -> 17 années récupérées pour MAA
2026-08-14 10:05:17,538 [INFO] [208/392] MRNA (Moderna), depuis 2010...
2026-08-14 10:05:29,421 [INFO]   -> 9 années récupérées pour MRNA
2026-08-14 10:05:29,422 [INFO] [209/392] TAP (Molson Coors Beverage Company), depuis 2010...
2026-08-14 10:05:42,028 [INFO]   -> 17 années récupérées pour TAP
2026-08-14 10:05:42,028 [INFO] [210/392] MDLZ (Mondelez International), depuis 2010...
2026-08-14 10:05:55,020 [INFO]   -> 17 années récupérées pour MDLZ
2026-08-14 10:05:55,020 [INFO] [211/392] MPWR (Monolithic Power Systems), depuis 2010...
2026-08-14 10:06:07,316 [INFO]   -> 17 années récupérées pour MPWR
2026-08-14 10:06:07,317 [INFO] [212/392] MNST (Monster Beverage), depuis 2010...
2026-08-14 10:06:19,508 [INFO]   -> 12 années récupérées pour MNST
2026-08-14 10:06:19,509 [INFO] [213/392] MCO (Moody's Corporation), depuis 2010...
2026-08-14 10:06:32,212 [INFO]   -> 17 années récupérées pour MCO
2026-08-14 10:06:32,213 [INFO] [214/392] MS (Morgan Stanley), depuis 2010...
2026-08-14 10:06:44,988 [INFO]   -> 17 années récupérées pour MS
2026-08-14 10:06:45,034 [INFO]   (point de sauvegarde : 7888 lignes au total dans data\prices\year_end_prices.parquet)
2026-08-14 10:06:45,037 [INFO] [215/392] MOS (Mosaic Company (The)), depuis 2010...
2026-08-14 10:06:57,887 [INFO]   -> 17 années récupérées pour MOS
2026-08-14 10:06:57,888 [INFO] [216/392] MSI (Motorola Solutions), depuis 2010...
2026-08-14 10:07:10,592 [INFO]   -> 17 années récupérées pour MSI
2026-08-14 10:07:10,592 [INFO] [217/392] MSCI (MSCI), depuis 2010...
2026-08-14 10:07:23,143 [INFO]   -> 17 années récupérées pour MSCI
2026-08-14 10:07:23,145 [INFO] [218/392] NDAQ (Nasdaq, Inc.), depuis 2010...
2026-08-14 10:07:35,571 [INFO]   -> 17 années récupérées pour NDAQ
2026-08-14 10:07:35,572 [INFO] [219/392] NTAP (NetApp), depuis 2010...
2026-08-14 10:07:48,216 [INFO]   -> 17 années récupérées pour NTAP
2026-08-14 10:07:48,216 [INFO] [220/392] NFLX (Netflix), depuis 2010...
2026-08-14 10:08:00,421 [INFO]   -> 17 années récupérées pour NFLX
2026-08-14 10:08:00,422 [INFO] [221/392] NEM (Newmont), depuis 2010...
2026-08-14 10:08:13,255 [INFO]   -> 17 années récupérées pour NEM
2026-08-14 10:08:13,257 [INFO] [222/392] NWSA (News Corp (Class A)), depuis 2010...
2026-08-14 10:08:25,822 [INFO]   -> 14 années récupérées pour NWSA
2026-08-14 10:08:25,823 [INFO] [223/392] NWS (News Corp (Class B)), depuis 2010...
2026-08-14 10:08:38,149 [INFO]   -> 14 années récupérées pour NWS
2026-08-14 10:08:38,149 [INFO] [224/392] NEE (NextEra Energy), depuis 2010...
2026-08-14 10:08:50,871 [INFO]   -> 17 années récupérées pour NEE
2026-08-14 10:08:50,872 [INFO] [225/392] NKE (Nike, Inc.), depuis 2010...
2026-08-14 10:09:03,642 [INFO]   -> 17 années récupérées pour NKE
2026-08-14 10:09:03,643 [INFO] [226/392] NI (NiSource), depuis 2010...
2026-08-14 10:09:16,438 [INFO]   -> 17 années récupérées pour NI
2026-08-14 10:09:16,440 [INFO] [227/392] NDSN (Nordson Corporation), depuis 2010...
2026-08-14 10:09:29,308 [INFO]   -> 17 années récupérées pour NDSN
2026-08-14 10:09:29,332 [INFO]   (point de sauvegarde : 7888 lignes au total dans data\prices\year_end_prices.parquet)
2026-08-14 10:09:29,333 [INFO] [228/392] NSC (Norfolk Southern), depuis 2010...
2026-08-14 10:09:42,166 [INFO]   -> 17 années récupérées pour NSC
2026-08-14 10:09:42,168 [INFO] [229/392] NTRS (Northern Trust), depuis 2010...
2026-08-14 10:09:54,604 [INFO]   -> 17 années récupérées pour NTRS
2026-08-14 10:09:54,604 [INFO] [230/392] NOC (Northrop Grumman), depuis 2010...
2026-08-14 10:10:07,347 [INFO]   -> 17 années récupérées pour NOC
2026-08-14 10:10:07,348 [INFO] [231/392] NCLH (Norwegian Cruise Line Holdings), depuis 2010...
2026-08-14 10:10:19,583 [INFO]   -> 14 années récupérées pour NCLH
2026-08-14 10:10:19,584 [INFO] [232/392] NRG (NRG Energy), depuis 2010...
2026-08-14 10:10:32,201 [INFO]   -> 17 années récupérées pour NRG
2026-08-14 10:10:32,201 [INFO] [233/392] NUE (Nucor), depuis 2010...
2026-08-14 10:10:44,832 [INFO]   -> 17 années récupérées pour NUE
2026-08-14 10:10:44,832 [INFO] [234/392] NVDA (Nvidia), depuis 2010...
2026-08-14 10:10:57,182 [INFO]   -> 17 années récupérées pour NVDA
2026-08-14 10:10:57,183 [INFO] [235/392] NVR (NVR, Inc.), depuis 2010...
2026-08-14 10:11:09,578 [INFO]   -> 17 années récupérées pour NVR
2026-08-14 10:11:09,579 [INFO] [236/392] NXPI (NXP Semiconductors), depuis 2010...
2026-08-14 10:11:21,764 [INFO]   -> 17 années récupérées pour NXPI
2026-08-14 10:11:21,765 [INFO] [237/392] ORLY (O'Reilly Automotive), depuis 2010...
2026-08-14 10:11:34,094 [INFO]   -> 17 années récupérées pour ORLY
2026-08-14 10:11:34,094 [INFO] [238/392] OXY (Occidental Petroleum), depuis 2010...
2026-08-14 10:11:46,778 [INFO]   -> 17 années récupérées pour OXY
2026-08-14 10:11:46,778 [INFO] [239/392] ODFL (Old Dominion), depuis 2010...
2026-08-14 10:11:58,448 [INFO]   -> 3 années récupérées pour ODFL
2026-08-14 10:11:58,449 [INFO] [240/392] OMC (Omnicom Group), depuis 2010...
2026-08-14 10:12:11,021 [INFO]   -> 17 années récupérées pour OMC
2026-08-14 10:12:11,081 [INFO]   (point de sauvegarde : 7888 lignes au total dans data\prices\year_end_prices.parquet)
2026-08-14 10:12:11,082 [INFO] [241/392] ON (ON Semiconductor), depuis 2010...
2026-08-14 10:12:23,651 [INFO]   -> 17 années récupérées pour ON
2026-08-14 10:12:23,651 [INFO] [242/392] OKE (Oneok), depuis 2010...
2026-08-14 10:12:36,795 [INFO]   -> 17 années récupérées pour OKE
2026-08-14 10:12:36,796 [INFO] [243/392] ORCL (Oracle Corporation), depuis 2010...
2026-08-14 10:12:49,338 [INFO]   -> 17 années récupérées pour ORCL
2026-08-14 10:12:49,339 [INFO] [244/392] OTIS (Otis Worldwide), depuis 2010...
2026-08-14 10:13:01,349 [INFO]   -> 7 années récupérées pour OTIS
2026-08-14 10:13:01,350 [INFO] [245/392] PCAR (Paccar), depuis 2010...
2026-08-14 10:13:13,840 [INFO]   -> 17 années récupérées pour PCAR
2026-08-14 10:13:13,841 [INFO] [246/392] PKG (Packaging Corporation of America), depuis 2010...
2026-08-14 10:13:26,455 [INFO]   -> 17 années récupérées pour PKG
2026-08-14 10:13:26,456 [INFO] [247/392] PLTR (Palantir Technologies), depuis 2010...
2026-08-14 10:13:38,442 [INFO]   -> 7 années récupérées pour PLTR
2026-08-14 10:13:38,443 [INFO] [248/392] PANW (Palo Alto Networks), depuis 2010...
2026-08-14 10:13:50,851 [INFO]   -> 15 années récupérées pour PANW
2026-08-14 10:13:50,852 [INFO] [249/392] PSKY (Paramount Skydance Corporation), depuis 2010...
2026-08-14 10:14:02,466 [INFO]   -> 2 années récupérées pour PSKY
2026-08-14 10:14:02,466 [INFO] [250/392] PH (Parker Hannifin), depuis 2010...
2026-08-14 10:14:15,003 [INFO]   -> 17 années récupérées pour PH
2026-08-14 10:14:15,003 [INFO] [251/392] PAYX (Paychex), depuis 2010...
2026-08-14 10:14:27,439 [INFO]   -> 17 années récupérées pour PAYX
2026-08-14 10:14:27,440 [INFO] [252/392] PYPL (PayPal), depuis 2010...
2026-08-14 10:14:39,576 [INFO]   -> 12 années récupérées pour PYPL
2026-08-14 10:14:39,576 [INFO] [253/392] PNR (Pentair), depuis 2010...
2026-08-14 10:14:52,442 [INFO]   -> 17 années récupérées pour PNR
2026-08-14 10:14:52,442 [INFO] [254/392] PEP (PepsiCo), depuis 2010...
2026-08-14 10:15:04,425 [INFO]   -> 10 années récupérées pour PEP
2026-08-14 10:15:04,425 [INFO] [255/392] PFE (Pfizer), depuis 2010...
2026-08-14 10:15:17,103 [INFO]   -> 17 années récupérées pour PFE
2026-08-14 10:15:17,124 [INFO]   (point de sauvegarde : 7888 lignes au total dans data\prices\year_end_prices.parquet)
2026-08-14 10:15:17,126 [INFO] [256/392] PCG (PG&E Corporation), depuis 2010...
2026-08-14 10:15:29,685 [INFO]   -> 17 années récupérées pour PCG
2026-08-14 10:15:29,689 [INFO] [257/392] PM (Philip Morris International), depuis 2010...
2026-08-14 10:15:42,172 [INFO]   -> 17 années récupérées pour PM
2026-08-14 10:15:42,173 [INFO] [258/392] PSX (Phillips 66), depuis 2010...
2026-08-14 10:15:54,669 [INFO]   -> 15 années récupérées pour PSX
2026-08-14 10:15:54,670 [INFO] [259/392] PNW (Pinnacle West Capital), depuis 2010...
2026-08-14 10:16:07,243 [INFO]   -> 17 années récupérées pour PNW
2026-08-14 10:16:07,243 [INFO] [260/392] PNC (PNC Financial Services), depuis 2010...
2026-08-14 10:16:19,939 [INFO]   -> 17 années récupérées pour PNC
2026-08-14 10:16:19,940 [INFO] [261/392] PPG (PPG Industries), depuis 2010...
2026-08-14 10:16:32,596 [INFO]   -> 17 années récupérées pour PPG
2026-08-14 10:16:32,596 [INFO] [262/392] PPL (PPL Corporation), depuis 2010...
2026-08-14 10:16:45,312 [INFO]   -> 17 années récupérées pour PPL
2026-08-14 10:16:45,313 [INFO] [263/392] PFG (Principal Financial Group), depuis 2010...
2026-08-14 10:16:57,253 [INFO]   -> 10 années récupérées pour PFG
2026-08-14 10:16:57,253 [INFO] [264/392] PG (Procter & Gamble), depuis 2010...
2026-08-14 10:17:09,942 [INFO]   -> 17 années récupérées pour PG
2026-08-14 10:17:09,944 [INFO] [265/392] PGR (Progressive Corporation), depuis 2010...
2026-08-14 10:17:22,493 [INFO]   -> 17 années récupérées pour PGR
2026-08-14 10:17:22,493 [INFO] [266/392] PLD (Prologis), depuis 2010...
2026-08-14 10:17:35,190 [INFO]   -> 16 années récupérées pour PLD
2026-08-14 10:17:35,191 [INFO] [267/392] PRU (Prudential Financial), depuis 2010...
2026-08-14 10:17:47,752 [INFO]   -> 17 années récupérées pour PRU
2026-08-14 10:17:47,753 [INFO] [268/392] PEG (Public Service Enterprise Group), depuis 2010...
2026-08-14 10:18:00,572 [INFO]   -> 17 années récupérées pour PEG
2026-08-14 10:18:00,593 [INFO]   (point de sauvegarde : 7888 lignes au total dans data\prices\year_end_prices.parquet)
2026-08-14 10:18:00,593 [INFO] [269/392] PTC (PTC Inc.), depuis 2010...
2026-08-14 10:18:13,156 [INFO]   -> 17 années récupérées pour PTC
2026-08-14 10:18:13,157 [INFO] [270/392] PSA (Public Storage), depuis 2010...
2026-08-14 10:18:26,068 [INFO]   -> 17 années récupérées pour PSA
2026-08-14 10:18:26,068 [INFO] [271/392] PHM (PulteGroup), depuis 2010...
2026-08-14 10:18:38,590 [INFO]   -> 17 années récupérées pour PHM
2026-08-14 10:18:38,591 [INFO] [272/392] PWR (Quanta Services), depuis 2010...
2026-08-14 10:18:51,077 [INFO]   -> 17 années récupérées pour PWR
2026-08-14 10:18:51,077 [INFO] [273/392] QCOM (Qualcomm), depuis 2010...
2026-08-14 10:19:03,498 [INFO]   -> 17 années récupérées pour QCOM
2026-08-14 10:19:03,499 [INFO] [274/392] DGX (Quest Diagnostics), depuis 2010...
2026-08-14 10:19:16,234 [INFO]   -> 17 années récupérées pour DGX
2026-08-14 10:19:16,235 [INFO] [275/392] Q (Qnity Electronics), depuis 2010...
2026-08-14 10:19:28,167 [INFO]   -> 2 années récupérées pour Q
2026-08-14 10:19:28,168 [INFO] [276/392] RL (Ralph Lauren Corporation), depuis 2010...
2026-08-14 10:19:41,098 [INFO]   -> 17 années récupérées pour RL
2026-08-14 10:19:41,099 [INFO] [277/392] RJF (Raymond James Financial), depuis 2010...
2026-08-14 10:19:53,856 [INFO]   -> 17 années récupérées pour RJF
2026-08-14 10:19:53,857 [INFO] [278/392] RTX (RTX Corporation), depuis 2010...
2026-08-14 10:20:06,490 [INFO]   -> 17 années récupérées pour RTX
2026-08-14 10:20:06,491 [INFO] [279/392] O (Realty Income), depuis 2010...
2026-08-14 10:20:19,439 [INFO]   -> 17 années récupérées pour O
2026-08-14 10:20:19,440 [INFO] [280/392] REG (Regency Centers), depuis 2010...
2026-08-14 10:20:32,058 [INFO]   -> 17 années récupérées pour REG
2026-08-14 10:20:32,059 [INFO] [281/392] REGN (Regeneron Pharmaceuticals), depuis 2010...
2026-08-14 10:20:44,245 [INFO]   -> 17 années récupérées pour REGN
2026-08-14 10:20:44,294 [INFO]   (point de sauvegarde : 7888 lignes au total dans data\prices\year_end_prices.parquet)
2026-08-14 10:20:44,294 [INFO] [282/392] RF (Regions Financial Corporation), depuis 2010...
2026-08-14 10:20:56,996 [INFO]   -> 17 années récupérées pour RF
2026-08-14 10:20:56,996 [INFO] [283/392] RSG (Republic Services), depuis 2010...
2026-08-14 10:21:09,733 [INFO]   -> 17 années récupérées pour RSG
2026-08-14 10:21:09,734 [INFO] [284/392] RMD (ResMed|), depuis 2010...
2026-08-14 10:21:22,354 [INFO]   -> 17 années récupérées pour RMD
2026-08-14 10:21:22,355 [INFO] [285/392] RVTY (Revvity), depuis 2010...
2026-08-14 10:21:35,079 [INFO]   -> 17 années récupérées pour RVTY
2026-08-14 10:21:35,081 [INFO] [286/392] HOOD (Robinhood Markets), depuis 2010...
2026-08-14 10:21:46,925 [INFO]   -> 6 années récupérées pour HOOD
2026-08-14 10:21:46,926 [INFO] [287/392] ROK (Rockwell Automation), depuis 2010...
2026-08-14 10:21:59,599 [INFO]   -> 17 années récupérées pour ROK
2026-08-14 10:21:59,600 [INFO] [288/392] ROL (Rollins, Inc.), depuis 2010...
2026-08-14 10:22:12,353 [INFO]   -> 17 années récupérées pour ROL
2026-08-14 10:22:12,354 [INFO] [289/392] ROP (Roper Technologies), depuis 2010...
2026-08-14 10:22:25,099 [INFO]   -> 17 années récupérées pour ROP
2026-08-14 10:22:25,099 [INFO] [290/392] ROST (Ross Stores), depuis 2010...
2026-08-14 10:22:37,651 [INFO]   -> 17 années récupérées pour ROST
2026-08-14 10:22:37,651 [INFO] [291/392] RCL (Royal Caribbean Group), depuis 2010...
2026-08-14 10:22:50,193 [INFO]   -> 17 années récupérées pour RCL
2026-08-14 10:22:50,194 [INFO] [292/392] SPGI (S&P Global), depuis 2010...
2026-08-14 10:23:02,784 [INFO]   -> 17 années récupérées pour SPGI
2026-08-14 10:23:02,785 [INFO] [293/392] CRM (Salesforce), depuis 2010...
2026-08-14 10:23:15,318 [INFO]   -> 17 années récupérées pour CRM
2026-08-14 10:23:15,319 [INFO] [294/392] SNDK (Sandisk), depuis 2010...
2026-08-14 10:23:27,148 [INFO]   -> 2 années récupérées pour SNDK
2026-08-14 10:23:27,150 [INFO] [295/392] SBAC (SBA Communications), depuis 2010...
2026-08-14 10:23:39,392 [INFO]   -> 17 années récupérées pour SBAC
2026-08-14 10:23:39,435 [INFO]   (point de sauvegarde : 7888 lignes au total dans data\prices\year_end_prices.parquet)
2026-08-14 10:23:39,438 [INFO] [296/392] SLB (Schlumberger), depuis 2010...
2026-08-14 10:23:52,231 [INFO]   -> 17 années récupérées pour SLB
2026-08-14 10:23:52,232 [INFO] [297/392] STX (Seagate Technology), depuis 2010...
2026-08-14 10:24:05,083 [INFO]   -> 17 années récupérées pour STX
2026-08-14 10:24:05,083 [INFO] [298/392] SRE (Sempra), depuis 2010...
2026-08-14 10:24:18,182 [INFO]   -> 17 années récupérées pour SRE
2026-08-14 10:24:18,183 [INFO] [299/392] NOW (ServiceNow), depuis 2010...
2026-08-14 10:24:30,622 [INFO]   -> 15 années récupérées pour NOW
2026-08-14 10:24:30,622 [INFO] [300/392] SHW (Sherwin-Williams), depuis 2010...
2026-08-14 10:24:43,353 [INFO]   -> 17 années récupérées pour SHW
2026-08-14 10:24:43,354 [INFO] [301/392] SPG (Simon Property Group), depuis 2010...
2026-08-14 10:24:56,143 [INFO]   -> 17 années récupérées pour SPG
2026-08-14 10:24:56,143 [INFO] [302/392] SWKS (Skyworks Solutions), depuis 2010...
2026-08-14 10:25:08,490 [INFO]   -> 17 années récupérées pour SWKS
2026-08-14 10:25:08,490 [INFO] [303/392] SJM (J.M. Smucker Company (The)), depuis 2010...
2026-08-14 10:25:21,193 [INFO]   -> 17 années récupérées pour SJM
2026-08-14 10:25:21,194 [INFO] [304/392] SW (Smurfit Westrock), depuis 2010...
2026-08-14 10:25:32,855 [INFO]   -> 3 années récupérées pour SW
2026-08-14 10:25:32,857 [INFO] [305/392] SNA (Snap-on), depuis 2010...
2026-08-14 10:25:45,473 [INFO]   -> 17 années récupérées pour SNA
2026-08-14 10:25:45,474 [INFO] [306/392] SOLV (Solventum), depuis 2010...
2026-08-14 10:25:57,319 [INFO]   -> 3 années récupérées pour SOLV
2026-08-14 10:25:57,328 [INFO] [307/392] SO (Southern Company), depuis 2010...
2026-08-14 10:26:10,123 [INFO]   -> 17 années récupérées pour SO
2026-08-14 10:26:10,123 [INFO] [308/392] LUV (Southwest Airlines), depuis 2010...
2026-08-14 10:26:22,818 [INFO]   -> 17 années récupérées pour LUV
2026-08-14 10:26:22,819 [INFO] [309/392] SWK (Stanley Black & Decker), depuis 2010...
2026-08-14 10:26:35,794 [INFO]   -> 17 années récupérées pour SWK
2026-08-14 10:26:35,841 [INFO]   (point de sauvegarde : 7888 lignes au total dans data\prices\year_end_prices.parquet)
2026-08-14 10:26:35,842 [INFO] [310/392] SBUX (Starbucks), depuis 2010...
2026-08-14 10:26:48,135 [INFO]   -> 17 années récupérées pour SBUX
2026-08-14 10:26:48,135 [INFO] [311/392] STT (State Street Corporation), depuis 2010...
2026-08-14 10:27:00,995 [INFO]   -> 17 années récupérées pour STT
2026-08-14 10:27:00,997 [INFO] [312/392] STLD (Steel Dynamics), depuis 2010...
2026-08-14 10:27:13,505 [INFO]   -> 17 années récupérées pour STLD
2026-08-14 10:27:13,506 [INFO] [313/392] STE (Steris), depuis 2010...
2026-08-14 10:27:26,356 [INFO]   -> 17 années récupérées pour STE
2026-08-14 10:27:26,357 [INFO] [314/392] SYK (Stryker Corporation), depuis 2010...
2026-08-14 10:27:39,043 [INFO]   -> 17 années récupérées pour SYK
2026-08-14 10:27:39,044 [INFO] [315/392] SMCI (Supermicro), depuis 2010...
2026-08-14 10:27:51,721 [INFO]   -> 17 années récupérées pour SMCI
2026-08-14 10:27:51,722 [INFO] [316/392] SYF (Synchrony Financial), depuis 2010...
2026-08-14 10:28:04,208 [INFO]   -> 13 années récupérées pour SYF
2026-08-14 10:28:04,209 [INFO] [317/392] SNPS (Synopsys), depuis 2010...
2026-08-14 10:28:16,421 [INFO]   -> 17 années récupérées pour SNPS
2026-08-14 10:28:16,421 [INFO] [318/392] SYY (Sysco), depuis 2010...
2026-08-14 10:28:29,252 [INFO]   -> 17 années récupérées pour SYY
2026-08-14 10:28:29,253 [INFO] [319/392] TMUS (T-Mobile US), depuis 2010...
2026-08-14 10:28:41,631 [INFO]   -> 16 années récupérées pour TMUS
2026-08-14 10:28:41,632 [INFO] [320/392] TROW (T. Rowe Price), depuis 2010...
2026-08-14 10:28:54,146 [INFO]   -> 17 années récupérées pour TROW
2026-08-14 10:28:54,146 [INFO] [321/392] TTWO (Take-Two Interactive), depuis 2010...
2026-08-14 10:29:06,386 [INFO]   -> 17 années récupérées pour TTWO
2026-08-14 10:29:06,387 [INFO] [322/392] TPR (Tapestry, Inc.), depuis 2010...
2026-08-14 10:29:18,861 [INFO]   -> 17 années récupérées pour TPR
2026-08-14 10:29:18,902 [INFO]   (point de sauvegarde : 7888 lignes au total dans data\prices\year_end_prices.parquet)
2026-08-14 10:29:18,902 [INFO] [323/392] TRGP (Targa Resources), depuis 2010...
2026-08-14 10:29:31,520 [INFO]   -> 17 années récupérées pour TRGP
2026-08-14 10:29:31,521 [INFO] [324/392] TGT (Target Corporation), depuis 2010...
2026-08-14 10:29:44,272 [INFO]   -> 17 années récupérées pour TGT
2026-08-14 10:29:44,273 [INFO] [325/392] TEL (TE Connectivity), depuis 2010...
2026-08-14 10:29:57,176 [INFO]   -> 17 années récupérées pour TEL
2026-08-14 10:29:57,177 [INFO] [326/392] TDY (Teledyne Technologies), depuis 2010...
2026-08-14 10:30:09,771 [INFO]   -> 17 années récupérées pour TDY
2026-08-14 10:30:09,772 [INFO] [327/392] TER (Teradyne), depuis 2010...
2026-08-14 10:30:22,133 [INFO]   -> 17 années récupérées pour TER
2026-08-14 10:30:22,134 [INFO] [328/392] TSLA (Tesla, Inc.), depuis 2010...
2026-08-14 10:30:34,304 [INFO]   -> 17 années récupérées pour TSLA
2026-08-14 10:30:34,304 [INFO] [329/392] TXN (Texas Instruments), depuis 2010...
2026-08-14 10:30:46,728 [INFO]   -> 15 années récupérées pour TXN
2026-08-14 10:30:46,729 [INFO] [330/392] TPL (Texas Pacific Land Corporation), depuis 2010...
2026-08-14 10:30:58,631 [INFO]   -> 6 années récupérées pour TPL
2026-08-14 10:30:58,632 [INFO] [331/392] TXT (Textron), depuis 2010...
2026-08-14 10:31:11,320 [INFO]   -> 17 années récupérées pour TXT
2026-08-14 10:31:11,320 [INFO] [332/392] TMO (Thermo Fisher Scientific), depuis 2010...
2026-08-14 10:31:23,932 [INFO]   -> 17 années récupérées pour TMO
2026-08-14 10:31:23,932 [INFO] [333/392] TJX (TJX Companies), depuis 2010...
2026-08-14 10:31:36,607 [INFO]   -> 17 années récupérées pour TJX
2026-08-14 10:31:36,607 [INFO] [334/392] TKO (TKO Group Holdings), depuis 2010...
2026-08-14 10:31:49,519 [INFO]   -> 17 années récupérées pour TKO
2026-08-14 10:31:49,520 [INFO] [335/392] TTD (Trade Desk (The)), depuis 2010...
2026-08-14 10:32:01,688 [INFO]   -> 11 années récupérées pour TTD
2026-08-14 10:32:01,719 [INFO]   (point de sauvegarde : 7888 lignes au total dans data\prices\year_end_prices.parquet)
2026-08-14 10:32:01,720 [INFO] [336/392] TSCO (Tractor Supply), depuis 2010...
2026-08-14 10:32:14,035 [INFO]   -> 17 années récupérées pour TSCO
2026-08-14 10:32:14,035 [INFO] [337/392] TT (Trane Technologies), depuis 2010...
2026-08-14 10:32:26,638 [INFO]   -> 17 années récupérées pour TT
2026-08-14 10:32:26,639 [INFO] [338/392] TDG (TransDigm Group), depuis 2010...
2026-08-14 10:32:39,059 [INFO]   -> 17 années récupérées pour TDG
2026-08-14 10:32:39,060 [INFO] [339/392] TRV (Travelers Companies (The)), depuis 2010...
2026-08-14 10:32:51,763 [INFO]   -> 17 années récupérées pour TRV
2026-08-14 10:32:51,763 [INFO] [340/392] TRMB (Trimble Inc.), depuis 2010...
2026-08-14 10:33:04,143 [INFO]   -> 17 années récupérées pour TRMB
2026-08-14 10:33:04,144 [INFO] [341/392] TFC (Truist Financial), depuis 2010...
2026-08-14 10:33:16,810 [INFO]   -> 17 années récupérées pour TFC
2026-08-14 10:33:16,811 [INFO] [342/392] TYL (Tyler Technologies), depuis 2010...
2026-08-14 10:33:29,356 [INFO]   -> 17 années récupérées pour TYL
2026-08-14 10:33:29,357 [INFO] [343/392] TSN (Tyson Foods), depuis 2010...
2026-08-14 10:33:42,120 [INFO]   -> 17 années récupérées pour TSN
2026-08-14 10:33:42,121 [INFO] [344/392] USB (U.S. Bancorp), depuis 2010...
2026-08-14 10:33:54,911 [INFO]   -> 17 années récupérées pour USB
2026-08-14 10:33:54,912 [INFO] [345/392] UBER (Uber), depuis 2010...
2026-08-14 10:34:06,960 [INFO]   -> 8 années récupérées pour UBER
2026-08-14 10:34:06,960 [INFO] [346/392] UDR (UDR, Inc.), depuis 2010...
2026-08-14 10:34:19,977 [INFO]   -> 17 années récupérées pour UDR
2026-08-14 10:34:19,978 [INFO] [347/392] ULTA (Ulta Beauty), depuis 2010...
2026-08-14 10:34:32,163 [INFO]   -> 17 années récupérées pour ULTA
2026-08-14 10:34:32,163 [INFO] [348/392] UNP (Union Pacific Corporation), depuis 2010...
2026-08-14 10:34:44,813 [INFO]   -> 17 années récupérées pour UNP
2026-08-14 10:34:44,854 [INFO]   (point de sauvegarde : 7888 lignes au total dans data\prices\year_end_prices.parquet)
2026-08-14 10:34:44,855 [INFO] [349/392] UAL (United Airlines Holdings), depuis 2010...
2026-08-14 10:34:56,989 [INFO]   -> 9 années récupérées pour UAL
2026-08-14 10:34:57,008 [INFO] [350/392] UPS (United Parcel Service), depuis 2010...
2026-08-14 10:35:09,600 [INFO]   -> 17 années récupérées pour UPS
2026-08-14 10:35:09,600 [INFO] [351/392] URI (United Rentals), depuis 2010...
2026-08-14 10:35:22,187 [INFO]   -> 17 années récupérées pour URI
2026-08-14 10:35:22,187 [INFO] [352/392] UNH (UnitedHealth Group), depuis 2010...
2026-08-14 10:35:34,769 [INFO]   -> 17 années récupérées pour UNH
2026-08-14 10:35:34,770 [INFO] [353/392] UHS (Universal Health Services), depuis 2010...
2026-08-14 10:35:47,418 [INFO]   -> 17 années récupérées pour UHS
2026-08-14 10:35:47,418 [INFO] [354/392] VLO (Valero Energy), depuis 2010...
2026-08-14 10:36:00,084 [INFO]   -> 17 années récupérées pour VLO
2026-08-14 10:36:00,084 [INFO] [355/392] VEEV (Veeva Systems), depuis 2010...
2026-08-14 10:36:12,414 [INFO]   -> 14 années récupérées pour VEEV
2026-08-14 10:36:12,415 [INFO] [356/392] VTR (Ventas), depuis 2010...
2026-08-14 10:36:25,144 [INFO]   -> 17 années récupérées pour VTR
2026-08-14 10:36:25,145 [INFO] [357/392] VLTO (Veralto), depuis 2010...
2026-08-14 10:36:37,031 [INFO]   -> 4 années récupérées pour VLTO
2026-08-14 10:36:37,032 [INFO] [358/392] VRSN (Verisign), depuis 2010...
2026-08-14 10:36:49,230 [INFO]   -> 17 années récupérées pour VRSN
2026-08-14 10:36:49,230 [INFO] [359/392] VRSK (Verisk Analytics), depuis 2010...
2026-08-14 10:37:01,442 [INFO]   -> 17 années récupérées pour VRSK
2026-08-14 10:37:01,443 [INFO] [360/392] VZ (Verizon), depuis 2010...
2026-08-14 10:37:14,181 [INFO]   -> 17 années récupérées pour VZ
2026-08-14 10:37:14,181 [INFO] [361/392] VRTX (Vertex Pharmaceuticals), depuis 2010...
2026-08-14 10:37:26,361 [INFO]   -> 17 années récupérées pour VRTX
2026-08-14 10:37:26,362 [INFO] [362/392] VRT (Vertiv), depuis 2010...
2026-08-14 10:37:38,458 [INFO]   -> 9 années récupérées pour VRT
2026-08-14 10:37:38,500 [INFO]   (point de sauvegarde : 7888 lignes au total dans data\prices\year_end_prices.parquet)
2026-08-14 10:37:38,502 [INFO] [363/392] VTRS (Viatris), depuis 2010...
2026-08-14 10:37:51,111 [INFO]   -> 17 années récupérées pour VTRS
2026-08-14 10:37:51,112 [INFO] [364/392] VICI (Vici Properties), depuis 2010...
2026-08-14 10:38:03,858 [INFO]   -> 10 années récupérées pour VICI
2026-08-14 10:38:03,859 [INFO] [365/392] V (Visa Inc.), depuis 2010...
2026-08-14 10:38:16,479 [INFO]   -> 17 années récupérées pour V
2026-08-14 10:38:16,480 [INFO] [366/392] VST (Vistra Corp.), depuis 2010...
2026-08-14 10:38:28,707 [INFO]   -> 11 années récupérées pour VST
2026-08-14 10:38:28,708 [INFO] [367/392] VMC (Vulcan Materials Company), depuis 2010...
2026-08-14 10:38:41,372 [INFO]   -> 17 années récupérées pour VMC
2026-08-14 10:38:41,373 [INFO] [368/392] WRB (W. R. Berkley Corporation), depuis 2010...
2026-08-14 10:38:54,190 [INFO]   -> 17 années récupérées pour WRB
2026-08-14 10:38:54,191 [INFO] [369/392] GWW (W. W. Grainger), depuis 2010...
2026-08-14 10:39:06,789 [INFO]   -> 17 années récupérées pour GWW
2026-08-14 10:39:06,790 [INFO] [370/392] WAB (Wabtec), depuis 2010...
2026-08-14 10:39:19,556 [INFO]   -> 17 années récupérées pour WAB
2026-08-14 10:39:19,558 [INFO] [371/392] WMT (Walmart), depuis 2010...
2026-08-14 10:39:32,259 [INFO]   -> 17 années récupérées pour WMT
2026-08-14 10:39:32,260 [INFO] [372/392] DIS (Walt Disney Company (The)), depuis 2010...
2026-08-14 10:39:44,837 [INFO]   -> 17 années récupérées pour DIS
2026-08-14 10:39:44,837 [INFO] [373/392] WBD (Warner Bros. Discovery), depuis 2010...
2026-08-14 10:39:57,167 [INFO]   -> 17 années récupérées pour WBD
2026-08-14 10:39:57,168 [INFO] [374/392] WM (Waste Management), depuis 2010...
2026-08-14 10:40:09,881 [INFO]   -> 17 années récupérées pour WM
2026-08-14 10:40:09,882 [INFO] [375/392] WAT (Waters Corporation), depuis 2010...
2026-08-14 10:40:22,439 [INFO]   -> 17 années récupérées pour WAT
2026-08-14 10:40:22,467 [INFO]   (point de sauvegarde : 7888 lignes au total dans data\prices\year_end_prices.parquet)
2026-08-14 10:40:22,467 [INFO] [376/392] WEC (WEC Energy Group), depuis 2010...
2026-08-14 10:40:35,084 [INFO]   -> 17 années récupérées pour WEC
2026-08-14 10:40:35,085 [INFO] [377/392] WFC (Wells Fargo), depuis 2010...
2026-08-14 10:40:47,813 [INFO]   -> 17 années récupérées pour WFC
2026-08-14 10:40:47,814 [INFO] [378/392] WELL (Welltower), depuis 2010...
2026-08-14 10:41:00,830 [INFO]   -> 17 années récupérées pour WELL
2026-08-14 10:41:00,831 [INFO] [379/392] WST (West Pharmaceutical Services), depuis 2010...
2026-08-14 10:41:13,509 [INFO]   -> 17 années récupérées pour WST
2026-08-14 10:41:13,510 [INFO] [380/392] WDC (Western Digital), depuis 2010...
2026-08-14 10:41:25,717 [INFO]   -> 15 années récupérées pour WDC
2026-08-14 10:41:25,717 [INFO] [381/392] WY (Weyerhaeuser), depuis 2010...
2026-08-14 10:41:38,398 [INFO]   -> 17 années récupérées pour WY
2026-08-14 10:41:38,399 [INFO] [382/392] WSM (Williams-Sonoma, Inc.), depuis 2010...
2026-08-14 10:41:51,269 [INFO]   -> 17 années récupérées pour WSM
2026-08-14 10:41:51,269 [INFO] [383/392] WMB (Williams Companies), depuis 2010...
2026-08-14 10:42:03,922 [INFO]   -> 17 années récupérées pour WMB
2026-08-14 10:42:03,922 [INFO] [384/392] WTW (Willis Towers Watson), depuis 2010...
2026-08-14 10:42:16,483 [INFO]   -> 11 années récupérées pour WTW
2026-08-14 10:42:16,484 [INFO] [385/392] WDAY (Workday, Inc.), depuis 2010...
2026-08-14 10:42:28,382 [INFO]   -> 10 années récupérées pour WDAY
2026-08-14 10:42:28,383 [INFO] [386/392] WYNN (Wynn Resorts), depuis 2010...
2026-08-14 10:42:40,623 [INFO]   -> 17 années récupérées pour WYNN
2026-08-14 10:42:40,625 [INFO] [387/392] XEL (Xcel Energy), depuis 2010...
2026-08-14 10:42:52,763 [INFO]   -> 9 années récupérées pour XEL
2026-08-14 10:42:52,764 [INFO] [388/392] XYL (Xylem Inc.), depuis 2010...
2026-08-14 10:43:05,335 [INFO]   -> 16 années récupérées pour XYL
2026-08-14 10:43:05,336 [INFO] [389/392] YUM (Yum! Brands), depuis 2010...
2026-08-14 10:43:18,196 [INFO]   -> 17 années récupérées pour YUM
2026-08-14 10:43:18,215 [INFO]   (point de sauvegarde : 7888 lignes au total dans data\prices\year_end_prices.parquet)
2026-08-14 10:43:18,215 [INFO] [390/392] ZBRA (Zebra Technologies), depuis 2010...
2026-08-14 10:43:30,453 [INFO]   -> 17 années récupérées pour ZBRA
2026-08-14 10:43:30,454 [INFO] [391/392] ZBH (Zimmer Biomet), depuis 2010...
2026-08-14 10:43:43,058 [INFO]   -> 17 années récupérées pour ZBH
2026-08-14 10:43:43,058 [INFO] [392/392] ZTS (Zoetis), depuis 2010...
2026-08-14 10:43:55,538 [INFO]   -> 14 années récupérées pour ZTS
2026-08-14 10:43:55,576 [INFO] Disconnecting from 127.0.0.1:4002, 52.1 kB sent in 790 messages, 85.7 MB received in 1540 messages, session time 4.93 ks.
2026-08-14 10:43:55,581 [INFO] Disconnecting
2026-08-14 10:43:55,587 [INFO] Déconnecté d'IBKR.
2026-08-14 10:43:55,593 [INFO] Terminé. OK: 392 | Échecs: 0 | Déjà à jour (ignorés): 111 | Nouvelles lignes: 6082
2026-08-14 10:43:55,598 [INFO] Fichier écrit : data\prices\year_end_prices.parquet (7888 lignes au total, 6082 nouvelles/mises à jour ce run).
