2026-08-08 23:08:43,072 [INFO] Log file: data\prices\year_end_prices_20260808_230843.log
2026-08-08 23:08:43,123 [INFO] Univers chargé : 503 tickers.
2026-08-08 23:08:43,530 [INFO] Cache existant chargé : data\prices\year_end_prices.parquet (7882 lignes, 503 symboles).
2026-08-08 23:08:43,888 [INFO] 0/503 tickers déjà à jour (ignorés), 503 à récupérer.
2026-08-08 23:08:43,889 [INFO] Connecting to 127.0.0.1:4002 with clientId 3...
2026-08-08 23:08:43,890 [INFO] Connected
2026-08-08 23:08:43,893 [INFO] Logged on to server version 176
2026-08-08 23:08:43,911 [INFO] API connection ready
2026-08-08 23:08:43,919 [INFO] Warning 2104, reqId -1: Market data farm connection is OK:eufarm
2026-08-08 23:08:43,919 [INFO] Warning 2107, reqId -1: HMDS data farm connection is inactive but should be available upon demand.euhmds
2026-08-08 23:08:43,919 [INFO] Warning 2106, reqId -1: HMDS data farm connection is OK:ushmds
2026-08-08 23:08:43,920 [INFO] Warning 2158, reqId -1: Sec-def data farm connection is OK:secdefeu
2026-08-08 23:08:44,206 [INFO] Synchronization complete
2026-08-08 23:08:44,206 [INFO] Connecté à IBKR sur 127.0.0.1:4002 (clientId=3, readonly=True).
2026-08-08 23:08:44,206 [INFO] [1/503] MMM (3M), depuis 2026...
2026-08-08 23:08:55,514 [INFO]   -> 1 années récupérées pour MMM
2026-08-08 23:08:55,514 [INFO] [2/503] AOS (A. O. Smith), depuis 2026...
2026-08-08 23:09:06,848 [INFO]   -> 1 années récupérées pour AOS
2026-08-08 23:09:06,849 [INFO] [3/503] ABT (Abbott Laboratories), depuis 2026...
2026-08-08 23:09:18,164 [INFO]   -> 1 années récupérées pour ABT
2026-08-08 23:09:18,164 [INFO] [4/503] ABBV (AbbVie), depuis 2010...
2026-08-08 23:09:30,381 [INFO]   -> 15 années récupérées pour ABBV
2026-08-08 23:09:30,382 [INFO] [5/503] ACN (Accenture), depuis 2026...
2026-08-08 23:09:41,708 [INFO]   -> 1 années récupérées pour ACN
2026-08-08 23:09:41,709 [INFO] [6/503] ADBE (Adobe Inc.), depuis 2026...
2026-08-08 23:09:53,006 [INFO]   -> 1 années récupérées pour ADBE
2026-08-08 23:09:53,006 [INFO] [7/503] AMD (Advanced Micro Devices), depuis 2010...
2026-08-08 23:10:04,739 [INFO]   -> 12 années récupérées pour AMD
2026-08-08 23:10:04,740 [INFO] [8/503] AES (AES Corporation), depuis 2026...
2026-08-08 23:10:16,065 [INFO]   -> 1 années récupérées pour AES
2026-08-08 23:10:16,065 [INFO] [9/503] AFL (Aflac), depuis 2026...
2026-08-08 23:10:27,364 [INFO]   -> 1 années récupérées pour AFL
2026-08-08 23:10:27,364 [INFO] [10/503] A (Agilent Technologies), depuis 2026...
2026-08-08 23:10:38,657 [INFO]   -> 1 années récupérées pour A
2026-08-08 23:10:38,657 [INFO] [11/503] APD (Air Products), depuis 2026...
2026-08-08 23:10:49,976 [INFO]   -> 1 années récupérées pour APD
2026-08-08 23:10:49,976 [INFO] [12/503] ABNB (Airbnb), depuis 2010...
2026-08-08 23:11:01,447 [INFO]   -> 7 années récupérées pour ABNB
2026-08-08 23:11:01,447 [INFO] [13/503] AKAM (Akamai Technologies), depuis 2026...
2026-08-08 23:11:12,915 [INFO]   -> 1 années récupérées pour AKAM
2026-08-08 23:11:12,915 [INFO] [14/503] ALB (Albemarle Corporation), depuis 2026...
2026-08-08 23:11:24,212 [INFO]   -> 1 années récupérées pour ALB
2026-08-08 23:11:24,212 [INFO] [15/503] ARE (Alexandria Real Estate Equities), depuis 2026...
2026-08-08 23:11:35,512 [INFO]   -> 1 années récupérées pour ARE
2026-08-08 23:11:35,513 [INFO] [16/503] ALGN (Align Technology), depuis 2026...
2026-08-08 23:11:46,797 [INFO]   -> 1 années récupérées pour ALGN
2026-08-08 23:11:46,797 [INFO] [17/503] ALLE (Allegion), depuis 2010...
2026-08-08 23:11:58,906 [INFO]   -> 14 années récupérées pour ALLE
2026-08-08 23:11:58,907 [INFO] [18/503] LNT (Alliant Energy), depuis 2026...
2026-08-08 23:12:10,258 [INFO]   -> 1 années récupérées pour LNT
2026-08-08 23:12:10,258 [INFO] [19/503] ALL (Allstate), depuis 2026...
2026-08-08 23:12:21,552 [INFO]   -> 1 années récupérées pour ALL
2026-08-08 23:12:21,552 [INFO] [20/503] GOOGL (Alphabet Inc. (Class A)), depuis 2026...
2026-08-08 23:12:32,846 [INFO]   -> 1 années récupérées pour GOOGL
2026-08-08 23:12:32,846 [INFO] [21/503] GOOG (Alphabet Inc. (Class C)), depuis 2010...
2026-08-08 23:12:45,085 [INFO]   -> 13 années récupérées pour GOOG
2026-08-08 23:12:45,085 [INFO] [22/503] MO (Altria), depuis 2026...
2026-08-08 23:12:56,946 [INFO]   -> 1 années récupérées pour MO
2026-08-08 23:12:56,946 [INFO] [23/503] AMZN (Amazon), depuis 2026...
2026-08-08 23:13:08,471 [INFO]   -> 1 années récupérées pour AMZN
2026-08-08 23:13:08,471 [INFO] [24/503] AMCR (Amcor), depuis 2010...
2026-08-08 23:13:20,523 [INFO]   -> 8 années récupérées pour AMCR
2026-08-08 23:13:20,523 [INFO] [25/503] AEE (Ameren), depuis 2026...
2026-08-08 23:13:32,181 [INFO]   -> 1 années récupérées pour AEE
2026-08-08 23:13:32,181 [INFO] [26/503] AEP (American Electric Power), depuis 2026...
2026-08-08 23:13:43,819 [INFO]   -> 1 années récupérées pour AEP
2026-08-08 23:13:43,819 [INFO] [27/503] AXP (American Express), depuis 2026...
2026-08-08 23:13:55,497 [INFO]   -> 1 années récupérées pour AXP
2026-08-08 23:13:55,498 [INFO] [28/503] AIG (American International Group), depuis 2026...
2026-08-08 23:14:07,099 [INFO]   -> 1 années récupérées pour AIG
2026-08-08 23:14:07,100 [INFO] [29/503] AMT (American Tower), depuis 2026...
2026-08-08 23:14:18,925 [INFO]   -> 1 années récupérées pour AMT
2026-08-08 23:14:18,926 [INFO] [30/503] AWK (American Water Works), depuis 2026...
2026-08-08 23:14:30,522 [INFO]   -> 1 années récupérées pour AWK
2026-08-08 23:14:30,523 [INFO] [31/503] AMP (Ameriprise Financial), depuis 2026...
2026-08-08 23:14:42,243 [INFO]   -> 1 années récupérées pour AMP
2026-08-08 23:14:42,243 [INFO] [32/503] AME (Ametek), depuis 2026...
2026-08-08 23:14:53,933 [INFO]   -> 1 années récupérées pour AME
2026-08-08 23:14:53,933 [INFO] [33/503] AMGN (Amgen), depuis 2026...
2026-08-08 23:15:05,507 [INFO]   -> 1 années récupérées pour AMGN
2026-08-08 23:15:05,507 [INFO] [34/503] APH (Amphenol), depuis 2026...
2026-08-08 23:15:17,145 [INFO]   -> 1 années récupérées pour APH
2026-08-08 23:15:17,146 [INFO] [35/503] ADI (Analog Devices), depuis 2010...
2026-08-08 23:15:29,405 [INFO]   -> 15 années récupérées pour ADI
2026-08-08 23:15:29,405 [INFO] [36/503] AON (Aon plc), depuis 2026...
2026-08-08 23:15:41,077 [INFO]   -> 1 années récupérées pour AON
2026-08-08 23:15:41,077 [INFO] [37/503] APA (APA Corporation), depuis 2026...
2026-08-08 23:15:52,813 [INFO]   -> 1 années récupérées pour APA
2026-08-08 23:15:52,813 [INFO] [38/503] APO (Apollo Global Management), depuis 2010...
2026-08-08 23:16:05,042 [INFO]   -> 11 années récupérées pour APO
2026-08-08 23:16:05,042 [INFO] [39/503] AAPL (Apple Inc.), depuis 2026...
2026-08-08 23:16:16,632 [INFO]   -> 1 années récupérées pour AAPL
2026-08-08 23:16:16,633 [INFO] [40/503] AMAT (Applied Materials), depuis 2026...
2026-08-08 23:16:28,254 [INFO]   -> 1 années récupérées pour AMAT
2026-08-08 23:16:28,254 [INFO] [41/503] APP (AppLovin), depuis 2010...
2026-08-08 23:16:39,958 [INFO]   -> 6 années récupérées pour APP
2026-08-08 23:16:39,959 [INFO] [42/503] APTV (Aptiv), depuis 2010...
2026-08-08 23:16:52,562 [INFO]   -> 16 années récupérées pour APTV
2026-08-08 23:16:52,562 [INFO] [43/503] ACGL (Arch Capital Group), depuis 2026...
2026-08-08 23:17:04,116 [INFO]   -> 1 années récupérées pour ACGL
2026-08-08 23:17:04,116 [INFO] [44/503] ADM (Archer Daniels Midland), depuis 2026...
2026-08-08 23:17:15,745 [INFO]   -> 1 années récupérées pour ADM
2026-08-08 23:17:15,746 [INFO] [45/503] ARES (Ares Management), depuis 2010...
2026-08-08 23:17:28,033 [INFO]   -> 13 années récupérées pour ARES
2026-08-08 23:17:28,033 [INFO] [46/503] ANET (Arista Networks), depuis 2010...
2026-08-08 23:17:40,364 [INFO]   -> 13 années récupérées pour ANET
2026-08-08 23:17:40,365 [INFO] [47/503] AJG (Arthur J. Gallagher & Co.), depuis 2026...
2026-08-08 23:17:52,008 [INFO]   -> 1 années récupérées pour AJG
2026-08-08 23:17:52,008 [INFO] [48/503] AIZ (Assurant), depuis 2026...
2026-08-08 23:18:03,611 [INFO]   -> 1 années récupérées pour AIZ
2026-08-08 23:18:03,612 [INFO] [49/503] T (AT&T), depuis 2026...
2026-08-08 23:18:15,263 [INFO]   -> 1 années récupérées pour T
2026-08-08 23:18:15,263 [INFO] [50/503] ATO (Atmos Energy), depuis 2026...
2026-08-08 23:18:26,876 [INFO]   -> 1 années récupérées pour ATO
2026-08-08 23:18:26,877 [INFO] [51/503] ADSK (Autodesk), depuis 2026...
2026-08-08 23:18:38,352 [INFO]   -> 1 années récupérées pour ADSK
2026-08-08 23:18:38,352 [INFO] [52/503] ADP (Automatic Data Processing), depuis 2026...
2026-08-08 23:18:49,980 [INFO]   -> 1 années récupérées pour ADP
2026-08-08 23:18:49,981 [INFO] [53/503] AZO (AutoZone), depuis 2026...
2026-08-08 23:19:01,472 [INFO]   -> 1 années récupérées pour AZO
2026-08-08 23:19:01,472 [INFO] [54/503] AVB (AvalonBay Communities), depuis 2026...
2026-08-08 23:19:13,110 [INFO]   -> 1 années récupérées pour AVB
2026-08-08 23:19:13,110 [INFO] [55/503] AVY (Avery Dennison), depuis 2026...
2026-08-08 23:19:24,775 [INFO]   -> 1 années récupérées pour AVY
2026-08-08 23:19:24,776 [INFO] [56/503] AXON (Axon Enterprise), depuis 2026...
2026-08-08 23:19:36,323 [INFO]   -> 1 années récupérées pour AXON
2026-08-08 23:19:36,323 [INFO] [57/503] BKR (Baker Hughes), depuis 2010...
2026-08-08 23:19:48,923 [INFO]   -> 10 années récupérées pour BKR
2026-08-08 23:19:48,923 [INFO] [58/503] BALL (Ball Corporation), depuis 2026...
2026-08-08 23:20:00,568 [INFO]   -> 1 années récupérées pour BALL
2026-08-08 23:20:00,568 [INFO] [59/503] BAC (Bank of America), depuis 2026...
2026-08-08 23:20:12,365 [INFO]   -> 1 années récupérées pour BAC
2026-08-08 23:20:12,365 [INFO] [60/503] BAX (Baxter International), depuis 2026...
2026-08-08 23:20:23,977 [INFO]   -> 1 années récupérées pour BAX
2026-08-08 23:20:23,977 [INFO] [61/503] BDX (Becton Dickinson), depuis 2026...
2026-08-08 23:20:35,651 [INFO]   -> 1 années récupérées pour BDX
2026-08-08 23:20:35,651 [INFO] [62/503] BRK B (Berkshire Hathaway), depuis 2026...
2026-08-08 23:20:47,117 [INFO]   -> 1 années récupérées pour BRK B
2026-08-08 23:20:47,118 [INFO] [63/503] BBY (Best Buy), depuis 2026...
2026-08-08 23:20:58,733 [INFO]   -> 1 années récupérées pour BBY
2026-08-08 23:20:58,733 [INFO] [64/503] TECH (Bio-Techne), depuis 2026...
2026-08-08 23:21:10,289 [INFO]   -> 1 années récupérées pour TECH
2026-08-08 23:21:10,289 [INFO] [65/503] BIIB (Biogen), depuis 2026...
2026-08-08 23:21:21,788 [INFO]   -> 1 années récupérées pour BIIB
2026-08-08 23:21:21,788 [INFO] [66/503] BLK (BlackRock), depuis 2026...
2026-08-08 23:21:33,408 [INFO]   -> 1 années récupérées pour BLK
2026-08-08 23:21:33,408 [INFO] [67/503] BX (Blackstone Inc.), depuis 2026...
2026-08-08 23:21:45,034 [INFO]   -> 1 années récupérées pour BX
2026-08-08 23:21:45,034 [INFO] [68/503] XYZ (Block, Inc.), depuis 2010...
2026-08-08 23:21:57,221 [INFO]   -> 12 années récupérées pour XYZ
2026-08-08 23:21:57,221 [INFO] [69/503] BNY (BNY Mellon), depuis 2026...
2026-08-08 23:22:08,986 [INFO]   -> 1 années récupérées pour BNY
2026-08-08 23:22:08,987 [INFO] [70/503] BA (Boeing), depuis 2026...
2026-08-08 23:22:20,711 [INFO]   -> 1 années récupérées pour BA
2026-08-08 23:22:20,711 [INFO] [71/503] BKNG (Booking Holdings), depuis 2026...
2026-08-08 23:22:33,592 [INFO]   -> 1 années récupérées pour BKNG
2026-08-08 23:22:33,592 [INFO] [72/503] BSX (Boston Scientific), depuis 2026...
2026-08-08 23:22:33,593 [INFO] Warning 2119, reqId -1: Market data farm is connecting:usopt
2026-08-08 23:22:33,594 [INFO] Warning 2119, reqId -1: Market data farm is connecting:usopt
2026-08-08 23:22:33,594 [INFO] Warning 2104, reqId -1: Market data farm connection is OK:usopt
2026-08-08 23:22:33,594 [INFO] Warning 2119, reqId -1: Market data farm is connecting:usfarm
2026-08-08 23:22:33,595 [INFO] Warning 2104, reqId -1: Market data farm connection is OK:usfarm
2026-08-08 23:22:45,831 [INFO]   -> 1 années récupérées pour BSX
2026-08-08 23:22:45,831 [INFO] [73/503] BMY (Bristol Myers Squibb), depuis 2026...
2026-08-08 23:22:57,409 [INFO]   -> 1 années récupérées pour BMY
2026-08-08 23:22:57,409 [INFO] [74/503] AVGO (Broadcom), depuis 2010...
2026-08-08 23:23:09,532 [INFO]   -> 11 années récupérées pour AVGO
2026-08-08 23:23:09,533 [INFO] [75/503] BR (Broadridge Financial Solutions), depuis 2026...
2026-08-08 23:23:21,066 [INFO]   -> 1 années récupérées pour BR
2026-08-08 23:23:21,066 [INFO] [76/503] BRO (Brown & Brown), depuis 2026...
2026-08-08 23:23:34,363 [INFO]   -> 1 années récupérées pour BRO
2026-08-08 23:23:34,364 [INFO] [77/503] BF B (Brown–Forman), depuis 2026...
2026-08-08 23:23:47,587 [INFO]   -> 1 années récupérées pour BF B
2026-08-08 23:23:47,587 [INFO] [78/503] BLDR (Builders FirstSource), depuis 2026...
2026-08-08 23:24:00,388 [INFO]   -> 1 années récupérées pour BLDR
2026-08-08 23:24:00,389 [INFO] [79/503] BG (Bunge Global), depuis 2026...
2026-08-08 23:24:12,067 [INFO]   -> 1 années récupérées pour BG
2026-08-08 23:24:12,067 [INFO] [80/503] BXP (BXP, Inc.), depuis 2026...
2026-08-08 23:24:23,679 [INFO]   -> 1 années récupérées pour BXP
2026-08-08 23:24:23,679 [INFO] [81/503] CHRW (C.H. Robinson), depuis 2026...
2026-08-08 23:24:36,033 [INFO]   -> 1 années récupérées pour CHRW
2026-08-08 23:24:36,033 [INFO] [82/503] CDNS (Cadence Design Systems), depuis 2026...
2026-08-08 23:24:47,572 [INFO]   -> 1 années récupérées pour CDNS
2026-08-08 23:24:47,573 [INFO] [83/503] CPT (Camden Property Trust), depuis 2026...
2026-08-08 23:25:01,222 [INFO]   -> 1 années récupérées pour CPT
2026-08-08 23:25:01,222 [INFO] [84/503] COF (Capital One), depuis 2026...
2026-08-08 23:25:12,874 [INFO]   -> 1 années récupérées pour COF
2026-08-08 23:25:12,875 [INFO] [85/503] CAH (Cardinal Health), depuis 2026...
2026-08-08 23:25:24,509 [INFO]   -> 1 années récupérées pour CAH
2026-08-08 23:25:24,510 [INFO] [86/503] CCL (Carnival Corporation), depuis 2026...
2026-08-08 23:25:37,094 [INFO]   -> 1 années récupérées pour CCL
2026-08-08 23:25:37,094 [INFO] [87/503] CARR (Carrier Global), depuis 2010...
2026-08-08 23:25:50,392 [INFO]   -> 7 années récupérées pour CARR
2026-08-08 23:25:50,392 [INFO] [88/503] CVNA (Carvana), depuis 2010...
2026-08-08 23:26:03,796 [INFO]   -> 10 années récupérées pour CVNA
2026-08-08 23:26:03,796 [INFO] [89/503] CASY (Casey's), depuis 2026...
2026-08-08 23:26:15,428 [INFO]   -> 1 années récupérées pour CASY
2026-08-08 23:26:15,428 [INFO] [90/503] CAT (Caterpillar Inc.), depuis 2026...
2026-08-08 23:26:27,039 [INFO]   -> 1 années récupérées pour CAT
2026-08-08 23:26:27,040 [INFO] [91/503] CBOE (Cboe Global Markets), depuis 2026...
2026-08-08 23:26:40,059 [INFO]   -> 1 années récupérées pour CBOE
2026-08-08 23:26:40,060 [INFO] [92/503] CBRE (CBRE Group), depuis 2026...
2026-08-08 23:26:51,711 [INFO]   -> 1 années récupérées pour CBRE
2026-08-08 23:26:51,711 [INFO] [93/503] CDW (CDW Corporation), depuis 2010...
2026-08-08 23:27:04,048 [INFO]   -> 14 années récupérées pour CDW
2026-08-08 23:27:04,048 [INFO] [94/503] COR (Cencora), depuis 2026...
2026-08-08 23:27:16,604 [INFO]   -> 1 années récupérées pour COR
2026-08-08 23:27:16,605 [INFO] [95/503] CNC (Centene Corporation), depuis 2026...
2026-08-08 23:27:28,110 [INFO]   -> 1 années récupérées pour CNC
2026-08-08 23:27:28,110 [INFO] [96/503] CNP (CenterPoint Energy), depuis 2026...
2026-08-08 23:27:42,210 [INFO]   -> 1 années récupérées pour CNP
2026-08-08 23:27:42,210 [INFO] [97/503] CF (CF Industries), depuis 2026...
2026-08-08 23:27:55,339 [INFO]   -> 1 années récupérées pour CF
2026-08-08 23:27:55,340 [INFO] [98/503] CRL (Charles River Laboratories), depuis 2026...
2026-08-08 23:28:08,580 [INFO]   -> 1 années récupérées pour CRL
2026-08-08 23:28:08,581 [INFO] [99/503] SCHW (Charles Schwab Corporation), depuis 2026...
2026-08-08 23:28:22,214 [INFO]   -> 1 années récupérées pour SCHW
2026-08-08 23:28:22,215 [INFO] [100/503] CHTR (Charter Communications), depuis 2026...
2026-08-08 23:28:35,474 [INFO]   -> 1 années récupérées pour CHTR
2026-08-08 23:28:35,475 [INFO] [101/503] CVX (Chevron Corporation), depuis 2026...
2026-08-08 23:28:47,676 [INFO]   -> 1 années récupérées pour CVX
2026-08-08 23:28:47,679 [INFO] [102/503] CMG (Chipotle Mexican Grill), depuis 2026...
2026-08-08 23:28:59,739 [INFO]   -> 1 années récupérées pour CMG
2026-08-08 23:28:59,739 [INFO] [103/503] CB (Chubb Limited), depuis 2026...
2026-08-08 23:29:11,409 [INFO]   -> 1 années récupérées pour CB
2026-08-08 23:29:11,411 [INFO] [104/503] CHD (Church & Dwight), depuis 2026...
2026-08-08 23:29:22,730 [INFO]   -> 1 années récupérées pour CHD
2026-08-08 23:29:22,731 [INFO] [105/503] CIEN (Ciena), depuis 2026...
2026-08-08 23:29:35,113 [INFO]   -> 1 années récupérées pour CIEN
2026-08-08 23:29:35,116 [INFO] [106/503] CI (Cigna), depuis 2026...
2026-08-08 23:29:48,086 [INFO]   -> 1 années récupérées pour CI
2026-08-08 23:29:48,088 [INFO] [107/503] CINF (Cincinnati Financial), depuis 2026...
2026-08-08 23:30:00,353 [INFO]   -> 1 années récupérées pour CINF
2026-08-08 23:30:00,353 [INFO] [108/503] CTAS (Cintas), depuis 2026...
2026-08-08 23:30:12,060 [INFO]   -> 1 années récupérées pour CTAS
2026-08-08 23:30:12,063 [INFO] [109/503] CSCO (Cisco), depuis 2026...
2026-08-08 23:30:23,367 [INFO]   -> 1 années récupérées pour CSCO
2026-08-08 23:30:23,367 [INFO] [110/503] C (Citigroup), depuis 2026...
2026-08-08 23:30:37,057 [INFO]   -> 1 années récupérées pour C
2026-08-08 23:30:37,058 [INFO] [111/503] CFG (Citizens Financial Group), depuis 2010...
2026-08-08 23:30:51,384 [INFO]   -> 13 années récupérées pour CFG
2026-08-08 23:30:51,385 [INFO] [112/503] CLX (Clorox), depuis 2026...
2026-08-08 23:31:04,107 [INFO]   -> 1 années récupérées pour CLX
2026-08-08 23:31:04,109 [INFO] [113/503] CME (CME Group), depuis 2026...
2026-08-08 23:31:15,735 [INFO]   -> 1 années récupérées pour CME
2026-08-08 23:31:15,735 [INFO] [114/503] CMS (CMS Energy), depuis 2026...
2026-08-08 23:31:28,387 [INFO]   -> 1 années récupérées pour CMS
2026-08-08 23:31:28,396 [INFO] [115/503] KO (Coca-Cola Company (The)), depuis 2026...
2026-08-08 23:31:40,976 [INFO]   -> 1 années récupérées pour KO
2026-08-08 23:31:40,977 [INFO] [116/503] CTSH (Cognizant), depuis 2026...
2026-08-08 23:31:52,527 [INFO]   -> 1 années récupérées pour CTSH
2026-08-08 23:31:52,528 [INFO] [117/503] COHR (Coherent Corp.), depuis 2026...
2026-08-08 23:32:04,194 [INFO]   -> 1 années récupérées pour COHR
2026-08-08 23:32:04,196 [INFO] [118/503] COIN (Coinbase), depuis 2010...
2026-08-08 23:32:18,125 [INFO]   -> 6 années récupérées pour COIN
2026-08-08 23:32:18,126 [INFO] [119/503] CL (Colgate-Palmolive), depuis 2026...
2026-08-08 23:32:29,819 [INFO]   -> 1 années récupérées pour CL
2026-08-08 23:32:29,820 [INFO] [120/503] CMCSA (Comcast), depuis 2026...
2026-08-08 23:32:41,497 [INFO]   -> 1 années récupérées pour CMCSA
2026-08-08 23:32:41,500 [INFO] [121/503] FIX (Comfort Systems USA), depuis 2026...
2026-08-08 23:32:54,622 [INFO]   -> 1 années récupérées pour FIX
2026-08-08 23:32:54,623 [INFO] [122/503] COP (ConocoPhillips), depuis 2026...
2026-08-08 23:33:06,313 [INFO]   -> 1 années récupérées pour COP
2026-08-08 23:33:06,317 [INFO] [123/503] ED (Consolidated Edison), depuis 2026...
2026-08-08 23:33:17,942 [INFO]   -> 1 années récupérées pour ED
2026-08-08 23:33:17,942 [INFO] [124/503] STZ (Constellation Brands), depuis 2026...
2026-08-08 23:33:29,667 [INFO]   -> 1 années récupérées pour STZ
2026-08-08 23:33:29,668 [INFO] [125/503] CEG (Constellation Energy), depuis 2010...
2026-08-08 23:33:41,711 [INFO]   -> 5 années récupérées pour CEG
2026-08-08 23:33:41,712 [INFO] [126/503] COO (Cooper Companies (The)), depuis 2010...
2026-08-08 23:33:53,612 [INFO]   -> 4 années récupérées pour COO
2026-08-08 23:33:53,654 [INFO] [127/503] CPRT (Copart), depuis 2026...
2026-08-08 23:34:05,765 [INFO]   -> 1 années récupérées pour CPRT
2026-08-08 23:34:05,767 [INFO] [128/503] GLW (Corning Inc.), depuis 2026...
2026-08-08 23:34:17,340 [INFO]   -> 1 années récupérées pour GLW
2026-08-08 23:34:17,341 [INFO] [129/503] CPAY (Corpay), depuis 2026...
2026-08-08 23:34:31,048 [INFO]   -> 1 années récupérées pour CPAY
2026-08-08 23:34:31,049 [INFO] [130/503] CTVA (Corteva), depuis 2010...
2026-08-08 23:34:45,340 [INFO]   -> 8 années récupérées pour CTVA
2026-08-08 23:34:45,342 [INFO] [131/503] CSGP (CoStar Group), depuis 2026...
2026-08-08 23:34:57,036 [INFO]   -> 1 années récupérées pour CSGP
2026-08-08 23:34:57,036 [INFO] [132/503] COST (Costco), depuis 2026...
2026-08-08 23:35:08,777 [INFO]   -> 1 années récupérées pour COST
2026-08-08 23:35:08,780 [INFO] [133/503] CRH (CRH plc), depuis 2010...
2026-08-08 23:35:22,558 [INFO]   -> 4 années récupérées pour CRH
2026-08-08 23:35:22,559 [INFO] [134/503] CRWD (CrowdStrike), depuis 2010...
2026-08-08 23:35:36,536 [INFO]   -> 8 années récupérées pour CRWD
2026-08-08 23:35:36,537 [INFO] [135/503] CCI (Crown Castle), depuis 2026...
2026-08-08 23:35:50,007 [INFO]   -> 1 années récupérées pour CCI
2026-08-08 23:35:50,009 [INFO] [136/503] CSX (CSX Corporation), depuis 2010...
2026-08-08 23:36:03,538 [INFO]   -> 12 années récupérées pour CSX
2026-08-08 23:36:03,540 [INFO] [137/503] CMI (Cummins), depuis 2026...
2026-08-08 23:36:15,995 [INFO]   -> 1 années récupérées pour CMI
2026-08-08 23:36:15,996 [INFO] [138/503] CVS (CVS Health), depuis 2026...
2026-08-08 23:36:28,805 [INFO]   -> 1 années récupérées pour CVS
2026-08-08 23:36:28,807 [INFO] [139/503] DHR (Danaher Corporation), depuis 2026...
2026-08-08 23:36:40,575 [INFO]   -> 1 années récupérées pour DHR
2026-08-08 23:36:40,576 [INFO] [140/503] DRI (Darden Restaurants), depuis 2026...
2026-08-08 23:36:51,928 [INFO]   -> 1 années récupérées pour DRI
2026-08-08 23:36:51,929 [INFO] [141/503] DDOG (Datadog), depuis 2010...
2026-08-08 23:37:03,948 [INFO]   -> 8 années récupérées pour DDOG
2026-08-08 23:37:03,952 [INFO] [142/503] DVA (DaVita), depuis 2026...
2026-08-08 23:37:17,408 [INFO]   -> 1 années récupérées pour DVA
2026-08-08 23:37:17,410 [INFO] [143/503] DECK (Deckers Brands), depuis 2026...
2026-08-08 23:37:28,962 [INFO]   -> 1 années récupérées pour DECK
2026-08-08 23:37:28,962 [INFO] [144/503] DE (Deere & Company), depuis 2026...
2026-08-08 23:37:40,533 [INFO]   -> 1 années récupérées pour DE
2026-08-08 23:37:40,533 [INFO] [145/503] DELL (Dell Technologies), depuis 2010...
2026-08-08 23:37:53,203 [INFO]   -> 9 années récupérées pour DELL
2026-08-08 23:37:53,206 [INFO] [146/503] DAL (Delta Air Lines), depuis 2026...
2026-08-08 23:38:07,028 [INFO]   -> 1 années récupérées pour DAL
2026-08-08 23:38:07,029 [INFO] [147/503] DVN (Devon Energy), depuis 2026...
2026-08-08 23:38:19,626 [INFO]   -> 1 années récupérées pour DVN
2026-08-08 23:38:19,627 [INFO] [148/503] DXCM (Dexcom), depuis 2026...
2026-08-08 23:38:33,199 [INFO]   -> 1 années récupérées pour DXCM
2026-08-08 23:38:33,200 [INFO] [149/503] FANG (Diamondback Energy), depuis 2010...
2026-08-08 23:38:45,562 [INFO]   -> 15 années récupérées pour FANG
2026-08-08 23:38:45,563 [INFO] [150/503] DLR (Digital Realty), depuis 2026...
2026-08-08 23:38:58,240 [INFO]   -> 1 années récupérées pour DLR
2026-08-08 23:38:58,241 [INFO] [151/503] DG (Dollar General), depuis 2026...
2026-08-08 23:39:10,495 [INFO]   -> 1 années récupérées pour DG
2026-08-08 23:39:10,919 [INFO] [152/503] DLTR (Dollar Tree), depuis 2026...
2026-08-08 23:39:23,886 [INFO]   -> 1 années récupérées pour DLTR
2026-08-08 23:39:23,889 [INFO] [153/503] D (Dominion Energy), depuis 2026...
2026-08-08 23:39:35,885 [INFO]   -> 1 années récupérées pour D
2026-08-08 23:39:35,886 [INFO] [154/503] DPZ (Domino's), depuis 2026...
2026-08-08 23:39:48,994 [INFO]   -> 1 années récupérées pour DPZ
2026-08-08 23:39:48,996 [INFO] [155/503] DASH (DoorDash), depuis 2010...
2026-08-08 23:40:02,728 [INFO]   -> 7 années récupérées pour DASH
2026-08-08 23:40:02,729 [INFO] [156/503] DOV (Dover Corporation), depuis 2026...
2026-08-08 23:40:14,467 [INFO]   -> 1 années récupérées pour DOV
2026-08-08 23:40:14,468 [INFO] [157/503] DOW (Dow Inc.), depuis 2010...
2026-08-08 23:40:28,152 [INFO]   -> 8 années récupérées pour DOW
2026-08-08 23:40:28,153 [INFO] [158/503] DHI (D. R. Horton), depuis 2026...
2026-08-08 23:40:40,642 [INFO]   -> 1 années récupérées pour DHI
2026-08-08 23:40:40,644 [INFO] [159/503] DTE (DTE Energy), depuis 2026...
2026-08-08 23:40:53,061 [INFO]   -> 1 années récupérées pour DTE
2026-08-08 23:40:53,226 [INFO] [160/503] DUK (Duke Energy), depuis 2026...
2026-08-08 23:41:06,419 [INFO]   -> 1 années récupérées pour DUK
2026-08-08 23:41:06,421 [INFO] [161/503] DD (DuPont), depuis 2010...
2026-08-08 23:41:22,041 [INFO]   -> 10 années récupérées pour DD
2026-08-08 23:41:22,043 [INFO] [162/503] ETN (Eaton Corporation), depuis 2026...
2026-08-08 23:41:33,953 [INFO]   -> 1 années récupérées pour ETN
2026-08-08 23:41:33,956 [INFO] [163/503] EBAY (eBay Inc.), depuis 2026...
2026-08-08 23:41:47,334 [INFO]   -> 1 années récupérées pour EBAY
2026-08-08 23:41:47,335 [INFO] [164/503] ECHO (EchoStar), depuis 2026...
2026-08-08 23:41:58,915 [INFO]   -> 1 années récupérées pour ECHO
2026-08-08 23:41:58,922 [INFO] [165/503] ECL (Ecolab), depuis 2026...
2026-08-08 23:42:10,756 [INFO]   -> 1 années récupérées pour ECL
2026-08-08 23:42:10,766 [INFO] [166/503] EIX (Edison International), depuis 2026...
2026-08-08 23:42:22,361 [INFO]   -> 1 années récupérées pour EIX
2026-08-08 23:42:22,361 [INFO] [167/503] EW (Edwards Lifesciences), depuis 2026...
2026-08-08 23:42:35,326 [INFO]   -> 1 années récupérées pour EW
2026-08-08 23:42:35,326 [INFO] [168/503] ELV (Elevance Health), depuis 2026...
2026-08-08 23:42:49,946 [INFO]   -> 1 années récupérées pour ELV
2026-08-08 23:42:50,446 [INFO] [169/503] EME (Emcor), depuis 2026...
2026-08-08 23:43:04,034 [INFO]   -> 1 années récupérées pour EME
2026-08-08 23:43:04,043 [INFO] [170/503] EMR (Emerson Electric), depuis 2026...
2026-08-08 23:43:16,342 [INFO]   -> 1 années récupérées pour EMR
2026-08-08 23:43:16,343 [INFO] [171/503] ETR (Entergy), depuis 2026...
2026-08-08 23:43:27,976 [INFO]   -> 1 années récupérées pour ETR
2026-08-08 23:43:27,976 [INFO] [172/503] EOG (EOG Resources), depuis 2026...
2026-08-08 23:43:41,310 [INFO]   -> 1 années récupérées pour EOG
2026-08-08 23:43:41,325 [INFO] [173/503] EQT (EQT Corporation), depuis 2026...
2026-08-08 23:43:54,992 [INFO]   -> 1 années récupérées pour EQT
2026-08-08 23:43:54,993 [INFO] [174/503] EFX (Equifax), depuis 2026...
2026-08-08 23:44:06,792 [INFO]   -> 1 années récupérées pour EFX
2026-08-08 23:44:06,793 [INFO] [175/503] EQIX (Equinix), depuis 2026...
2026-08-08 23:44:18,476 [INFO]   -> 1 années récupérées pour EQIX
2026-08-08 23:44:18,478 [INFO] [176/503] EQR (Equity Residential), depuis 2026...
2026-08-08 23:44:32,275 [INFO]   -> 1 années récupérées pour EQR
2026-08-08 23:44:32,276 [INFO] [177/503] ERIE (Erie Indemnity), depuis 2026...
2026-08-08 23:44:46,730 [INFO]   -> 1 années récupérées pour ERIE
2026-08-08 23:44:46,736 [INFO] [178/503] ESS (Essex Property Trust), depuis 2026...
2026-08-08 23:44:58,659 [INFO]   -> 1 années récupérées pour ESS
2026-08-08 23:44:58,660 [INFO] [179/503] EL (Estée Lauder Companies (The)), depuis 2026...
2026-08-08 23:45:13,841 [INFO]   -> 1 années récupérées pour EL
2026-08-08 23:45:13,842 [INFO] [180/503] EG (Everest Group), depuis 2026...
2026-08-08 23:45:25,559 [INFO]   -> 1 années récupérées pour EG
2026-08-08 23:45:25,559 [INFO] [181/503] EVRG (Evergy), depuis 2010...
2026-08-08 23:45:40,688 [INFO]   -> 9 années récupérées pour EVRG
2026-08-08 23:45:40,688 [INFO] [182/503] ES (Eversource Energy), depuis 2026...
2026-08-08 23:45:54,239 [INFO]   -> 1 années récupérées pour ES
2026-08-08 23:45:54,241 [INFO] [183/503] EXC (Exelon), depuis 2026...
2026-08-08 23:46:05,626 [INFO]   -> 1 années récupérées pour EXC
2026-08-08 23:46:05,627 [INFO] [184/503] EXE (Expand Energy), depuis 2010...
2026-08-08 23:46:19,249 [INFO]   -> 6 années récupérées pour EXE
2026-08-08 23:46:19,250 [INFO] [185/503] EXPE (Expedia Group), depuis 2026...
2026-08-08 23:46:32,284 [INFO]   -> 1 années récupérées pour EXPE
2026-08-08 23:46:32,313 [INFO] [186/503] EXPD (Expeditors International), depuis 2026...
2026-08-08 23:46:44,535 [INFO]   -> 1 années récupérées pour EXPD
2026-08-08 23:46:44,679 [INFO] [187/503] EXR (Extra Space Storage), depuis 2026...
2026-08-08 23:46:57,967 [INFO]   -> 1 années récupérées pour EXR
2026-08-08 23:46:57,967 [INFO] [188/503] XOM (ExxonMobil), depuis 2026...
2026-08-08 23:47:09,992 [INFO]   -> 1 années récupérées pour XOM
2026-08-08 23:47:09,993 [INFO] [189/503] FFIV (F5, Inc.), depuis 2026...
2026-08-08 23:47:21,690 [INFO]   -> 1 années récupérées pour FFIV
2026-08-08 23:47:21,691 [INFO] [190/503] FDS (FactSet), depuis 2026...
2026-08-08 23:47:33,354 [INFO]   -> 1 années récupérées pour FDS
2026-08-08 23:47:33,355 [INFO] [191/503] FICO (Fair Isaac), depuis 2026...
2026-08-08 23:47:44,948 [INFO]   -> 1 années récupérées pour FICO
2026-08-08 23:47:44,949 [INFO] [192/503] FAST (Fastenal), depuis 2026...
2026-08-08 23:47:56,591 [INFO]   -> 1 années récupérées pour FAST
2026-08-08 23:47:56,592 [INFO] [193/503] FRT (Federal Realty Investment Trust), depuis 2026...
2026-08-08 23:48:08,315 [INFO]   -> 1 années récupérées pour FRT
2026-08-08 23:48:08,316 [INFO] [194/503] FDX (FedEx), depuis 2026...
2026-08-08 23:48:21,519 [INFO]   -> 1 années récupérées pour FDX
2026-08-08 23:48:21,520 [INFO] [195/503] FDXF (FedEx Freight), depuis 2010...
2026-08-08 23:48:33,681 [INFO]   -> 1 années récupérées pour FDXF
2026-08-08 23:48:33,682 [INFO] [196/503] FERG (Ferguson Enterprises), depuis 2010...
2026-08-08 23:48:45,864 [INFO]   -> 6 années récupérées pour FERG
2026-08-08 23:48:45,865 [INFO] [197/503] FIS (Fidelity National Information Services), depuis 2026...
2026-08-08 23:48:57,564 [INFO]   -> 1 années récupérées pour FIS
2026-08-08 23:48:57,565 [INFO] [198/503] FITB (Fifth Third Bancorp), depuis 2026...
2026-08-08 23:49:11,053 [INFO]   -> 1 années récupérées pour FITB
2026-08-08 23:49:11,057 [INFO] [199/503] FSLR (First Solar), depuis 2026...
2026-08-08 23:49:22,617 [INFO]   -> 1 années récupérées pour FSLR
2026-08-08 23:49:22,618 [INFO] [200/503] FE (FirstEnergy), depuis 2026...
2026-08-08 23:49:34,275 [INFO]   -> 1 années récupérées pour FE
2026-08-08 23:49:34,276 [INFO] [201/503] FISV (Fiserv), depuis 2026...
2026-08-08 23:49:46,024 [INFO]   -> 1 années récupérées pour FISV
2026-08-08 23:49:46,025 [INFO] [202/503] FLEX (Flex Ltd.), depuis 2026...
2026-08-08 23:49:57,579 [INFO]   -> 1 années récupérées pour FLEX
2026-08-08 23:49:57,580 [INFO] [203/503] F (Ford Motor Company), depuis 2026...
2026-08-08 23:50:09,177 [INFO]   -> 1 années récupérées pour F
2026-08-08 23:50:09,178 [INFO] [204/503] FTNT (Fortinet), depuis 2026...
2026-08-08 23:50:20,703 [INFO]   -> 1 années récupérées pour FTNT
2026-08-08 23:50:20,704 [INFO] [205/503] FTV (Fortive), depuis 2010...
2026-08-08 23:50:34,782 [INFO]   -> 11 années récupérées pour FTV
2026-08-08 23:50:34,783 [INFO] [206/503] FOXA (Fox Corporation (Class A)), depuis 2010...
2026-08-08 23:50:34,784 [INFO] Warning 2108, reqId -1: Market data farm connection is inactive but should be available upon demand.usopt
2026-08-08 23:50:34,786 [INFO] Warning 2108, reqId -1: Market data farm connection is inactive but should be available upon demand.usopt
2026-08-08 23:50:34,786 [INFO] Warning 2108, reqId -1: Market data farm connection is inactive but should be available upon demand.usfarm
2026-08-08 23:50:34,787 [INFO] Warning 2108, reqId -1: Market data farm connection is inactive but should be available upon demand.usfarm
2026-08-08 23:50:48,665 [INFO]   -> 8 années récupérées pour FOXA
2026-08-08 23:50:48,665 [INFO] [207/503] FOX (Fox Corporation (Class B)), depuis 2010...
2026-08-08 23:51:00,753 [INFO]   -> 8 années récupérées pour FOX
2026-08-08 23:51:00,754 [INFO] [208/503] BEN (Franklin Resources), depuis 2026...
2026-08-08 23:51:14,318 [INFO]   -> 1 années récupérées pour BEN
2026-08-08 23:51:14,318 [INFO] [209/503] FCX (Freeport-McMoRan), depuis 2026...
2026-08-08 23:51:25,933 [INFO]   -> 1 années récupérées pour FCX
2026-08-08 23:51:25,933 [INFO] [210/503] GRMN (Garmin), depuis 2026...
2026-08-08 23:51:37,498 [INFO]   -> 1 années récupérées pour GRMN
2026-08-08 23:51:37,499 [INFO] [211/503] IT (Gartner), depuis 2026...
2026-08-08 23:51:49,064 [INFO]   -> 1 années récupérées pour IT
2026-08-08 23:51:49,065 [INFO] [212/503] GE (GE Aerospace), depuis 2026...
2026-08-08 23:52:00,733 [INFO]   -> 1 années récupérées pour GE
2026-08-08 23:52:00,734 [INFO] [213/503] GEHC (GE HealthCare), depuis 2010...
2026-08-08 23:52:13,595 [INFO]   -> 5 années récupérées pour GEHC
2026-08-08 23:52:13,596 [INFO] [214/503] GEV (GE Vernova), depuis 2010...
2026-08-08 23:52:27,243 [INFO]   -> 3 années récupérées pour GEV
2026-08-08 23:52:27,244 [INFO] [215/503] GEN (Gen Digital), depuis 2026...
2026-08-08 23:52:38,883 [INFO]   -> 1 années récupérées pour GEN
2026-08-08 23:52:38,884 [INFO] [216/503] GNRC (Generac), depuis 2026...
2026-08-08 23:52:50,199 [INFO]   -> 1 années récupérées pour GNRC
2026-08-08 23:52:50,201 [INFO] [217/503] GD (General Dynamics), depuis 2026...
2026-08-08 23:53:01,505 [INFO]   -> 1 années récupérées pour GD
2026-08-08 23:53:01,506 [INFO] [218/503] GIS (General Mills), depuis 2026...
2026-08-08 23:53:12,899 [INFO]   -> 1 années récupérées pour GIS
2026-08-08 23:53:12,900 [INFO] [219/503] GM (General Motors), depuis 2026...
2026-08-08 23:53:24,551 [INFO]   -> 1 années récupérées pour GM
2026-08-08 23:53:24,551 [INFO] [220/503] GPC (Genuine Parts Company), depuis 2026...
2026-08-08 23:53:36,341 [INFO]   -> 1 années récupérées pour GPC
2026-08-08 23:53:36,343 [INFO] [221/503] GILD (Gilead Sciences), depuis 2026...
2026-08-08 23:53:49,388 [INFO]   -> 1 années récupérées pour GILD
2026-08-08 23:53:49,388 [INFO] [222/503] GPN (Global Payments), depuis 2026...
2026-08-08 23:54:00,974 [INFO]   -> 1 années récupérées pour GPN
2026-08-08 23:54:00,976 [INFO] [223/503] GL (Globe Life), depuis 2026...
2026-08-08 23:54:13,001 [INFO]   -> 1 années récupérées pour GL
2026-08-08 23:54:13,002 [INFO] [224/503] GDDY (GoDaddy), depuis 2010...
2026-08-08 23:54:25,401 [INFO]   -> 12 années récupérées pour GDDY
2026-08-08 23:54:25,402 [INFO] [225/503] GS (Goldman Sachs), depuis 2026...
2026-08-08 23:54:38,698 [INFO]   -> 1 années récupérées pour GS
2026-08-08 23:54:38,705 [INFO] [226/503] HAL (Halliburton), depuis 2026...
2026-08-08 23:54:50,444 [INFO]   -> 1 années récupérées pour HAL
2026-08-08 23:54:50,445 [INFO] [227/503] HIG (Hartford (The)), depuis 2026...
2026-08-08 23:55:02,106 [INFO]   -> 1 années récupérées pour HIG
2026-08-08 23:55:02,107 [INFO] [228/503] HAS (Hasbro), depuis 2026...
2026-08-08 23:55:13,783 [INFO]   -> 1 années récupérées pour HAS
2026-08-08 23:55:13,784 [INFO] [229/503] HCA (HCA Healthcare), depuis 2010...
2026-08-09 09:11:54,873 [INFO]   -> 16 années récupérées pour HCA
2026-08-09 09:11:54,900 [INFO] [230/503] DOC (Healthpeak Properties), depuis 2026...
2026-08-09 09:11:54,917 [ERROR] Error 1100, reqId -1: Connectivity between IBKR and Trader Workstation has been lost.
2026-08-09 09:11:54,951 [INFO] Warning 2105, reqId -1: HMDS data farm connection is broken:ushmds
2026-08-09 09:11:55,000 [INFO] Warning 2103, reqId -1: Market data farm connection is broken:eufarm
2026-08-09 09:11:56,584 [INFO] Warning 2157, reqId -1: Sec-def data farm connection is broken:secdefeu
2026-08-09 09:13:16,677 [ERROR] [WinError 64] The specified network name is no longer available
2026-08-09 09:13:22,714 [WARNING]   -> ECHEC pour DOC : Impossible de résoudre le contrat pour DOC (SMART) (ticker ignoré, on continue)
2026-08-09 09:13:22,714 [INFO] [231/503] HSIC (Henry Schein), depuis 2026...
2026-08-09 09:13:28,745 [WARNING]   -> ECHEC pour HSIC : Impossible de résoudre le contrat pour HSIC (SMART) (ticker ignoré, on continue)
2026-08-09 09:13:28,749 [INFO] [232/503] HSY (Hershey Company (The)), depuis 2026...
2026-08-09 09:13:34,773 [WARNING]   -> ECHEC pour HSY : Impossible de résoudre le contrat pour HSY (SMART) (ticker ignoré, on continue)
2026-08-09 09:13:34,773 [INFO] [233/503] HPE (Hewlett Packard Enterprise), depuis 2010...
2026-08-09 09:13:40,794 [WARNING]   -> ECHEC pour HPE : Impossible de résoudre le contrat pour HPE (SMART) (ticker ignoré, on continue)
2026-08-09 09:13:40,794 [INFO] [234/503] HLT (Hilton Worldwide), depuis 2010...
2026-08-09 09:13:46,838 [WARNING]   -> ECHEC pour HLT : Impossible de résoudre le contrat pour HLT (SMART) (ticker ignoré, on continue)
2026-08-09 09:13:46,839 [INFO] [235/503] HD (Home Depot (The)), depuis 2026...
2026-08-09 09:13:52,861 [WARNING]   -> ECHEC pour HD : Impossible de résoudre le contrat pour HD (SMART) (ticker ignoré, on continue)
2026-08-09 09:13:52,862 [INFO] [236/503] HONA (Honeywell Aerospace), depuis 2010...
2026-08-09 09:13:58,904 [WARNING]   -> ECHEC pour HONA : Impossible de résoudre le contrat pour HONA (SMART) (ticker ignoré, on continue)
2026-08-09 09:13:58,907 [INFO] [237/503] HON (Honeywell Technologies), depuis 2026...
2026-08-09 09:14:04,958 [WARNING]   -> ECHEC pour HON : Impossible de résoudre le contrat pour HON (SMART) (ticker ignoré, on continue)
2026-08-09 09:14:04,959 [INFO] [238/503] HRL (Hormel Foods), depuis 2026...
2026-08-09 09:14:10,979 [WARNING]   -> ECHEC pour HRL : Impossible de résoudre le contrat pour HRL (SMART) (ticker ignoré, on continue)
2026-08-09 09:14:10,979 [INFO] [239/503] HST (Host Hotels & Resorts), depuis 2026...
2026-08-09 09:14:17,010 [WARNING]   -> ECHEC pour HST : Impossible de résoudre le contrat pour HST (SMART) (ticker ignoré, on continue)
2026-08-09 09:14:17,011 [INFO] [240/503] HWM (Howmet Aerospace), depuis 2026...
2026-08-09 09:14:23,033 [WARNING]   -> ECHEC pour HWM : Impossible de résoudre le contrat pour HWM (SMART) (ticker ignoré, on continue)
2026-08-09 09:14:23,034 [INFO] [241/503] HPQ (HP Inc.), depuis 2026...
2026-08-09 09:14:29,052 [WARNING]   -> ECHEC pour HPQ : Impossible de résoudre le contrat pour HPQ (SMART) (ticker ignoré, on continue)
2026-08-09 09:14:29,057 [INFO] [242/503] HUBB (Hubbell Incorporated), depuis 2026...
2026-08-09 09:14:35,089 [WARNING]   -> ECHEC pour HUBB : Impossible de résoudre le contrat pour HUBB (SMART) (ticker ignoré, on continue)
2026-08-09 09:14:35,090 [INFO] [243/503] HUM (Humana), depuis 2026...
2026-08-09 09:14:41,117 [WARNING]   -> ECHEC pour HUM : Impossible de résoudre le contrat pour HUM (SMART) (ticker ignoré, on continue)
2026-08-09 09:14:41,118 [INFO] [244/503] HBAN (Huntington Bancshares), depuis 2026...
2026-08-09 09:14:47,139 [WARNING]   -> ECHEC pour HBAN : Impossible de résoudre le contrat pour HBAN (SMART) (ticker ignoré, on continue)
2026-08-09 09:14:47,145 [INFO] [245/503] HII (Huntington Ingalls Industries), depuis 2010...
2026-08-09 09:14:53,168 [WARNING]   -> ECHEC pour HII : Impossible de résoudre le contrat pour HII (SMART) (ticker ignoré, on continue)
2026-08-09 09:14:53,169 [INFO] [246/503] IBM (IBM), depuis 2026...
2026-08-09 09:14:59,193 [WARNING]   -> ECHEC pour IBM : Impossible de résoudre le contrat pour IBM (SMART) (ticker ignoré, on continue)
2026-08-09 09:14:59,194 [INFO] [247/503] IEX (IDEX Corporation), depuis 2026...
2026-08-09 09:15:05,218 [WARNING]   -> ECHEC pour IEX : Impossible de résoudre le contrat pour IEX (SMART) (ticker ignoré, on continue)
2026-08-09 09:15:05,219 [INFO] [248/503] IDXX (Idexx Laboratories), depuis 2026...
2026-08-09 09:15:11,249 [WARNING]   -> ECHEC pour IDXX : Impossible de résoudre le contrat pour IDXX (SMART) (ticker ignoré, on continue)
2026-08-09 09:15:11,250 [INFO] [249/503] ITW (Illinois Tool Works), depuis 2026...
2026-08-09 09:15:17,276 [WARNING]   -> ECHEC pour ITW : Impossible de résoudre le contrat pour ITW (SMART) (ticker ignoré, on continue)
2026-08-09 09:15:17,276 [INFO] [250/503] INCY (Incyte), depuis 2026...
2026-08-09 09:15:23,319 [WARNING]   -> ECHEC pour INCY : Impossible de résoudre le contrat pour INCY (SMART) (ticker ignoré, on continue)
2026-08-09 09:15:23,320 [INFO] [251/503] IR (Ingersoll Rand), depuis 2010...
2026-08-09 09:15:29,343 [WARNING]   -> ECHEC pour IR : Impossible de résoudre le contrat pour IR (SMART) (ticker ignoré, on continue)
2026-08-09 09:15:29,346 [INFO] [252/503] PODD (Insulet Corporation), depuis 2026...
2026-08-09 09:15:35,383 [WARNING]   -> ECHEC pour PODD : Impossible de résoudre le contrat pour PODD (SMART) (ticker ignoré, on continue)
2026-08-09 09:15:35,383 [INFO] [253/503] INTC (Intel), depuis 2026...
2026-08-09 09:15:41,434 [WARNING]   -> ECHEC pour INTC : Impossible de résoudre le contrat pour INTC (SMART) (ticker ignoré, on continue)
2026-08-09 09:15:41,435 [INFO] [254/503] IBKR (Interactive Brokers), depuis 2026...
2026-08-09 09:15:47,453 [WARNING]   -> ECHEC pour IBKR : Impossible de résoudre le contrat pour IBKR (SMART) (ticker ignoré, on continue)
2026-08-09 09:15:47,455 [INFO] [255/503] ICE (Intercontinental Exchange), depuis 2026...
2026-08-09 09:15:53,519 [WARNING]   -> ECHEC pour ICE : Impossible de résoudre le contrat pour ICE (SMART) (ticker ignoré, on continue)
2026-08-09 09:15:53,523 [INFO] [256/503] IFF (International Flavors & Fragrances), depuis 2026...
2026-08-09 09:15:59,618 [WARNING]   -> ECHEC pour IFF : Impossible de résoudre le contrat pour IFF (SMART) (ticker ignoré, on continue)
2026-08-09 09:15:59,619 [INFO] [257/503] IP (International Paper), depuis 2026...
2026-08-09 09:16:05,752 [WARNING]   -> ECHEC pour IP : Impossible de résoudre le contrat pour IP (SMART) (ticker ignoré, on continue)
2026-08-09 09:16:05,752 [INFO] [258/503] INTU (Intuit), depuis 2026...
2026-08-09 09:16:11,773 [WARNING]   -> ECHEC pour INTU : Impossible de résoudre le contrat pour INTU (SMART) (ticker ignoré, on continue)
2026-08-09 09:16:11,805 [INFO] [259/503] ISRG (Intuitive Surgical), depuis 2026...
2026-08-09 09:16:17,868 [WARNING]   -> ECHEC pour ISRG : Impossible de résoudre le contrat pour ISRG (SMART) (ticker ignoré, on continue)
2026-08-09 09:16:17,869 [INFO] [260/503] IVZ (Invesco), depuis 2026...
2026-08-09 09:16:23,886 [WARNING]   -> ECHEC pour IVZ : Impossible de résoudre le contrat pour IVZ (SMART) (ticker ignoré, on continue)
2026-08-09 09:16:23,889 [INFO] [261/503] INVH (Invitation Homes), depuis 2010...
2026-08-09 09:16:29,952 [WARNING]   -> ECHEC pour INVH : Impossible de résoudre le contrat pour INVH (SMART) (ticker ignoré, on continue)
2026-08-09 09:16:30,060 [INFO] [262/503] IQV (IQVIA), depuis 2010...
2026-08-09 09:16:36,099 [WARNING]   -> ECHEC pour IQV : Impossible de résoudre le contrat pour IQV (SMART) (ticker ignoré, on continue)
2026-08-09 09:16:36,100 [INFO] [263/503] IRM (Iron Mountain), depuis 2026...
2026-08-09 09:16:42,135 [WARNING]   -> ECHEC pour IRM : Impossible de résoudre le contrat pour IRM (SMART) (ticker ignoré, on continue)
2026-08-09 09:16:42,136 [INFO] [264/503] JBHT (J.B. Hunt), depuis 2026...
2026-08-09 09:16:48,297 [WARNING]   -> ECHEC pour JBHT : Impossible de résoudre le contrat pour JBHT (SMART) (ticker ignoré, on continue)
2026-08-09 09:16:48,298 [INFO] [265/503] JBL (Jabil), depuis 2026...
2026-08-09 09:16:54,382 [WARNING]   -> ECHEC pour JBL : Impossible de résoudre le contrat pour JBL (SMART) (ticker ignoré, on continue)
2026-08-09 09:16:54,383 [INFO] [266/503] JKHY (Jack Henry & Associates), depuis 2026...
2026-08-09 09:17:00,416 [WARNING]   -> ECHEC pour JKHY : Impossible de résoudre le contrat pour JKHY (SMART) (ticker ignoré, on continue)
2026-08-09 09:17:00,416 [INFO] [267/503] J (Jacobs Solutions), depuis 2026...
2026-08-09 09:17:06,446 [WARNING]   -> ECHEC pour J : Impossible de résoudre le contrat pour J (SMART) (ticker ignoré, on continue)
2026-08-09 09:17:06,447 [INFO] [268/503] JNJ (Johnson & Johnson), depuis 2026...
2026-08-09 09:17:12,454 [WARNING]   -> ECHEC pour JNJ : Impossible de résoudre le contrat pour JNJ (SMART) (ticker ignoré, on continue)
2026-08-09 09:17:12,455 [INFO] [269/503] JCI (Johnson Controls), depuis 2026...
2026-08-09 09:17:18,575 [WARNING]   -> ECHEC pour JCI : Impossible de résoudre le contrat pour JCI (SMART) (ticker ignoré, on continue)
2026-08-09 09:17:18,583 [INFO] [270/503] JPM (JPMorgan Chase), depuis 2026...
2026-08-09 09:17:24,616 [WARNING]   -> ECHEC pour JPM : Impossible de résoudre le contrat pour JPM (SMART) (ticker ignoré, on continue)
2026-08-09 09:17:24,617 [INFO] [271/503] KVUE (Kenvue), depuis 2010...
2026-08-09 09:17:30,648 [WARNING]   -> ECHEC pour KVUE : Impossible de résoudre le contrat pour KVUE (SMART) (ticker ignoré, on continue)
2026-08-09 09:17:30,650 [INFO] [272/503] KDP (Keurig Dr Pepper), depuis 2026...
2026-08-09 09:17:36,670 [WARNING]   -> ECHEC pour KDP : Impossible de résoudre le contrat pour KDP (SMART) (ticker ignoré, on continue)
2026-08-09 09:17:36,672 [INFO] [273/503] KEY (KeyCorp), depuis 2026...
2026-08-09 09:17:42,712 [WARNING]   -> ECHEC pour KEY : Impossible de résoudre le contrat pour KEY (SMART) (ticker ignoré, on continue)
2026-08-09 09:17:42,743 [INFO] [274/503] KEYS (Keysight Technologies), depuis 2010...
2026-08-09 09:17:48,859 [WARNING]   -> ECHEC pour KEYS : Impossible de résoudre le contrat pour KEYS (SMART) (ticker ignoré, on continue)
2026-08-09 09:17:48,871 [INFO] [275/503] KMB (Kimberly-Clark), depuis 2026...
2026-08-09 09:17:54,914 [WARNING]   -> ECHEC pour KMB : Impossible de résoudre le contrat pour KMB (SMART) (ticker ignoré, on continue)
2026-08-09 09:17:54,914 [INFO] [276/503] KIM (Kimco Realty), depuis 2026...
2026-08-09 09:18:00,943 [WARNING]   -> ECHEC pour KIM : Impossible de résoudre le contrat pour KIM (SMART) (ticker ignoré, on continue)
2026-08-09 09:18:00,946 [INFO] [277/503] KMI (Kinder Morgan), depuis 2010...
2026-08-09 09:18:06,970 [WARNING]   -> ECHEC pour KMI : Impossible de résoudre le contrat pour KMI (SMART) (ticker ignoré, on continue)
2026-08-09 09:18:06,970 [INFO] [278/503] KKR (KKR & Co.), depuis 2026...
2026-08-09 09:18:12,989 [WARNING]   -> ECHEC pour KKR : Impossible de résoudre le contrat pour KKR (SMART) (ticker ignoré, on continue)
2026-08-09 09:18:12,999 [INFO] [279/503] KLAC (KLA Corporation), depuis 2026...
2026-08-09 09:18:19,026 [WARNING]   -> ECHEC pour KLAC : Impossible de résoudre le contrat pour KLAC (SMART) (ticker ignoré, on continue)
2026-08-09 09:18:19,030 [INFO] [280/503] KHC (Kraft Heinz), depuis 2010...
2026-08-09 09:18:25,061 [WARNING]   -> ECHEC pour KHC : Impossible de résoudre le contrat pour KHC (SMART) (ticker ignoré, on continue)
2026-08-09 09:18:25,062 [INFO] [281/503] KR (Kroger), depuis 2026...
2026-08-09 09:18:31,087 [WARNING]   -> ECHEC pour KR : Impossible de résoudre le contrat pour KR (SMART) (ticker ignoré, on continue)
2026-08-09 09:18:31,088 [INFO] [282/503] LHX (L3Harris), depuis 2026...
2026-08-09 09:18:37,117 [WARNING]   -> ECHEC pour LHX : Impossible de résoudre le contrat pour LHX (SMART) (ticker ignoré, on continue)
2026-08-09 09:18:37,119 [INFO] [283/503] LH (Labcorp), depuis 2026...
2026-08-09 09:18:43,149 [WARNING]   -> ECHEC pour LH : Impossible de résoudre le contrat pour LH (SMART) (ticker ignoré, on continue)
2026-08-09 09:18:43,150 [INFO] [284/503] LRCX (Lam Research), depuis 2026...
2026-08-09 09:18:49,186 [WARNING]   -> ECHEC pour LRCX : Impossible de résoudre le contrat pour LRCX (SMART) (ticker ignoré, on continue)
2026-08-09 09:18:49,193 [INFO] [285/503] LVS (Las Vegas Sands), depuis 2026...
2026-08-09 09:18:55,233 [WARNING]   -> ECHEC pour LVS : Impossible de résoudre le contrat pour LVS (SMART) (ticker ignoré, on continue)
2026-08-09 09:18:55,233 [INFO] [286/503] LDOS (Leidos), depuis 2010...
2026-08-09 09:19:01,256 [WARNING]   -> ECHEC pour LDOS : Impossible de résoudre le contrat pour LDOS (SMART) (ticker ignoré, on continue)
2026-08-09 09:19:01,257 [INFO] [287/503] LEN (Lennar), depuis 2026...
2026-08-09 09:19:07,297 [WARNING]   -> ECHEC pour LEN : Impossible de résoudre le contrat pour LEN (SMART) (ticker ignoré, on continue)
2026-08-09 09:19:07,299 [INFO] [288/503] LII (Lennox International), depuis 2026...
2026-08-09 09:19:13,330 [WARNING]   -> ECHEC pour LII : Impossible de résoudre le contrat pour LII (SMART) (ticker ignoré, on continue)
2026-08-09 09:19:13,331 [INFO] [289/503] LLY (Lilly (Eli)), depuis 2026...
2026-08-09 09:19:19,350 [WARNING]   -> ECHEC pour LLY : Impossible de résoudre le contrat pour LLY (SMART) (ticker ignoré, on continue)
2026-08-09 09:19:19,351 [INFO] [290/503] LIN (Linde plc), depuis 2010...
2026-08-09 09:19:25,384 [WARNING]   -> ECHEC pour LIN : Impossible de résoudre le contrat pour LIN (SMART) (ticker ignoré, on continue)
2026-08-09 09:19:25,384 [INFO] [291/503] LYV (Live Nation Entertainment), depuis 2026...
2026-08-09 09:19:31,424 [WARNING]   -> ECHEC pour LYV : Impossible de résoudre le contrat pour LYV (SMART) (ticker ignoré, on continue)
2026-08-09 09:19:31,442 [INFO] [292/503] LMT (Lockheed Martin), depuis 2026...
2026-08-09 09:19:37,470 [WARNING]   -> ECHEC pour LMT : Impossible de résoudre le contrat pour LMT (SMART) (ticker ignoré, on continue)
2026-08-09 09:19:37,470 [INFO] [293/503] L (Loews Corporation), depuis 2026...
2026-08-09 09:19:43,494 [WARNING]   -> ECHEC pour L : Impossible de résoudre le contrat pour L (SMART) (ticker ignoré, on continue)
2026-08-09 09:19:43,495 [INFO] [294/503] LOW (Lowe's), depuis 2026...
2026-08-09 09:19:49,518 [WARNING]   -> ECHEC pour LOW : Impossible de résoudre le contrat pour LOW (SMART) (ticker ignoré, on continue)
2026-08-09 09:19:49,519 [INFO] [295/503] LULU (Lululemon Athletica), depuis 2026...
2026-08-09 09:19:55,538 [WARNING]   -> ECHEC pour LULU : Impossible de résoudre le contrat pour LULU (SMART) (ticker ignoré, on continue)
2026-08-09 09:19:55,540 [INFO] [296/503] LITE (Lumentum), depuis 2010...
2026-08-09 09:20:01,593 [WARNING]   -> ECHEC pour LITE : Impossible de résoudre le contrat pour LITE (SMART) (ticker ignoré, on continue)
2026-08-09 09:20:01,594 [INFO] [297/503] LYB (LyondellBasell), depuis 2026...
2026-08-09 09:20:07,632 [WARNING]   -> ECHEC pour LYB : Impossible de résoudre le contrat pour LYB (SMART) (ticker ignoré, on continue)
2026-08-09 09:20:07,634 [INFO] [298/503] MTB (M&T Bank), depuis 2026...
2026-08-09 09:20:13,648 [WARNING]   -> ECHEC pour MTB : Impossible de résoudre le contrat pour MTB (SMART) (ticker ignoré, on continue)
2026-08-09 09:20:13,649 [INFO] [299/503] MPC (Marathon Petroleum), depuis 2010...
2026-08-09 09:20:19,670 [WARNING]   -> ECHEC pour MPC : Impossible de résoudre le contrat pour MPC (SMART) (ticker ignoré, on continue)
2026-08-09 09:20:19,671 [INFO] [300/503] MAR (Marriott International), depuis 2010...
2026-08-09 09:20:25,699 [WARNING]   -> ECHEC pour MAR : Impossible de résoudre le contrat pour MAR (SMART) (ticker ignoré, on continue)
2026-08-09 09:20:25,700 [INFO] [301/503] MRSH (Marsh McLennan), depuis 2026...
2026-08-09 09:20:31,746 [WARNING]   -> ECHEC pour MRSH : Impossible de résoudre le contrat pour MRSH (SMART) (ticker ignoré, on continue)
2026-08-09 09:20:31,748 [INFO] [302/503] MLM (Martin Marietta Materials), depuis 2026...
2026-08-09 09:20:37,769 [WARNING]   -> ECHEC pour MLM : Impossible de résoudre le contrat pour MLM (SMART) (ticker ignoré, on continue)
2026-08-09 09:20:37,769 [INFO] [303/503] MRVL (Marvell Technology), depuis 2026...
2026-08-09 09:20:43,802 [WARNING]   -> ECHEC pour MRVL : Impossible de résoudre le contrat pour MRVL (SMART) (ticker ignoré, on continue)
2026-08-09 09:20:43,802 [INFO] [304/503] MAS (Masco), depuis 2026...
2026-08-09 09:20:49,830 [WARNING]   -> ECHEC pour MAS : Impossible de résoudre le contrat pour MAS (SMART) (ticker ignoré, on continue)
2026-08-09 09:20:49,832 [INFO] [305/503] MA (Mastercard), depuis 2026...
2026-08-09 09:20:55,858 [WARNING]   -> ECHEC pour MA : Impossible de résoudre le contrat pour MA (SMART) (ticker ignoré, on continue)
2026-08-09 09:20:55,858 [INFO] [306/503] MKC (McCormick & Company), depuis 2026...
2026-08-09 09:21:01,890 [WARNING]   -> ECHEC pour MKC : Impossible de résoudre le contrat pour MKC (SMART) (ticker ignoré, on continue)
2026-08-09 09:21:01,891 [INFO] [307/503] MCD (McDonald's), depuis 2026...
2026-08-09 09:21:07,914 [WARNING]   -> ECHEC pour MCD : Impossible de résoudre le contrat pour MCD (SMART) (ticker ignoré, on continue)
2026-08-09 09:21:07,915 [INFO] [308/503] MCK (McKesson Corporation), depuis 2026...
2026-08-09 09:21:13,936 [WARNING]   -> ECHEC pour MCK : Impossible de résoudre le contrat pour MCK (SMART) (ticker ignoré, on continue)
2026-08-09 09:21:13,936 [INFO] [309/503] MDT (Medtronic), depuis 2026...
2026-08-09 09:21:19,967 [WARNING]   -> ECHEC pour MDT : Impossible de résoudre le contrat pour MDT (SMART) (ticker ignoré, on continue)
2026-08-09 09:21:19,967 [INFO] [310/503] MRK (Merck & Co.), depuis 2026...
2026-08-09 09:21:25,990 [WARNING]   -> ECHEC pour MRK : Impossible de résoudre le contrat pour MRK (SMART) (ticker ignoré, on continue)
2026-08-09 09:21:25,991 [INFO] [311/503] META (Meta Platforms), depuis 2010...
2026-08-09 09:21:32,027 [WARNING]   -> ECHEC pour META : Impossible de résoudre le contrat pour META (SMART) (ticker ignoré, on continue)
2026-08-09 09:21:32,027 [INFO] [312/503] MET (MetLife), depuis 2026...
2026-08-09 09:21:38,038 [WARNING]   -> ECHEC pour MET : Impossible de résoudre le contrat pour MET (SMART) (ticker ignoré, on continue)
2026-08-09 09:21:38,039 [INFO] [313/503] MTD (Mettler Toledo), depuis 2026...
2026-08-09 09:21:44,071 [WARNING]   -> ECHEC pour MTD : Impossible de résoudre le contrat pour MTD (SMART) (ticker ignoré, on continue)
2026-08-09 09:21:44,071 [INFO] [314/503] MGM (MGM Resorts), depuis 2026...
2026-08-09 09:21:50,086 [WARNING]   -> ECHEC pour MGM : Impossible de résoudre le contrat pour MGM (SMART) (ticker ignoré, on continue)
2026-08-09 09:21:50,087 [INFO] [315/503] MCHP (Microchip Technology), depuis 2026...
2026-08-09 09:21:56,108 [WARNING]   -> ECHEC pour MCHP : Impossible de résoudre le contrat pour MCHP (SMART) (ticker ignoré, on continue)
2026-08-09 09:21:56,109 [INFO] [316/503] MU (Micron Technology), depuis 2026...
2026-08-09 09:22:02,121 [WARNING]   -> ECHEC pour MU : Impossible de résoudre le contrat pour MU (SMART) (ticker ignoré, on continue)
2026-08-09 09:22:02,121 [INFO] [317/503] MSFT (Microsoft), depuis 2026...
2026-08-09 09:22:08,149 [WARNING]   -> ECHEC pour MSFT : Impossible de résoudre le contrat pour MSFT (SMART) (ticker ignoré, on continue)
2026-08-09 09:22:08,150 [INFO] [318/503] MAA (Mid-America Apartment Communities), depuis 2026...
2026-08-09 09:22:14,161 [WARNING]   -> ECHEC pour MAA : Impossible de résoudre le contrat pour MAA (SMART) (ticker ignoré, on continue)
2026-08-09 09:22:14,162 [INFO] [319/503] MRNA (Moderna), depuis 2010...
2026-08-09 09:22:20,177 [WARNING]   -> ECHEC pour MRNA : Impossible de résoudre le contrat pour MRNA (SMART) (ticker ignoré, on continue)
2026-08-09 09:22:20,177 [INFO] [320/503] TAP (Molson Coors Beverage Company), depuis 2026...
2026-08-09 09:22:26,193 [WARNING]   -> ECHEC pour TAP : Impossible de résoudre le contrat pour TAP (SMART) (ticker ignoré, on continue)
2026-08-09 09:22:26,194 [INFO] [321/503] MDLZ (Mondelez International), depuis 2026...
2026-08-09 09:22:32,225 [WARNING]   -> ECHEC pour MDLZ : Impossible de résoudre le contrat pour MDLZ (SMART) (ticker ignoré, on continue)
2026-08-09 09:22:32,226 [INFO] [322/503] MPWR (Monolithic Power Systems), depuis 2026...
2026-08-09 09:22:38,258 [WARNING]   -> ECHEC pour MPWR : Impossible de résoudre le contrat pour MPWR (SMART) (ticker ignoré, on continue)
2026-08-09 09:22:38,261 [INFO] [323/503] MNST (Monster Beverage), depuis 2010...
2026-08-09 09:22:44,271 [WARNING]   -> ECHEC pour MNST : Impossible de résoudre le contrat pour MNST (SMART) (ticker ignoré, on continue)
2026-08-09 09:22:44,274 [INFO] [324/503] MCO (Moody's Corporation), depuis 2026...
2026-08-09 09:22:50,295 [WARNING]   -> ECHEC pour MCO : Impossible de résoudre le contrat pour MCO (SMART) (ticker ignoré, on continue)
2026-08-09 09:22:50,295 [INFO] [325/503] MS (Morgan Stanley), depuis 2026...
2026-08-09 09:22:56,332 [WARNING]   -> ECHEC pour MS : Impossible de résoudre le contrat pour MS (SMART) (ticker ignoré, on continue)
2026-08-09 09:22:56,332 [INFO] [326/503] MOS (Mosaic Company (The)), depuis 2026...
2026-08-09 09:23:02,372 [WARNING]   -> ECHEC pour MOS : Impossible de résoudre le contrat pour MOS (SMART) (ticker ignoré, on continue)
2026-08-09 09:23:02,373 [INFO] [327/503] MSI (Motorola Solutions), depuis 2026...
2026-08-09 09:23:08,390 [WARNING]   -> ECHEC pour MSI : Impossible de résoudre le contrat pour MSI (SMART) (ticker ignoré, on continue)
2026-08-09 09:23:08,391 [INFO] [328/503] MSCI (MSCI Inc.), depuis 2026...
2026-08-09 09:23:14,411 [WARNING]   -> ECHEC pour MSCI : Impossible de résoudre le contrat pour MSCI (SMART) (ticker ignoré, on continue)
2026-08-09 09:23:14,411 [INFO] [329/503] NDAQ (Nasdaq, Inc.), depuis 2026...
2026-08-09 09:23:20,451 [WARNING]   -> ECHEC pour NDAQ : Impossible de résoudre le contrat pour NDAQ (SMART) (ticker ignoré, on continue)
2026-08-09 09:23:20,452 [INFO] [330/503] NTAP (NetApp), depuis 2026...
2026-08-09 09:23:26,481 [WARNING]   -> ECHEC pour NTAP : Impossible de résoudre le contrat pour NTAP (SMART) (ticker ignoré, on continue)
2026-08-09 09:23:26,483 [INFO] [331/503] NFLX (Netflix), depuis 2026...
2026-08-09 09:23:32,495 [WARNING]   -> ECHEC pour NFLX : Impossible de résoudre le contrat pour NFLX (SMART) (ticker ignoré, on continue)
2026-08-09 09:23:32,496 [INFO] [332/503] NEM (Newmont), depuis 2026...
2026-08-09 09:23:38,506 [WARNING]   -> ECHEC pour NEM : Impossible de résoudre le contrat pour NEM (SMART) (ticker ignoré, on continue)
2026-08-09 09:23:38,507 [INFO] [333/503] NWSA (News Corp (Class A)), depuis 2010...
2026-08-09 09:23:44,541 [WARNING]   -> ECHEC pour NWSA : Impossible de résoudre le contrat pour NWSA (SMART) (ticker ignoré, on continue)
2026-08-09 09:23:44,542 [INFO] [334/503] NWS (News Corp (Class B)), depuis 2010...
2026-08-09 09:23:50,576 [WARNING]   -> ECHEC pour NWS : Impossible de résoudre le contrat pour NWS (SMART) (ticker ignoré, on continue)
2026-08-09 09:23:50,578 [INFO] [335/503] NEE (NextEra Energy), depuis 2026...
2026-08-09 09:23:56,606 [WARNING]   -> ECHEC pour NEE : Impossible de résoudre le contrat pour NEE (SMART) (ticker ignoré, on continue)
2026-08-09 09:23:56,606 [INFO] [336/503] NKE (Nike, Inc.), depuis 2026...
2026-08-09 09:24:02,642 [WARNING]   -> ECHEC pour NKE : Impossible de résoudre le contrat pour NKE (SMART) (ticker ignoré, on continue)
2026-08-09 09:24:02,643 [INFO] [337/503] NI (NiSource), depuis 2026...
2026-08-09 09:24:08,658 [WARNING]   -> ECHEC pour NI : Impossible de résoudre le contrat pour NI (SMART) (ticker ignoré, on continue)
2026-08-09 09:24:08,659 [INFO] [338/503] NDSN (Nordson Corporation), depuis 2026...
2026-08-09 09:24:14,696 [WARNING]   -> ECHEC pour NDSN : Impossible de résoudre le contrat pour NDSN (SMART) (ticker ignoré, on continue)
2026-08-09 09:24:14,735 [INFO] [339/503] NSC (Norfolk Southern), depuis 2026...
2026-08-09 09:24:20,762 [WARNING]   -> ECHEC pour NSC : Impossible de résoudre le contrat pour NSC (SMART) (ticker ignoré, on continue)
2026-08-09 09:24:20,763 [INFO] [340/503] NTRS (Northern Trust), depuis 2026...
2026-08-09 09:24:26,786 [WARNING]   -> ECHEC pour NTRS : Impossible de résoudre le contrat pour NTRS (SMART) (ticker ignoré, on continue)
2026-08-09 09:24:26,787 [INFO] [341/503] NOC (Northrop Grumman), depuis 2026...
2026-08-09 09:24:32,812 [WARNING]   -> ECHEC pour NOC : Impossible de résoudre le contrat pour NOC (SMART) (ticker ignoré, on continue)
2026-08-09 09:24:32,813 [INFO] [342/503] NCLH (Norwegian Cruise Line Holdings), depuis 2010...
2026-08-09 09:24:38,837 [WARNING]   -> ECHEC pour NCLH : Impossible de résoudre le contrat pour NCLH (SMART) (ticker ignoré, on continue)
2026-08-09 09:24:38,838 [INFO] [343/503] NRG (NRG Energy), depuis 2026...
2026-08-09 09:24:44,855 [WARNING]   -> ECHEC pour NRG : Impossible de résoudre le contrat pour NRG (SMART) (ticker ignoré, on continue)
2026-08-09 09:24:44,855 [INFO] [344/503] NUE (Nucor), depuis 2026...
2026-08-09 09:24:50,896 [WARNING]   -> ECHEC pour NUE : Impossible de résoudre le contrat pour NUE (SMART) (ticker ignoré, on continue)
2026-08-09 09:24:50,896 [INFO] [345/503] NVDA (Nvidia), depuis 2026...
2026-08-09 09:24:56,923 [WARNING]   -> ECHEC pour NVDA : Impossible de résoudre le contrat pour NVDA (SMART) (ticker ignoré, on continue)
2026-08-09 09:24:56,924 [INFO] [346/503] NVR (NVR, Inc.), depuis 2026...
2026-08-09 09:25:02,986 [WARNING]   -> ECHEC pour NVR : Impossible de résoudre le contrat pour NVR (SMART) (ticker ignoré, on continue)
2026-08-09 09:25:03,003 [INFO] [347/503] NXPI (NXP Semiconductors), depuis 2026...
2026-08-09 09:25:09,069 [WARNING]   -> ECHEC pour NXPI : Impossible de résoudre le contrat pour NXPI (SMART) (ticker ignoré, on continue)
2026-08-09 09:25:09,070 [INFO] [348/503] ORLY (O’Reilly Automotive), depuis 2026...
2026-08-09 09:25:15,100 [WARNING]   -> ECHEC pour ORLY : Impossible de résoudre le contrat pour ORLY (SMART) (ticker ignoré, on continue)
2026-08-09 09:25:15,102 [INFO] [349/503] OXY (Occidental Petroleum), depuis 2026...
2026-08-09 09:25:21,197 [WARNING]   -> ECHEC pour OXY : Impossible de résoudre le contrat pour OXY (SMART) (ticker ignoré, on continue)
2026-08-09 09:25:21,198 [INFO] [350/503] ODFL (Old Dominion), depuis 2010...
2026-08-09 09:25:27,215 [WARNING]   -> ECHEC pour ODFL : Impossible de résoudre le contrat pour ODFL (SMART) (ticker ignoré, on continue)
2026-08-09 09:25:27,219 [INFO] [351/503] OMC (Omnicom Group), depuis 2026...
2026-08-09 09:25:33,248 [WARNING]   -> ECHEC pour OMC : Impossible de résoudre le contrat pour OMC (SMART) (ticker ignoré, on continue)
2026-08-09 09:25:33,248 [INFO] [352/503] ON (ON Semiconductor), depuis 2026...
2026-08-09 09:25:39,281 [WARNING]   -> ECHEC pour ON : Impossible de résoudre le contrat pour ON (SMART) (ticker ignoré, on continue)
2026-08-09 09:25:39,282 [INFO] [353/503] OKE (Oneok), depuis 2026...
2026-08-09 09:25:45,368 [WARNING]   -> ECHEC pour OKE : Impossible de résoudre le contrat pour OKE (SMART) (ticker ignoré, on continue)
2026-08-09 09:25:45,381 [INFO] [354/503] ORCL (Oracle Corporation), depuis 2026...
2026-08-09 09:25:51,439 [WARNING]   -> ECHEC pour ORCL : Impossible de résoudre le contrat pour ORCL (SMART) (ticker ignoré, on continue)
2026-08-09 09:25:51,443 [INFO] [355/503] OTIS (Otis Worldwide), depuis 2010...
2026-08-09 09:25:57,494 [WARNING]   -> ECHEC pour OTIS : Impossible de résoudre le contrat pour OTIS (SMART) (ticker ignoré, on continue)
2026-08-09 09:25:57,524 [INFO] [356/503] PCAR (Paccar), depuis 2026...
2026-08-09 09:26:03,571 [WARNING]   -> ECHEC pour PCAR : Impossible de résoudre le contrat pour PCAR (SMART) (ticker ignoré, on continue)
2026-08-09 09:26:03,574 [INFO] [357/503] PKG (Packaging Corporation of America), depuis 2026...
2026-08-09 09:26:09,597 [WARNING]   -> ECHEC pour PKG : Impossible de résoudre le contrat pour PKG (SMART) (ticker ignoré, on continue)
2026-08-09 09:26:09,598 [INFO] [358/503] PLTR (Palantir Technologies), depuis 2010...
2026-08-09 09:26:15,623 [WARNING]   -> ECHEC pour PLTR : Impossible de résoudre le contrat pour PLTR (SMART) (ticker ignoré, on continue)
2026-08-09 09:26:15,624 [INFO] [359/503] PANW (Palo Alto Networks), depuis 2010...
2026-08-09 09:26:21,644 [WARNING]   -> ECHEC pour PANW : Impossible de résoudre le contrat pour PANW (SMART) (ticker ignoré, on continue)
2026-08-09 09:26:21,648 [INFO] [360/503] PSKY (Paramount Skydance Corporation), depuis 2010...
2026-08-09 09:26:27,674 [WARNING]   -> ECHEC pour PSKY : Impossible de résoudre le contrat pour PSKY (SMART) (ticker ignoré, on continue)
2026-08-09 09:26:27,675 [INFO] [361/503] PH (Parker Hannifin), depuis 2026...
2026-08-09 09:26:33,709 [WARNING]   -> ECHEC pour PH : Impossible de résoudre le contrat pour PH (SMART) (ticker ignoré, on continue)
2026-08-09 09:26:33,711 [INFO] [362/503] PAYX (Paychex), depuis 2026...
2026-08-09 09:26:39,726 [WARNING]   -> ECHEC pour PAYX : Impossible de résoudre le contrat pour PAYX (SMART) (ticker ignoré, on continue)
2026-08-09 09:26:39,726 [INFO] [363/503] PYPL (PayPal), depuis 2010...
2026-08-09 09:26:45,767 [WARNING]   -> ECHEC pour PYPL : Impossible de résoudre le contrat pour PYPL (SMART) (ticker ignoré, on continue)
2026-08-09 09:26:45,768 [INFO] [364/503] PNR (Pentair), depuis 2026...
2026-08-09 09:26:51,787 [WARNING]   -> ECHEC pour PNR : Impossible de résoudre le contrat pour PNR (SMART) (ticker ignoré, on continue)
2026-08-09 09:26:51,791 [INFO] [365/503] PEP (PepsiCo), depuis 2010...
2026-08-09 09:26:57,827 [WARNING]   -> ECHEC pour PEP : Impossible de résoudre le contrat pour PEP (SMART) (ticker ignoré, on continue)
2026-08-09 09:26:57,827 [INFO] [366/503] PFE (Pfizer), depuis 2026...
2026-08-09 09:27:03,856 [WARNING]   -> ECHEC pour PFE : Impossible de résoudre le contrat pour PFE (SMART) (ticker ignoré, on continue)
2026-08-09 09:27:03,856 [INFO] [367/503] PCG (PG&E Corporation), depuis 2026...
2026-08-09 09:27:09,893 [WARNING]   -> ECHEC pour PCG : Impossible de résoudre le contrat pour PCG (SMART) (ticker ignoré, on continue)
2026-08-09 09:27:09,894 [INFO] [368/503] PM (Philip Morris International), depuis 2026...
2026-08-09 09:27:15,905 [WARNING]   -> ECHEC pour PM : Impossible de résoudre le contrat pour PM (SMART) (ticker ignoré, on continue)
2026-08-09 09:27:15,907 [INFO] [369/503] PSX (Phillips 66), depuis 2010...
2026-08-09 09:27:21,929 [WARNING]   -> ECHEC pour PSX : Impossible de résoudre le contrat pour PSX (SMART) (ticker ignoré, on continue)
2026-08-09 09:27:21,929 [INFO] [370/503] PNW (Pinnacle West Capital), depuis 2026...
2026-08-09 09:27:27,968 [WARNING]   -> ECHEC pour PNW : Impossible de résoudre le contrat pour PNW (SMART) (ticker ignoré, on continue)
2026-08-09 09:27:27,969 [INFO] [371/503] PNC (PNC Financial Services), depuis 2026...
2026-08-09 09:27:33,993 [WARNING]   -> ECHEC pour PNC : Impossible de résoudre le contrat pour PNC (SMART) (ticker ignoré, on continue)
2026-08-09 09:27:33,994 [INFO] [372/503] PPG (PPG Industries), depuis 2026...
2026-08-09 09:27:40,021 [WARNING]   -> ECHEC pour PPG : Impossible de résoudre le contrat pour PPG (SMART) (ticker ignoré, on continue)
2026-08-09 09:27:40,022 [INFO] [373/503] PPL (PPL Corporation), depuis 2026...
2026-08-09 09:27:46,037 [WARNING]   -> ECHEC pour PPL : Impossible de résoudre le contrat pour PPL (SMART) (ticker ignoré, on continue)
2026-08-09 09:27:46,038 [INFO] [374/503] PFG (Principal Financial Group), depuis 2010...
2026-08-09 09:27:52,068 [WARNING]   -> ECHEC pour PFG : Impossible de résoudre le contrat pour PFG (SMART) (ticker ignoré, on continue)
2026-08-09 09:27:52,069 [INFO] [375/503] PG (Procter & Gamble), depuis 2026...
2026-08-09 09:27:58,095 [WARNING]   -> ECHEC pour PG : Impossible de résoudre le contrat pour PG (SMART) (ticker ignoré, on continue)
2026-08-09 09:27:58,096 [INFO] [376/503] PGR (Progressive Corporation), depuis 2026...
2026-08-09 09:28:04,118 [WARNING]   -> ECHEC pour PGR : Impossible de résoudre le contrat pour PGR (SMART) (ticker ignoré, on continue)
2026-08-09 09:28:04,122 [INFO] [377/503] PLD (Prologis), depuis 2010...
2026-08-09 09:28:10,151 [WARNING]   -> ECHEC pour PLD : Impossible de résoudre le contrat pour PLD (SMART) (ticker ignoré, on continue)
2026-08-09 09:28:10,154 [INFO] [378/503] PRU (Prudential Financial), depuis 2026...
2026-08-09 09:28:16,177 [WARNING]   -> ECHEC pour PRU : Impossible de résoudre le contrat pour PRU (SMART) (ticker ignoré, on continue)
2026-08-09 09:28:16,178 [INFO] [379/503] PEG (Public Service Enterprise Group), depuis 2026...
2026-08-09 09:28:22,194 [WARNING]   -> ECHEC pour PEG : Impossible de résoudre le contrat pour PEG (SMART) (ticker ignoré, on continue)
2026-08-09 09:28:22,194 [INFO] [380/503] PTC (PTC Inc.), depuis 2026...
2026-08-09 09:28:28,222 [WARNING]   -> ECHEC pour PTC : Impossible de résoudre le contrat pour PTC (SMART) (ticker ignoré, on continue)
2026-08-09 09:28:28,223 [INFO] [381/503] PSA (Public Storage), depuis 2026...
2026-08-09 09:28:34,262 [WARNING]   -> ECHEC pour PSA : Impossible de résoudre le contrat pour PSA (SMART) (ticker ignoré, on continue)
2026-08-09 09:28:34,263 [INFO] [382/503] PHM (PulteGroup), depuis 2026...
2026-08-09 09:28:40,279 [WARNING]   -> ECHEC pour PHM : Impossible de résoudre le contrat pour PHM (SMART) (ticker ignoré, on continue)
2026-08-09 09:28:40,280 [INFO] [383/503] PWR (Quanta Services), depuis 2026...
2026-08-09 09:28:46,318 [WARNING]   -> ECHEC pour PWR : Impossible de résoudre le contrat pour PWR (SMART) (ticker ignoré, on continue)
2026-08-09 09:28:46,319 [INFO] [384/503] QCOM (Qualcomm), depuis 2026...
2026-08-09 09:28:52,355 [WARNING]   -> ECHEC pour QCOM : Impossible de résoudre le contrat pour QCOM (SMART) (ticker ignoré, on continue)
2026-08-09 09:28:52,356 [INFO] [385/503] DGX (Quest Diagnostics), depuis 2026...
2026-08-09 09:28:58,529 [WARNING]   -> ECHEC pour DGX : Impossible de résoudre le contrat pour DGX (SMART) (ticker ignoré, on continue)
2026-08-09 09:28:58,539 [INFO] [386/503] Q (Qnity Electronics), depuis 2010...
2026-08-09 09:29:04,596 [WARNING]   -> ECHEC pour Q : Impossible de résoudre le contrat pour Q (SMART) (ticker ignoré, on continue)
2026-08-09 09:29:04,596 [INFO] [387/503] RL (Ralph Lauren Corporation), depuis 2026...
2026-08-09 09:29:10,639 [WARNING]   -> ECHEC pour RL : Impossible de résoudre le contrat pour RL (SMART) (ticker ignoré, on continue)
2026-08-09 09:29:10,640 [INFO] [388/503] RJF (Raymond James Financial), depuis 2026...
2026-08-09 09:29:16,739 [WARNING]   -> ECHEC pour RJF : Impossible de résoudre le contrat pour RJF (SMART) (ticker ignoré, on continue)
2026-08-09 09:29:16,741 [INFO] [389/503] RTX (RTX Corporation), depuis 2026...
2026-08-09 09:29:22,876 [WARNING]   -> ECHEC pour RTX : Impossible de résoudre le contrat pour RTX (SMART) (ticker ignoré, on continue)
2026-08-09 09:29:22,877 [INFO] [390/503] O (Realty Income), depuis 2026...
2026-08-09 09:29:28,906 [WARNING]   -> ECHEC pour O : Impossible de résoudre le contrat pour O (SMART) (ticker ignoré, on continue)
2026-08-09 09:29:28,907 [INFO] [391/503] REG (Regency Centers), depuis 2026...
2026-08-09 09:29:34,936 [WARNING]   -> ECHEC pour REG : Impossible de résoudre le contrat pour REG (SMART) (ticker ignoré, on continue)
2026-08-09 09:29:34,937 [INFO] [392/503] REGN (Regeneron Pharmaceuticals), depuis 2026...
2026-08-09 09:29:40,969 [WARNING]   -> ECHEC pour REGN : Impossible de résoudre le contrat pour REGN (SMART) (ticker ignoré, on continue)
2026-08-09 09:29:40,970 [INFO] [393/503] RF (Regions Financial Corporation), depuis 2026...
2026-08-09 09:29:47,001 [WARNING]   -> ECHEC pour RF : Impossible de résoudre le contrat pour RF (SMART) (ticker ignoré, on continue)
2026-08-09 09:29:47,003 [INFO] [394/503] RSG (Republic Services), depuis 2026...
2026-08-09 09:29:53,045 [WARNING]   -> ECHEC pour RSG : Impossible de résoudre le contrat pour RSG (SMART) (ticker ignoré, on continue)
2026-08-09 09:29:53,046 [INFO] [395/503] RMD (ResMed), depuis 2026...
2026-08-09 09:29:59,076 [WARNING]   -> ECHEC pour RMD : Impossible de résoudre le contrat pour RMD (SMART) (ticker ignoré, on continue)
2026-08-09 09:29:59,078 [INFO] [396/503] RVTY (Revvity), depuis 2026...
2026-08-09 09:30:05,178 [WARNING]   -> ECHEC pour RVTY : Impossible de résoudre le contrat pour RVTY (SMART) (ticker ignoré, on continue)
2026-08-09 09:30:05,178 [INFO] [397/503] HOOD (Robinhood Markets), depuis 2010...
2026-08-09 09:30:11,208 [WARNING]   -> ECHEC pour HOOD : Impossible de résoudre le contrat pour HOOD (SMART) (ticker ignoré, on continue)
2026-08-09 09:30:11,208 [INFO] [398/503] ROK (Rockwell Automation), depuis 2026...
2026-08-09 09:30:17,232 [WARNING]   -> ECHEC pour ROK : Impossible de résoudre le contrat pour ROK (SMART) (ticker ignoré, on continue)
2026-08-09 09:30:17,234 [INFO] [399/503] ROL (Rollins, Inc.), depuis 2026...
2026-08-09 09:30:23,281 [WARNING]   -> ECHEC pour ROL : Impossible de résoudre le contrat pour ROL (SMART) (ticker ignoré, on continue)
2026-08-09 09:30:23,282 [INFO] [400/503] ROP (Roper Technologies), depuis 2026...
2026-08-09 09:30:24,663 [INFO] Déconnecté d'IBKR.
