2026-08-09 19:05:11,720 [INFO] Log file: data\prices\year_end_prices_20260809_190511.log
2026-08-09 19:05:11,782 [INFO] Univers chargé : 503 tickers.
2026-08-09 19:05:12,534 [INFO] Cache existant chargé : data\prices\year_end_prices.parquet (7882 lignes, 503 symboles).
2026-08-09 19:05:13,206 [INFO] 0/503 tickers déjà à jour (ignorés), 503 à récupérer.
2026-08-09 19:05:13,207 [INFO] Connecting to 127.0.0.1:4002 with clientId 3...
2026-08-09 19:05:13,208 [INFO] Connected
2026-08-09 19:05:13,211 [INFO] Logged on to server version 176
2026-08-09 19:05:13,227 [INFO] API connection ready
2026-08-09 19:05:13,234 [INFO] Warning 2104, reqId -1: Market data farm connection is OK:eufarm
2026-08-09 19:05:13,234 [INFO] Warning 2104, reqId -1: Market data farm connection is OK:usopt
2026-08-09 19:05:13,234 [INFO] Warning 2104, reqId -1: Market data farm connection is OK:usfarm
2026-08-09 19:05:13,235 [INFO] Warning 2106, reqId -1: HMDS data farm connection is OK:euhmds
2026-08-09 19:05:13,235 [INFO] Warning 2106, reqId -1: HMDS data farm connection is OK:ushmds
2026-08-09 19:05:13,235 [INFO] Warning 2158, reqId -1: Sec-def data farm connection is OK:secdefeu
2026-08-09 19:05:13,523 [INFO] Synchronization complete
2026-08-09 19:05:13,523 [INFO] Connecté à IBKR sur 127.0.0.1:4002 (clientId=3, readonly=True).
2026-08-09 19:05:13,524 [INFO] [1/503] MMM (3M), depuis 2026...
2026-08-09 19:05:24,864 [INFO]   -> 1 années récupérées pour MMM
2026-08-09 19:05:24,864 [INFO] [2/503] AOS (A. O. Smith), depuis 2026...
2026-08-09 19:05:36,177 [INFO]   -> 1 années récupérées pour AOS
2026-08-09 19:05:36,177 [INFO] [3/503] ABT (Abbott Laboratories), depuis 2026...
2026-08-09 19:05:48,674 [INFO]   -> 1 années récupérées pour ABT
2026-08-09 19:05:48,684 [INFO] [4/503] ABBV (AbbVie), depuis 2026...
2026-08-09 19:06:00,177 [INFO]   -> 1 années récupérées pour ABBV
2026-08-09 19:06:00,177 [INFO] [5/503] ACN (Accenture), depuis 2026...
2026-08-09 19:06:11,474 [INFO]   -> 1 années récupérées pour ACN
2026-08-09 19:06:11,474 [INFO] [6/503] ADBE (Adobe Inc.), depuis 2026...
2026-08-09 19:06:22,795 [INFO]   -> 1 années récupérées pour ADBE
2026-08-09 19:06:22,795 [INFO] [7/503] AMD (Advanced Micro Devices), depuis 2026...
2026-08-09 19:06:35,880 [INFO]   -> 1 années récupérées pour AMD
2026-08-09 19:06:35,880 [INFO] [8/503] AES (AES Corporation), depuis 2026...
2026-08-09 19:06:47,196 [INFO]   -> 1 années récupérées pour AES
2026-08-09 19:06:47,196 [INFO] [9/503] AFL (Aflac), depuis 2026...
2026-08-09 19:06:59,969 [INFO]   -> 1 années récupérées pour AFL
2026-08-09 19:06:59,970 [INFO] [10/503] A (Agilent Technologies), depuis 2026...
2026-08-09 19:07:14,003 [INFO]   -> 1 années récupérées pour A
2026-08-09 19:07:14,005 [INFO] [11/503] APD (Air Products), depuis 2026...
2026-08-09 19:07:25,847 [INFO]   -> 1 années récupérées pour APD
2026-08-09 19:07:25,847 [INFO] [12/503] ABNB (Airbnb), depuis 2026...
2026-08-09 19:07:37,148 [INFO]   -> 1 années récupérées pour ABNB
2026-08-09 19:07:37,149 [INFO] [13/503] AKAM (Akamai Technologies), depuis 2026...
2026-08-09 19:07:48,460 [INFO]   -> 1 années récupérées pour AKAM
2026-08-09 19:07:48,461 [INFO] [14/503] ALB (Albemarle Corporation), depuis 2026...
2026-08-09 19:08:01,571 [INFO]   -> 1 années récupérées pour ALB
2026-08-09 19:08:01,572 [INFO] [15/503] ARE (Alexandria Real Estate Equities), depuis 2026...
2026-08-09 19:08:14,755 [INFO]   -> 1 années récupérées pour ARE
2026-08-09 19:08:14,756 [INFO] [16/503] ALGN (Align Technology), depuis 2026...
2026-08-09 19:08:26,116 [INFO]   -> 1 années récupérées pour ALGN
2026-08-09 19:08:26,116 [INFO] [17/503] ALLE (Allegion), depuis 2026...
2026-08-09 19:08:37,448 [INFO]   -> 1 années récupérées pour ALLE
2026-08-09 19:08:37,450 [INFO] [18/503] LNT (Alliant Energy), depuis 2026...
2026-08-09 19:08:49,033 [INFO]   -> 1 années récupérées pour LNT
2026-08-09 19:08:49,033 [INFO] [19/503] ALL (Allstate), depuis 2026...
2026-08-09 19:09:00,453 [INFO]   -> 1 années récupérées pour ALL
2026-08-09 19:09:00,453 [INFO] [20/503] GOOGL (Alphabet Inc. (Class A)), depuis 2026...
2026-08-09 19:09:13,411 [INFO]   -> 1 années récupérées pour GOOGL
2026-08-09 19:09:13,412 [INFO] [21/503] GOOG (Alphabet Inc. (Class C)), depuis 2026...
2026-08-09 19:09:26,276 [INFO]   -> 1 années récupérées pour GOOG
2026-08-09 19:09:26,276 [INFO] [22/503] MO (Altria), depuis 2026...
2026-08-09 19:09:38,854 [INFO]   -> 1 années récupérées pour MO
2026-08-09 19:09:38,854 [INFO] [23/503] AMZN (Amazon), depuis 2026...
2026-08-09 19:09:50,182 [INFO]   -> 1 années récupérées pour AMZN
2026-08-09 19:09:50,182 [INFO] [24/503] AMCR (Amcor), depuis 2026...
2026-08-09 19:10:01,611 [INFO]   -> 1 années récupérées pour AMCR
2026-08-09 19:10:01,611 [INFO] [25/503] AEE (Ameren), depuis 2026...
2026-08-09 19:10:14,034 [INFO]   -> 1 années récupérées pour AEE
2026-08-09 19:10:14,034 [INFO] [26/503] AEP (American Electric Power), depuis 2026...
2026-08-09 19:10:25,788 [INFO]   -> 1 années récupérées pour AEP
2026-08-09 19:10:25,788 [INFO] [27/503] AXP (American Express), depuis 2026...
2026-08-09 19:10:37,137 [INFO]   -> 1 années récupérées pour AXP
2026-08-09 19:10:37,138 [INFO] [28/503] AIG (American International Group), depuis 2026...
2026-08-09 19:10:48,943 [INFO]   -> 1 années récupérées pour AIG
2026-08-09 19:10:48,943 [INFO] [29/503] AMT (American Tower), depuis 2026...
2026-08-09 19:11:01,361 [INFO]   -> 1 années récupérées pour AMT
2026-08-09 19:11:01,362 [INFO] [30/503] AWK (American Water Works), depuis 2026...
2026-08-09 19:11:13,406 [INFO]   -> 1 années récupérées pour AWK
2026-08-09 19:11:13,406 [INFO] [31/503] AMP (Ameriprise Financial), depuis 2026...
2026-08-09 19:11:25,958 [INFO]   -> 1 années récupérées pour AMP
2026-08-09 19:11:25,958 [INFO] [32/503] AME (Ametek), depuis 2026...
2026-08-09 19:11:38,722 [INFO]   -> 1 années récupérées pour AME
2026-08-09 19:11:38,722 [INFO] [33/503] AMGN (Amgen), depuis 2026...
2026-08-09 19:11:50,392 [INFO]   -> 1 années récupérées pour AMGN
2026-08-09 19:11:50,393 [INFO] [34/503] APH (Amphenol), depuis 2026...
2026-08-09 19:12:01,840 [INFO]   -> 1 années récupérées pour APH
2026-08-09 19:12:01,840 [INFO] [35/503] ADI (Analog Devices), depuis 2026...
2026-08-09 19:12:15,079 [INFO]   -> 1 années récupérées pour ADI
2026-08-09 19:12:15,080 [INFO] [36/503] AON (Aon plc), depuis 2026...
2026-08-09 19:12:26,393 [INFO]   -> 1 années récupérées pour AON
2026-08-09 19:12:26,394 [INFO] [37/503] APA (APA Corporation), depuis 2026...
2026-08-09 19:12:39,129 [INFO]   -> 1 années récupérées pour APA
2026-08-09 19:12:39,130 [INFO] [38/503] APO (Apollo Global Management), depuis 2026...
2026-08-09 19:12:50,966 [INFO]   -> 1 années récupérées pour APO
2026-08-09 19:12:50,967 [INFO] [39/503] AAPL (Apple Inc.), depuis 2026...
2026-08-09 19:13:03,714 [INFO]   -> 1 années récupérées pour AAPL
2026-08-09 19:13:03,715 [INFO] [40/503] AMAT (Applied Materials), depuis 2026...
2026-08-09 19:13:15,873 [INFO]   -> 1 années récupérées pour AMAT
2026-08-09 19:13:15,874 [INFO] [41/503] APP (AppLovin), depuis 2026...
2026-08-09 19:13:29,490 [INFO]   -> 1 années récupérées pour APP
2026-08-09 19:13:29,490 [INFO] [42/503] APTV (Aptiv), depuis 2026...
2026-08-09 19:13:40,980 [INFO]   -> 1 années récupérées pour APTV
2026-08-09 19:13:40,980 [INFO] [43/503] ACGL (Arch Capital Group), depuis 2026...
2026-08-09 19:13:52,279 [INFO]   -> 1 années récupérées pour ACGL
2026-08-09 19:13:52,279 [INFO] [44/503] ADM (Archer Daniels Midland), depuis 2026...
2026-08-09 19:14:03,585 [INFO]   -> 1 années récupérées pour ADM
2026-08-09 19:14:03,586 [INFO] [45/503] ARES (Ares Management), depuis 2026...
2026-08-09 19:14:17,628 [INFO]   -> 1 années récupérées pour ARES
2026-08-09 19:14:17,628 [INFO] [46/503] ANET (Arista Networks), depuis 2026...
2026-08-09 19:14:28,927 [INFO]   -> 1 années récupérées pour ANET
2026-08-09 19:14:28,928 [INFO] [47/503] AJG (Arthur J. Gallagher & Co.), depuis 2026...
2026-08-09 19:14:40,269 [INFO]   -> 1 années récupérées pour AJG
2026-08-09 19:14:40,270 [INFO] [48/503] AIZ (Assurant), depuis 2026...
2026-08-09 19:14:51,572 [INFO]   -> 1 années récupérées pour AIZ
2026-08-09 19:14:51,573 [INFO] [49/503] T (AT&T), depuis 2026...
2026-08-09 19:15:02,885 [INFO]   -> 1 années récupérées pour T
2026-08-09 19:15:02,885 [INFO] [50/503] ATO (Atmos Energy), depuis 2026...
2026-08-09 19:15:14,203 [INFO]   -> 1 années récupérées pour ATO
2026-08-09 19:15:14,204 [INFO] [51/503] ADSK (Autodesk), depuis 2026...
2026-08-09 19:15:25,508 [INFO]   -> 1 années récupérées pour ADSK
2026-08-09 19:15:25,509 [INFO] [52/503] ADP (Automatic Data Processing), depuis 2026...
2026-08-09 19:15:36,827 [INFO]   -> 1 années récupérées pour ADP
2026-08-09 19:15:36,827 [INFO] [53/503] AZO (AutoZone), depuis 2026...
2026-08-09 19:15:48,123 [INFO]   -> 1 années récupérées pour AZO
2026-08-09 19:15:48,124 [INFO] [54/503] AVB (AvalonBay Communities), depuis 2026...
2026-08-09 19:15:59,425 [INFO]   -> 1 années récupérées pour AVB
2026-08-09 19:15:59,426 [INFO] [55/503] AVY (Avery Dennison), depuis 2026...
2026-08-09 19:16:10,791 [INFO]   -> 1 années récupérées pour AVY
2026-08-09 19:16:10,792 [INFO] [56/503] AXON (Axon Enterprise), depuis 2026...
2026-08-09 19:16:22,131 [INFO]   -> 1 années récupérées pour AXON
2026-08-09 19:16:22,132 [INFO] [57/503] BKR (Baker Hughes), depuis 2026...
2026-08-09 19:16:33,465 [INFO]   -> 1 années récupérées pour BKR
2026-08-09 19:16:33,468 [INFO] [58/503] BALL (Ball Corporation), depuis 2026...
2026-08-09 19:16:45,146 [INFO]   -> 1 années récupérées pour BALL
2026-08-09 19:16:45,147 [INFO] [59/503] BAC (Bank of America), depuis 2026...
2026-08-09 19:16:58,405 [INFO]   -> 1 années récupérées pour BAC
2026-08-09 19:16:58,406 [INFO] [60/503] BAX (Baxter International), depuis 2026...
2026-08-09 19:17:09,721 [INFO]   -> 1 années récupérées pour BAX
2026-08-09 19:17:09,722 [INFO] [61/503] BDX (Becton Dickinson), depuis 2026...
2026-08-09 19:17:21,054 [INFO]   -> 1 années récupérées pour BDX
2026-08-09 19:17:21,055 [INFO] [62/503] BRK B (Berkshire Hathaway), depuis 2026...
2026-08-09 19:17:32,355 [INFO]   -> 1 années récupérées pour BRK B
2026-08-09 19:17:32,356 [INFO] [63/503] BBY (Best Buy), depuis 2026...
2026-08-09 19:17:43,671 [INFO]   -> 1 années récupérées pour BBY
2026-08-09 19:17:43,671 [INFO] [64/503] TECH (Bio-Techne), depuis 2026...
2026-08-09 19:17:55,250 [INFO]   -> 1 années récupérées pour TECH
2026-08-09 19:17:55,250 [INFO] [65/503] BIIB (Biogen), depuis 2026...
2026-08-09 19:17:55,251 [INFO] Warning 2108, reqId -1: Market data farm connection is inactive but should be available upon demand.usopt
2026-08-09 19:17:55,251 [INFO] Warning 2108, reqId -1: Market data farm connection is inactive but should be available upon demand.usopt
2026-08-09 19:17:55,252 [INFO] Warning 2108, reqId -1: Market data farm connection is inactive but should be available upon demand.usfarm
2026-08-09 19:17:55,252 [INFO] Warning 2108, reqId -1: Market data farm connection is inactive but should be available upon demand.usfarm
2026-08-09 19:18:06,543 [INFO]   -> 1 années récupérées pour BIIB
2026-08-09 19:18:06,544 [INFO] [66/503] BLK (BlackRock), depuis 2026...
2026-08-09 19:18:17,868 [INFO]   -> 1 années récupérées pour BLK
2026-08-09 19:18:17,869 [INFO] [67/503] BX (Blackstone Inc.), depuis 2026...
2026-08-09 19:18:29,179 [INFO]   -> 1 années récupérées pour BX
2026-08-09 19:18:29,179 [INFO] [68/503] XYZ (Block, Inc.), depuis 2026...
2026-08-09 19:18:40,489 [INFO]   -> 1 années récupérées pour XYZ
2026-08-09 19:18:40,489 [INFO] [69/503] BNY (BNY Mellon), depuis 2026...
2026-08-09 19:18:51,985 [INFO]   -> 1 années récupérées pour BNY
2026-08-09 19:18:51,985 [INFO] [70/503] BA (Boeing), depuis 2026...
2026-08-09 19:19:03,288 [INFO]   -> 1 années récupérées pour BA
2026-08-09 19:19:03,289 [INFO] [71/503] BKNG (Booking Holdings), depuis 2026...
2026-08-09 19:19:14,690 [INFO]   -> 1 années récupérées pour BKNG
2026-08-09 19:19:14,691 [INFO] [72/503] BSX (Boston Scientific), depuis 2026...
2026-08-09 19:19:26,016 [INFO]   -> 1 années récupérées pour BSX
2026-08-09 19:19:26,016 [INFO] [73/503] BMY (Bristol Myers Squibb), depuis 2026...
2026-08-09 19:19:37,356 [INFO]   -> 1 années récupérées pour BMY
2026-08-09 19:19:37,356 [INFO] [74/503] AVGO (Broadcom), depuis 2026...
2026-08-09 19:19:48,659 [INFO]   -> 1 années récupérées pour AVGO
2026-08-09 19:19:48,659 [INFO] [75/503] BR (Broadridge Financial Solutions), depuis 2026...
2026-08-09 19:19:59,970 [INFO]   -> 1 années récupérées pour BR
2026-08-09 19:19:59,971 [INFO] [76/503] BRO (Brown & Brown), depuis 2026...
2026-08-09 19:20:11,281 [INFO]   -> 1 années récupérées pour BRO
2026-08-09 19:20:11,282 [INFO] [77/503] BF B (Brown–Forman), depuis 2026...
2026-08-09 19:20:22,596 [INFO]   -> 1 années récupérées pour BF B
2026-08-09 19:20:22,596 [INFO] [78/503] BLDR (Builders FirstSource), depuis 2026...
2026-08-09 19:20:33,901 [INFO]   -> 1 années récupérées pour BLDR
2026-08-09 19:20:33,902 [INFO] [79/503] BG (Bunge Global), depuis 2026...
2026-08-09 19:20:45,219 [INFO]   -> 1 années récupérées pour BG
2026-08-09 19:20:45,219 [INFO] [80/503] BXP (BXP, Inc.), depuis 2026...
2026-08-09 19:20:57,036 [INFO]   -> 1 années récupérées pour BXP
2026-08-09 19:20:57,036 [INFO] [81/503] CHRW (C.H. Robinson), depuis 2026...
2026-08-09 19:21:08,772 [INFO]   -> 1 années récupérées pour CHRW
2026-08-09 19:21:08,772 [INFO] [82/503] CDNS (Cadence Design Systems), depuis 2026...
2026-08-09 19:21:20,437 [INFO]   -> 1 années récupérées pour CDNS
2026-08-09 19:21:20,437 [INFO] [83/503] CPT (Camden Property Trust), depuis 2026...
2026-08-09 19:21:32,370 [INFO]   -> 1 années récupérées pour CPT
2026-08-09 19:21:32,370 [INFO] [84/503] COF (Capital One), depuis 2026...
2026-08-09 19:21:44,301 [INFO]   -> 1 années récupérées pour COF
2026-08-09 19:21:44,302 [INFO] [85/503] CAH (Cardinal Health), depuis 2026...
2026-08-09 19:21:55,620 [INFO]   -> 1 années récupérées pour CAH
2026-08-09 19:21:55,621 [INFO] [86/503] CCL (Carnival Corporation), depuis 2026...
2026-08-09 19:22:07,153 [INFO]   -> 1 années récupérées pour CCL
2026-08-09 19:22:07,154 [INFO] [87/503] CARR (Carrier Global), depuis 2026...
2026-08-09 19:22:18,462 [INFO]   -> 1 années récupérées pour CARR
2026-08-09 19:22:18,462 [INFO] [88/503] CVNA (Carvana), depuis 2026...
2026-08-09 19:22:29,763 [INFO]   -> 1 années récupérées pour CVNA
2026-08-09 19:22:29,764 [INFO] [89/503] CASY (Casey's), depuis 2026...
2026-08-09 19:22:41,391 [INFO]   -> 1 années récupérées pour CASY
2026-08-09 19:22:41,392 [INFO] [90/503] CAT (Caterpillar Inc.), depuis 2026...
2026-08-09 19:22:53,099 [INFO]   -> 1 années récupérées pour CAT
2026-08-09 19:22:53,099 [INFO] [91/503] CBOE (Cboe Global Markets), depuis 2026...
2026-08-09 19:23:05,089 [INFO]   -> 1 années récupérées pour CBOE
2026-08-09 19:23:05,090 [INFO] [92/503] CBRE (CBRE Group), depuis 2026...
2026-08-09 19:23:16,638 [INFO]   -> 1 années récupérées pour CBRE
2026-08-09 19:23:16,638 [INFO] [93/503] CDW (CDW Corporation), depuis 2026...
2026-08-09 19:23:28,269 [INFO]   -> 1 années récupérées pour CDW
2026-08-09 19:23:28,270 [INFO] [94/503] COR (Cencora), depuis 2026...
2026-08-09 19:23:39,487 [INFO]   -> 1 années récupérées pour COR
2026-08-09 19:23:39,488 [INFO] [95/503] CNC (Centene Corporation), depuis 2026...
2026-08-09 19:23:51,005 [INFO]   -> 1 années récupérées pour CNC
2026-08-09 19:23:51,006 [INFO] [96/503] CNP (CenterPoint Energy), depuis 2026...
2026-08-09 19:24:02,755 [INFO]   -> 1 années récupérées pour CNP
2026-08-09 19:24:02,755 [INFO] [97/503] CF (CF Industries), depuis 2026...
2026-08-09 19:24:14,518 [INFO]   -> 1 années récupérées pour CF
2026-08-09 19:24:14,519 [INFO] [98/503] CRL (Charles River Laboratories), depuis 2026...
2026-08-09 19:24:26,786 [INFO]   -> 1 années récupérées pour CRL
2026-08-09 19:24:26,787 [INFO] [99/503] SCHW (Charles Schwab Corporation), depuis 2026...
2026-08-09 19:24:38,375 [INFO]   -> 1 années récupérées pour SCHW
2026-08-09 19:24:38,376 [INFO] [100/503] CHTR (Charter Communications), depuis 2026...
2026-08-09 19:24:49,927 [INFO]   -> 1 années récupérées pour CHTR
2026-08-09 19:24:49,928 [INFO] [101/503] CVX (Chevron Corporation), depuis 2026...
2026-08-09 19:25:01,729 [INFO]   -> 1 années récupérées pour CVX
2026-08-09 19:25:01,730 [INFO] [102/503] CMG (Chipotle Mexican Grill), depuis 2026...
2026-08-09 19:25:13,287 [INFO]   -> 1 années récupérées pour CMG
2026-08-09 19:25:13,288 [INFO] [103/503] CB (Chubb Limited), depuis 2026...
2026-08-09 19:25:24,991 [INFO]   -> 1 années récupérées pour CB
2026-08-09 19:25:24,992 [INFO] [104/503] CHD (Church & Dwight), depuis 2026...
2026-08-09 19:25:36,769 [INFO]   -> 1 années récupérées pour CHD
2026-08-09 19:25:36,770 [INFO] [105/503] CIEN (Ciena), depuis 2026...
2026-08-09 19:25:50,855 [INFO]   -> 1 années récupérées pour CIEN
2026-08-09 19:25:50,856 [INFO] [106/503] CI (Cigna), depuis 2026...
2026-08-09 19:26:03,470 [INFO]   -> 1 années récupérées pour CI
2026-08-09 19:26:03,471 [INFO] [107/503] CINF (Cincinnati Financial), depuis 2026...
2026-08-09 19:26:15,207 [INFO]   -> 1 années récupérées pour CINF
2026-08-09 19:26:15,207 [INFO] [108/503] CTAS (Cintas), depuis 2026...
2026-08-09 19:26:26,991 [INFO]   -> 1 années récupérées pour CTAS
2026-08-09 19:26:26,991 [INFO] [109/503] CSCO (Cisco), depuis 2026...
2026-08-09 19:26:38,295 [INFO]   -> 1 années récupérées pour CSCO
2026-08-09 19:26:38,296 [INFO] [110/503] C (Citigroup), depuis 2026...
2026-08-09 19:26:49,882 [INFO]   -> 1 années récupérées pour C
2026-08-09 19:26:49,883 [INFO] [111/503] CFG (Citizens Financial Group), depuis 2026...
2026-08-09 19:27:01,443 [INFO]   -> 1 années récupérées pour CFG
2026-08-09 19:27:01,444 [INFO] [112/503] CLX (Clorox), depuis 2026...
2026-08-09 19:27:13,182 [INFO]   -> 1 années récupérées pour CLX
2026-08-09 19:27:13,183 [INFO] [113/503] CME (CME Group), depuis 2026...
2026-08-09 19:27:24,871 [INFO]   -> 1 années récupérées pour CME
2026-08-09 19:27:24,872 [INFO] [114/503] CMS (CMS Energy), depuis 2026...
2026-08-09 19:27:36,700 [INFO]   -> 1 années récupérées pour CMS
2026-08-09 19:27:36,701 [INFO] [115/503] KO (Coca-Cola Company (The)), depuis 2026...
2026-08-09 19:27:48,481 [INFO]   -> 1 années récupérées pour KO
2026-08-09 19:27:48,482 [INFO] [116/503] CTSH (Cognizant), depuis 2026...
2026-08-09 19:28:00,093 [INFO]   -> 1 années récupérées pour CTSH
2026-08-09 19:28:00,094 [INFO] [117/503] COHR (Coherent Corp.), depuis 2026...
2026-08-09 19:28:11,871 [INFO]   -> 1 années récupérées pour COHR
2026-08-09 19:28:11,872 [INFO] [118/503] COIN (Coinbase), depuis 2026...
2026-08-09 19:28:23,432 [INFO]   -> 1 années récupérées pour COIN
2026-08-09 19:28:23,433 [INFO] [119/503] CL (Colgate-Palmolive), depuis 2026...
2026-08-09 19:28:35,246 [INFO]   -> 1 années récupérées pour CL
2026-08-09 19:28:35,247 [INFO] [120/503] CMCSA (Comcast), depuis 2026...
2026-08-09 19:28:47,055 [INFO]   -> 1 années récupérées pour CMCSA
2026-08-09 19:28:47,056 [INFO] [121/503] FIX (Comfort Systems USA), depuis 2026...
2026-08-09 19:28:58,781 [INFO]   -> 1 années récupérées pour FIX
2026-08-09 19:28:58,782 [INFO] [122/503] COP (ConocoPhillips), depuis 2026...
2026-08-09 19:29:11,681 [INFO]   -> 1 années récupérées pour COP
2026-08-09 19:29:11,682 [INFO] [123/503] ED (Consolidated Edison), depuis 2026...
2026-08-09 19:29:23,469 [INFO]   -> 1 années récupérées pour ED
2026-08-09 19:29:23,470 [INFO] [124/503] STZ (Constellation Brands), depuis 2026...
2026-08-09 19:29:35,067 [INFO]   -> 1 années récupérées pour STZ
2026-08-09 19:29:35,068 [INFO] [125/503] CEG (Constellation Energy), depuis 2026...
2026-08-09 19:29:46,794 [INFO]   -> 1 années récupérées pour CEG
2026-08-09 19:29:46,795 [INFO] [126/503] COO (Cooper Companies (The)), depuis 2026...
2026-08-09 19:29:58,112 [INFO]   -> 1 années récupérées pour COO
2026-08-09 19:29:58,113 [INFO] [127/503] CPRT (Copart), depuis 2026...
2026-08-09 19:30:09,733 [INFO]   -> 1 années récupérées pour CPRT
2026-08-09 19:30:09,734 [INFO] [128/503] GLW (Corning Inc.), depuis 2026...
2026-08-09 19:30:21,535 [INFO]   -> 1 années récupérées pour GLW
2026-08-09 19:30:21,535 [INFO] [129/503] CPAY (Corpay), depuis 2026...
2026-08-09 19:30:33,285 [INFO]   -> 1 années récupérées pour CPAY
2026-08-09 19:30:33,286 [INFO] [130/503] CTVA (Corteva), depuis 2026...
2026-08-09 19:30:44,885 [INFO]   -> 1 années récupérées pour CTVA
2026-08-09 19:30:44,886 [INFO] [131/503] CSGP (CoStar Group), depuis 2026...
2026-08-09 19:30:56,400 [INFO]   -> 1 années récupérées pour CSGP
2026-08-09 19:30:56,400 [INFO] [132/503] COST (Costco), depuis 2026...
2026-08-09 19:31:08,030 [INFO]   -> 1 années récupérées pour COST
2026-08-09 19:31:08,031 [INFO] [133/503] CRH (CRH plc), depuis 2026...
2026-08-09 19:31:19,610 [INFO]   -> 1 années récupérées pour CRH
2026-08-09 19:31:19,611 [INFO] [134/503] CRWD (CrowdStrike), depuis 2026...
2026-08-09 19:31:31,238 [INFO]   -> 1 années récupérées pour CRWD
2026-08-09 19:31:31,239 [INFO] [135/503] CCI (Crown Castle), depuis 2026...
2026-08-09 19:31:42,859 [INFO]   -> 1 années récupérées pour CCI
2026-08-09 19:31:42,860 [INFO] [136/503] CSX (CSX Corporation), depuis 2026...
2026-08-09 19:31:54,740 [INFO]   -> 1 années récupérées pour CSX
2026-08-09 19:31:54,741 [INFO] [137/503] CMI (Cummins), depuis 2026...
2026-08-09 19:32:06,478 [INFO]   -> 1 années récupérées pour CMI
2026-08-09 19:32:06,478 [INFO] [138/503] CVS (CVS Health), depuis 2026...
2026-08-09 19:32:18,097 [INFO]   -> 1 années récupérées pour CVS
2026-08-09 19:32:18,098 [INFO] [139/503] DHR (Danaher Corporation), depuis 2026...
2026-08-09 19:32:29,747 [INFO]   -> 1 années récupérées pour DHR
2026-08-09 19:32:29,747 [INFO] [140/503] DRI (Darden Restaurants), depuis 2026...
2026-08-09 19:32:41,064 [INFO]   -> 1 années récupérées pour DRI
2026-08-09 19:32:41,065 [INFO] [141/503] DDOG (Datadog), depuis 2026...
2026-08-09 19:32:52,652 [INFO]   -> 1 années récupérées pour DDOG
2026-08-09 19:32:52,653 [INFO] [142/503] DVA (DaVita), depuis 2026...
2026-08-09 19:33:04,211 [INFO]   -> 1 années récupérées pour DVA
2026-08-09 19:33:04,212 [INFO] [143/503] DECK (Deckers Brands), depuis 2026...
2026-08-09 19:33:15,803 [INFO]   -> 1 années récupérées pour DECK
2026-08-09 19:33:15,804 [INFO] [144/503] DE (Deere & Company), depuis 2026...
2026-08-09 19:33:27,545 [INFO]   -> 1 années récupérées pour DE
2026-08-09 19:33:27,546 [INFO] [145/503] DELL (Dell Technologies), depuis 2026...
2026-08-09 19:33:38,903 [INFO]   -> 1 années récupérées pour DELL
2026-08-09 19:33:38,903 [INFO] [146/503] DAL (Delta Air Lines), depuis 2026...
2026-08-09 19:33:50,495 [INFO]   -> 1 années récupérées pour DAL
2026-08-09 19:33:50,496 [INFO] [147/503] DVN (Devon Energy), depuis 2026...
2026-08-09 19:34:01,811 [INFO]   -> 1 années récupérées pour DVN
2026-08-09 19:34:01,812 [INFO] [148/503] DXCM (Dexcom), depuis 2026...
2026-08-09 19:34:13,440 [INFO]   -> 1 années récupérées pour DXCM
2026-08-09 19:34:13,440 [INFO] [149/503] FANG (Diamondback Energy), depuis 2026...
2026-08-09 19:34:25,053 [INFO]   -> 1 années récupérées pour FANG
2026-08-09 19:34:25,054 [INFO] [150/503] DLR (Digital Realty), depuis 2026...
2026-08-09 19:34:36,809 [INFO]   -> 1 années récupérées pour DLR
2026-08-09 19:34:36,810 [INFO] [151/503] DG (Dollar General), depuis 2026...
2026-08-09 19:34:48,470 [INFO]   -> 1 années récupérées pour DG
2026-08-09 19:34:48,471 [INFO] [152/503] DLTR (Dollar Tree), depuis 2026...
2026-08-09 19:35:00,041 [INFO]   -> 1 années récupérées pour DLTR
2026-08-09 19:35:00,044 [INFO] [153/503] D (Dominion Energy), depuis 2026...
2026-08-09 19:35:11,838 [INFO]   -> 1 années récupérées pour D
2026-08-09 19:35:11,838 [INFO] [154/503] DPZ (Domino's), depuis 2026...
2026-08-09 19:35:24,048 [INFO]   -> 1 années récupérées pour DPZ
2026-08-09 19:35:24,049 [INFO] [155/503] DASH (DoorDash), depuis 2026...
2026-08-09 19:35:35,618 [INFO]   -> 1 années récupérées pour DASH
2026-08-09 19:35:35,619 [INFO] [156/503] DOV (Dover Corporation), depuis 2026...
2026-08-09 19:35:47,410 [INFO]   -> 1 années récupérées pour DOV
2026-08-09 19:35:47,411 [INFO] [157/503] DOW (Dow Inc.), depuis 2026...
2026-08-09 19:35:58,988 [INFO]   -> 1 années récupérées pour DOW
2026-08-09 19:35:58,989 [INFO] [158/503] DHI (D. R. Horton), depuis 2026...
2026-08-09 19:36:10,756 [INFO]   -> 1 années récupérées pour DHI
2026-08-09 19:36:10,759 [INFO] [159/503] DTE (DTE Energy), depuis 2026...
2026-08-09 19:36:22,484 [INFO]   -> 1 années récupérées pour DTE
2026-08-09 19:36:22,485 [INFO] [160/503] DUK (Duke Energy), depuis 2026...
2026-08-09 19:36:34,178 [INFO]   -> 1 années récupérées pour DUK
2026-08-09 19:36:34,179 [INFO] [161/503] DD (DuPont), depuis 2026...
2026-08-09 19:36:46,268 [INFO]   -> 1 années récupérées pour DD
2026-08-09 19:36:46,269 [INFO] [162/503] ETN (Eaton Corporation), depuis 2026...
2026-08-09 19:36:57,597 [INFO]   -> 1 années récupérées pour ETN
2026-08-09 19:36:57,598 [INFO] [163/503] EBAY (eBay Inc.), depuis 2026...
2026-08-09 19:37:09,290 [INFO]   -> 1 années récupérées pour EBAY
2026-08-09 19:37:09,291 [INFO] [164/503] ECHO (EchoStar), depuis 2026...
2026-08-09 19:37:21,153 [INFO]   -> 1 années récupérées pour ECHO
2026-08-09 19:37:21,154 [INFO] [165/503] ECL (Ecolab), depuis 2026...
2026-08-09 19:37:32,793 [INFO]   -> 1 années récupérées pour ECL
2026-08-09 19:37:32,794 [INFO] [166/503] EIX (Edison International), depuis 2026...
2026-08-09 19:37:44,516 [INFO]   -> 1 années récupérées pour EIX
2026-08-09 19:37:44,517 [INFO] [167/503] EW (Edwards Lifesciences), depuis 2026...
2026-08-09 19:37:56,173 [INFO]   -> 1 années récupérées pour EW
2026-08-09 19:37:56,174 [INFO] [168/503] ELV (Elevance Health), depuis 2026...
2026-08-09 19:38:07,806 [INFO]   -> 1 années récupérées pour ELV
2026-08-09 19:38:07,810 [INFO] [169/503] EME (Emcor), depuis 2026...
2026-08-09 19:38:19,468 [INFO]   -> 1 années récupérées pour EME
2026-08-09 19:38:19,469 [INFO] [170/503] EMR (Emerson Electric), depuis 2026...
2026-08-09 19:38:31,248 [INFO]   -> 1 années récupérées pour EMR
2026-08-09 19:38:31,249 [INFO] [171/503] ETR (Entergy), depuis 2026...
2026-08-09 19:38:42,986 [INFO]   -> 1 années récupérées pour ETR
2026-08-09 19:38:42,987 [INFO] [172/503] EOG (EOG Resources), depuis 2026...
2026-08-09 19:38:54,778 [INFO]   -> 1 années récupérées pour EOG
2026-08-09 19:38:54,780 [INFO] [173/503] EQT (EQT Corporation), depuis 2026...
2026-08-09 19:39:06,434 [INFO]   -> 1 années récupérées pour EQT
2026-08-09 19:39:06,435 [INFO] [174/503] EFX (Equifax), depuis 2026...
2026-08-09 19:39:18,099 [INFO]   -> 1 années récupérées pour EFX
2026-08-09 19:39:18,099 [INFO] [175/503] EQIX (Equinix), depuis 2026...
2026-08-09 19:39:29,681 [INFO]   -> 1 années récupérées pour EQIX
2026-08-09 19:39:29,683 [INFO] [176/503] EQR (Equity Residential), depuis 2026...
2026-08-09 19:39:41,462 [INFO]   -> 1 années récupérées pour EQR
2026-08-09 19:39:41,463 [INFO] [177/503] ERIE (Erie Indemnity), depuis 2026...
2026-08-09 19:39:53,237 [INFO]   -> 1 années récupérées pour ERIE
2026-08-09 19:39:53,238 [INFO] [178/503] ESS (Essex Property Trust), depuis 2026...
2026-08-09 19:40:05,098 [INFO]   -> 1 années récupérées pour ESS
2026-08-09 19:40:05,099 [INFO] [179/503] EL (Estée Lauder Companies (The)), depuis 2026...
2026-08-09 19:40:16,650 [INFO]   -> 1 années récupérées pour EL
2026-08-09 19:40:16,651 [INFO] [180/503] EG (Everest Group), depuis 2026...
2026-08-09 19:40:28,359 [INFO]   -> 1 années récupérées pour EG
2026-08-09 19:40:28,360 [INFO] [181/503] EVRG (Evergy), depuis 2026...
2026-08-09 19:40:40,246 [INFO]   -> 1 années récupérées pour EVRG
2026-08-09 19:40:40,247 [INFO] [182/503] ES (Eversource Energy), depuis 2026...
2026-08-09 19:40:52,130 [INFO]   -> 1 années récupérées pour ES
2026-08-09 19:40:52,131 [INFO] [183/503] EXC (Exelon), depuis 2026...
2026-08-09 19:41:03,449 [INFO]   -> 1 années récupérées pour EXC
2026-08-09 19:41:03,450 [INFO] [184/503] EXE (Expand Energy), depuis 2026...
2026-08-09 19:41:15,052 [INFO]   -> 1 années récupérées pour EXE
2026-08-09 19:41:15,053 [INFO] [185/503] EXPE (Expedia Group), depuis 2026...
2026-08-09 19:41:26,645 [INFO]   -> 1 années récupérées pour EXPE
2026-08-09 19:41:26,646 [INFO] [186/503] EXPD (Expeditors International), depuis 2026...
2026-08-09 19:41:38,220 [INFO]   -> 1 années récupérées pour EXPD
2026-08-09 19:41:38,220 [INFO] [187/503] EXR (Extra Space Storage), depuis 2026...
2026-08-09 19:41:49,967 [INFO]   -> 1 années récupérées pour EXR
2026-08-09 19:41:49,968 [INFO] [188/503] XOM (ExxonMobil), depuis 2026...
2026-08-09 19:42:01,951 [INFO]   -> 1 années récupérées pour XOM
2026-08-09 19:42:01,952 [INFO] [189/503] FFIV (F5, Inc.), depuis 2026...
2026-08-09 19:42:13,510 [INFO]   -> 1 années récupérées pour FFIV
2026-08-09 19:42:13,511 [INFO] [190/503] FDS (FactSet), depuis 2026...
2026-08-09 19:42:25,400 [INFO]   -> 1 années récupérées pour FDS
2026-08-09 19:42:25,401 [INFO] [191/503] FICO (Fair Isaac), depuis 2026...
2026-08-09 19:42:37,010 [INFO]   -> 1 années récupérées pour FICO
2026-08-09 19:42:37,011 [INFO] [192/503] FAST (Fastenal), depuis 2026...
2026-08-09 19:42:48,585 [INFO]   -> 1 années récupérées pour FAST
2026-08-09 19:42:48,587 [INFO] [193/503] FRT (Federal Realty Investment Trust), depuis 2026...
2026-08-09 19:43:00,323 [INFO]   -> 1 années récupérées pour FRT
2026-08-09 19:43:00,324 [INFO] [194/503] FDX (FedEx), depuis 2026...
2026-08-09 19:43:12,622 [INFO]   -> 1 années récupérées pour FDX
2026-08-09 19:43:12,623 [INFO] [195/503] FDXF (FedEx Freight), depuis 2026...
2026-08-09 19:43:24,396 [INFO]   -> 1 années récupérées pour FDXF
2026-08-09 19:43:24,398 [INFO] [196/503] FERG (Ferguson Enterprises), depuis 2010...
2026-08-09 19:43:36,543 [INFO]   -> 6 années récupérées pour FERG
2026-08-09 19:43:36,622 [INFO]   (point de sauvegarde : 7888 lignes au total dans data\prices\year_end_prices.parquet)
2026-08-09 19:43:36,625 [INFO] [197/503] FIS (Fidelity National Information Services), depuis 2026...
2026-08-09 19:43:48,353 [INFO]   -> 1 années récupérées pour FIS
2026-08-09 19:43:48,354 [INFO] [198/503] FITB (Fifth Third Bancorp), depuis 2026...
2026-08-09 19:44:00,251 [INFO]   -> 1 années récupérées pour FITB
2026-08-09 19:44:00,252 [INFO] [199/503] FSLR (First Solar), depuis 2026...
2026-08-09 19:44:11,886 [INFO]   -> 1 années récupérées pour FSLR
2026-08-09 19:44:11,887 [INFO] [200/503] FE (FirstEnergy), depuis 2026...
2026-08-09 19:44:23,579 [INFO]   -> 1 années récupérées pour FE
2026-08-09 19:44:23,580 [INFO] [201/503] FISV (Fiserv), depuis 2026...
2026-08-09 19:44:35,391 [INFO]   -> 1 années récupérées pour FISV
2026-08-09 19:44:35,392 [INFO] [202/503] FLEX (Flex Ltd.), depuis 2026...
2026-08-09 19:44:47,011 [INFO]   -> 1 années récupérées pour FLEX
2026-08-09 19:44:47,011 [INFO] [203/503] F (Ford Motor Company), depuis 2026...
2026-08-09 19:44:58,584 [INFO]   -> 1 années récupérées pour F
2026-08-09 19:44:58,585 [INFO] [204/503] FTNT (Fortinet), depuis 2026...
2026-08-09 19:45:10,254 [INFO]   -> 1 années récupérées pour FTNT
2026-08-09 19:45:10,255 [INFO] [205/503] FTV (Fortive), depuis 2026...
2026-08-09 19:45:21,852 [INFO]   -> 1 années récupérées pour FTV
2026-08-09 19:45:21,853 [INFO] [206/503] FOXA (Fox Corporation (Class A)), depuis 2026...
2026-08-09 19:45:33,491 [INFO]   -> 1 années récupérées pour FOXA
2026-08-09 19:45:33,492 [INFO] [207/503] FOX (Fox Corporation (Class B)), depuis 2026...
2026-08-09 19:45:45,065 [INFO]   -> 1 années récupérées pour FOX
2026-08-09 19:45:45,066 [INFO] [208/503] BEN (Franklin Resources), depuis 2026...
2026-08-09 19:45:56,758 [INFO]   -> 1 années récupérées pour BEN
2026-08-09 19:45:56,759 [INFO] [209/503] FCX (Freeport-McMoRan), depuis 2026...
2026-08-09 19:46:08,325 [INFO]   -> 1 années récupérées pour FCX
2026-08-09 19:46:08,326 [INFO] [210/503] GRMN (Garmin), depuis 2026...
2026-08-09 19:46:19,909 [INFO]   -> 1 années récupérées pour GRMN
2026-08-09 19:46:19,912 [INFO] [211/503] IT (Gartner), depuis 2026...
2026-08-09 19:46:31,553 [INFO]   -> 1 années récupérées pour IT
2026-08-09 19:46:31,554 [INFO] [212/503] GE (GE Aerospace), depuis 2026...
2026-08-09 19:46:43,252 [INFO]   -> 1 années récupérées pour GE
2026-08-09 19:46:43,253 [INFO] [213/503] GEHC (GE HealthCare), depuis 2026...
2026-08-09 19:46:55,007 [INFO]   -> 1 années récupérées pour GEHC
2026-08-09 19:46:55,008 [INFO] [214/503] GEV (GE Vernova), depuis 2026...
2026-08-09 19:47:06,581 [INFO]   -> 1 années récupérées pour GEV
2026-08-09 19:47:06,581 [INFO] [215/503] GEN (Gen Digital), depuis 2026...
2026-08-09 19:47:18,305 [INFO]   -> 1 années récupérées pour GEN
2026-08-09 19:47:18,306 [INFO] [216/503] GNRC (Generac), depuis 2026...
2026-08-09 19:47:29,649 [INFO]   -> 1 années récupérées pour GNRC
2026-08-09 19:47:29,650 [INFO] [217/503] GD (General Dynamics), depuis 2026...
2026-08-09 19:47:41,019 [INFO]   -> 1 années récupérées pour GD
2026-08-09 19:47:41,020 [INFO] [218/503] GIS (General Mills), depuis 2026...
2026-08-09 19:47:52,361 [INFO]   -> 1 années récupérées pour GIS
2026-08-09 19:47:52,364 [INFO] [219/503] GM (General Motors), depuis 2026...
2026-08-09 19:48:03,993 [INFO]   -> 1 années récupérées pour GM
2026-08-09 19:48:03,994 [INFO] [220/503] GPC (Genuine Parts Company), depuis 2026...
2026-08-09 19:48:15,719 [INFO]   -> 1 années récupérées pour GPC
2026-08-09 19:48:15,720 [INFO] [221/503] GILD (Gilead Sciences), depuis 2026...
2026-08-09 19:48:27,407 [INFO]   -> 1 années récupérées pour GILD
2026-08-09 19:48:27,407 [INFO] [222/503] GPN (Global Payments), depuis 2026...
2026-08-09 19:48:39,060 [INFO]   -> 1 années récupérées pour GPN
2026-08-09 19:48:39,061 [INFO] [223/503] GL (Globe Life), depuis 2026...
2026-08-09 19:48:50,846 [INFO]   -> 1 années récupérées pour GL
2026-08-09 19:48:50,847 [INFO] [224/503] GDDY (GoDaddy), depuis 2026...
2026-08-09 19:49:02,515 [INFO]   -> 1 années récupérées pour GDDY
2026-08-09 19:49:02,516 [INFO] [225/503] GS (Goldman Sachs), depuis 2026...
2026-08-09 19:49:14,179 [INFO]   -> 1 années récupérées pour GS
2026-08-09 19:49:14,180 [INFO] [226/503] HAL (Halliburton), depuis 2026...
2026-08-09 19:49:25,814 [INFO]   -> 1 années récupérées pour HAL
2026-08-09 19:49:25,814 [INFO] [227/503] HIG (Hartford (The)), depuis 2026...
2026-08-09 19:49:37,590 [INFO]   -> 1 années récupérées pour HIG
2026-08-09 19:49:37,591 [INFO] [228/503] HAS (Hasbro), depuis 2026...
2026-08-09 19:49:49,345 [INFO]   -> 1 années récupérées pour HAS
2026-08-09 19:49:49,346 [INFO] [229/503] HCA (HCA Healthcare), depuis 2026...
2026-08-09 19:50:00,967 [INFO]   -> 1 années récupérées pour HCA
2026-08-09 19:50:00,968 [INFO] [230/503] DOC (Healthpeak Properties), depuis 2026...
2026-08-09 19:50:12,881 [INFO]   -> 1 années récupérées pour DOC
2026-08-09 19:50:12,882 [INFO] [231/503] HSIC (Henry Schein), depuis 2026...
2026-08-09 19:50:24,545 [INFO]   -> 1 années récupérées pour HSIC
2026-08-09 19:50:24,546 [INFO] [232/503] HSY (Hershey Company (The)), depuis 2026...
2026-08-09 19:50:36,326 [INFO]   -> 1 années récupérées pour HSY
2026-08-09 19:50:36,326 [INFO] [233/503] HPE (Hewlett Packard Enterprise), depuis 2026...
2026-08-09 19:50:47,936 [INFO]   -> 1 années récupérées pour HPE
2026-08-09 19:50:47,936 [INFO] [234/503] HLT (Hilton Worldwide), depuis 2026...
2026-08-09 19:50:59,568 [INFO]   -> 1 années récupérées pour HLT
2026-08-09 19:50:59,569 [INFO] [235/503] HD (Home Depot (The)), depuis 2026...
2026-08-09 19:51:11,226 [INFO]   -> 1 années récupérées pour HD
2026-08-09 19:51:11,227 [INFO] [236/503] HONA (Honeywell Aerospace), depuis 2026...
2026-08-09 19:51:22,893 [INFO]   -> 1 années récupérées pour HONA
2026-08-09 19:51:22,894 [INFO] [237/503] HON (Honeywell Technologies), depuis 2026...
2026-08-09 19:51:34,351 [INFO]   -> 1 années récupérées pour HON
2026-08-09 19:51:34,351 [INFO] [238/503] HRL (Hormel Foods), depuis 2026...
2026-08-09 19:51:46,015 [INFO]   -> 1 années récupérées pour HRL
2026-08-09 19:51:46,017 [INFO] [239/503] HST (Host Hotels & Resorts), depuis 2026...
2026-08-09 19:51:57,723 [INFO]   -> 1 années récupérées pour HST
2026-08-09 19:51:57,724 [INFO] [240/503] HWM (Howmet Aerospace), depuis 2026...
2026-08-09 19:52:09,045 [INFO]   -> 1 années récupérées pour HWM
2026-08-09 19:52:09,046 [INFO] [241/503] HPQ (HP Inc.), depuis 2026...
2026-08-09 19:52:20,758 [INFO]   -> 1 années récupérées pour HPQ
2026-08-09 19:52:20,759 [INFO] [242/503] HUBB (Hubbell Incorporated), depuis 2026...
2026-08-09 19:52:32,397 [INFO]   -> 1 années récupérées pour HUBB
2026-08-09 19:52:32,398 [INFO] [243/503] HUM (Humana), depuis 2026...
2026-08-09 19:52:44,050 [INFO]   -> 1 années récupérées pour HUM
2026-08-09 19:52:44,051 [INFO] [244/503] HBAN (Huntington Bancshares), depuis 2026...
2026-08-09 19:52:55,793 [INFO]   -> 1 années récupérées pour HBAN
2026-08-09 19:52:55,794 [INFO] [245/503] HII (Huntington Ingalls Industries), depuis 2026...
2026-08-09 19:53:07,455 [INFO]   -> 1 années récupérées pour HII
2026-08-09 19:53:07,456 [INFO] [246/503] IBM (IBM), depuis 2026...
2026-08-09 19:53:19,356 [INFO]   -> 1 années récupérées pour IBM
2026-08-09 19:53:19,357 [INFO] [247/503] IEX (IDEX Corporation), depuis 2026...
2026-08-09 19:53:30,997 [INFO]   -> 1 années récupérées pour IEX
2026-08-09 19:53:30,997 [INFO] [248/503] IDXX (Idexx Laboratories), depuis 2026...
2026-08-09 19:53:42,567 [INFO]   -> 1 années récupérées pour IDXX
2026-08-09 19:53:42,568 [INFO] [249/503] ITW (Illinois Tool Works), depuis 2026...
2026-08-09 19:53:53,875 [INFO]   -> 1 années récupérées pour ITW
2026-08-09 19:53:53,875 [INFO] [250/503] INCY (Incyte), depuis 2026...
2026-08-09 19:54:05,500 [INFO]   -> 1 années récupérées pour INCY
2026-08-09 19:54:05,501 [INFO] [251/503] IR (Ingersoll Rand), depuis 2026...
2026-08-09 19:54:17,078 [INFO]   -> 1 années récupérées pour IR
2026-08-09 19:54:17,079 [INFO] [252/503] PODD (Insulet Corporation), depuis 2026...
2026-08-09 19:54:28,747 [INFO]   -> 1 années récupérées pour PODD
2026-08-09 19:54:28,748 [INFO] [253/503] INTC (Intel), depuis 2026...
2026-08-09 19:54:40,336 [INFO]   -> 1 années récupérées pour INTC
2026-08-09 19:54:40,337 [INFO] [254/503] IBKR (Interactive Brokers), depuis 2026...
2026-08-09 19:54:51,965 [INFO]   -> 1 années récupérées pour IBKR
2026-08-09 19:54:51,966 [INFO] [255/503] ICE (Intercontinental Exchange), depuis 2026...
2026-08-09 19:55:03,283 [INFO]   -> 1 années récupérées pour ICE
2026-08-09 19:55:03,283 [INFO] [256/503] IFF (International Flavors & Fragrances), depuis 2026...
2026-08-09 19:55:14,614 [INFO]   -> 1 années récupérées pour IFF
2026-08-09 19:55:14,615 [INFO] [257/503] IP (International Paper), depuis 2026...
2026-08-09 19:55:26,259 [INFO]   -> 1 années récupérées pour IP
2026-08-09 19:55:26,260 [INFO] [258/503] INTU (Intuit), depuis 2026...
2026-08-09 19:55:37,901 [INFO]   -> 1 années récupérées pour INTU
2026-08-09 19:55:37,902 [INFO] [259/503] ISRG (Intuitive Surgical), depuis 2026...
2026-08-09 19:55:49,537 [INFO]   -> 1 années récupérées pour ISRG
2026-08-09 19:55:49,538 [INFO] [260/503] IVZ (Invesco), depuis 2026...
2026-08-09 19:56:01,246 [INFO]   -> 1 années récupérées pour IVZ
2026-08-09 19:56:01,246 [INFO] [261/503] INVH (Invitation Homes), depuis 2026...
2026-08-09 19:56:12,888 [INFO]   -> 1 années récupérées pour INVH
2026-08-09 19:56:12,889 [INFO] [262/503] IQV (IQVIA), depuis 2026...
2026-08-09 19:56:24,456 [INFO]   -> 1 années récupérées pour IQV
2026-08-09 19:56:24,457 [INFO] [263/503] IRM (Iron Mountain), depuis 2026...
2026-08-09 19:56:36,125 [INFO]   -> 1 années récupérées pour IRM
2026-08-09 19:56:36,126 [INFO] [264/503] JBHT (J.B. Hunt), depuis 2026...
2026-08-09 19:56:47,834 [INFO]   -> 1 années récupérées pour JBHT
2026-08-09 19:56:47,835 [INFO] [265/503] JBL (Jabil), depuis 2026...
2026-08-09 19:56:59,660 [INFO]   -> 1 années récupérées pour JBL
2026-08-09 19:56:59,660 [INFO] [266/503] JKHY (Jack Henry & Associates), depuis 2026...
2026-08-09 19:57:11,454 [INFO]   -> 1 années récupérées pour JKHY
2026-08-09 19:57:11,455 [INFO] [267/503] J (Jacobs Solutions), depuis 2026...
2026-08-09 19:57:23,152 [INFO]   -> 1 années récupérées pour J
2026-08-09 19:57:23,153 [INFO] [268/503] JNJ (Johnson & Johnson), depuis 2026...
2026-08-09 19:57:34,480 [INFO]   -> 1 années récupérées pour JNJ
2026-08-09 19:57:34,481 [INFO] [269/503] JCI (Johnson Controls), depuis 2026...
2026-08-09 19:57:46,304 [INFO]   -> 1 années récupérées pour JCI
2026-08-09 19:57:46,305 [INFO] [270/503] JPM (JPMorgan Chase), depuis 2026...
2026-08-09 19:57:58,083 [INFO]   -> 1 années récupérées pour JPM
2026-08-09 19:57:58,085 [INFO] [271/503] KVUE (Kenvue), depuis 2026...
2026-08-09 19:58:09,616 [INFO]   -> 1 années récupérées pour KVUE
2026-08-09 19:58:09,617 [INFO] [272/503] KDP (Keurig Dr Pepper), depuis 2026...
2026-08-09 19:58:21,024 [INFO]   -> 1 années récupérées pour KDP
2026-08-09 19:58:21,025 [INFO] [273/503] KEY (KeyCorp), depuis 2026...
2026-08-09 19:58:32,684 [INFO]   -> 1 années récupérées pour KEY
2026-08-09 19:58:32,685 [INFO] [274/503] KEYS (Keysight Technologies), depuis 2026...
2026-08-09 19:58:44,257 [INFO]   -> 1 années récupérées pour KEYS
2026-08-09 19:58:44,258 [INFO] [275/503] KMB (Kimberly-Clark), depuis 2026...
2026-08-09 19:58:55,946 [INFO]   -> 1 années récupérées pour KMB
2026-08-09 19:58:55,947 [INFO] [276/503] KIM (Kimco Realty), depuis 2026...
2026-08-09 19:59:07,726 [INFO]   -> 1 années récupérées pour KIM
2026-08-09 19:59:07,727 [INFO] [277/503] KMI (Kinder Morgan), depuis 2026...
2026-08-09 19:59:19,066 [INFO]   -> 1 années récupérées pour KMI
2026-08-09 19:59:19,066 [INFO] [278/503] KKR (KKR & Co.), depuis 2026...
2026-08-09 19:59:30,743 [INFO]   -> 1 années récupérées pour KKR
2026-08-09 19:59:30,743 [INFO] [279/503] KLAC (KLA Corporation), depuis 2026...
2026-08-09 19:59:42,424 [INFO]   -> 1 années récupérées pour KLAC
2026-08-09 19:59:42,425 [INFO] [280/503] KHC (Kraft Heinz), depuis 2026...
2026-08-09 19:59:54,004 [INFO]   -> 1 années récupérées pour KHC
2026-08-09 19:59:54,005 [INFO] [281/503] KR (Kroger), depuis 2026...
2026-08-09 20:00:05,777 [INFO]   -> 1 années récupérées pour KR
2026-08-09 20:00:05,777 [INFO] [282/503] LHX (L3Harris), depuis 2026...
2026-08-09 20:00:17,436 [INFO]   -> 1 années récupérées pour LHX
2026-08-09 20:00:17,437 [INFO] [283/503] LH (Labcorp), depuis 2026...
2026-08-09 20:00:28,998 [INFO]   -> 1 années récupérées pour LH
2026-08-09 20:00:28,999 [INFO] [284/503] LRCX (Lam Research), depuis 2026...
2026-08-09 20:00:40,592 [INFO]   -> 1 années récupérées pour LRCX
2026-08-09 20:00:40,594 [INFO] [285/503] LVS (Las Vegas Sands), depuis 2026...
2026-08-09 20:00:52,202 [INFO]   -> 1 années récupérées pour LVS
2026-08-09 20:00:52,203 [INFO] [286/503] LDOS (Leidos), depuis 2026...
2026-08-09 20:01:03,776 [INFO]   -> 1 années récupérées pour LDOS
2026-08-09 20:01:03,777 [INFO] [287/503] LEN (Lennar), depuis 2026...
2026-08-09 20:01:15,502 [INFO]   -> 1 années récupérées pour LEN
2026-08-09 20:01:15,502 [INFO] [288/503] LII (Lennox International), depuis 2026...
2026-08-09 20:01:27,150 [INFO]   -> 1 années récupérées pour LII
2026-08-09 20:01:27,151 [INFO] [289/503] LLY (Lilly (Eli)), depuis 2026...
2026-08-09 20:01:38,881 [INFO]   -> 1 années récupérées pour LLY
2026-08-09 20:01:38,882 [INFO] [290/503] LIN (Linde plc), depuis 2026...
2026-08-09 20:01:50,208 [INFO]   -> 1 années récupérées pour LIN
2026-08-09 20:01:50,208 [INFO] [291/503] LYV (Live Nation Entertainment), depuis 2026...
2026-08-09 20:02:01,778 [INFO]   -> 1 années récupérées pour LYV
2026-08-09 20:02:01,779 [INFO] [292/503] LMT (Lockheed Martin), depuis 2026...
2026-08-09 20:02:13,466 [INFO]   -> 1 années récupérées pour LMT
2026-08-09 20:02:13,467 [INFO] [293/503] L (Loews Corporation), depuis 2026...
2026-08-09 20:02:25,227 [INFO]   -> 1 années récupérées pour L
2026-08-09 20:02:25,228 [INFO] [294/503] LOW (Lowe's), depuis 2026...
2026-08-09 20:02:37,019 [INFO]   -> 1 années récupérées pour LOW
2026-08-09 20:02:37,019 [INFO] [295/503] LULU (Lululemon Athletica), depuis 2026...
2026-08-09 20:02:48,669 [INFO]   -> 1 années récupérées pour LULU
2026-08-09 20:02:48,670 [INFO] [296/503] LITE (Lumentum), depuis 2026...
2026-08-09 20:03:00,241 [INFO]   -> 1 années récupérées pour LITE
2026-08-09 20:03:00,241 [INFO] [297/503] LYB (LyondellBasell), depuis 2026...
2026-08-09 20:03:11,818 [INFO]   -> 1 années récupérées pour LYB
2026-08-09 20:03:11,819 [INFO] [298/503] MTB (M&T Bank), depuis 2026...
2026-08-09 20:03:23,656 [INFO]   -> 1 années récupérées pour MTB
2026-08-09 20:03:23,657 [INFO] [299/503] MPC (Marathon Petroleum), depuis 2026...
2026-08-09 20:03:35,295 [INFO]   -> 1 années récupérées pour MPC
2026-08-09 20:03:35,296 [INFO] [300/503] MAR (Marriott International), depuis 2026...
2026-08-09 20:03:46,890 [INFO]   -> 1 années récupérées pour MAR
2026-08-09 20:03:46,891 [INFO] [301/503] MRSH (Marsh McLennan), depuis 2026...
2026-08-09 20:03:58,253 [INFO]   -> 1 années récupérées pour MRSH
2026-08-09 20:03:58,254 [INFO] [302/503] MLM (Martin Marietta Materials), depuis 2026...
2026-08-09 20:04:09,976 [INFO]   -> 1 années récupérées pour MLM
2026-08-09 20:04:09,977 [INFO] [303/503] MRVL (Marvell Technology), depuis 2026...
2026-08-09 20:04:21,296 [INFO]   -> 1 années récupérées pour MRVL
2026-08-09 20:04:21,299 [INFO] [304/503] MAS (Masco), depuis 2026...
2026-08-09 20:04:33,047 [INFO]   -> 1 années récupérées pour MAS
2026-08-09 20:04:33,048 [INFO] [305/503] MA (Mastercard), depuis 2026...
2026-08-09 20:04:44,852 [INFO]   -> 1 années récupérées pour MA
2026-08-09 20:04:44,853 [INFO] [306/503] MKC (McCormick & Company), depuis 2026...
2026-08-09 20:04:56,553 [INFO]   -> 1 années récupérées pour MKC
2026-08-09 20:04:56,554 [INFO] [307/503] MCD (McDonald's), depuis 2026...
2026-08-09 20:05:08,132 [INFO]   -> 1 années récupérées pour MCD
2026-08-09 20:05:08,133 [INFO] [308/503] MCK (McKesson Corporation), depuis 2026...
2026-08-09 20:05:19,863 [INFO]   -> 1 années récupérées pour MCK
2026-08-09 20:05:19,863 [INFO] [309/503] MDT (Medtronic), depuis 2026...
2026-08-09 20:05:31,538 [INFO]   -> 1 années récupérées pour MDT
2026-08-09 20:05:31,539 [INFO] [310/503] MRK (Merck & Co.), depuis 2026...
2026-08-09 20:05:43,312 [INFO]   -> 1 années récupérées pour MRK
2026-08-09 20:05:43,313 [INFO] [311/503] META (Meta Platforms), depuis 2026...
2026-08-09 20:05:54,916 [INFO]   -> 1 années récupérées pour META
2026-08-09 20:05:54,917 [INFO] [312/503] MET (MetLife), depuis 2026...
2026-08-09 20:06:06,504 [INFO]   -> 1 années récupérées pour MET
2026-08-09 20:06:06,504 [INFO] [313/503] MTD (Mettler Toledo), depuis 2026...
2026-08-09 20:06:18,085 [INFO]   -> 1 années récupérées pour MTD
2026-08-09 20:06:18,086 [INFO] [314/503] MGM (MGM Resorts), depuis 2026...
2026-08-09 20:06:29,754 [INFO]   -> 1 années récupérées pour MGM
2026-08-09 20:06:29,755 [INFO] [315/503] MCHP (Microchip Technology), depuis 2026...
2026-08-09 20:06:41,387 [INFO]   -> 1 années récupérées pour MCHP
2026-08-09 20:06:41,388 [INFO] [316/503] MU (Micron Technology), depuis 2026...
2026-08-09 20:06:52,693 [INFO]   -> 1 années récupérées pour MU
2026-08-09 20:06:52,693 [INFO] [317/503] MSFT (Microsoft), depuis 2026...
2026-08-09 20:07:04,382 [INFO]   -> 1 années récupérées pour MSFT
2026-08-09 20:07:04,383 [INFO] [318/503] MAA (Mid-America Apartment Communities), depuis 2026...
2026-08-09 20:07:16,061 [INFO]   -> 1 années récupérées pour MAA
2026-08-09 20:07:16,062 [INFO] [319/503] MRNA (Moderna), depuis 2026...
2026-08-09 20:07:27,718 [INFO]   -> 1 années récupérées pour MRNA
2026-08-09 20:07:27,719 [INFO] [320/503] TAP (Molson Coors Beverage Company), depuis 2026...
2026-08-09 20:07:39,302 [INFO]   -> 1 années récupérées pour TAP
2026-08-09 20:07:39,303 [INFO] [321/503] MDLZ (Mondelez International), depuis 2026...
2026-08-09 20:07:50,974 [INFO]   -> 1 années récupérées pour MDLZ
2026-08-09 20:07:50,975 [INFO] [322/503] MPWR (Monolithic Power Systems), depuis 2026...
2026-08-09 20:08:02,538 [INFO]   -> 1 années récupérées pour MPWR
2026-08-09 20:08:02,539 [INFO] [323/503] MNST (Monster Beverage), depuis 2026...
2026-08-09 20:08:14,121 [INFO]   -> 1 années récupérées pour MNST
2026-08-09 20:08:14,122 [INFO] [324/503] MCO (Moody's Corporation), depuis 2026...
2026-08-09 20:08:25,759 [INFO]   -> 1 années récupérées pour MCO
2026-08-09 20:08:25,760 [INFO] [325/503] MS (Morgan Stanley), depuis 2026...
2026-08-09 20:08:37,612 [INFO]   -> 1 années récupérées pour MS
2026-08-09 20:08:37,613 [INFO] [326/503] MOS (Mosaic Company (The)), depuis 2026...
2026-08-09 20:08:49,218 [INFO]   -> 1 années récupérées pour MOS
2026-08-09 20:08:49,219 [INFO] [327/503] MSI (Motorola Solutions), depuis 2026...
2026-08-09 20:09:01,038 [INFO]   -> 1 années récupérées pour MSI
2026-08-09 20:09:01,039 [INFO] [328/503] MSCI (MSCI Inc.), depuis 2026...
2026-08-09 20:09:12,710 [INFO]   -> 1 années récupérées pour MSCI
2026-08-09 20:09:12,710 [INFO] [329/503] NDAQ (Nasdaq, Inc.), depuis 2026...
2026-08-09 20:09:24,036 [INFO]   -> 1 années récupérées pour NDAQ
2026-08-09 20:09:24,036 [INFO] [330/503] NTAP (NetApp), depuis 2026...
2026-08-09 20:09:35,921 [INFO]   -> 1 années récupérées pour NTAP
2026-08-09 20:09:35,922 [INFO] [331/503] NFLX (Netflix), depuis 2026...
2026-08-09 20:09:47,308 [INFO]   -> 1 années récupérées pour NFLX
2026-08-09 20:09:47,309 [INFO] [332/503] NEM (Newmont), depuis 2026...
2026-08-09 20:09:58,982 [INFO]   -> 1 années récupérées pour NEM
2026-08-09 20:09:58,983 [INFO] [333/503] NWSA (News Corp (Class A)), depuis 2026...
2026-08-09 20:10:10,644 [INFO]   -> 1 années récupérées pour NWSA
2026-08-09 20:10:10,645 [INFO] [334/503] NWS (News Corp (Class B)), depuis 2026...
2026-08-09 20:10:22,630 [INFO]   -> 1 années récupérées pour NWS
2026-08-09 20:10:22,630 [INFO] [335/503] NEE (NextEra Energy), depuis 2026...
2026-08-09 20:10:34,328 [INFO]   -> 1 années récupérées pour NEE
2026-08-09 20:10:34,329 [INFO] [336/503] NKE (Nike, Inc.), depuis 2026...
2026-08-09 20:10:45,997 [INFO]   -> 1 années récupérées pour NKE
2026-08-09 20:10:45,998 [INFO] [337/503] NI (NiSource), depuis 2026...
2026-08-09 20:10:57,758 [INFO]   -> 1 années récupérées pour NI
2026-08-09 20:10:57,759 [INFO] [338/503] NDSN (Nordson Corporation), depuis 2026...
2026-08-09 20:11:09,431 [INFO]   -> 1 années récupérées pour NDSN
2026-08-09 20:11:09,432 [INFO] [339/503] NSC (Norfolk Southern), depuis 2026...
2026-08-09 20:11:21,106 [INFO]   -> 1 années récupérées pour NSC
2026-08-09 20:11:21,106 [INFO] [340/503] NTRS (Northern Trust), depuis 2026...
2026-08-09 20:11:32,743 [INFO]   -> 1 années récupérées pour NTRS
2026-08-09 20:11:32,744 [INFO] [341/503] NOC (Northrop Grumman), depuis 2026...
2026-08-09 20:11:44,467 [INFO]   -> 1 années récupérées pour NOC
2026-08-09 20:11:44,468 [INFO] [342/503] NCLH (Norwegian Cruise Line Holdings), depuis 2026...
2026-08-09 20:11:55,983 [INFO]   -> 1 années récupérées pour NCLH
2026-08-09 20:11:55,984 [INFO] [343/503] NRG (NRG Energy), depuis 2026...
2026-08-09 20:12:07,595 [INFO]   -> 1 années récupérées pour NRG
2026-08-09 20:12:07,596 [INFO] [344/503] NUE (Nucor), depuis 2026...
2026-08-09 20:12:19,267 [INFO]   -> 1 années récupérées pour NUE
2026-08-09 20:12:19,267 [INFO] [345/503] NVDA (Nvidia), depuis 2026...
2026-08-09 20:12:30,864 [INFO]   -> 1 années récupérées pour NVDA
2026-08-09 20:12:30,865 [INFO] [346/503] NVR (NVR, Inc.), depuis 2026...
2026-08-09 20:12:42,494 [INFO]   -> 1 années récupérées pour NVR
2026-08-09 20:12:42,495 [INFO] [347/503] NXPI (NXP Semiconductors), depuis 2026...
2026-08-09 20:12:54,043 [INFO]   -> 1 années récupérées pour NXPI
2026-08-09 20:12:54,044 [INFO] [348/503] ORLY (O’Reilly Automotive), depuis 2026...
2026-08-09 20:13:05,655 [INFO]   -> 1 années récupérées pour ORLY
2026-08-09 20:13:05,666 [INFO] [349/503] OXY (Occidental Petroleum), depuis 2026...
2026-08-09 20:13:17,437 [INFO]   -> 1 années récupérées pour OXY
2026-08-09 20:13:17,438 [INFO] [350/503] ODFL (Old Dominion), depuis 2026...
2026-08-09 20:13:29,407 [INFO]   -> 1 années récupérées pour ODFL
2026-08-09 20:13:29,408 [INFO] [351/503] OMC (Omnicom Group), depuis 2026...
2026-08-09 20:13:41,209 [INFO]   -> 1 années récupérées pour OMC
2026-08-09 20:13:41,210 [INFO] [352/503] ON (ON Semiconductor), depuis 2026...
2026-08-09 20:13:52,725 [INFO]   -> 1 années récupérées pour ON
2026-08-09 20:13:52,726 [INFO] [353/503] OKE (Oneok), depuis 2026...
2026-08-09 20:14:04,041 [INFO]   -> 1 années récupérées pour OKE
2026-08-09 20:14:04,042 [INFO] [354/503] ORCL (Oracle Corporation), depuis 2026...
2026-08-09 20:14:15,658 [INFO]   -> 1 années récupérées pour ORCL
2026-08-09 20:14:15,659 [INFO] [355/503] OTIS (Otis Worldwide), depuis 2026...
2026-08-09 20:14:27,358 [INFO]   -> 1 années récupérées pour OTIS
2026-08-09 20:14:27,359 [INFO] [356/503] PCAR (Paccar), depuis 2026...
2026-08-09 20:14:39,107 [INFO]   -> 1 années récupérées pour PCAR
2026-08-09 20:14:39,109 [INFO] [357/503] PKG (Packaging Corporation of America), depuis 2026...
2026-08-09 20:14:50,834 [INFO]   -> 1 années récupérées pour PKG
2026-08-09 20:14:50,835 [INFO] [358/503] PLTR (Palantir Technologies), depuis 2026...
2026-08-09 20:15:02,508 [INFO]   -> 1 années récupérées pour PLTR
2026-08-09 20:15:02,509 [INFO] [359/503] PANW (Palo Alto Networks), depuis 2026...
2026-08-09 20:15:14,168 [INFO]   -> 1 années récupérées pour PANW
2026-08-09 20:15:14,169 [INFO] [360/503] PSKY (Paramount Skydance Corporation), depuis 2026...
2026-08-09 20:15:25,729 [INFO]   -> 1 années récupérées pour PSKY
2026-08-09 20:15:25,730 [INFO] [361/503] PH (Parker Hannifin), depuis 2026...
2026-08-09 20:15:37,499 [INFO]   -> 1 années récupérées pour PH
2026-08-09 20:15:37,500 [INFO] [362/503] PAYX (Paychex), depuis 2026...
2026-08-09 20:15:48,850 [INFO]   -> 1 années récupérées pour PAYX
2026-08-09 20:15:48,851 [INFO] [363/503] PYPL (PayPal), depuis 2026...
2026-08-09 20:16:00,537 [INFO]   -> 1 années récupérées pour PYPL
2026-08-09 20:16:00,538 [INFO] [364/503] PNR (Pentair), depuis 2026...
2026-08-09 20:16:12,233 [INFO]   -> 1 années récupérées pour PNR
2026-08-09 20:16:12,234 [INFO] [365/503] PEP (PepsiCo), depuis 2026...
2026-08-09 20:16:23,944 [INFO]   -> 1 années récupérées pour PEP
2026-08-09 20:16:23,945 [INFO] [366/503] PFE (Pfizer), depuis 2026...
2026-08-09 20:16:35,793 [INFO]   -> 1 années récupérées pour PFE
2026-08-09 20:16:35,794 [INFO] [367/503] PCG (PG&E Corporation), depuis 2026...
2026-08-09 20:16:47,131 [INFO]   -> 1 années récupérées pour PCG
2026-08-09 20:16:47,131 [INFO] [368/503] PM (Philip Morris International), depuis 2026...
2026-08-09 20:16:58,712 [INFO]   -> 1 années récupérées pour PM
2026-08-09 20:16:58,713 [INFO] [369/503] PSX (Phillips 66), depuis 2026...
2026-08-09 20:17:10,262 [INFO]   -> 1 années récupérées pour PSX
2026-08-09 20:17:10,263 [INFO] [370/503] PNW (Pinnacle West Capital), depuis 2026...
2026-08-09 20:17:21,979 [INFO]   -> 1 années récupérées pour PNW
2026-08-09 20:17:21,980 [INFO] [371/503] PNC (PNC Financial Services), depuis 2026...
2026-08-09 20:17:33,620 [INFO]   -> 1 années récupérées pour PNC
2026-08-09 20:17:33,621 [INFO] [372/503] PPG (PPG Industries), depuis 2026...
2026-08-09 20:17:45,097 [INFO]   -> 1 années récupérées pour PPG
2026-08-09 20:17:45,098 [INFO] [373/503] PPL (PPL Corporation), depuis 2026...
2026-08-09 20:17:56,426 [INFO]   -> 1 années récupérées pour PPL
2026-08-09 20:17:56,427 [INFO] [374/503] PFG (Principal Financial Group), depuis 2026...
2026-08-09 20:18:08,026 [INFO]   -> 1 années récupérées pour PFG
2026-08-09 20:18:08,027 [INFO] [375/503] PG (Procter & Gamble), depuis 2026...
2026-08-09 20:18:19,827 [INFO]   -> 1 années récupérées pour PG
2026-08-09 20:18:19,828 [INFO] [376/503] PGR (Progressive Corporation), depuis 2026...
2026-08-09 20:18:31,548 [INFO]   -> 1 années récupérées pour PGR
2026-08-09 20:18:31,549 [INFO] [377/503] PLD (Prologis), depuis 2026...
2026-08-09 20:18:43,299 [INFO]   -> 1 années récupérées pour PLD
2026-08-09 20:18:43,300 [INFO] [378/503] PRU (Prudential Financial), depuis 2026...
2026-08-09 20:18:54,883 [INFO]   -> 1 années récupérées pour PRU
2026-08-09 20:18:54,884 [INFO] [379/503] PEG (Public Service Enterprise Group), depuis 2026...
2026-08-09 20:19:06,525 [INFO]   -> 1 années récupérées pour PEG
2026-08-09 20:19:06,526 [INFO] [380/503] PTC (PTC Inc.), depuis 2026...
2026-08-09 20:19:18,407 [INFO]   -> 1 années récupérées pour PTC
2026-08-09 20:19:18,408 [INFO] [381/503] PSA (Public Storage), depuis 2026...
2026-08-09 20:19:30,202 [INFO]   -> 1 années récupérées pour PSA
2026-08-09 20:19:30,203 [INFO] [382/503] PHM (PulteGroup), depuis 2026...
2026-08-09 20:19:41,799 [INFO]   -> 1 années récupérées pour PHM
2026-08-09 20:19:41,800 [INFO] [383/503] PWR (Quanta Services), depuis 2026...
2026-08-09 20:19:53,344 [INFO]   -> 1 années récupérées pour PWR
2026-08-09 20:19:53,345 [INFO] [384/503] QCOM (Qualcomm), depuis 2026...
2026-08-09 20:20:05,211 [INFO]   -> 1 années récupérées pour QCOM
2026-08-09 20:20:05,212 [INFO] [385/503] DGX (Quest Diagnostics), depuis 2026...
2026-08-09 20:20:16,999 [INFO]   -> 1 années récupérées pour DGX
2026-08-09 20:20:17,000 [INFO] [386/503] Q (Qnity Electronics), depuis 2026...
2026-08-09 20:20:28,771 [INFO]   -> 1 années récupérées pour Q
2026-08-09 20:20:28,772 [INFO] [387/503] RL (Ralph Lauren Corporation), depuis 2026...
2026-08-09 20:20:40,379 [INFO]   -> 1 années récupérées pour RL
2026-08-09 20:20:40,380 [INFO] [388/503] RJF (Raymond James Financial), depuis 2026...
2026-08-09 20:20:52,096 [INFO]   -> 1 années récupérées pour RJF
2026-08-09 20:20:52,097 [INFO] [389/503] RTX (RTX Corporation), depuis 2026...
2026-08-09 20:21:03,891 [INFO]   -> 1 années récupérées pour RTX
2026-08-09 20:21:03,892 [INFO] [390/503] O (Realty Income), depuis 2026...
2026-08-09 20:21:15,769 [INFO]   -> 1 années récupérées pour O
2026-08-09 20:21:15,770 [INFO] [391/503] REG (Regency Centers), depuis 2026...
2026-08-09 20:21:27,499 [INFO]   -> 1 années récupérées pour REG
2026-08-09 20:21:27,500 [INFO] [392/503] REGN (Regeneron Pharmaceuticals), depuis 2026...
2026-08-09 20:21:39,035 [INFO]   -> 1 années récupérées pour REGN
2026-08-09 20:21:39,036 [INFO] [393/503] RF (Regions Financial Corporation), depuis 2026...
2026-08-09 20:21:50,818 [INFO]   -> 1 années récupérées pour RF
2026-08-09 20:21:50,819 [INFO] [394/503] RSG (Republic Services), depuis 2026...
2026-08-09 20:22:02,558 [INFO]   -> 1 années récupérées pour RSG
2026-08-09 20:22:02,559 [INFO] [395/503] RMD (ResMed), depuis 2026...
2026-08-09 20:22:13,868 [INFO]   -> 1 années récupérées pour RMD
2026-08-09 20:22:13,868 [INFO] [396/503] RVTY (Revvity), depuis 2026...
2026-08-09 20:22:25,783 [INFO]   -> 1 années récupérées pour RVTY
2026-08-09 20:22:25,853 [INFO]   (point de sauvegarde : 7888 lignes au total dans data\prices\year_end_prices.parquet)
2026-08-09 20:22:25,854 [INFO] [397/503] HOOD (Robinhood Markets), depuis 2026...
2026-08-09 20:22:37,451 [INFO]   -> 1 années récupérées pour HOOD
2026-08-09 20:22:37,452 [INFO] [398/503] ROK (Rockwell Automation), depuis 2026...
2026-08-09 20:22:49,140 [INFO]   -> 1 années récupérées pour ROK
2026-08-09 20:22:49,141 [INFO] [399/503] ROL (Rollins, Inc.), depuis 2026...
2026-08-09 20:23:00,616 [INFO]   -> 1 années récupérées pour ROL
2026-08-09 20:23:00,617 [INFO] [400/503] ROP (Roper Technologies), depuis 2026...
2026-08-09 20:23:12,288 [INFO]   -> 1 années récupérées pour ROP
2026-08-09 20:23:12,289 [INFO] [401/503] ROST (Ross Stores), depuis 2026...
2026-08-09 20:23:23,967 [INFO]   -> 1 années récupérées pour ROST
2026-08-09 20:23:23,968 [INFO] [402/503] RCL (Royal Caribbean Group), depuis 2026...
2026-08-09 20:23:35,569 [INFO]   -> 1 années récupérées pour RCL
2026-08-09 20:23:35,570 [INFO] [403/503] SPGI (S&P Global), depuis 2026...
2026-08-09 20:23:47,204 [INFO]   -> 1 années récupérées pour SPGI
2026-08-09 20:23:47,204 [INFO] [404/503] CRM (Salesforce), depuis 2026...
2026-08-09 20:23:58,810 [INFO]   -> 1 années récupérées pour CRM
2026-08-09 20:23:58,811 [INFO] [405/503] SNDK (Sandisk), depuis 2026...
2026-08-09 20:24:10,333 [INFO]   -> 1 années récupérées pour SNDK
2026-08-09 20:24:10,334 [INFO] [406/503] SBAC (SBA Communications), depuis 2026...
2026-08-09 20:24:22,005 [INFO]   -> 1 années récupérées pour SBAC
2026-08-09 20:24:22,005 [INFO] [407/503] SLB (Schlumberger), depuis 2026...
2026-08-09 20:24:33,688 [INFO]   -> 1 années récupérées pour SLB
2026-08-09 20:24:33,689 [INFO] [408/503] STX (Seagate Technology), depuis 2026...
2026-08-09 20:24:45,317 [INFO]   -> 1 années récupérées pour STX
2026-08-09 20:24:45,318 [INFO] [409/503] SRE (Sempra), depuis 2026...
2026-08-09 20:24:57,038 [INFO]   -> 1 années récupérées pour SRE
2026-08-09 20:24:57,039 [INFO] [410/503] NOW (ServiceNow), depuis 2026...
2026-08-09 20:25:08,392 [INFO]   -> 1 années récupérées pour NOW
2026-08-09 20:25:08,393 [INFO] [411/503] SHW (Sherwin-Williams), depuis 2026...
2026-08-09 20:25:20,085 [INFO]   -> 1 années récupérées pour SHW
2026-08-09 20:25:20,086 [INFO] [412/503] SPG (Simon Property Group), depuis 2026...
2026-08-09 20:25:31,869 [INFO]   -> 1 années récupérées pour SPG
2026-08-09 20:25:31,870 [INFO] [413/503] SWKS (Skyworks Solutions), depuis 2026...
2026-08-09 20:25:43,515 [INFO]   -> 1 années récupérées pour SWKS
2026-08-09 20:25:43,516 [INFO] [414/503] SJM (J.M. Smucker Company (The)), depuis 2026...
2026-08-09 20:25:55,314 [INFO]   -> 1 années récupérées pour SJM
2026-08-09 20:25:55,316 [INFO] [415/503] SW (Smurfit Westrock), depuis 2026...
2026-08-09 20:26:06,982 [INFO]   -> 1 années récupérées pour SW
2026-08-09 20:26:06,983 [INFO] [416/503] SNA (Snap-on), depuis 2026...
2026-08-09 20:26:18,655 [INFO]   -> 1 années récupérées pour SNA
2026-08-09 20:26:18,656 [INFO] [417/503] SOLV (Solventum), depuis 2026...
2026-08-09 20:26:30,312 [INFO]   -> 1 années récupérées pour SOLV
2026-08-09 20:26:30,313 [INFO] [418/503] SO (Southern Company), depuis 2026...
2026-08-09 20:26:42,006 [INFO]   -> 1 années récupérées pour SO
2026-08-09 20:26:42,008 [INFO] [419/503] LUV (Southwest Airlines), depuis 2026...
2026-08-09 20:26:53,593 [INFO]   -> 1 années récupérées pour LUV
2026-08-09 20:26:53,594 [INFO] [420/503] SWK (Stanley Black & Decker), depuis 2026...
2026-08-09 20:27:05,347 [INFO]   -> 1 années récupérées pour SWK
2026-08-09 20:27:05,348 [INFO] [421/503] SBUX (Starbucks), depuis 2026...
2026-08-09 20:27:16,983 [INFO]   -> 1 années récupérées pour SBUX
2026-08-09 20:27:16,984 [INFO] [422/503] STT (State Street Corporation), depuis 2026...
2026-08-09 20:27:28,701 [INFO]   -> 1 années récupérées pour STT
2026-08-09 20:27:28,702 [INFO] [423/503] STLD (Steel Dynamics), depuis 2026...
2026-08-09 20:27:40,375 [INFO]   -> 1 années récupérées pour STLD
2026-08-09 20:27:40,375 [INFO] [424/503] STE (Steris), depuis 2026...
2026-08-09 20:27:52,054 [INFO]   -> 1 années récupérées pour STE
2026-08-09 20:27:52,055 [INFO] [425/503] SYK (Stryker Corporation), depuis 2026...
2026-08-09 20:28:03,826 [INFO]   -> 1 années récupérées pour SYK
2026-08-09 20:28:03,827 [INFO] [426/503] SMCI (Supermicro), depuis 2026...
2026-08-09 20:28:15,431 [INFO]   -> 1 années récupérées pour SMCI
2026-08-09 20:28:15,432 [INFO] [427/503] SYF (Synchrony Financial), depuis 2026...
2026-08-09 20:28:27,047 [INFO]   -> 1 années récupérées pour SYF
2026-08-09 20:28:27,048 [INFO] [428/503] SNPS (Synopsys), depuis 2026...
2026-08-09 20:28:38,726 [INFO]   -> 1 années récupérées pour SNPS
2026-08-09 20:28:38,727 [INFO] [429/503] SYY (Sysco), depuis 2026...
2026-08-09 20:28:50,422 [INFO]   -> 1 années récupérées pour SYY
2026-08-09 20:28:50,423 [INFO] [430/503] TMUS (T-Mobile US), depuis 2026...
2026-08-09 20:29:02,498 [INFO]   -> 1 années récupérées pour TMUS
2026-08-09 20:29:02,499 [INFO] [431/503] TROW (T. Rowe Price), depuis 2026...
2026-08-09 20:29:14,299 [INFO]   -> 1 années récupérées pour TROW
2026-08-09 20:29:14,300 [INFO] [432/503] TTWO (Take-Two Interactive), depuis 2026...
2026-08-09 20:29:25,937 [INFO]   -> 1 années récupérées pour TTWO
2026-08-09 20:29:25,938 [INFO] [433/503] TPR (Tapestry, Inc.), depuis 2026...
2026-08-09 20:29:37,690 [INFO]   -> 1 années récupérées pour TPR
2026-08-09 20:29:37,691 [INFO] [434/503] TRGP (Targa Resources), depuis 2026...
2026-08-09 20:29:49,279 [INFO]   -> 1 années récupérées pour TRGP
2026-08-09 20:29:49,281 [INFO] [435/503] TGT (Target Corporation), depuis 2026...
2026-08-09 20:30:00,967 [INFO]   -> 1 années récupérées pour TGT
2026-08-09 20:30:00,968 [INFO] [436/503] TEL (TE Connectivity), depuis 2026...
2026-08-09 20:30:12,586 [INFO]   -> 1 années récupérées pour TEL
2026-08-09 20:30:12,587 [INFO] [437/503] TDY (Teledyne Technologies), depuis 2026...
2026-08-09 20:30:24,198 [INFO]   -> 1 années récupérées pour TDY
2026-08-09 20:30:24,199 [INFO] [438/503] TER (Teradyne), depuis 2026...
2026-08-09 20:30:35,864 [INFO]   -> 1 années récupérées pour TER
2026-08-09 20:30:35,865 [INFO] [439/503] TSLA (Tesla, Inc.), depuis 2026...
2026-08-09 20:30:47,547 [INFO]   -> 1 années récupérées pour TSLA
2026-08-09 20:30:47,548 [INFO] [440/503] TXN (Texas Instruments), depuis 2026...
2026-08-09 20:30:59,333 [INFO]   -> 1 années récupérées pour TXN
2026-08-09 20:30:59,334 [INFO] [441/503] TPL (Texas Pacific Land Corporation), depuis 2026...
2026-08-09 20:31:10,949 [INFO]   -> 1 années récupérées pour TPL
2026-08-09 20:31:10,950 [INFO] [442/503] TXT (Textron), depuis 2026...
2026-08-09 20:31:22,748 [INFO]   -> 1 années récupérées pour TXT
2026-08-09 20:31:22,749 [INFO] [443/503] TMO (Thermo Fisher Scientific), depuis 2026...
2026-08-09 20:31:34,362 [INFO]   -> 1 années récupérées pour TMO
2026-08-09 20:31:34,363 [INFO] [444/503] TJX (TJX Companies), depuis 2026...
2026-08-09 20:31:47,379 [INFO]   -> 1 années récupérées pour TJX
2026-08-09 20:31:47,379 [INFO] [445/503] TKO (TKO Group Holdings), depuis 2026...
2026-08-09 20:31:59,151 [INFO]   -> 1 années récupérées pour TKO
2026-08-09 20:31:59,152 [INFO] [446/503] TTD (Trade Desk (The)), depuis 2026...
2026-08-09 20:32:11,062 [INFO]   -> 1 années récupérées pour TTD
2026-08-09 20:32:11,062 [INFO] [447/503] TSCO (Tractor Supply), depuis 2026...
2026-08-09 20:32:23,126 [INFO]   -> 1 années récupérées pour TSCO
2026-08-09 20:32:23,127 [INFO] [448/503] TT (Trane Technologies), depuis 2026...
2026-08-09 20:32:34,802 [INFO]   -> 1 années récupérées pour TT
2026-08-09 20:32:34,803 [INFO] [449/503] TDG (TransDigm Group), depuis 2026...
2026-08-09 20:32:46,741 [INFO]   -> 1 années récupérées pour TDG
2026-08-09 20:32:46,742 [INFO] [450/503] TRV (Travelers Companies (The)), depuis 2026...
2026-08-09 20:32:58,535 [INFO]   -> 1 années récupérées pour TRV
2026-08-09 20:32:58,536 [INFO] [451/503] TRMB (Trimble Inc.), depuis 2026...
2026-08-09 20:33:10,195 [INFO]   -> 1 années récupérées pour TRMB
2026-08-09 20:33:10,196 [INFO] [452/503] TFC (Truist Financial), depuis 2026...
2026-08-09 20:33:21,990 [INFO]   -> 1 années récupérées pour TFC
2026-08-09 20:33:21,990 [INFO] [453/503] TYL (Tyler Technologies), depuis 2026...
2026-08-09 20:33:33,577 [INFO]   -> 1 années récupérées pour TYL
2026-08-09 20:33:33,578 [INFO] [454/503] TSN (Tyson Foods), depuis 2026...
2026-08-09 20:33:45,272 [INFO]   -> 1 années récupérées pour TSN
2026-08-09 20:33:45,273 [INFO] [455/503] USB (U.S. Bancorp), depuis 2026...
2026-08-09 20:33:57,291 [INFO]   -> 1 années récupérées pour USB
2026-08-09 20:33:57,292 [INFO] [456/503] UBER (Uber), depuis 2026...
2026-08-09 20:34:08,977 [INFO]   -> 1 années récupérées pour UBER
2026-08-09 20:34:08,978 [INFO] [457/503] UDR (UDR, Inc.), depuis 2026...
2026-08-09 20:34:21,797 [INFO]   -> 1 années récupérées pour UDR
2026-08-09 20:34:21,798 [INFO] [458/503] ULTA (Ulta Beauty), depuis 2026...
2026-08-09 20:34:34,914 [INFO]   -> 1 années récupérées pour ULTA
2026-08-09 20:34:34,915 [INFO] [459/503] UNP (Union Pacific Corporation), depuis 2026...
2026-08-09 20:34:49,030 [INFO]   -> 1 années récupérées pour UNP
2026-08-09 20:34:49,031 [INFO] [460/503] UAL (United Airlines Holdings), depuis 2026...
2026-08-09 20:35:00,919 [INFO]   -> 1 années récupérées pour UAL
2026-08-09 20:35:00,919 [INFO] [461/503] UPS (United Parcel Service), depuis 2026...
2026-08-09 20:35:12,656 [INFO]   -> 1 années récupérées pour UPS
2026-08-09 20:35:12,657 [INFO] [462/503] URI (United Rentals), depuis 2026...
2026-08-09 20:35:24,770 [INFO]   -> 1 années récupérées pour URI
2026-08-09 20:35:24,771 [INFO] [463/503] UNH (UnitedHealth Group), depuis 2026...
2026-08-09 20:35:36,451 [INFO]   -> 1 années récupérées pour UNH
2026-08-09 20:35:36,452 [INFO] [464/503] UHS (Universal Health Services), depuis 2026...
2026-08-09 20:35:48,217 [INFO]   -> 1 années récupérées pour UHS
2026-08-09 20:35:48,218 [INFO] [465/503] VLO (Valero Energy), depuis 2026...
2026-08-09 20:35:59,924 [INFO]   -> 1 années récupérées pour VLO
2026-08-09 20:35:59,925 [INFO] [466/503] VEEV (Veeva Systems), depuis 2026...
2026-08-09 20:36:11,755 [INFO]   -> 1 années récupérées pour VEEV
2026-08-09 20:36:11,755 [INFO] [467/503] VTR (Ventas), depuis 2026...
2026-08-09 20:36:23,546 [INFO]   -> 1 années récupérées pour VTR
2026-08-09 20:36:23,547 [INFO] [468/503] VLTO (Veralto), depuis 2026...
2026-08-09 20:36:35,220 [INFO]   -> 1 années récupérées pour VLTO
2026-08-09 20:36:35,220 [INFO] [469/503] VRSN (Verisign), depuis 2026...
2026-08-09 20:36:47,230 [INFO]   -> 1 années récupérées pour VRSN
2026-08-09 20:36:47,232 [INFO] [470/503] VRSK (Verisk Analytics), depuis 2026...
2026-08-09 20:36:59,118 [INFO]   -> 1 années récupérées pour VRSK
2026-08-09 20:36:59,119 [INFO] [471/503] VZ (Verizon), depuis 2026...
2026-08-09 20:37:11,056 [INFO]   -> 1 années récupérées pour VZ
2026-08-09 20:37:11,057 [INFO] [472/503] VRTX (Vertex Pharmaceuticals), depuis 2026...
2026-08-09 20:37:23,753 [INFO]   -> 1 années récupérées pour VRTX
2026-08-09 20:37:23,754 [INFO] [473/503] VRT (Vertiv), depuis 2026...
2026-08-09 20:37:35,496 [INFO]   -> 1 années récupérées pour VRT
2026-08-09 20:37:35,496 [INFO] [474/503] VTRS (Viatris), depuis 2026...
2026-08-09 20:37:47,506 [INFO]   -> 1 années récupérées pour VTRS
2026-08-09 20:37:47,506 [INFO] [475/503] VICI (Vici Properties), depuis 2026...
2026-08-09 20:37:59,164 [INFO]   -> 1 années récupérées pour VICI
2026-08-09 20:37:59,165 [INFO] [476/503] V (Visa Inc.), depuis 2026...
2026-08-09 20:38:10,843 [INFO]   -> 1 années récupérées pour V
2026-08-09 20:38:10,844 [INFO] [477/503] VST (Vistra Corp.), depuis 2026...
2026-08-09 20:38:22,515 [INFO]   -> 1 années récupérées pour VST
2026-08-09 20:38:22,516 [INFO] [478/503] VMC (Vulcan Materials Company), depuis 2026...
2026-08-09 20:38:35,496 [INFO]   -> 1 années récupérées pour VMC
2026-08-09 20:38:35,497 [INFO] [479/503] WRB (W. R. Berkley Corporation), depuis 2026...
2026-08-09 20:38:47,218 [INFO]   -> 1 années récupérées pour WRB
2026-08-09 20:38:47,219 [INFO] [480/503] GWW (W. W. Grainger), depuis 2026...
2026-08-09 20:38:59,014 [INFO]   -> 1 années récupérées pour GWW
2026-08-09 20:38:59,014 [INFO] [481/503] WAB (Wabtec), depuis 2026...
2026-08-09 20:39:11,014 [INFO]   -> 1 années récupérées pour WAB
2026-08-09 20:39:11,014 [INFO] [482/503] WMT (Walmart), depuis 2026...
2026-08-09 20:39:22,887 [INFO]   -> 1 années récupérées pour WMT
2026-08-09 20:39:22,888 [INFO] [483/503] DIS (Walt Disney Company (The)), depuis 2026...
2026-08-09 20:39:34,754 [INFO]   -> 1 années récupérées pour DIS
2026-08-09 20:39:34,755 [INFO] [484/503] WBD (Warner Bros. Discovery), depuis 2026...
2026-08-09 20:39:46,356 [INFO]   -> 1 années récupérées pour WBD
2026-08-09 20:39:46,357 [INFO] [485/503] WM (Waste Management), depuis 2026...
2026-08-09 20:39:58,244 [INFO]   -> 1 années récupérées pour WM
2026-08-09 20:39:58,245 [INFO] [486/503] WAT (Waters Corporation), depuis 2026...
2026-08-09 20:40:09,821 [INFO]   -> 1 années récupérées pour WAT
2026-08-09 20:40:09,822 [INFO] [487/503] WEC (WEC Energy Group), depuis 2026...
2026-08-09 20:40:21,630 [INFO]   -> 1 années récupérées pour WEC
2026-08-09 20:40:21,630 [INFO] [488/503] WFC (Wells Fargo), depuis 2026...
2026-08-09 20:40:33,319 [INFO]   -> 1 années récupérées pour WFC
2026-08-09 20:40:33,320 [INFO] [489/503] WELL (Welltower), depuis 2026...
2026-08-09 20:40:45,212 [INFO]   -> 1 années récupérées pour WELL
2026-08-09 20:40:45,213 [INFO] [490/503] WST (West Pharmaceutical Services), depuis 2026...
2026-08-09 20:40:56,964 [INFO]   -> 1 années récupérées pour WST
2026-08-09 20:40:56,969 [INFO] [491/503] WDC (Western Digital), depuis 2026...
2026-08-09 20:41:08,667 [INFO]   -> 1 années récupérées pour WDC
2026-08-09 20:41:08,668 [INFO] [492/503] WY (Weyerhaeuser), depuis 2026...
2026-08-09 20:41:20,809 [INFO]   -> 1 années récupérées pour WY
2026-08-09 20:41:20,809 [INFO] [493/503] WSM (Williams-Sonoma, Inc.), depuis 2026...
2026-08-09 20:41:33,260 [INFO]   -> 1 années récupérées pour WSM
2026-08-09 20:41:33,261 [INFO] [494/503] WMB (Williams Companies), depuis 2026...
2026-08-09 20:41:45,041 [INFO]   -> 1 années récupérées pour WMB
2026-08-09 20:41:45,042 [INFO] [495/503] WTW (Willis Towers Watson), depuis 2026...
2026-08-09 20:41:56,863 [INFO]   -> 1 années récupérées pour WTW
2026-08-09 20:41:56,864 [INFO] [496/503] WDAY (Workday, Inc.), depuis 2026...
2026-08-09 20:42:08,599 [INFO]   -> 1 années récupérées pour WDAY
2026-08-09 20:42:08,600 [INFO] [497/503] WYNN (Wynn Resorts), depuis 2026...
2026-08-09 20:42:20,294 [INFO]   -> 1 années récupérées pour WYNN
2026-08-09 20:42:20,295 [INFO] [498/503] XEL (Xcel Energy), depuis 2026...
2026-08-09 20:42:33,739 [INFO]   -> 1 années récupérées pour XEL
2026-08-09 20:42:33,740 [INFO] [499/503] XYL (Xylem Inc.), depuis 2026...
2026-08-09 20:42:45,335 [INFO]   -> 1 années récupérées pour XYL
2026-08-09 20:42:45,335 [INFO] [500/503] YUM (Yum! Brands), depuis 2026...
2026-08-09 20:42:57,016 [INFO]   -> 1 années récupérées pour YUM
2026-08-09 20:42:57,016 [INFO] [501/503] ZBRA (Zebra Technologies), depuis 2026...
2026-08-09 20:43:08,634 [INFO]   -> 1 années récupérées pour ZBRA
2026-08-09 20:43:08,635 [INFO] [502/503] ZBH (Zimmer Biomet), depuis 2026...
2026-08-09 20:43:20,224 [INFO]   -> 1 années récupérées pour ZBH
2026-08-09 20:43:20,224 [INFO] [503/503] ZTS (Zoetis), depuis 2026...
2026-08-09 20:43:31,881 [INFO]   -> 1 années récupérées pour ZTS
2026-08-09 20:43:31,976 [INFO] Disconnecting from 127.0.0.1:4002, 66.4 kB sent in 1012 messages, 7.84 MB received in 1899 messages, session time 5.90 ks.
2026-08-09 20:43:31,978 [INFO] Disconnecting
2026-08-09 20:43:31,979 [INFO] Déconnecté d'IBKR.
2026-08-09 20:43:31,979 [INFO] Terminé. OK: 503 | Échecs: 0 | Déjà à jour (ignorés): 0 | Nouvelles lignes: 508
2026-08-09 20:43:31,980 [INFO] Fichier écrit : data\prices\year_end_prices.parquet (7888 lignes au total, 508 nouvelles/mises à jour ce run).
