2026-08-01 19:02:27,612 [INFO] Log file: data\prices\year_end_prices_20260801_190227.log
2026-08-01 19:02:27,655 [INFO] Univers chargé : 503 tickers.
2026-08-01 19:02:27,700 [INFO] Cache existant chargé : data\prices\year_end_prices.parquet (7882 lignes, 503 symboles).
2026-08-01 19:02:28,068 [INFO] 291/503 tickers déjà à jour (ignorés), 212 à récupérer.
2026-08-01 19:02:28,069 [INFO] Connecting to 127.0.0.1:4002 with clientId 3...
2026-08-01 19:02:28,070 [INFO] Connected
2026-08-01 19:02:28,153 [INFO] Logged on to server version 176
2026-08-01 19:02:28,228 [INFO] API connection ready
2026-08-01 19:02:28,242 [INFO] Warning 2104, reqId -1: Market data farm connection is OK:eufarm
2026-08-01 19:02:28,247 [INFO] Warning 2106, reqId -1: HMDS data farm connection is OK:euhmds
2026-08-01 19:02:28,247 [INFO] Warning 2158, reqId -1: Sec-def data farm connection is OK:secdefeu
2026-08-01 19:02:28,736 [INFO] Synchronization complete
2026-08-01 19:02:28,737 [INFO] Connecté à IBKR sur 127.0.0.1:4002 (clientId=3)
2026-08-01 19:02:28,737 [INFO] [1/212] ABBV (AbbVie), depuis 2010...
2026-08-01 19:02:32,486 [INFO] Warning 2106, reqId -1: HMDS data farm connection is OK:ushmds
2026-08-01 19:02:45,465 [INFO]   -> 15 années récupérées pour ABBV
2026-08-01 19:02:45,465 [INFO] [2/212] AMD (Advanced Micro Devices), depuis 2010...
2026-08-01 19:02:58,087 [INFO]   -> 12 années récupérées pour AMD
2026-08-01 19:02:58,088 [INFO] [3/212] ABNB (Airbnb), depuis 2010...
2026-08-01 19:03:10,143 [INFO]   -> 7 années récupérées pour ABNB
2026-08-01 19:03:10,143 [INFO] [4/212] ALLE (Allegion), depuis 2010...
2026-08-01 19:03:22,952 [INFO]   -> 14 années récupérées pour ALLE
2026-08-01 19:03:22,952 [INFO] [5/212] GOOG (Alphabet Inc. (Class C)), depuis 2010...
2026-08-01 19:03:35,786 [INFO]   -> 13 années récupérées pour GOOG
2026-08-01 19:03:35,787 [INFO] [6/212] AMCR (Amcor), depuis 2010...
2026-08-01 19:03:48,291 [INFO]   -> 8 années récupérées pour AMCR
2026-08-01 19:03:48,292 [INFO] [7/212] ADI (Analog Devices), depuis 2010...
2026-08-01 19:04:00,919 [INFO]   -> 15 années récupérées pour ADI
2026-08-01 19:04:00,920 [INFO] [8/212] APO (Apollo Global Management), depuis 2010...
2026-08-01 19:04:13,546 [INFO]   -> 11 années récupérées pour APO
2026-08-01 19:04:13,546 [INFO] [9/212] APP (AppLovin), depuis 2010...
2026-08-01 19:04:25,565 [INFO]   -> 6 années récupérées pour APP
2026-08-01 19:04:25,566 [INFO] [10/212] APTV (Aptiv), depuis 2010...
2026-08-01 19:04:38,586 [INFO]   -> 16 années récupérées pour APTV
2026-08-01 19:04:38,587 [INFO] [11/212] ARES (Ares Management), depuis 2010...
2026-08-01 19:04:51,273 [INFO]   -> 13 années récupérées pour ARES
2026-08-01 19:04:51,274 [INFO] [12/212] ANET (Arista Networks), depuis 2010...
2026-08-01 19:05:04,097 [INFO]   -> 13 années récupérées pour ANET
2026-08-01 19:05:04,098 [INFO] [13/212] BKR (Baker Hughes), depuis 2010...
2026-08-01 19:05:17,414 [INFO]   -> 10 années récupérées pour BKR
2026-08-01 19:05:17,414 [INFO] [14/212] XYZ (Block, Inc.), depuis 2010...
2026-08-01 19:05:30,005 [INFO]   -> 12 années récupérées pour XYZ
2026-08-01 19:05:30,005 [INFO] [15/212] AVGO (Broadcom), depuis 2010...
2026-08-01 19:05:42,564 [INFO]   -> 11 années récupérées pour AVGO
2026-08-01 19:05:42,565 [INFO] [16/212] CARR (Carrier Global), depuis 2010...
2026-08-01 19:05:55,029 [INFO]   -> 7 années récupérées pour CARR
2026-08-01 19:05:55,030 [INFO] [17/212] CVNA (Carvana), depuis 2010...
2026-08-01 19:06:07,412 [INFO]   -> 10 années récupérées pour CVNA
2026-08-01 19:06:07,412 [INFO] [18/212] CDW (CDW Corporation), depuis 2010...
2026-08-01 19:06:19,792 [INFO]   -> 14 années récupérées pour CDW
2026-08-01 19:06:19,792 [INFO] [19/212] CFG (Citizens Financial Group), depuis 2010...
2026-08-01 19:06:32,631 [INFO]   -> 13 années récupérées pour CFG
2026-08-01 19:06:32,632 [INFO] [20/212] COIN (Coinbase), depuis 2010...
2026-08-01 19:06:44,588 [INFO]   -> 6 années récupérées pour COIN
2026-08-01 19:06:44,589 [INFO] [21/212] CEG (Constellation Energy), depuis 2010...
2026-08-01 19:06:57,031 [INFO]   -> 5 années récupérées pour CEG
2026-08-01 19:06:57,031 [INFO] [22/212] COO (Cooper Companies (The)), depuis 2010...
2026-08-01 19:07:08,968 [INFO]   -> 4 années récupérées pour COO
2026-08-01 19:07:08,968 [INFO] [23/212] CTVA (Corteva), depuis 2010...
2026-08-01 19:07:21,534 [INFO]   -> 8 années récupérées pour CTVA
2026-08-01 19:07:21,534 [INFO] [24/212] CRH (CRH plc), depuis 2010...
2026-08-01 19:07:33,634 [INFO]   -> 4 années récupérées pour CRH
2026-08-01 19:07:33,635 [INFO] [25/212] CRWD (CrowdStrike), depuis 2010...
2026-08-01 19:07:45,621 [INFO]   -> 8 années récupérées pour CRWD
2026-08-01 19:07:45,621 [INFO] [26/212] CSX (CSX Corporation), depuis 2010...
2026-08-01 19:07:58,111 [INFO]   -> 12 années récupérées pour CSX
2026-08-01 19:07:58,112 [INFO] [27/212] DDOG (Datadog), depuis 2010...
2026-08-01 19:08:10,085 [INFO]   -> 8 années récupérées pour DDOG
2026-08-01 19:08:10,086 [INFO] [28/212] DELL (Dell Technologies), depuis 2010...
2026-08-01 19:08:23,333 [INFO]   -> 9 années récupérées pour DELL
2026-08-01 19:08:23,333 [INFO] [29/212] FANG (Diamondback Energy), depuis 2010...
2026-08-01 19:08:35,602 [INFO]   -> 15 années récupérées pour FANG
2026-08-01 19:08:35,603 [INFO] [30/212] DASH (DoorDash), depuis 2010...
2026-08-01 19:08:47,999 [INFO]   -> 7 années récupérées pour DASH
2026-08-01 19:08:48,000 [INFO] [31/212] DOW (Dow Inc.), depuis 2010...
2026-08-01 19:09:00,432 [INFO]   -> 8 années récupérées pour DOW
2026-08-01 19:09:00,432 [INFO] [32/212] DD (DuPont), depuis 2010...
2026-08-01 19:09:13,382 [INFO]   -> 10 années récupérées pour DD
2026-08-01 19:09:13,383 [INFO] [33/212] EVRG (Evergy), depuis 2010...
2026-08-01 19:09:26,148 [INFO]   -> 9 années récupérées pour EVRG
2026-08-01 19:09:26,149 [INFO] [34/212] EXE (Expand Energy), depuis 2010...
2026-08-01 19:09:38,299 [INFO]   -> 6 années récupérées pour EXE
2026-08-01 19:09:38,300 [INFO] [35/212] FDXF (FedEx Freight), depuis 2010...
2026-08-01 19:09:50,289 [INFO]   -> 1 années récupérées pour FDXF
2026-08-01 19:09:50,289 [INFO] [36/212] FTV (Fortive), depuis 2010...
2026-08-01 19:10:02,917 [INFO]   -> 11 années récupérées pour FTV
2026-08-01 19:10:02,918 [INFO] [37/212] FOXA (Fox Corporation (Class A)), depuis 2010...
2026-08-01 19:10:15,338 [INFO]   -> 8 années récupérées pour FOXA
2026-08-01 19:10:15,339 [INFO] [38/212] FOX (Fox Corporation (Class B)), depuis 2010...
2026-08-01 19:10:27,607 [INFO]   -> 8 années récupérées pour FOX
2026-08-01 19:10:27,608 [INFO] [39/212] GEHC (GE HealthCare), depuis 2010...
2026-08-01 19:10:39,782 [INFO]   -> 5 années récupérées pour GEHC
2026-08-01 19:10:39,782 [INFO] [40/212] GEV (GE Vernova), depuis 2010...
2026-08-01 19:10:51,935 [INFO]   -> 3 années récupérées pour GEV
2026-08-01 19:10:51,936 [INFO] [41/212] GDDY (GoDaddy), depuis 2010...
2026-08-01 19:11:04,376 [INFO]   -> 12 années récupérées pour GDDY
2026-08-01 19:11:04,377 [INFO] [42/212] HCA (HCA Healthcare), depuis 2010...
2026-08-01 19:11:16,981 [INFO]   -> 16 années récupérées pour HCA
2026-08-01 19:11:16,982 [INFO] [43/212] HPE (Hewlett Packard Enterprise), depuis 2010...
2026-08-01 19:11:29,693 [INFO]   -> 12 années récupérées pour HPE
2026-08-01 19:11:29,693 [INFO] [44/212] HLT (Hilton Worldwide), depuis 2010...
2026-08-01 19:11:42,363 [INFO]   -> 14 années récupérées pour HLT
2026-08-01 19:11:42,364 [INFO] [45/212] HONA (Honeywell Aerospace), depuis 2010...
2026-08-01 19:11:54,338 [INFO]   -> 1 années récupérées pour HONA
2026-08-01 19:11:54,338 [INFO] [46/212] HII (Huntington Ingalls Industries), depuis 2010...
2026-08-01 19:12:06,995 [INFO]   -> 16 années récupérées pour HII
2026-08-01 19:12:06,996 [INFO] [47/212] IR (Ingersoll Rand), depuis 2010...
2026-08-01 19:12:19,526 [INFO]   -> 10 années récupérées pour IR
2026-08-01 19:12:19,527 [INFO] [48/212] INVH (Invitation Homes), depuis 2010...
2026-08-01 19:12:31,883 [INFO]   -> 10 années récupérées pour INVH
2026-08-01 19:12:31,884 [INFO] [49/212] IQV (IQVIA), depuis 2010...
2026-08-01 19:12:44,530 [INFO]   -> 14 années récupérées pour IQV
2026-08-01 19:12:44,530 [INFO] [50/212] KVUE (Kenvue), depuis 2010...
2026-08-01 19:12:56,427 [INFO]   -> 4 années récupérées pour KVUE
2026-08-01 19:12:56,428 [INFO] [51/212] KEYS (Keysight Technologies), depuis 2010...
2026-08-01 19:13:09,148 [INFO]   -> 13 années récupérées pour KEYS
2026-08-01 19:13:09,149 [INFO] [52/212] KMI (Kinder Morgan), depuis 2010...
2026-08-01 19:13:21,900 [INFO]   -> 16 années récupérées pour KMI
2026-08-01 19:13:21,901 [INFO] [53/212] KHC (Kraft Heinz), depuis 2010...
2026-08-01 19:13:34,338 [INFO]   -> 12 années récupérées pour KHC
2026-08-01 19:13:34,338 [INFO] [54/212] LDOS (Leidos), depuis 2010...
2026-08-01 19:13:46,821 [INFO]   -> 14 années récupérées pour LDOS
2026-08-01 19:13:46,821 [INFO] [55/212] LIN (Linde plc), depuis 2010...
2026-08-01 19:13:59,584 [INFO]   -> 9 années récupérées pour LIN
2026-08-01 19:13:59,585 [INFO] [56/212] LITE (Lumentum), depuis 2010...
2026-08-01 19:14:12,095 [INFO]   -> 12 années récupérées pour LITE
2026-08-01 19:14:12,095 [INFO] [57/212] MPC (Marathon Petroleum), depuis 2010...
2026-08-01 19:14:24,813 [INFO]   -> 16 années récupérées pour MPC
2026-08-01 19:14:24,814 [INFO] [58/212] MAR (Marriott International), depuis 2010...
2026-08-01 19:14:37,346 [INFO]   -> 14 années récupérées pour MAR
2026-08-01 19:14:37,347 [INFO] [59/212] META (Meta Platforms), depuis 2010...
2026-08-01 19:14:50,037 [INFO]   -> 15 années récupérées pour META
2026-08-01 19:14:50,038 [INFO] [60/212] MRNA (Moderna), depuis 2010...
2026-08-01 19:15:02,130 [INFO]   -> 9 années récupérées pour MRNA
2026-08-01 19:15:02,130 [INFO] [61/212] MNST (Monster Beverage), depuis 2010...
2026-08-01 19:15:14,527 [INFO]   -> 12 années récupérées pour MNST
2026-08-01 19:15:14,528 [INFO] [62/212] NWSA (News Corp (Class A)), depuis 2010...
2026-08-01 19:15:26,786 [INFO]   -> 14 années récupérées pour NWSA
2026-08-01 19:15:26,786 [INFO] [63/212] NWS (News Corp (Class B)), depuis 2010...
2026-08-01 19:15:39,072 [INFO]   -> 14 années récupérées pour NWS
2026-08-01 19:15:39,072 [INFO] [64/212] NCLH (Norwegian Cruise Line Holdings), depuis 2010...
2026-08-01 19:15:51,687 [INFO]   -> 14 années récupérées pour NCLH
2026-08-01 19:15:51,687 [INFO] [65/212] ODFL (Old Dominion), depuis 2010...
2026-08-01 19:16:03,669 [INFO]   -> 3 années récupérées pour ODFL
2026-08-01 19:16:03,669 [INFO] [66/212] OTIS (Otis Worldwide), depuis 2010...
2026-08-01 19:16:16,118 [INFO]   -> 7 années récupérées pour OTIS
2026-08-01 19:16:16,118 [INFO] [67/212] PLTR (Palantir Technologies), depuis 2010...
2026-08-01 19:16:28,727 [INFO]   -> 7 années récupérées pour PLTR
2026-08-01 19:16:28,727 [INFO] [68/212] PANW (Palo Alto Networks), depuis 2010...
2026-08-01 19:16:41,643 [INFO]   -> 15 années récupérées pour PANW
2026-08-01 19:16:41,644 [INFO] [69/212] PSKY (Paramount Skydance Corporation), depuis 2010...
2026-08-01 19:16:53,893 [INFO]   -> 2 années récupérées pour PSKY
2026-08-01 19:16:53,894 [INFO] [70/212] PH (Parker Hannifin), depuis 2026...
2026-08-01 19:17:05,985 [INFO]   -> 1 années récupérées pour PH
2026-08-01 19:17:05,986 [INFO] [71/212] PAYX (Paychex), depuis 2026...
2026-08-01 19:17:17,946 [INFO]   -> 1 années récupérées pour PAYX
2026-08-01 19:17:17,946 [INFO] [72/212] PYPL (PayPal), depuis 2010...
2026-08-01 19:17:30,816 [INFO]   -> 12 années récupérées pour PYPL
2026-08-01 19:17:30,817 [INFO] [73/212] PNR (Pentair), depuis 2026...
2026-08-01 19:17:42,653 [INFO]   -> 1 années récupérées pour PNR
2026-08-01 19:17:42,654 [INFO] [74/212] PEP (PepsiCo), depuis 2010...
2026-08-01 19:17:55,255 [INFO]   -> 10 années récupérées pour PEP
2026-08-01 19:17:55,256 [INFO] [75/212] PFE (Pfizer), depuis 2026...
2026-08-01 19:18:07,424 [INFO]   -> 1 années récupérées pour PFE
2026-08-01 19:18:07,425 [INFO] [76/212] PCG (PG&E Corporation), depuis 2026...
2026-08-01 19:18:19,182 [INFO]   -> 1 années récupérées pour PCG
2026-08-01 19:18:19,183 [INFO] [77/212] PM (Philip Morris International), depuis 2026...
2026-08-01 19:18:30,956 [INFO]   -> 1 années récupérées pour PM
2026-08-01 19:18:30,957 [INFO] [78/212] PSX (Phillips 66), depuis 2010...
2026-08-01 19:18:44,323 [INFO]   -> 15 années récupérées pour PSX
2026-08-01 19:18:44,324 [INFO] [79/212] PNW (Pinnacle West Capital), depuis 2026...
2026-08-01 19:18:56,462 [INFO]   -> 1 années récupérées pour PNW
2026-08-01 19:18:56,463 [INFO] [80/212] PNC (PNC Financial Services), depuis 2026...
2026-08-01 19:19:08,600 [INFO]   -> 1 années récupérées pour PNC
2026-08-01 19:19:08,601 [INFO] [81/212] PPG (PPG Industries), depuis 2026...
2026-08-01 19:19:20,458 [INFO]   -> 1 années récupérées pour PPG
2026-08-01 19:19:20,458 [INFO] [82/212] PPL (PPL Corporation), depuis 2026...
2026-08-01 19:19:32,273 [INFO]   -> 1 années récupérées pour PPL
2026-08-01 19:19:32,274 [INFO] [83/212] PFG (Principal Financial Group), depuis 2010...
2026-08-01 19:19:45,072 [INFO]   -> 10 années récupérées pour PFG
2026-08-01 19:19:45,072 [INFO] [84/212] PG (Procter & Gamble), depuis 2026...
2026-08-01 19:19:57,258 [INFO]   -> 1 années récupérées pour PG
2026-08-01 19:19:57,258 [INFO] [85/212] PGR (Progressive Corporation), depuis 2026...
2026-08-01 19:20:09,324 [INFO]   -> 1 années récupérées pour PGR
2026-08-01 19:20:09,324 [INFO] [86/212] PLD (Prologis), depuis 2010...
2026-08-01 19:20:22,498 [INFO]   -> 16 années récupérées pour PLD
2026-08-01 19:20:22,499 [INFO] [87/212] PRU (Prudential Financial), depuis 2026...
2026-08-01 19:20:34,552 [INFO]   -> 1 années récupérées pour PRU
2026-08-01 19:20:34,552 [INFO] [88/212] PEG (Public Service Enterprise Group), depuis 2026...
2026-08-01 19:20:46,411 [INFO]   -> 1 années récupérées pour PEG
2026-08-01 19:20:46,412 [INFO] [89/212] PTC (PTC Inc.), depuis 2026...
2026-08-01 19:20:58,160 [INFO]   -> 1 années récupérées pour PTC
2026-08-01 19:20:58,161 [INFO] [90/212] PSA (Public Storage), depuis 2026...
2026-08-01 19:21:10,379 [INFO]   -> 1 années récupérées pour PSA
2026-08-01 19:21:10,380 [INFO] [91/212] PHM (PulteGroup), depuis 2026...
2026-08-01 19:21:22,433 [INFO]   -> 1 années récupérées pour PHM
2026-08-01 19:21:22,434 [INFO] [92/212] PWR (Quanta Services), depuis 2026...
2026-08-01 19:21:34,517 [INFO]   -> 1 années récupérées pour PWR
2026-08-01 19:21:34,517 [INFO] [93/212] QCOM (Qualcomm), depuis 2026...
2026-08-01 19:21:46,655 [INFO]   -> 1 années récupérées pour QCOM
2026-08-01 19:21:46,656 [INFO] [94/212] DGX (Quest Diagnostics), depuis 2026...
2026-08-01 19:21:58,723 [INFO]   -> 1 années récupérées pour DGX
2026-08-01 19:21:58,723 [INFO] [95/212] Q (Qnity Electronics), depuis 2010...
2026-08-01 19:22:11,436 [INFO]   -> 2 années récupérées pour Q
2026-08-01 19:22:11,436 [INFO] [96/212] RL (Ralph Lauren Corporation), depuis 2026...
2026-08-01 19:22:23,564 [INFO]   -> 1 années récupérées pour RL
2026-08-01 19:22:23,564 [INFO] [97/212] RJF (Raymond James Financial), depuis 2026...
2026-08-01 19:22:35,714 [INFO]   -> 1 années récupérées pour RJF
2026-08-01 19:22:35,714 [INFO] [98/212] RTX (RTX Corporation), depuis 2026...
2026-08-01 19:22:47,744 [INFO]   -> 1 années récupérées pour RTX
2026-08-01 19:22:47,745 [INFO] [99/212] O (Realty Income), depuis 2026...
2026-08-01 19:23:00,027 [INFO]   -> 1 années récupérées pour O
2026-08-01 19:23:00,028 [INFO] [100/212] REG (Regency Centers), depuis 2026...
2026-08-01 19:23:12,097 [INFO]   -> 1 années récupérées pour REG
2026-08-01 19:23:12,097 [INFO] [101/212] REGN (Regeneron Pharmaceuticals), depuis 2026...
2026-08-01 19:23:24,067 [INFO]   -> 1 années récupérées pour REGN
2026-08-01 19:23:24,067 [INFO] [102/212] RF (Regions Financial Corporation), depuis 2026...
2026-08-01 19:23:36,162 [INFO]   -> 1 années récupérées pour RF
2026-08-01 19:23:36,163 [INFO] [103/212] RSG (Republic Services), depuis 2026...
2026-08-01 19:23:48,266 [INFO]   -> 1 années récupérées pour RSG
2026-08-01 19:23:48,266 [INFO] [104/212] RMD (ResMed), depuis 2026...
2026-08-01 19:24:00,075 [INFO]   -> 1 années récupérées pour RMD
2026-08-01 19:24:00,076 [INFO] [105/212] RVTY (Revvity), depuis 2026...
2026-08-01 19:24:12,252 [INFO]   -> 1 années récupérées pour RVTY
2026-08-01 19:24:12,252 [INFO] [106/212] HOOD (Robinhood Markets), depuis 2010...
2026-08-01 19:24:24,756 [INFO]   -> 6 années récupérées pour HOOD
2026-08-01 19:24:24,756 [INFO] [107/212] ROK (Rockwell Automation), depuis 2026...
2026-08-01 19:24:36,882 [INFO]   -> 1 années récupérées pour ROK
2026-08-01 19:24:36,883 [INFO] [108/212] ROL (Rollins, Inc.), depuis 2026...
2026-08-01 19:24:48,777 [INFO]   -> 1 années récupérées pour ROL
2026-08-01 19:24:48,778 [INFO] [109/212] ROP (Roper Technologies), depuis 2026...
2026-08-01 19:25:00,887 [INFO]   -> 1 années récupérées pour ROP
2026-08-01 19:25:00,888 [INFO] [110/212] ROST (Ross Stores), depuis 2026...
2026-08-01 19:25:12,703 [INFO]   -> 1 années récupérées pour ROST
2026-08-01 19:25:12,703 [INFO] [111/212] RCL (Royal Caribbean Group), depuis 2026...
2026-08-01 19:25:24,803 [INFO]   -> 1 années récupérées pour RCL
2026-08-01 19:25:24,803 [INFO] [112/212] SPGI (S&P Global), depuis 2026...
2026-08-01 19:25:36,960 [INFO]   -> 1 années récupérées pour SPGI
2026-08-01 19:25:36,960 [INFO] [113/212] CRM (Salesforce), depuis 2026...
2026-08-01 19:25:48,661 [INFO]   -> 1 années récupérées pour CRM
2026-08-01 19:25:48,661 [INFO] [114/212] SNDK (Sandisk), depuis 2010...
2026-08-01 19:26:01,033 [INFO]   -> 2 années récupérées pour SNDK
2026-08-01 19:26:01,034 [INFO] [115/212] SBAC (SBA Communications), depuis 2026...
2026-08-01 19:26:12,793 [INFO]   -> 1 années récupérées pour SBAC
2026-08-01 19:26:12,794 [INFO] [116/212] SLB (Schlumberger), depuis 2026...
2026-08-01 19:26:24,851 [INFO]   -> 1 années récupérées pour SLB
2026-08-01 19:26:24,852 [INFO] [117/212] STX (Seagate Technology), depuis 2026...
2026-08-01 19:26:36,919 [INFO]   -> 1 années récupérées pour STX
2026-08-01 19:26:36,919 [INFO] [118/212] SRE (Sempra), depuis 2026...
2026-08-01 19:26:49,038 [INFO]   -> 1 années récupérées pour SRE
2026-08-01 19:26:49,038 [INFO] [119/212] NOW (ServiceNow), depuis 2010...
2026-08-01 19:27:01,552 [INFO]   -> 15 années récupérées pour NOW
2026-08-01 19:27:01,552 [INFO] [120/212] SHW (Sherwin-Williams), depuis 2026...
2026-08-01 19:27:13,743 [INFO]   -> 1 années récupérées pour SHW
2026-08-01 19:27:13,744 [INFO] [121/212] SPG (Simon Property Group), depuis 2026...
2026-08-01 19:27:26,161 [INFO]   -> 1 années récupérées pour SPG
2026-08-01 19:27:26,164 [INFO] [122/212] SWKS (Skyworks Solutions), depuis 2026...
2026-08-01 19:27:38,092 [INFO]   -> 1 années récupérées pour SWKS
2026-08-01 19:27:38,093 [INFO] [123/212] SJM (J.M. Smucker Company (The)), depuis 2026...
2026-08-01 19:27:50,349 [INFO]   -> 1 années récupérées pour SJM
2026-08-01 19:27:50,350 [INFO] [124/212] SW (Smurfit Westrock), depuis 2010...
2026-08-01 19:28:02,451 [INFO]   -> 3 années récupérées pour SW
2026-08-01 19:28:02,452 [INFO] [125/212] SNA (Snap-on), depuis 2026...
2026-08-01 19:28:14,625 [INFO]   -> 1 années récupérées pour SNA
2026-08-01 19:28:14,625 [INFO] [126/212] SOLV (Solventum), depuis 2010...
2026-08-01 19:28:27,270 [INFO]   -> 3 années récupérées pour SOLV
2026-08-01 19:28:27,271 [INFO] [127/212] SO (Southern Company), depuis 2026...
2026-08-01 19:28:39,369 [INFO]   -> 1 années récupérées pour SO
2026-08-01 19:28:39,370 [INFO] [128/212] LUV (Southwest Airlines), depuis 2026...
2026-08-01 19:28:51,611 [INFO]   -> 1 années récupérées pour LUV
2026-08-01 19:28:51,613 [INFO] [129/212] SWK (Stanley Black & Decker), depuis 2026...
2026-08-01 19:29:03,654 [INFO]   -> 1 années récupérées pour SWK
2026-08-01 19:29:03,654 [INFO] [130/212] SBUX (Starbucks), depuis 2026...
2026-08-01 19:29:15,727 [INFO]   -> 1 années récupérées pour SBUX
2026-08-01 19:29:15,727 [INFO] [131/212] STT (State Street Corporation), depuis 2026...
2026-08-01 19:29:27,825 [INFO]   -> 1 années récupérées pour STT
2026-08-01 19:29:27,826 [INFO] [132/212] STLD (Steel Dynamics), depuis 2026...
2026-08-01 19:29:39,971 [INFO]   -> 1 années récupérées pour STLD
2026-08-01 19:29:39,971 [INFO] [133/212] STE (Steris), depuis 2026...
2026-08-01 19:29:52,575 [INFO]   -> 1 années récupérées pour STE
2026-08-01 19:29:52,576 [INFO] [134/212] SYK (Stryker Corporation), depuis 2026...
2026-08-01 19:30:04,398 [INFO]   -> 1 années récupérées pour SYK
2026-08-01 19:30:04,399 [INFO] [135/212] SMCI (Supermicro), depuis 2026...
2026-08-01 19:30:16,211 [INFO]   -> 1 années récupérées pour SMCI
2026-08-01 19:30:16,212 [INFO] [136/212] SYF (Synchrony Financial), depuis 2010...
2026-08-01 19:30:31,731 [INFO]   -> 13 années récupérées pour SYF
2026-08-01 19:30:31,732 [INFO] [137/212] SNPS (Synopsys), depuis 2026...
2026-08-01 19:30:43,806 [INFO]   -> 1 années récupérées pour SNPS
2026-08-01 19:30:43,807 [INFO] [138/212] SYY (Sysco), depuis 2026...
2026-08-01 19:30:55,786 [INFO]   -> 1 années récupérées pour SYY
2026-08-01 19:30:55,787 [INFO] [139/212] TMUS (T-Mobile US), depuis 2014...
2026-08-01 19:31:09,386 [INFO]   -> 12 années récupérées pour TMUS
2026-08-01 19:31:09,387 [INFO] [140/212] TROW (T. Rowe Price), depuis 2026...
2026-08-01 19:31:21,653 [INFO]   -> 1 années récupérées pour TROW
2026-08-01 19:31:21,654 [INFO] [141/212] TTWO (Take-Two Interactive), depuis 2026...
2026-08-01 19:31:33,398 [INFO]   -> 1 années récupérées pour TTWO
2026-08-01 19:31:33,400 [INFO] [142/212] TPR (Tapestry, Inc.), depuis 2026...
2026-08-01 19:31:45,664 [INFO]   -> 1 années récupérées pour TPR
2026-08-01 19:31:45,664 [INFO] [143/212] TRGP (Targa Resources), depuis 2026...
2026-08-01 19:31:57,750 [INFO]   -> 1 années récupérées pour TRGP
2026-08-01 19:31:57,751 [INFO] [144/212] TGT (Target Corporation), depuis 2026...
2026-08-01 19:32:09,947 [INFO]   -> 1 années récupérées pour TGT
2026-08-01 19:32:09,948 [INFO] [145/212] TEL (TE Connectivity), depuis 2026...
2026-08-01 19:32:22,140 [INFO]   -> 1 années récupérées pour TEL
2026-08-01 19:32:22,141 [INFO] [146/212] TDY (Teledyne Technologies), depuis 2026...
2026-08-01 19:32:34,109 [INFO]   -> 1 années récupérées pour TDY
2026-08-01 19:32:34,110 [INFO] [147/212] TER (Teradyne), depuis 2026...
2026-08-01 19:32:46,327 [INFO]   -> 1 années récupérées pour TER
2026-08-01 19:32:46,328 [INFO] [148/212] TSLA (Tesla, Inc.), depuis 2026...
2026-08-01 19:32:58,271 [INFO]   -> 1 années récupérées pour TSLA
2026-08-01 19:32:58,271 [INFO] [149/212] TXN (Texas Instruments), depuis 2010...
2026-08-01 19:33:11,638 [INFO]   -> 15 années récupérées pour TXN
2026-08-01 19:33:11,639 [INFO] [150/212] TPL (Texas Pacific Land Corporation), depuis 2010...
2026-08-01 19:33:24,667 [INFO]   -> 6 années récupérées pour TPL
2026-08-01 19:33:24,667 [INFO] [151/212] TXT (Textron), depuis 2026...
2026-08-01 19:33:37,592 [INFO]   -> 1 années récupérées pour TXT
2026-08-01 19:33:37,593 [INFO] [152/212] TMO (Thermo Fisher Scientific), depuis 2026...
2026-08-01 19:33:49,775 [INFO]   -> 1 années récupérées pour TMO
2026-08-01 19:33:49,776 [INFO] [153/212] TJX (TJX Companies), depuis 2026...
2026-08-01 19:34:01,656 [INFO]   -> 1 années récupérées pour TJX
2026-08-01 19:34:01,657 [INFO] [154/212] TKO (TKO Group Holdings), depuis 2026...
2026-08-01 19:34:13,802 [INFO]   -> 1 années récupérées pour TKO
2026-08-01 19:34:13,803 [INFO] [155/212] TTD (Trade Desk (The)), depuis 2010...
2026-08-01 19:34:26,644 [INFO]   -> 11 années récupérées pour TTD
2026-08-01 19:34:26,645 [INFO] [156/212] TSCO (Tractor Supply), depuis 2026...
2026-08-01 19:34:38,518 [INFO]   -> 1 années récupérées pour TSCO
2026-08-01 19:34:38,518 [INFO] [157/212] TT (Trane Technologies), depuis 2026...
2026-08-01 19:34:50,395 [INFO]   -> 1 années récupérées pour TT
2026-08-01 19:34:50,395 [INFO] [158/212] TDG (TransDigm Group), depuis 2026...
2026-08-01 19:35:02,274 [INFO]   -> 1 années récupérées pour TDG
2026-08-01 19:35:02,275 [INFO] [159/212] TRV (Travelers Companies (The)), depuis 2026...
2026-08-01 19:35:14,465 [INFO]   -> 1 années récupérées pour TRV
2026-08-01 19:35:14,467 [INFO] [160/212] TRMB (Trimble Inc.), depuis 2026...
2026-08-01 19:35:26,336 [INFO]   -> 1 années récupérées pour TRMB
2026-08-01 19:35:26,336 [INFO] [161/212] TFC (Truist Financial), depuis 2026...
2026-08-01 19:35:38,470 [INFO]   -> 1 années récupérées pour TFC
2026-08-01 19:35:38,470 [INFO] [162/212] TYL (Tyler Technologies), depuis 2026...
2026-08-01 19:35:50,560 [INFO]   -> 1 années récupérées pour TYL
2026-08-01 19:35:50,561 [INFO] [163/212] TSN (Tyson Foods), depuis 2026...
2026-08-01 19:36:02,752 [INFO]   -> 1 années récupérées pour TSN
2026-08-01 19:36:02,752 [INFO] [164/212] USB (U.S. Bancorp), depuis 2026...
2026-08-01 19:36:15,003 [INFO]   -> 1 années récupérées pour USB
2026-08-01 19:36:15,004 [INFO] [165/212] UBER (Uber), depuis 2010...
2026-08-01 19:36:27,675 [INFO]   -> 8 années récupérées pour UBER
2026-08-01 19:36:27,676 [INFO] [166/212] UDR (UDR, Inc.), depuis 2026...
2026-08-01 19:36:40,720 [INFO]   -> 1 années récupérées pour UDR
2026-08-01 19:36:40,721 [INFO] [167/212] ULTA (Ulta Beauty), depuis 2026...
2026-08-01 19:36:52,582 [INFO]   -> 1 années récupérées pour ULTA
2026-08-01 19:36:52,583 [INFO] [168/212] UNP (Union Pacific Corporation), depuis 2026...
2026-08-01 19:37:04,450 [INFO]   -> 1 années récupérées pour UNP
2026-08-01 19:37:04,451 [INFO] [169/212] UAL (United Airlines Holdings), depuis 2010...
2026-08-01 19:37:19,675 [INFO]   -> 9 années récupérées pour UAL
2026-08-01 19:37:19,676 [INFO] [170/212] UPS (United Parcel Service), depuis 2026...
2026-08-01 19:37:31,992 [INFO]   -> 1 années récupérées pour UPS
2026-08-01 19:37:31,993 [INFO] [171/212] URI (United Rentals), depuis 2026...
2026-08-01 19:37:44,275 [INFO]   -> 1 années récupérées pour URI
2026-08-01 19:37:44,275 [INFO] [172/212] UNH (UnitedHealth Group), depuis 2026...
2026-08-01 19:37:56,153 [INFO]   -> 1 années récupérées pour UNH
2026-08-01 19:37:56,154 [INFO] [173/212] UHS (Universal Health Services), depuis 2026...
2026-08-01 19:38:08,389 [INFO]   -> 1 années récupérées pour UHS
2026-08-01 19:38:08,390 [INFO] [174/212] VLO (Valero Energy), depuis 2026...
2026-08-01 19:38:20,578 [INFO]   -> 1 années récupérées pour VLO
2026-08-01 19:38:20,582 [INFO] [175/212] VEEV (Veeva Systems), depuis 2010...
2026-08-01 19:38:35,545 [INFO]   -> 14 années récupérées pour VEEV
2026-08-01 19:38:35,546 [INFO] [176/212] VTR (Ventas), depuis 2026...
2026-08-01 19:38:48,288 [INFO]   -> 1 années récupérées pour VTR
2026-08-01 19:38:48,288 [INFO] [177/212] VLTO (Veralto), depuis 2010...
2026-08-01 19:39:02,215 [INFO]   -> 4 années récupérées pour VLTO
2026-08-01 19:39:02,215 [INFO] [178/212] VRSN (Verisign), depuis 2026...
2026-08-01 19:39:14,285 [INFO]   -> 1 années récupérées pour VRSN
2026-08-01 19:39:14,285 [INFO] [179/212] VRSK (Verisk Analytics), depuis 2026...
2026-08-01 19:39:26,270 [INFO]   -> 1 années récupérées pour VRSK
2026-08-01 19:39:26,270 [INFO] [180/212] VZ (Verizon), depuis 2026...
2026-08-01 19:39:38,459 [INFO]   -> 1 années récupérées pour VZ
2026-08-01 19:39:38,459 [INFO] [181/212] VRTX (Vertex Pharmaceuticals), depuis 2026...
2026-08-01 19:39:51,148 [INFO]   -> 1 années récupérées pour VRTX
2026-08-01 19:39:51,149 [INFO] [182/212] VRT (Vertiv), depuis 2010...
2026-08-01 19:40:06,692 [INFO]   -> 9 années récupérées pour VRT
2026-08-01 19:40:06,693 [INFO] [183/212] VTRS (Viatris), depuis 2026...
2026-08-01 19:40:18,841 [INFO]   -> 1 années récupérées pour VTRS
2026-08-01 19:40:18,842 [INFO] [184/212] VICI (Vici Properties), depuis 2010...
2026-08-01 19:40:34,751 [INFO]   -> 10 années récupérées pour VICI
2026-08-01 19:40:34,751 [INFO] [185/212] V (Visa Inc.), depuis 2026...
2026-08-01 19:40:46,800 [INFO]   -> 1 années récupérées pour V
2026-08-01 19:40:46,800 [INFO] [186/212] VST (Vistra Corp.), depuis 2010...
2026-08-01 19:41:00,221 [INFO]   -> 11 années récupérées pour VST
2026-08-01 19:41:00,222 [INFO] [187/212] VMC (Vulcan Materials Company), depuis 2026...
2026-08-01 19:41:12,092 [INFO]   -> 1 années récupérées pour VMC
2026-08-01 19:41:12,092 [INFO] [188/212] WRB (W. R. Berkley Corporation), depuis 2026...
2026-08-01 19:41:24,407 [INFO]   -> 1 années récupérées pour WRB
2026-08-01 19:41:24,409 [INFO] [189/212] GWW (W. W. Grainger), depuis 2026...
2026-08-01 19:41:36,585 [INFO]   -> 1 années récupérées pour GWW
2026-08-01 19:41:36,586 [INFO] [190/212] WAB (Wabtec), depuis 2026...
2026-08-01 19:41:48,811 [INFO]   -> 1 années récupérées pour WAB
2026-08-01 19:41:48,812 [INFO] [191/212] WMT (Walmart), depuis 2026...
2026-08-01 19:42:00,788 [INFO]   -> 1 années récupérées pour WMT
2026-08-01 19:42:00,788 [INFO] [192/212] DIS (Walt Disney Company (The)), depuis 2026...
2026-08-01 19:42:13,106 [INFO]   -> 1 années récupérées pour DIS
2026-08-01 19:42:13,107 [INFO] [193/212] WBD (Warner Bros. Discovery), depuis 2026...
2026-08-01 19:42:25,267 [INFO]   -> 1 années récupérées pour WBD
2026-08-01 19:42:25,268 [INFO] [194/212] WM (Waste Management), depuis 2026...
2026-08-01 19:42:37,498 [INFO]   -> 1 années récupérées pour WM
2026-08-01 19:42:37,498 [INFO] [195/212] WAT (Waters Corporation), depuis 2026...
2026-08-01 19:42:49,532 [INFO]   -> 1 années récupérées pour WAT
2026-08-01 19:42:49,533 [INFO] [196/212] WEC (WEC Energy Group), depuis 2026...
2026-08-01 19:43:01,823 [INFO]   -> 1 années récupérées pour WEC
2026-08-01 19:43:01,824 [INFO] [197/212] WFC (Wells Fargo), depuis 2026...
2026-08-01 19:43:14,045 [INFO]   -> 1 années récupérées pour WFC
2026-08-01 19:43:14,046 [INFO] [198/212] WELL (Welltower), depuis 2026...
2026-08-01 19:43:26,431 [INFO]   -> 1 années récupérées pour WELL
2026-08-01 19:43:26,432 [INFO] [199/212] WST (West Pharmaceutical Services), depuis 2026...
2026-08-01 19:43:38,786 [INFO]   -> 1 années récupérées pour WST
2026-08-01 19:43:38,787 [INFO] [200/212] WDC (Western Digital), depuis 2010...
2026-08-01 19:43:53,433 [INFO]   -> 15 années récupérées pour WDC
2026-08-01 19:43:53,433 [INFO] [201/212] WY (Weyerhaeuser), depuis 2026...
2026-08-01 19:44:05,617 [INFO]   -> 1 années récupérées pour WY
2026-08-01 19:44:05,618 [INFO] [202/212] WSM (Williams-Sonoma, Inc.), depuis 2026...
2026-08-01 19:44:17,901 [INFO]   -> 1 années récupérées pour WSM
2026-08-01 19:44:17,902 [INFO] [203/212] WMB (Williams Companies), depuis 2026...
2026-08-01 19:44:30,706 [INFO]   -> 1 années récupérées pour WMB
2026-08-01 19:44:30,707 [INFO] [204/212] WTW (Willis Towers Watson), depuis 2010...
2026-08-01 19:44:44,891 [INFO]   -> 11 années récupérées pour WTW
2026-08-01 19:44:44,892 [INFO] [205/212] WDAY (Workday, Inc.), depuis 2010...
2026-08-01 19:44:58,433 [INFO]   -> 10 années récupérées pour WDAY
2026-08-01 19:44:58,434 [INFO] [206/212] WYNN (Wynn Resorts), depuis 2026...
2026-08-01 19:45:10,335 [INFO]   -> 1 années récupérées pour WYNN
2026-08-01 19:45:10,336 [INFO] [207/212] XEL (Xcel Energy), depuis 2010...
2026-08-01 19:45:23,853 [INFO]   -> 9 années récupérées pour XEL
2026-08-01 19:45:23,854 [INFO] [208/212] XYL (Xylem Inc.), depuis 2010...
2026-08-01 19:45:37,096 [INFO]   -> 16 années récupérées pour XYL
2026-08-01 19:45:37,098 [INFO] [209/212] YUM (Yum! Brands), depuis 2026...
2026-08-01 19:45:49,460 [INFO]   -> 1 années récupérées pour YUM
2026-08-01 19:45:49,461 [INFO] [210/212] ZBRA (Zebra Technologies), depuis 2026...
2026-08-01 19:46:01,440 [INFO]   -> 1 années récupérées pour ZBRA
2026-08-01 19:46:01,441 [INFO] [211/212] ZBH (Zimmer Biomet), depuis 2026...
2026-08-01 19:46:13,614 [INFO]   -> 1 années récupérées pour ZBH
2026-08-01 19:46:13,614 [INFO] [212/212] ZTS (Zoetis), depuis 2010...
2026-08-01 19:46:26,931 [INFO]   -> 14 années récupérées pour ZTS
2026-08-01 19:46:26,941 [INFO] Disconnecting from 127.0.0.1:4002, 28.3 kB sent in 432 messages, 14.7 MB received in 955 messages, session time 2.64 ks.
2026-08-01 19:46:26,953 [INFO] Disconnecting
2026-08-01 19:46:26,965 [INFO] Déconnecté d'IBKR.
2026-08-01 19:46:26,966 [INFO] Terminé. OK: 212 | Échecs: 0 | Déjà à jour (ignorés): 291 | Nouvelles lignes: 1107
2026-08-01 19:46:27,033 [INFO] Fichier écrit : data\prices\year_end_prices.parquet (7882 lignes au total, 1107 nouvelles/mises à jour ce run).
