2026-08-09 18:46:04,255 [INFO] Log file: data\prices\year_end_prices_20260809_184604.log
2026-08-09 18:46:04,268 [INFO] Univers chargé : 503 tickers.
2026-08-09 18:46:04,313 [INFO] Cache existant chargé : data\prices\year_end_prices.parquet (7882 lignes, 503 symboles).
2026-08-09 18:46:04,937 [INFO] 0/503 tickers déjà à jour (ignorés), 503 à récupérer.
2026-08-09 18:46:04,937 [INFO] Connecting to 127.0.0.1:4002 with clientId 3...
2026-08-09 18:46:04,939 [INFO] Connected
2026-08-09 18:46:05,092 [INFO] Logged on to server version 176
2026-08-09 18:46:05,227 [INFO] API connection ready
2026-08-09 18:46:05,263 [INFO] Warning 2104, reqId -1: Market data farm connection is OK:eufarm
2026-08-09 18:46:05,269 [INFO] Warning 2106, reqId -1: HMDS data farm connection is OK:euhmds
2026-08-09 18:46:05,269 [INFO] Warning 2158, reqId -1: Sec-def data farm connection is OK:secdefeu
2026-08-09 18:46:06,088 [INFO] Synchronization complete
2026-08-09 18:46:06,089 [INFO] Connecté à IBKR sur 127.0.0.1:4002 (clientId=3, readonly=True).
2026-08-09 18:46:06,089 [INFO] [1/503] MMM (3M), depuis 2026...
2026-08-09 18:46:13,241 [INFO] Warning 2106, reqId -1: HMDS data farm connection is OK:ushmds
2026-08-09 18:46:26,012 [INFO]   -> 1 années récupérées pour MMM
2026-08-09 18:46:26,012 [INFO] [2/503] AOS (A. O. Smith), depuis 2026...
2026-08-09 18:46:42,999 [INFO]   -> 1 années récupérées pour AOS
2026-08-09 18:46:43,000 [INFO] [3/503] ABT (Abbott Laboratories), depuis 2026...
2026-08-09 18:46:45,287 [INFO] Warning 2119, reqId -1: Market data farm is connecting:usopt
2026-08-09 18:46:56,577 [INFO]   -> 1 années récupérées pour ABT
2026-08-09 18:46:56,578 [INFO] [4/503] ABBV (AbbVie), depuis 2010...
2026-08-09 18:46:56,579 [INFO] Warning 2104, reqId -1: Market data farm connection is OK:usopt
2026-08-09 18:46:56,579 [INFO] Warning 2119, reqId -1: Market data farm is connecting:usfarm
2026-08-09 18:46:56,579 [INFO] Warning 2119, reqId -1: Market data farm is connecting:usfarm
2026-08-09 18:46:56,580 [INFO] Warning 2104, reqId -1: Market data farm connection is OK:usfarm
2026-08-09 18:47:10,451 [INFO]   -> 15 années récupérées pour ABBV
2026-08-09 18:47:10,452 [INFO] [5/503] ACN (Accenture), depuis 2026...
2026-08-09 18:47:22,988 [INFO]   -> 1 années récupérées pour ACN
2026-08-09 18:47:22,988 [INFO] [6/503] ADBE (Adobe Inc.), depuis 2026...
2026-08-09 18:47:35,076 [INFO]   -> 1 années récupérées pour ADBE
2026-08-09 18:47:35,077 [INFO] [7/503] AMD (Advanced Micro Devices), depuis 2010...
2026-08-09 18:47:47,443 [INFO]   -> 12 années récupérées pour AMD
2026-08-09 18:47:47,444 [INFO] [8/503] AES (AES Corporation), depuis 2026...
2026-08-09 18:48:01,433 [INFO]   -> 1 années récupérées pour AES
2026-08-09 18:48:01,442 [INFO] [9/503] AFL (Aflac), depuis 2026...
2026-08-09 18:48:16,514 [INFO]   -> 1 années récupérées pour AFL
2026-08-09 18:48:16,514 [INFO] [10/503] A (Agilent Technologies), depuis 2026...
2026-08-09 18:48:29,557 [INFO]   -> 1 années récupérées pour A
2026-08-09 18:48:29,558 [INFO] [11/503] APD (Air Products), depuis 2026...
2026-08-09 18:48:41,248 [INFO]   -> 1 années récupérées pour APD
2026-08-09 18:48:41,250 [INFO] [12/503] ABNB (Airbnb), depuis 2010...
2026-08-09 18:48:53,885 [INFO]   -> 7 années récupérées pour ABNB
2026-08-09 18:48:53,886 [INFO] [13/503] AKAM (Akamai Technologies), depuis 2026...
2026-08-09 18:49:05,392 [INFO]   -> 1 années récupérées pour AKAM
2026-08-09 18:49:05,393 [INFO] [14/503] ALB (Albemarle Corporation), depuis 2026...
2026-08-09 18:49:17,031 [INFO]   -> 1 années récupérées pour ALB
2026-08-09 18:49:17,031 [INFO] [15/503] ARE (Alexandria Real Estate Equities), depuis 2026...
2026-08-09 18:49:28,726 [INFO]   -> 1 années récupérées pour ARE
2026-08-09 18:49:28,727 [INFO] [16/503] ALGN (Align Technology), depuis 2026...
2026-08-09 18:49:40,394 [INFO]   -> 1 années récupérées pour ALGN
2026-08-09 18:49:40,395 [INFO] [17/503] ALLE (Allegion), depuis 2010...
2026-08-09 18:49:53,719 [INFO]   -> 14 années récupérées pour ALLE
2026-08-09 18:49:53,720 [INFO] [18/503] LNT (Alliant Energy), depuis 2026...
2026-08-09 18:50:05,873 [INFO]   -> 1 années récupérées pour LNT
2026-08-09 18:50:05,879 [INFO] [19/503] ALL (Allstate), depuis 2026...
2026-08-09 18:50:19,162 [INFO]   -> 1 années récupérées pour ALL
2026-08-09 18:50:19,165 [INFO] [20/503] GOOGL (Alphabet Inc. (Class A)), depuis 2026...
2026-08-09 18:50:30,686 [INFO]   -> 1 années récupérées pour GOOGL
2026-08-09 18:50:30,686 [INFO] [21/503] GOOG (Alphabet Inc. (Class C)), depuis 2010...
2026-08-09 18:50:45,364 [INFO]   -> 13 années récupérées pour GOOG
2026-08-09 18:50:45,365 [INFO] [22/503] MO (Altria), depuis 2026...
2026-08-09 18:50:56,889 [INFO]   -> 1 années récupérées pour MO
2026-08-09 18:50:56,889 [INFO] [23/503] AMZN (Amazon), depuis 2026...
2026-08-09 18:51:08,434 [INFO]   -> 1 années récupérées pour AMZN
2026-08-09 18:51:08,435 [INFO] [24/503] AMCR (Amcor), depuis 2010...
2026-08-09 18:51:20,692 [INFO]   -> 8 années récupérées pour AMCR
2026-08-09 18:51:20,694 [INFO] [25/503] AEE (Ameren), depuis 2026...
2026-08-09 18:51:33,040 [INFO]   -> 1 années récupérées pour AEE
2026-08-09 18:51:33,041 [INFO] [26/503] AEP (American Electric Power), depuis 2026...
2026-08-09 18:51:46,362 [INFO]   -> 1 années récupérées pour AEP
2026-08-09 18:51:46,362 [INFO] [27/503] AXP (American Express), depuis 2026...
2026-08-09 18:51:59,611 [INFO]   -> 1 années récupérées pour AXP
2026-08-09 18:51:59,612 [INFO] [28/503] AIG (American International Group), depuis 2026...
2026-08-09 18:52:11,272 [INFO]   -> 1 années récupérées pour AIG
2026-08-09 18:52:11,272 [INFO] [29/503] AMT (American Tower), depuis 2026...
2026-08-09 18:52:23,102 [INFO]   -> 1 années récupérées pour AMT
2026-08-09 18:52:23,105 [INFO] [30/503] AWK (American Water Works), depuis 2026...
2026-08-09 18:52:37,346 [INFO]   -> 1 années récupérées pour AWK
2026-08-09 18:52:37,353 [INFO] [31/503] AMP (Ameriprise Financial), depuis 2026...
2026-08-09 18:52:51,143 [INFO]   -> 1 années récupérées pour AMP
2026-08-09 18:52:51,145 [INFO] [32/503] AME (Ametek), depuis 2026...
2026-08-09 18:53:04,937 [INFO]   -> 1 années récupérées pour AME
2026-08-09 18:53:04,937 [INFO] [33/503] AMGN (Amgen), depuis 2026...
2026-08-09 18:53:16,572 [INFO]   -> 1 années récupérées pour AMGN
2026-08-09 18:53:16,572 [INFO] [34/503] APH (Amphenol), depuis 2026...
2026-08-09 18:53:29,118 [INFO]   -> 1 années récupérées pour APH
2026-08-09 18:53:29,118 [INFO] [35/503] ADI (Analog Devices), depuis 2010...
2026-08-09 18:53:42,088 [INFO]   -> 15 années récupérées pour ADI
2026-08-09 18:53:42,095 [INFO] [36/503] AON (Aon plc), depuis 2026...
2026-08-09 18:53:54,622 [INFO]   -> 1 années récupérées pour AON
2026-08-09 18:53:54,623 [INFO] [37/503] APA (APA Corporation), depuis 2026...
2026-08-09 18:54:08,636 [INFO]   -> 1 années récupérées pour APA
2026-08-09 18:54:08,637 [INFO] [38/503] APO (Apollo Global Management), depuis 2010...
2026-08-09 18:54:23,647 [INFO]   -> 11 années récupérées pour APO
2026-08-09 18:54:23,648 [INFO] [39/503] AAPL (Apple Inc.), depuis 2026...
2026-08-09 18:54:35,495 [INFO]   -> 1 années récupérées pour AAPL
2026-08-09 18:54:35,497 [INFO] [40/503] AMAT (Applied Materials), depuis 2026...
2026-08-09 18:54:46,944 [INFO]   -> 1 années récupérées pour AMAT
2026-08-09 18:54:46,944 [INFO] [41/503] APP (AppLovin), depuis 2010...
2026-08-09 18:54:58,731 [INFO]   -> 6 années récupérées pour APP
2026-08-09 18:54:58,731 [INFO] [42/503] APTV (Aptiv), depuis 2010...
2026-08-09 18:55:16,478 [INFO]   -> 16 années récupérées pour APTV
2026-08-09 18:55:16,479 [INFO] [43/503] ACGL (Arch Capital Group), depuis 2026...
2026-08-09 18:55:28,559 [INFO]   -> 1 années récupérées pour ACGL
2026-08-09 18:55:28,559 [INFO] [44/503] ADM (Archer Daniels Midland), depuis 2026...
2026-08-09 18:55:40,825 [INFO]   -> 1 années récupérées pour ADM
2026-08-09 18:55:40,826 [INFO] [45/503] ARES (Ares Management), depuis 2010...
2026-08-09 18:55:55,692 [INFO]   -> 13 années récupérées pour ARES
2026-08-09 18:55:55,692 [INFO] [46/503] ANET (Arista Networks), depuis 2010...
2026-08-09 18:56:08,119 [INFO]   -> 13 années récupérées pour ANET
2026-08-09 18:56:08,120 [INFO] [47/503] AJG (Arthur J. Gallagher & Co.), depuis 2026...
2026-08-09 18:56:20,456 [INFO]   -> 1 années récupérées pour AJG
2026-08-09 18:56:20,456 [INFO] [48/503] AIZ (Assurant), depuis 2026...
2026-08-09 18:56:32,339 [INFO]   -> 1 années récupérées pour AIZ
2026-08-09 18:56:32,340 [INFO] [49/503] T (AT&T), depuis 2026...
2026-08-09 18:56:45,901 [INFO]   -> 1 années récupérées pour T
2026-08-09 18:56:45,901 [INFO] [50/503] ATO (Atmos Energy), depuis 2026...
2026-08-09 18:56:57,686 [INFO]   -> 1 années récupérées pour ATO
2026-08-09 18:56:57,686 [INFO] [51/503] ADSK (Autodesk), depuis 2026...
2026-08-09 18:57:10,661 [INFO]   -> 1 années récupérées pour ADSK
2026-08-09 18:57:10,661 [INFO] [52/503] ADP (Automatic Data Processing), depuis 2026...
2026-08-09 18:57:22,613 [INFO]   -> 1 années récupérées pour ADP
2026-08-09 18:57:22,614 [INFO] [53/503] AZO (AutoZone), depuis 2026...
2026-08-09 18:57:34,171 [INFO]   -> 1 années récupérées pour AZO
2026-08-09 18:57:34,171 [INFO] [54/503] AVB (AvalonBay Communities), depuis 2026...
2026-08-09 18:57:47,761 [INFO]   -> 1 années récupérées pour AVB
2026-08-09 18:57:47,761 [INFO] [55/503] AVY (Avery Dennison), depuis 2026...
2026-08-09 18:58:00,180 [INFO]   -> 1 années récupérées pour AVY
2026-08-09 18:58:00,181 [INFO] [56/503] AXON (Axon Enterprise), depuis 2026...
2026-08-09 18:58:14,464 [INFO]   -> 1 années récupérées pour AXON
2026-08-09 18:58:14,464 [INFO] [57/503] BKR (Baker Hughes), depuis 2010...
2026-08-09 18:58:28,193 [INFO]   -> 10 années récupérées pour BKR
2026-08-09 18:58:28,193 [INFO] [58/503] BALL (Ball Corporation), depuis 2026...
2026-08-09 18:58:41,882 [INFO]   -> 1 années récupérées pour BALL
2026-08-09 18:58:41,882 [INFO] [59/503] BAC (Bank of America), depuis 2026...
2026-08-09 18:58:54,226 [INFO]   -> 1 années récupérées pour BAC
2026-08-09 18:58:54,228 [INFO] [60/503] BAX (Baxter International), depuis 2026...
2026-08-09 18:59:06,404 [INFO]   -> 1 années récupérées pour BAX
2026-08-09 18:59:06,405 [INFO] [61/503] BDX (Becton Dickinson), depuis 2026...
2026-08-09 18:59:18,151 [INFO]   -> 1 années récupérées pour BDX
2026-08-09 18:59:18,152 [INFO] [62/503] BRK B (Berkshire Hathaway), depuis 2026...
2026-08-09 18:59:31,611 [INFO]   -> 1 années récupérées pour BRK B
2026-08-09 18:59:31,612 [INFO] [63/503] BBY (Best Buy), depuis 2026...
2026-08-09 18:59:43,233 [INFO]   -> 1 années récupérées pour BBY
2026-08-09 18:59:43,234 [INFO] [64/503] TECH (Bio-Techne), depuis 2026...
2026-08-09 18:59:55,878 [INFO]   -> 1 années récupérées pour TECH
2026-08-09 18:59:55,878 [INFO] [65/503] BIIB (Biogen), depuis 2026...
2026-08-09 19:00:07,599 [INFO]   -> 1 années récupérées pour BIIB
2026-08-09 19:00:07,621 [INFO] [66/503] BLK (BlackRock), depuis 2026...
2026-08-09 19:00:19,579 [INFO]   -> 1 années récupérées pour BLK
2026-08-09 19:00:19,581 [INFO] [67/503] BX (Blackstone Inc.), depuis 2026...
2026-08-09 19:00:33,077 [INFO]   -> 1 années récupérées pour BX
2026-08-09 19:00:33,083 [INFO] [68/503] XYZ (Block, Inc.), depuis 2010...
2026-08-09 19:00:49,342 [INFO]   -> 12 années récupérées pour XYZ
2026-08-09 19:00:49,343 [INFO] [69/503] BNY (BNY Mellon), depuis 2026...
2026-08-09 19:01:02,682 [INFO]   -> 1 années récupérées pour BNY
2026-08-09 19:01:02,682 [INFO] [70/503] BA (Boeing), depuis 2026...
2026-08-09 19:01:14,884 [INFO]   -> 1 années récupérées pour BA
2026-08-09 19:01:14,885 [INFO] [71/503] BKNG (Booking Holdings), depuis 2026...
2026-08-09 19:01:26,681 [INFO]   -> 1 années récupérées pour BKNG
2026-08-09 19:01:26,682 [INFO] [72/503] BSX (Boston Scientific), depuis 2026...
2026-08-09 19:01:38,755 [INFO]   -> 1 années récupérées pour BSX
2026-08-09 19:01:38,756 [INFO] [73/503] BMY (Bristol Myers Squibb), depuis 2026...
2026-08-09 19:01:51,311 [INFO]   -> 1 années récupérées pour BMY
2026-08-09 19:01:51,311 [INFO] [74/503] AVGO (Broadcom), depuis 2010...
2026-08-09 19:02:04,685 [INFO]   -> 11 années récupérées pour AVGO
2026-08-09 19:02:04,686 [INFO] [75/503] BR (Broadridge Financial Solutions), depuis 2026...
2026-08-09 19:02:16,356 [INFO]   -> 1 années récupérées pour BR
2026-08-09 19:02:16,356 [INFO] [76/503] BRO (Brown & Brown), depuis 2026...
2026-08-09 19:02:29,664 [INFO]   -> 1 années récupérées pour BRO
2026-08-09 19:02:29,671 [INFO] [77/503] BF B (Brown–Forman), depuis 2026...
2026-08-09 19:02:41,493 [INFO]   -> 1 années récupérées pour BF B
2026-08-09 19:02:41,494 [INFO] [78/503] BLDR (Builders FirstSource), depuis 2026...
2026-08-09 19:02:54,647 [INFO]   -> 1 années récupérées pour BLDR
2026-08-09 19:02:54,648 [INFO] [79/503] BG (Bunge Global), depuis 2026...
2026-08-09 19:03:06,326 [INFO]   -> 1 années récupérées pour BG
2026-08-09 19:03:06,327 [INFO] [80/503] BXP (BXP, Inc.), depuis 2026...
2026-08-09 19:03:20,186 [INFO]   -> 1 années récupérées pour BXP
2026-08-09 19:03:20,188 [INFO] [81/503] CHRW (C.H. Robinson), depuis 2026...
2026-08-09 19:03:31,808 [INFO]   -> 1 années récupérées pour CHRW
2026-08-09 19:03:31,809 [INFO] [82/503] CDNS (Cadence Design Systems), depuis 2026...
2026-08-09 19:03:43,362 [INFO]   -> 1 années récupérées pour CDNS
2026-08-09 19:03:43,369 [INFO] [83/503] CPT (Camden Property Trust), depuis 2026...
2026-08-09 19:03:55,245 [INFO]   -> 1 années récupérées pour CPT
2026-08-09 19:03:55,249 [INFO] [84/503] COF (Capital One), depuis 2026...
2026-08-09 19:04:07,098 [INFO]   -> 1 années récupérées pour COF
2026-08-09 19:04:07,098 [INFO] [85/503] CAH (Cardinal Health), depuis 2026...
2026-08-09 19:04:18,754 [INFO]   -> 1 années récupérées pour CAH
2026-08-09 19:04:18,755 [INFO] [86/503] CCL (Carnival Corporation), depuis 2026...
2026-08-09 19:04:31,237 [INFO]   -> 1 années récupérées pour CCL
2026-08-09 19:04:31,237 [INFO] [87/503] CARR (Carrier Global), depuis 2010...
2026-08-09 19:04:43,476 [INFO]   -> 7 années récupérées pour CARR
2026-08-09 19:04:43,476 [INFO] [88/503] CVNA (Carvana), depuis 2010...
2026-08-09 19:04:52,936 [INFO] Disconnecting from 127.0.0.1:4002, 11.6 kB sent in 182 messages, 3.69 MB received in 549 messages, session time 1.13 ks.
2026-08-09 19:04:52,936 [INFO] Disconnecting
2026-08-09 19:04:52,936 [INFO] Déconnecté d'IBKR.
