2026-08-13 21:34:57,836 [INFO] Log file: data\prices\year_end_prices_20260813_213457.log
2026-08-13 21:34:57,878 [INFO] Univers chargé : 503 tickers.
2026-08-13 21:34:58,330 [INFO] Cache existant chargé : data\prices\year_end_prices.parquet (7888 lignes, 504 symboles).
2026-08-13 21:34:58,670 [INFO] 0/503 tickers déjà à jour (ignorés), 503 à récupérer.
2026-08-13 21:34:58,671 [INFO] Connecting to 127.0.0.1:4002 with clientId 3...
2026-08-13 21:34:58,672 [INFO] Connected
2026-08-13 21:34:58,750 [INFO] Logged on to server version 176
2026-08-13 21:34:58,812 [INFO] API connection ready
2026-08-13 21:34:58,825 [INFO] Warning 2104, reqId -1: Market data farm connection is OK:eufarm
2026-08-13 21:34:58,827 [INFO] Warning 2106, reqId -1: HMDS data farm connection is OK:euhmds
2026-08-13 21:34:58,827 [INFO] Warning 2158, reqId -1: Sec-def data farm connection is OK:secdefeu
2026-08-13 21:34:59,108 [INFO] Synchronization complete
2026-08-13 21:34:59,109 [INFO] Connecté à IBKR sur 127.0.0.1:4002 (clientId=3, readonly=True).
2026-08-13 21:34:59,109 [INFO] [1/503] MMM (3M), depuis 2010...
2026-08-13 21:35:02,465 [INFO] Warning 2106, reqId -1: HMDS data farm connection is OK:ushmds
2026-08-13 21:35:15,802 [INFO]   -> 17 années récupérées pour MMM
2026-08-13 21:35:15,802 [INFO] [2/503] AOS (A. O. Smith), depuis 2010...
2026-08-13 21:35:29,557 [INFO]   -> 17 années récupérées pour AOS
2026-08-13 21:35:29,557 [INFO] [3/503] ABT (Abbott Laboratories), depuis 2010...
2026-08-13 21:35:42,527 [INFO]   -> 17 années récupérées pour ABT
2026-08-13 21:35:42,528 [INFO] [4/503] ABBV (AbbVie), depuis 2010...
2026-08-13 21:35:55,230 [INFO]   -> 15 années récupérées pour ABBV
2026-08-13 21:35:55,230 [INFO] [5/503] ACN (Accenture), depuis 2010...
2026-08-13 21:36:08,304 [INFO]   -> 17 années récupérées pour ACN
2026-08-13 21:36:08,304 [INFO] [6/503] ADBE (Adobe Inc.), depuis 2010...
2026-08-13 21:36:08,305 [INFO] Warning 2119, reqId -1: Market data farm is connecting:usopt
2026-08-13 21:36:08,305 [INFO] Warning 2104, reqId -1: Market data farm connection is OK:usopt
2026-08-13 21:36:08,306 [INFO] Warning 2119, reqId -1: Market data farm is connecting:usfarm
2026-08-13 21:36:08,307 [INFO] Warning 2104, reqId -1: Market data farm connection is OK:usfarm
2026-08-13 21:36:22,635 [INFO]   -> 17 années récupérées pour ADBE
2026-08-13 21:36:22,636 [INFO] [7/503] AMD (Advanced Micro Devices), depuis 2010...
2026-08-13 21:36:36,622 [INFO]   -> 12 années récupérées pour AMD
2026-08-13 21:36:36,622 [INFO] [8/503] AES (AES Corporation), depuis 2010...
2026-08-13 21:36:49,580 [INFO]   -> 17 années récupérées pour AES
2026-08-13 21:36:49,580 [INFO] [9/503] AFL (Aflac), depuis 2010...
2026-08-13 21:37:02,746 [INFO]   -> 17 années récupérées pour AFL
2026-08-13 21:37:02,746 [INFO] [10/503] A (Agilent Technologies), depuis 2010...
2026-08-13 21:37:15,644 [INFO]   -> 17 années récupérées pour A
2026-08-13 21:37:15,644 [INFO] [11/503] APD (Air Products), depuis 2010...
2026-08-13 21:37:29,177 [INFO]   -> 17 années récupérées pour APD
2026-08-13 21:37:29,177 [INFO] [12/503] ABNB (Airbnb), depuis 2010...
2026-08-13 21:37:41,050 [INFO]   -> 7 années récupérées pour ABNB
2026-08-13 21:37:41,050 [INFO] [13/503] AKAM (Akamai Technologies), depuis 2010...
2026-08-13 21:37:55,678 [INFO]   -> 17 années récupérées pour AKAM
2026-08-13 21:37:55,695 [INFO]   (point de sauvegarde : 7888 lignes au total dans data\prices\year_end_prices.parquet)
2026-08-13 21:37:55,695 [INFO] [14/503] ALB (Albemarle Corporation), depuis 2010...
2026-08-13 21:38:08,407 [INFO]   -> 17 années récupérées pour ALB
2026-08-13 21:38:08,408 [INFO] [15/503] ARE (Alexandria Real Estate Equities), depuis 2010...
2026-08-13 21:38:23,383 [INFO]   -> 17 années récupérées pour ARE
2026-08-13 21:38:23,384 [INFO] [16/503] ALGN (Align Technology), depuis 2010...
2026-08-13 21:38:36,921 [INFO]   -> 17 années récupérées pour ALGN
2026-08-13 21:38:36,922 [INFO] [17/503] ALLE (Allegion), depuis 2010...
2026-08-13 21:38:51,058 [INFO]   -> 14 années récupérées pour ALLE
2026-08-13 21:38:51,059 [INFO] [18/503] LNT (Alliant Energy), depuis 2010...
2026-08-13 21:39:06,166 [INFO]   -> 17 années récupérées pour LNT
2026-08-13 21:39:06,166 [INFO] [19/503] ALL (Allstate), depuis 2010...
2026-08-13 21:39:19,965 [INFO]   -> 17 années récupérées pour ALL
2026-08-13 21:39:19,966 [INFO] [20/503] GOOGL (Alphabet Inc. (Class A)), depuis 2010...
2026-08-13 21:39:33,395 [INFO]   -> 17 années récupérées pour GOOGL
2026-08-13 21:39:33,395 [INFO] [21/503] GOOG (Alphabet Inc. (Class C)), depuis 2010...
2026-08-13 21:39:46,211 [INFO]   -> 13 années récupérées pour GOOG
2026-08-13 21:39:46,211 [INFO] [22/503] MO (Altria), depuis 2010...
2026-08-13 21:40:00,855 [INFO]   -> 17 années récupérées pour MO
2026-08-13 21:40:00,855 [INFO] [23/503] AMZN (Amazon), depuis 2010...
2026-08-13 21:40:14,462 [INFO]   -> 17 années récupérées pour AMZN
2026-08-13 21:40:14,463 [INFO] [24/503] AMCR (Amcor), depuis 2010...
2026-08-13 21:40:27,060 [INFO]   -> 8 années récupérées pour AMCR
2026-08-13 21:40:27,061 [INFO] [25/503] AEE (Ameren), depuis 2010...
2026-08-13 21:40:41,836 [INFO]   -> 17 années récupérées pour AEE
2026-08-13 21:40:41,836 [INFO] [26/503] AEP (American Electric Power), depuis 2010...
2026-08-13 21:40:55,650 [INFO]   -> 17 années récupérées pour AEP
2026-08-13 21:40:55,671 [INFO]   (point de sauvegarde : 7888 lignes au total dans data\prices\year_end_prices.parquet)
2026-08-13 21:40:55,673 [INFO] [27/503] AXP (American Express), depuis 2010...
2026-08-13 21:41:08,732 [INFO]   -> 17 années récupérées pour AXP
2026-08-13 21:41:08,733 [INFO] [28/503] AIG (American International Group), depuis 2010...
2026-08-13 21:41:22,813 [INFO]   -> 17 années récupérées pour AIG
2026-08-13 21:41:22,814 [INFO] [29/503] AMT (American Tower), depuis 2010...
2026-08-13 21:41:37,988 [INFO]   -> 17 années récupérées pour AMT
2026-08-13 21:41:37,989 [INFO] [30/503] AWK (American Water Works), depuis 2010...
2026-08-13 21:41:52,877 [INFO]   -> 17 années récupérées pour AWK
2026-08-13 21:41:52,878 [INFO] [31/503] AMP (Ameriprise Financial), depuis 2010...
2026-08-13 21:42:06,179 [INFO]   -> 17 années récupérées pour AMP
2026-08-13 21:42:06,180 [INFO] [32/503] AME (Ametek), depuis 2010...
2026-08-13 21:42:19,206 [INFO]   -> 17 années récupérées pour AME
2026-08-13 21:42:19,206 [INFO] [33/503] AMGN (Amgen), depuis 2010...
2026-08-13 21:42:32,004 [INFO]   -> 17 années récupérées pour AMGN
2026-08-13 21:42:32,005 [INFO] [34/503] APH (Amphenol), depuis 2010...
2026-08-13 21:42:45,827 [INFO]   -> 17 années récupérées pour APH
2026-08-13 21:42:45,827 [INFO] [35/503] ADI (Analog Devices), depuis 2010...
2026-08-13 21:43:00,908 [INFO]   -> 15 années récupérées pour ADI
2026-08-13 21:43:00,909 [INFO] [36/503] AON (Aon plc), depuis 2010...
2026-08-13 21:43:15,862 [INFO]   -> 17 années récupérées pour AON
2026-08-13 21:43:15,862 [INFO] [37/503] APA (APA Corporation), depuis 2010...
2026-08-13 21:43:29,460 [INFO]   -> 17 années récupérées pour APA
2026-08-13 21:43:29,462 [INFO] [38/503] APO (Apollo Global Management), depuis 2010...
2026-08-13 21:43:43,821 [INFO]   -> 11 années récupérées pour APO
2026-08-13 21:43:43,822 [INFO] [39/503] AAPL (Apple Inc.), depuis 2010...
2026-08-13 21:43:57,812 [INFO]   -> 17 années récupérées pour AAPL
2026-08-13 21:43:57,846 [INFO]   (point de sauvegarde : 7888 lignes au total dans data\prices\year_end_prices.parquet)
2026-08-13 21:43:57,848 [INFO] [40/503] AMAT (Applied Materials), depuis 2010...
2026-08-13 21:44:10,909 [INFO]   -> 17 années récupérées pour AMAT
2026-08-13 21:44:10,909 [INFO] [41/503] APP (AppLovin), depuis 2010...
2026-08-13 21:44:25,035 [INFO]   -> 6 années récupérées pour APP
2026-08-13 21:44:25,035 [INFO] [42/503] APTV (Aptiv), depuis 2010...
2026-08-13 21:44:38,128 [INFO]   -> 16 années récupérées pour APTV
2026-08-13 21:44:38,128 [INFO] [43/503] ACGL (Arch Capital Group), depuis 2010...
2026-08-13 21:44:50,828 [INFO]   -> 17 années récupérées pour ACGL
2026-08-13 21:44:50,829 [INFO] [44/503] ADM (Archer Daniels Midland), depuis 2010...
2026-08-13 21:45:04,885 [INFO]   -> 17 années récupérées pour ADM
2026-08-13 21:45:04,885 [INFO] [45/503] ARES (Ares Management), depuis 2010...
2026-08-13 21:45:19,990 [INFO]   -> 13 années récupérées pour ARES
2026-08-13 21:45:19,991 [INFO] [46/503] ANET (Arista Networks), depuis 2010...
2026-08-13 21:45:33,567 [INFO]   -> 13 années récupérées pour ANET
2026-08-13 21:45:33,568 [INFO] [47/503] AJG (Arthur J. Gallagher & Co.), depuis 2010...
2026-08-13 21:45:47,590 [INFO]   -> 17 années récupérées pour AJG
2026-08-13 21:45:47,590 [INFO] [48/503] AIZ (Assurant), depuis 2010...
2026-08-13 21:46:01,203 [INFO]   -> 17 années récupérées pour AIZ
2026-08-13 21:46:01,203 [INFO] [49/503] T (AT&T), depuis 2010...
2026-08-13 21:46:15,014 [INFO]   -> 17 années récupérées pour T
2026-08-13 21:46:15,018 [INFO] [50/503] ATO (Atmos Energy), depuis 2010...
2026-08-13 21:46:27,988 [INFO]   -> 17 années récupérées pour ATO
2026-08-13 21:46:27,989 [INFO] [51/503] ADSK (Autodesk), depuis 2010...
2026-08-13 21:46:40,992 [INFO]   -> 17 années récupérées pour ADSK
2026-08-13 21:46:40,994 [INFO] [52/503] ADP (Automatic Data Processing), depuis 2010...
2026-08-13 21:46:55,387 [INFO]   -> 17 années récupérées pour ADP
2026-08-13 21:46:55,423 [INFO]   (point de sauvegarde : 7888 lignes au total dans data\prices\year_end_prices.parquet)
2026-08-13 21:46:55,423 [INFO] [53/503] AZO (AutoZone), depuis 2010...
2026-08-13 21:47:08,688 [INFO]   -> 17 années récupérées pour AZO
2026-08-13 21:47:08,689 [INFO] [54/503] AVB (AvalonBay Communities), depuis 2010...
2026-08-13 21:47:24,738 [INFO]   -> 17 années récupérées pour AVB
2026-08-13 21:47:24,738 [INFO] [55/503] AVY (Avery Dennison), depuis 2010...
2026-08-13 21:47:37,641 [INFO]   -> 17 années récupérées pour AVY
2026-08-13 21:47:37,641 [INFO] [56/503] AXON (Axon Enterprise), depuis 2010...
2026-08-13 21:47:50,974 [INFO]   -> 17 années récupérées pour AXON
2026-08-13 21:47:50,974 [INFO] [57/503] BKR (Baker Hughes), depuis 2010...
2026-08-13 21:48:05,155 [INFO]   -> 10 années récupérées pour BKR
2026-08-13 21:48:05,155 [INFO] [58/503] BALL (Ball Corporation), depuis 2010...
2026-08-13 21:48:19,602 [INFO]   -> 17 années récupérées pour BALL
2026-08-13 21:48:19,602 [INFO] [59/503] BAC (Bank of America), depuis 2010...
2026-08-13 21:48:33,257 [INFO]   -> 17 années récupérées pour BAC
2026-08-13 21:48:33,257 [INFO] [60/503] BAX (Baxter International), depuis 2010...
2026-08-13 21:48:48,199 [INFO]   -> 17 années récupérées pour BAX
2026-08-13 21:48:48,200 [INFO] [61/503] BDX (Becton Dickinson), depuis 2010...
2026-08-13 21:49:04,815 [INFO]   -> 17 années récupérées pour BDX
2026-08-13 21:49:04,816 [INFO] [62/503] BRK B (Berkshire Hathaway), depuis 2010...
2026-08-13 21:49:17,479 [INFO]   -> 17 années récupérées pour BRK B
2026-08-13 21:49:17,480 [INFO] [63/503] BBY (Best Buy), depuis 2010...
2026-08-13 21:49:33,146 [INFO]   -> 17 années récupérées pour BBY
2026-08-13 21:49:33,146 [INFO] [64/503] TECH (Bio-Techne), depuis 2010...
2026-08-13 21:49:47,396 [INFO]   -> 17 années récupérées pour TECH
2026-08-13 21:49:47,396 [INFO] [65/503] BIIB (Biogen), depuis 2010...
2026-08-13 21:50:00,653 [INFO]   -> 17 années récupérées pour BIIB
2026-08-13 21:50:00,668 [INFO]   (point de sauvegarde : 7888 lignes au total dans data\prices\year_end_prices.parquet)
2026-08-13 21:50:00,669 [INFO] [66/503] BLK (BlackRock), depuis 2010...
2026-08-13 21:50:14,267 [INFO]   -> 17 années récupérées pour BLK
2026-08-13 21:50:14,267 [INFO] [67/503] BX (Blackstone Inc.), depuis 2010...
2026-08-13 21:50:26,719 [INFO]   -> 17 années récupérées pour BX
2026-08-13 21:50:26,719 [INFO] [68/503] XYZ (Block, Inc.), depuis 2010...
2026-08-13 21:50:40,973 [INFO]   -> 12 années récupérées pour XYZ
2026-08-13 21:50:40,974 [INFO] [69/503] BNY (BNY Mellon), depuis 2010...
2026-08-13 21:50:55,432 [INFO]   -> 17 années récupérées pour BNY
2026-08-13 21:50:55,432 [INFO] [70/503] BA (Boeing), depuis 2010...
2026-08-13 21:51:08,961 [INFO]   -> 17 années récupérées pour BA
2026-08-13 21:51:08,961 [INFO] [71/503] BKNG (Booking Holdings), depuis 2010...
2026-08-13 21:51:22,226 [INFO]   -> 17 années récupérées pour BKNG
2026-08-13 21:51:22,226 [INFO] [72/503] BSX (Boston Scientific), depuis 2010...
2026-08-13 21:51:35,803 [INFO]   -> 17 années récupérées pour BSX
2026-08-13 21:51:35,804 [INFO] [73/503] BMY (Bristol Myers Squibb), depuis 2010...
2026-08-13 21:51:50,718 [INFO]   -> 17 années récupérées pour BMY
2026-08-13 21:51:50,718 [INFO] [74/503] AVGO (Broadcom), depuis 2010...
2026-08-13 21:52:04,797 [INFO]   -> 11 années récupérées pour AVGO
2026-08-13 21:52:04,798 [INFO] [75/503] BR (Broadridge Financial Solutions), depuis 2010...
2026-08-13 21:52:19,105 [INFO]   -> 17 années récupérées pour BR
2026-08-13 21:52:19,106 [INFO] [76/503] BRO (Brown & Brown), depuis 2010...
2026-08-13 21:52:33,339 [INFO]   -> 17 années récupérées pour BRO
2026-08-13 21:52:33,339 [INFO] [77/503] BF B (Brown–Forman), depuis 2010...
2026-08-13 21:52:46,834 [INFO]   -> 17 années récupérées pour BF B
2026-08-13 21:52:46,834 [INFO] [78/503] BLDR (Builders FirstSource), depuis 2010...
2026-08-13 21:53:01,554 [INFO]   -> 17 années récupérées pour BLDR
2026-08-13 21:53:01,568 [INFO]   (point de sauvegarde : 7888 lignes au total dans data\prices\year_end_prices.parquet)
2026-08-13 21:53:01,569 [INFO] [79/503] BG (Bunge Global), depuis 2010...
2026-08-13 21:53:14,359 [INFO]   -> 17 années récupérées pour BG
2026-08-13 21:53:14,359 [INFO] [80/503] BXP (BXP, Inc.), depuis 2010...
2026-08-13 21:53:28,556 [INFO]   -> 17 années récupérées pour BXP
2026-08-13 21:53:28,557 [INFO] [81/503] CHRW (C.H. Robinson), depuis 2010...
2026-08-13 21:53:42,104 [INFO]   -> 17 années récupérées pour CHRW
2026-08-13 21:53:42,105 [INFO] [82/503] CDNS (Cadence Design Systems), depuis 2010...
2026-08-13 21:53:54,348 [INFO]   -> 17 années récupérées pour CDNS
2026-08-13 21:53:54,349 [INFO] [83/503] CPT (Camden Property Trust), depuis 2010...
2026-08-13 21:54:08,372 [INFO]   -> 17 années récupérées pour CPT
2026-08-13 21:54:08,373 [INFO] [84/503] COF (Capital One), depuis 2010...
2026-08-13 21:54:21,045 [INFO]   -> 17 années récupérées pour COF
2026-08-13 21:54:21,045 [INFO] [85/503] CAH (Cardinal Health), depuis 2010...
2026-08-13 21:54:35,333 [INFO]   -> 17 années récupérées pour CAH
2026-08-13 21:54:35,333 [INFO] [86/503] CCL (Carnival Corporation), depuis 2010...
2026-08-13 21:54:48,957 [INFO]   -> 17 années récupérées pour CCL
2026-08-13 21:54:48,957 [INFO] [87/503] CARR (Carrier Global), depuis 2010...
2026-08-13 21:55:00,910 [INFO]   -> 7 années récupérées pour CARR
2026-08-13 21:55:00,910 [INFO] [88/503] CVNA (Carvana), depuis 2010...
2026-08-13 21:55:13,069 [INFO]   -> 10 années récupérées pour CVNA
2026-08-13 21:55:13,070 [INFO] [89/503] CASY (Casey's), depuis 2010...
2026-08-13 21:55:26,960 [INFO]   -> 17 années récupérées pour CASY
2026-08-13 21:55:26,961 [INFO] [90/503] CAT (Caterpillar Inc.), depuis 2010...
2026-08-13 21:55:39,564 [INFO]   -> 17 années récupérées pour CAT
2026-08-13 21:55:39,564 [INFO] [91/503] CBOE (Cboe Global Markets), depuis 2010...
2026-08-13 21:55:53,428 [INFO]   -> 17 années récupérées pour CBOE
2026-08-13 21:55:53,446 [INFO]   (point de sauvegarde : 7888 lignes au total dans data\prices\year_end_prices.parquet)
2026-08-13 21:55:53,446 [INFO] [92/503] CBRE (CBRE Group), depuis 2010...
2026-08-13 21:56:07,378 [INFO]   -> 17 années récupérées pour CBRE
2026-08-13 21:56:07,379 [INFO] [93/503] CDW (CDW Corporation), depuis 2010...
2026-08-13 21:56:21,699 [INFO]   -> 14 années récupérées pour CDW
2026-08-13 21:56:21,699 [INFO] [94/503] COR (Cencora), depuis 2010...
2026-08-13 21:56:36,240 [INFO]   -> 17 années récupérées pour COR
2026-08-13 21:56:36,240 [INFO] [95/503] CNC (Centene Corporation), depuis 2010...
2026-08-13 21:56:49,722 [INFO]   -> 17 années récupérées pour CNC
2026-08-13 21:56:49,722 [INFO] [96/503] CNP (CenterPoint Energy), depuis 2010...
2026-08-13 21:57:02,874 [INFO]   -> 17 années récupérées pour CNP
2026-08-13 21:57:02,874 [INFO] [97/503] CF (CF Industries), depuis 2010...
2026-08-13 21:57:16,256 [INFO]   -> 17 années récupérées pour CF
2026-08-13 21:57:16,256 [INFO] [98/503] CRL (Charles River Laboratories), depuis 2010...
2026-08-13 21:57:28,769 [INFO]   -> 17 années récupérées pour CRL
2026-08-13 21:57:28,769 [INFO] [99/503] SCHW (Charles Schwab Corporation), depuis 2010...
2026-08-13 21:57:41,610 [INFO]   -> 17 années récupérées pour SCHW
2026-08-13 21:57:41,611 [INFO] [100/503] CHTR (Charter Communications), depuis 2010...
2026-08-13 21:57:54,605 [INFO]   -> 17 années récupérées pour CHTR
2026-08-13 21:57:54,605 [INFO] [101/503] CVX (Chevron Corporation), depuis 2010...
2026-08-13 21:58:08,384 [INFO]   -> 17 années récupérées pour CVX
2026-08-13 21:58:08,385 [INFO] [102/503] CMG (Chipotle Mexican Grill), depuis 2010...
2026-08-13 21:58:22,681 [INFO]   -> 17 années récupérées pour CMG
2026-08-13 21:58:22,682 [INFO] [103/503] CB (Chubb Limited), depuis 2010...
2026-08-13 21:58:37,442 [INFO]   -> 17 années récupérées pour CB
2026-08-13 21:58:37,462 [INFO]   (point de sauvegarde : 7888 lignes au total dans data\prices\year_end_prices.parquet)
2026-08-13 21:58:37,463 [INFO] [104/503] CHD (Church & Dwight), depuis 2010...
2026-08-13 21:59:05,054 [INFO]   -> 17 années récupérées pour CHD
2026-08-13 21:59:05,054 [INFO] [105/503] CIEN (Ciena), depuis 2010...
2026-08-13 21:59:21,035 [INFO]   -> 17 années récupérées pour CIEN
2026-08-13 21:59:21,035 [INFO] [106/503] CI (Cigna), depuis 2010...
2026-08-13 21:59:52,177 [INFO]   -> 17 années récupérées pour CI
2026-08-13 21:59:52,177 [INFO] [107/503] CINF (Cincinnati Financial), depuis 2010...
2026-08-13 22:00:06,196 [INFO]   -> 17 années récupérées pour CINF
2026-08-13 22:00:06,197 [INFO] [108/503] CTAS (Cintas), depuis 2010...
2026-08-13 22:00:23,346 [INFO]   -> 17 années récupérées pour CTAS
2026-08-13 22:00:23,347 [INFO] [109/503] CSCO (Cisco), depuis 2010...
2026-08-13 22:01:09,466 [INFO]   -> 17 années récupérées pour CSCO
2026-08-13 22:01:09,467 [INFO] [110/503] C (Citigroup), depuis 2010...
2026-08-13 22:01:35,009 [INFO]   -> 17 années récupérées pour C
2026-08-13 22:01:35,010 [INFO] [111/503] CFG (Citizens Financial Group), depuis 2010...
2026-08-13 22:02:19,149 [INFO]   -> 13 années récupérées pour CFG
2026-08-13 22:02:19,149 [INFO] [112/503] CLX (Clorox), depuis 2010...
2026-08-13 22:03:25,355 [WARNING] reqHistoricalData: Timeout for Contract(secType='STK', conId=5794, symbol='CLX', exchange='SMART', primaryExchange='NYSE', currency='USD', localSymbol='CLX', tradingClass='CLX')
2026-08-13 22:04:15,785 [INFO] Warning 2108, reqId -1: Market data farm connection is inactive but should be available upon demand.usfarm
2026-08-13 22:04:21,973 [INFO] Warning 2103, reqId -1: Market data farm connection is broken:usfarm
2026-08-13 22:04:21,973 [INFO] Warning 2157, reqId -1: Sec-def data farm connection is broken:secdefeu
2026-08-13 22:04:25,273 [INFO] Warning 2103, reqId -1: Market data farm connection is broken:eufarm
2026-08-13 22:04:30,549 [INFO] Warning 2103, reqId -1: Market data farm connection is broken:usopt
2026-08-13 22:04:31,483 [INFO] Warning 2158, reqId -1: Sec-def data farm connection is OK:secdefeu
2026-08-13 22:04:31,486 [INFO] Warning 2104, reqId -1: Market data farm connection is OK:usopt
2026-08-13 22:04:31,487 [INFO] Warning 2104, reqId -1: Market data farm connection is OK:eufarm
2026-08-13 22:04:36,168 [INFO] Warning 2105, reqId -1: HMDS data farm connection is broken:euhmds
2026-08-13 22:04:36,168 [INFO] Warning 2106, reqId -1: HMDS data farm connection is OK:euhmds
2026-08-14 01:05:13,580 [ERROR] Error 1100, reqId -1: Connectivity between IBKR and Trader Workstation has been lost.
2026-08-14 01:05:20,312 [INFO] Warning 2103, reqId -1: Market data farm connection is broken:eufarm
2026-08-14 01:05:25,539 [INFO] Warning 2103, reqId -1: Market data farm connection is broken:usopt
2026-08-14 01:05:28,814 [INFO] Warning 2157, reqId -1: Sec-def data farm connection is broken:secdefeu
2026-08-14 01:05:32,188 [INFO] Warning 2105, reqId -1: HMDS data farm connection is broken:euhmds
2026-08-14 01:05:35,789 [INFO] Warning 2105, reqId -1: HMDS data farm connection is broken:ushmds
2026-08-14 01:05:35,792 [INFO] Warning 2106, reqId -1: HMDS data farm connection is OK:euhmds
2026-08-14 01:05:35,793 [INFO] Warning 2104, reqId -1: Market data farm connection is OK:eufarm
2026-08-14 01:05:35,794 [INFO] Warning 2158, reqId -1: Sec-def data farm connection is OK:secdefeu
2026-08-14 01:05:35,795 [INFO] Warning 2106, reqId -1: HMDS data farm connection is OK:ushmds
2026-08-14 01:05:35,795 [INFO] Warning 2104, reqId -1: Market data farm connection is OK:usopt
2026-08-14 01:05:35,798 [INFO] Warning 165, reqId 226: Historical Market Data Service query message:HMDS server disconnect occurred.  Attempting reconnection..., contract: Contract(secType='STK', conId=5794, symbol='CLX', exchange='SMART', primaryExchange='NYSE', currency='USD', localSymbol='CLX', tradingClass='CLX')
2026-08-14 01:05:35,800 [INFO] Warning 165, reqId 226: Historical Market Data Service query message:HMDS server connection was successful., contract: Contract(secType='STK', conId=5794, symbol='CLX', exchange='SMART', primaryExchange='NYSE', currency='USD', localSymbol='CLX', tradingClass='CLX')
2026-08-14 01:05:36,768 [ERROR] Error 1102, reqId -1: Connectivity between IBKR and Trader Workstation has been restored - data maintained. All data farms are connected: eufarm; usopt; euhmds; ushmds; secdefeu.
2026-08-14 06:04:05,927 [INFO] Warning 2105, reqId -1: HMDS data farm connection is broken:ushmds
2026-08-14 06:04:05,928 [INFO] Warning 2106, reqId -1: HMDS data farm connection is OK:ushmds
2026-08-14 06:04:09,064 [INFO] Warning 2103, reqId -1: Market data farm connection is broken:eufarm
2026-08-14 06:04:09,117 [INFO] Warning 165, reqId 226: Historical Market Data Service query message:HMDS server disconnect occurred.  Attempting reconnection..., contract: Contract(secType='STK', conId=5794, symbol='CLX', exchange='SMART', primaryExchange='NYSE', currency='USD', localSymbol='CLX', tradingClass='CLX')
2026-08-14 06:04:09,117 [INFO] Warning 165, reqId 226: Historical Market Data Service query message:HMDS server connection was successful., contract: Contract(secType='STK', conId=5794, symbol='CLX', exchange='SMART', primaryExchange='NYSE', currency='USD', localSymbol='CLX', tradingClass='CLX')
2026-08-14 06:04:12,417 [INFO] Warning 2103, reqId -1: Market data farm connection is broken:eufarm
2026-08-14 06:04:15,917 [INFO] Warning 2103, reqId -1: Market data farm connection is broken:eufarm
2026-08-14 06:04:22,954 [INFO] Warning 2105, reqId -1: HMDS data farm connection is broken:euhmds
2026-08-14 06:04:22,955 [INFO] Warning 2106, reqId -1: HMDS data farm connection is OK:euhmds
2026-08-14 06:04:29,184 [INFO] Warning 2103, reqId -1: Market data farm connection is broken:eufarm
2026-08-14 06:04:47,621 [INFO] Warning 2103, reqId -1: Market data farm connection is broken:eufarm
2026-08-14 06:05:36,209 [INFO] Warning 2103, reqId -1: Market data farm connection is broken:eufarm
2026-08-14 06:06:34,390 [INFO] Warning 2103, reqId -1: Market data farm connection is broken:eufarm
2026-08-14 06:07:42,921 [INFO] Warning 2104, reqId -1: Market data farm connection is OK:eufarm
2026-08-14 06:11:36,583 [INFO] Warning 2157, reqId -1: Sec-def data farm connection is broken:secdefeu
2026-08-14 06:11:36,584 [INFO] Warning 2158, reqId -1: Sec-def data farm connection is OK:secdefeu
2026-08-14 06:22:49,248 [INFO] Warning 2103, reqId -1: Market data farm connection is broken:usopt
2026-08-14 06:22:49,298 [INFO] Warning 2104, reqId -1: Market data farm connection is OK:usopt
2026-08-14 06:35:22,741 [ERROR] Error 1100, reqId -1: Connectivity between IBKR and Trader Workstation has been lost.
2026-08-14 06:35:23,063 [ERROR] Error 1100, reqId -1: Connectivity between IBKR and Trader Workstation has been lost.
2026-08-14 06:35:46,089 [ERROR] Error 1100, reqId -1: Connectivity between IBKR and Trader Workstation has been lost.
2026-08-14 06:35:46,691 [ERROR] Error 1100, reqId -1: Connectivity between IBKR and Trader Workstation has been lost.
2026-08-14 06:36:16,946 [ERROR] Error 1100, reqId -1: Connectivity between IBKR and Trader Workstation has been lost.
2026-08-14 06:36:17,578 [ERROR] Error 1100, reqId -1: Connectivity between IBKR and Trader Workstation has been lost.
2026-08-14 06:36:52,989 [ERROR] Error 1100, reqId -1: Connectivity between IBKR and Trader Workstation has been lost.
2026-08-14 06:36:53,598 [ERROR] Error 1100, reqId -1: Connectivity between IBKR and Trader Workstation has been lost.
2026-08-14 06:37:32,177 [ERROR] Error 1100, reqId -1: Connectivity between IBKR and Trader Workstation has been lost.
2026-08-14 06:37:36,741 [ERROR] Error 1100, reqId -1: Connectivity between IBKR and Trader Workstation has been lost.
2026-08-14 06:37:55,796 [ERROR] Error 1102, reqId -1: Connectivity between IBKR and Trader Workstation has been restored - data maintained. All data farms are connected: eufarm; usopt; euhmds; ushmds; secdefeu.
2026-08-14 09:18:40,988 [INFO] Disconnecting from 127.0.0.1:4002, 16.1 kB sent in 234 messages, 25.1 MB received in 2223 messages, session time 42.2 ks.
2026-08-14 09:18:40,994 [INFO] Disconnecting
2026-08-14 09:18:40,995 [INFO] Déconnecté d'IBKR.
