2026-07-29 21:37:19,138 [INFO] Log file: data\prices\year_end_prices_20260729_213719.log
2026-07-29 21:37:19,194 [INFO] Univers chargé : 503 tickers.
2026-07-29 21:37:19,263 [INFO] Cache existant chargé : data\prices\year_end_prices.parquet (7882 lignes, 503 symboles).
2026-07-29 21:37:20,013 [INFO] 405/503 tickers déjà à jour (ignorés), 98 à récupérer.
2026-07-29 21:37:20,014 [INFO] Connecting to 127.0.0.1:4002 with clientId 3...
2026-07-29 21:37:20,015 [INFO] Connected
2026-07-29 21:37:20,021 [INFO] Logged on to server version 176
2026-07-29 21:37:20,027 [INFO] API connection ready
2026-07-29 21:37:20,035 [INFO] Warning 2104, reqId -1: Market data farm connection is OK:eufarm
2026-07-29 21:37:20,036 [INFO] Warning 2107, reqId -1: HMDS data farm connection is inactive but should be available upon demand.euhmds
2026-07-29 21:37:20,036 [INFO] Warning 2106, reqId -1: HMDS data farm connection is OK:ushmds
2026-07-29 21:37:20,036 [INFO] Warning 2158, reqId -1: Sec-def data farm connection is OK:secdefeu
2026-07-29 21:37:20,504 [INFO] Synchronization complete
2026-07-29 21:37:20,505 [INFO] Connecté à IBKR sur 127.0.0.1:4002 (clientId=3)
2026-07-29 21:37:20,506 [INFO] [1/98] ABBV (AbbVie), depuis 2010...
2026-07-29 21:37:32,881 [INFO]   -> 15 années récupérées pour ABBV
2026-07-29 21:37:32,882 [INFO] [2/98] AMD (Advanced Micro Devices), depuis 2010...
2026-07-29 21:37:47,001 [INFO]   -> 12 années récupérées pour AMD
2026-07-29 21:37:47,001 [INFO] [3/98] ABNB (Airbnb), depuis 2010...
2026-07-29 21:37:59,267 [INFO]   -> 7 années récupérées pour ABNB
2026-07-29 21:37:59,267 [INFO] [4/98] ALLE (Allegion), depuis 2010...
2026-07-29 21:38:12,294 [INFO]   -> 14 années récupérées pour ALLE
2026-07-29 21:38:12,295 [INFO] [5/98] GOOG (Alphabet Inc. (Class C)), depuis 2010...
2026-07-29 21:38:24,754 [INFO]   -> 13 années récupérées pour GOOG
2026-07-29 21:38:24,754 [INFO] [6/98] AMCR (Amcor), depuis 2010...
2026-07-29 21:38:36,880 [INFO]   -> 8 années récupérées pour AMCR
2026-07-29 21:38:36,880 [INFO] [7/98] ADI (Analog Devices), depuis 2010...
2026-07-29 21:38:49,478 [INFO]   -> 15 années récupérées pour ADI
2026-07-29 21:38:49,478 [INFO] [8/98] APO (Apollo Global Management), depuis 2010...
2026-07-29 21:39:01,752 [INFO]   -> 11 années récupérées pour APO
2026-07-29 21:39:01,753 [INFO] [9/98] APP (AppLovin), depuis 2010...
2026-07-29 21:39:13,941 [INFO]   -> 6 années récupérées pour APP
2026-07-29 21:39:13,941 [INFO] [10/98] APTV (Aptiv), depuis 2010...
2026-07-29 21:39:26,989 [INFO]   -> 16 années récupérées pour APTV
2026-07-29 21:39:26,990 [INFO] [11/98] ARES (Ares Management), depuis 2010...
2026-07-29 21:39:39,570 [INFO]   -> 13 années récupérées pour ARES
2026-07-29 21:39:39,570 [INFO] [12/98] ANET (Arista Networks), depuis 2010...
2026-07-29 21:39:52,292 [INFO]   -> 13 années récupérées pour ANET
2026-07-29 21:39:52,292 [INFO] [13/98] BKR (Baker Hughes), depuis 2010...
2026-07-29 21:40:05,033 [INFO]   -> 10 années récupérées pour BKR
2026-07-29 21:40:05,033 [INFO] [14/98] XYZ (Block, Inc.), depuis 2010...
2026-07-29 21:40:17,463 [INFO]   -> 12 années récupérées pour XYZ
2026-07-29 21:40:17,465 [INFO] [15/98] AVGO (Broadcom), depuis 2010...
2026-07-29 21:40:29,989 [INFO]   -> 11 années récupérées pour AVGO
2026-07-29 21:40:29,990 [INFO] [16/98] CARR (Carrier Global), depuis 2010...
2026-07-29 21:40:42,304 [INFO]   -> 7 années récupérées pour CARR
2026-07-29 21:40:42,305 [INFO] [17/98] CVNA (Carvana), depuis 2010...
2026-07-29 21:40:54,766 [INFO]   -> 10 années récupérées pour CVNA
2026-07-29 21:40:54,766 [INFO] [18/98] CDW (CDW Corporation), depuis 2010...
2026-07-29 21:41:06,942 [INFO]   -> 14 années récupérées pour CDW
2026-07-29 21:41:06,942 [INFO] [19/98] CFG (Citizens Financial Group), depuis 2010...
2026-07-29 21:41:19,369 [INFO]   -> 13 années récupérées pour CFG
2026-07-29 21:41:19,370 [INFO] [20/98] COIN (Coinbase), depuis 2010...
2026-07-29 21:41:31,446 [INFO]   -> 6 années récupérées pour COIN
2026-07-29 21:41:31,447 [INFO] [21/98] CEG (Constellation Energy), depuis 2010...
2026-07-29 21:41:43,434 [INFO]   -> 5 années récupérées pour CEG
2026-07-29 21:41:43,434 [INFO] [22/98] COO (Cooper Companies (The)), depuis 2010...
2026-07-29 21:41:55,473 [INFO]   -> 4 années récupérées pour COO
2026-07-29 21:41:55,473 [INFO] [23/98] CTVA (Corteva), depuis 2010...
2026-07-29 21:42:08,426 [INFO]   -> 8 années récupérées pour CTVA
2026-07-29 21:42:08,426 [INFO] [24/98] CRH (CRH plc), depuis 2010...
2026-07-29 21:42:20,508 [INFO]   -> 4 années récupérées pour CRH
2026-07-29 21:42:20,508 [INFO] [25/98] CRWD (CrowdStrike), depuis 2010...
2026-07-29 21:42:33,457 [INFO]   -> 8 années récupérées pour CRWD
2026-07-29 21:42:33,457 [INFO] [26/98] CSX (CSX Corporation), depuis 2010...
2026-07-29 21:42:45,789 [INFO]   -> 12 années récupérées pour CSX
2026-07-29 21:42:45,789 [INFO] [27/98] DDOG (Datadog), depuis 2010...
2026-07-29 21:42:58,502 [INFO]   -> 8 années récupérées pour DDOG
2026-07-29 21:42:58,503 [INFO] [28/98] DELL (Dell Technologies), depuis 2010...
2026-07-29 21:43:11,388 [INFO]   -> 9 années récupérées pour DELL
2026-07-29 21:43:11,389 [INFO] [29/98] FANG (Diamondback Energy), depuis 2010...
2026-07-29 21:43:23,820 [INFO]   -> 15 années récupérées pour FANG
2026-07-29 21:43:23,820 [INFO] [30/98] DASH (DoorDash), depuis 2010...
2026-07-29 21:43:36,041 [INFO]   -> 7 années récupérées pour DASH
2026-07-29 21:43:36,041 [INFO] [31/98] DOW (Dow Inc.), depuis 2010...
2026-07-29 21:43:49,599 [INFO]   -> 8 années récupérées pour DOW
2026-07-29 21:43:49,599 [INFO] [32/98] DD (DuPont), depuis 2010...
2026-07-29 21:44:04,010 [INFO]   -> 10 années récupérées pour DD
2026-07-29 21:44:04,010 [INFO] [33/98] EVRG (Evergy), depuis 2010...
2026-07-29 21:44:16,691 [INFO]   -> 9 années récupérées pour EVRG
2026-07-29 21:44:16,691 [INFO] [34/98] EXE (Expand Energy), depuis 2010...
2026-07-29 21:44:28,941 [INFO]   -> 6 années récupérées pour EXE
2026-07-29 21:44:28,941 [INFO] [35/98] FDXF (FedEx Freight), depuis 2010...
2026-07-29 21:44:40,543 [INFO]   -> 1 années récupérées pour FDXF
2026-07-29 21:44:40,544 [INFO] [36/98] FTV (Fortive), depuis 2010...
2026-07-29 21:44:52,949 [INFO]   -> 11 années récupérées pour FTV
2026-07-29 21:44:52,949 [INFO] [37/98] FOXA (Fox Corporation (Class A)), depuis 2010...
2026-07-29 21:45:04,937 [INFO]   -> 8 années récupérées pour FOXA
2026-07-29 21:45:04,937 [INFO] [38/98] FOX (Fox Corporation (Class B)), depuis 2010...
2026-07-29 21:45:16,844 [INFO]   -> 8 années récupérées pour FOX
2026-07-29 21:45:16,845 [INFO] [39/98] GEHC (GE HealthCare), depuis 2010...
2026-07-29 21:45:28,990 [INFO]   -> 5 années récupérées pour GEHC
2026-07-29 21:45:28,990 [INFO] [40/98] GEV (GE Vernova), depuis 2010...
2026-07-29 21:45:41,771 [INFO]   -> 3 années récupérées pour GEV
2026-07-29 21:45:41,772 [INFO] [41/98] GDDY (GoDaddy), depuis 2010...
2026-07-29 21:45:54,008 [INFO]   -> 12 années récupérées pour GDDY
2026-07-29 21:45:54,008 [INFO] [42/98] HCA (HCA Healthcare), depuis 2010...
2026-07-29 21:46:06,623 [INFO]   -> 16 années récupérées pour HCA
2026-07-29 21:46:06,623 [INFO] [43/98] HPE (Hewlett Packard Enterprise), depuis 2010...
2026-07-29 21:46:19,057 [INFO]   -> 12 années récupérées pour HPE
2026-07-29 21:46:19,058 [INFO] [44/98] HLT (Hilton Worldwide), depuis 2010...
2026-07-29 21:46:31,520 [INFO]   -> 14 années récupérées pour HLT
2026-07-29 21:46:31,521 [INFO] [45/98] HONA (Honeywell Aerospace), depuis 2010...
2026-07-29 21:46:43,187 [INFO]   -> 1 années récupérées pour HONA
2026-07-29 21:46:43,188 [INFO] [46/98] HII (Huntington Ingalls Industries), depuis 2010...
2026-07-29 21:46:55,818 [INFO]   -> 16 années récupérées pour HII
2026-07-29 21:46:55,818 [INFO] [47/98] IR (Ingersoll Rand), depuis 2010...
2026-07-29 21:47:08,115 [INFO]   -> 10 années récupérées pour IR
2026-07-29 21:47:08,115 [INFO] [48/98] INVH (Invitation Homes), depuis 2010...
2026-07-29 21:47:20,434 [INFO]   -> 10 années récupérées pour INVH
2026-07-29 21:47:20,435 [INFO] [49/98] IQV (IQVIA), depuis 2010...
2026-07-29 21:47:32,730 [INFO]   -> 14 années récupérées pour IQV
2026-07-29 21:47:32,731 [INFO] [50/98] KVUE (Kenvue), depuis 2010...
2026-07-29 21:47:44,309 [INFO]   -> 4 années récupérées pour KVUE
2026-07-29 21:47:44,309 [INFO] [51/98] KEYS (Keysight Technologies), depuis 2010...
2026-07-29 21:47:56,633 [INFO]   -> 13 années récupérées pour KEYS
2026-07-29 21:47:56,633 [INFO] [52/98] KMI (Kinder Morgan), depuis 2010...
2026-07-29 21:48:09,260 [INFO]   -> 16 années récupérées pour KMI
2026-07-29 21:48:09,260 [INFO] [53/98] KHC (Kraft Heinz), depuis 2010...
2026-07-29 21:48:21,332 [INFO]   -> 12 années récupérées pour KHC
2026-07-29 21:48:21,333 [INFO] [54/98] LDOS (Leidos), depuis 2010...
2026-07-29 21:48:33,651 [INFO]   -> 14 années récupérées pour LDOS
2026-07-29 21:48:33,652 [INFO] [55/98] LIN (Linde plc), depuis 2010...
2026-07-29 21:48:46,574 [INFO]   -> 9 années récupérées pour LIN
2026-07-29 21:48:46,575 [INFO] [56/98] LITE (Lumentum), depuis 2010...
2026-07-29 21:48:59,200 [INFO]   -> 12 années récupérées pour LITE
2026-07-29 21:48:59,201 [INFO] [57/98] MPC (Marathon Petroleum), depuis 2010...
2026-07-29 21:49:11,674 [INFO]   -> 16 années récupérées pour MPC
2026-07-29 21:49:11,674 [INFO] [58/98] MAR (Marriott International), depuis 2010...
2026-07-29 21:49:24,775 [INFO]   -> 14 années récupérées pour MAR
2026-07-29 21:49:24,775 [INFO] [59/98] META (Meta Platforms), depuis 2010...
2026-07-29 21:49:37,916 [INFO]   -> 15 années récupérées pour META
2026-07-29 21:49:37,916 [INFO] [60/98] MRNA (Moderna), depuis 2010...
2026-07-29 21:49:50,809 [INFO]   -> 9 années récupérées pour MRNA
2026-07-29 21:49:50,810 [INFO] [61/98] MNST (Monster Beverage), depuis 2010...
2026-07-29 21:50:02,971 [INFO]   -> 12 années récupérées pour MNST
2026-07-29 21:50:02,973 [INFO] [62/98] NWSA (News Corp (Class A)), depuis 2010...
2026-07-29 21:50:15,177 [INFO]   -> 14 années récupérées pour NWSA
2026-07-29 21:50:15,177 [INFO] [63/98] NWS (News Corp (Class B)), depuis 2010...
2026-07-29 21:50:27,304 [INFO]   -> 14 années récupérées pour NWS
2026-07-29 21:50:27,304 [INFO] [64/98] NCLH (Norwegian Cruise Line Holdings), depuis 2010...
2026-07-29 21:50:43,072 [INFO]   -> 14 années récupérées pour NCLH
2026-07-29 21:50:43,072 [INFO] [65/98] ODFL (Old Dominion), depuis 2010...
2026-07-29 21:50:56,631 [INFO]   -> 3 années récupérées pour ODFL
2026-07-29 21:50:56,632 [INFO] [66/98] OTIS (Otis Worldwide), depuis 2010...
2026-07-29 21:51:11,349 [INFO]   -> 7 années récupérées pour OTIS
2026-07-29 21:51:11,349 [INFO] [67/98] PLTR (Palantir Technologies), depuis 2010...
2026-07-29 21:51:27,833 [INFO]   -> 7 années récupérées pour PLTR
2026-07-29 21:51:27,835 [INFO] [68/98] PANW (Palo Alto Networks), depuis 2010...
2026-07-29 21:51:43,456 [INFO]   -> 15 années récupérées pour PANW
2026-07-29 21:51:43,457 [INFO] [69/98] PSKY (Paramount Skydance Corporation), depuis 2010...
2026-07-29 21:51:55,991 [INFO]   -> 2 années récupérées pour PSKY
2026-07-29 21:51:55,992 [INFO] [70/98] PYPL (PayPal), depuis 2010...
2026-07-29 21:52:11,416 [INFO]   -> 12 années récupérées pour PYPL
2026-07-29 21:52:11,416 [INFO] [71/98] PEP (PepsiCo), depuis 2010...
2026-07-29 21:52:26,490 [INFO]   -> 10 années récupérées pour PEP
2026-07-29 21:52:26,490 [INFO] [72/98] PSX (Phillips 66), depuis 2010...
2026-07-29 21:52:41,444 [INFO]   -> 15 années récupérées pour PSX
2026-07-29 21:52:41,444 [INFO] [73/98] PFG (Principal Financial Group), depuis 2010...
2026-07-29 21:52:56,580 [INFO]   -> 10 années récupérées pour PFG
2026-07-29 21:52:56,581 [INFO] [74/98] PLD (Prologis), depuis 2010...
2026-07-29 21:53:09,175 [INFO]   -> 16 années récupérées pour PLD
2026-07-29 21:53:09,176 [INFO] [75/98] Q (Qnity Electronics), depuis 2010...
2026-07-29 21:53:21,025 [INFO]   -> 2 années récupérées pour Q
2026-07-29 21:53:21,027 [INFO] [76/98] HOOD (Robinhood Markets), depuis 2010...
2026-07-29 21:53:33,160 [INFO]   -> 6 années récupérées pour HOOD
2026-07-29 21:53:33,161 [INFO] [77/98] SNDK (Sandisk), depuis 2010...
2026-07-29 21:53:45,123 [INFO]   -> 2 années récupérées pour SNDK
2026-07-29 21:53:45,123 [INFO] [78/98] NOW (ServiceNow), depuis 2010...
2026-07-29 21:53:57,540 [INFO]   -> 15 années récupérées pour NOW
2026-07-29 21:53:57,541 [INFO] [79/98] SW (Smurfit Westrock), depuis 2010...
2026-07-29 21:54:09,056 [INFO]   -> 3 années récupérées pour SW
2026-07-29 21:54:09,057 [INFO] [80/98] SOLV (Solventum), depuis 2010...
2026-07-29 21:54:24,025 [INFO]   -> 3 années récupérées pour SOLV
2026-07-29 21:54:24,026 [INFO] [81/98] SYF (Synchrony Financial), depuis 2010...
2026-07-29 21:54:36,984 [INFO]   -> 13 années récupérées pour SYF
2026-07-29 21:54:36,984 [INFO] [82/98] TMUS (T-Mobile US), depuis 2014...
2026-07-29 21:54:49,898 [INFO]   -> 12 années récupérées pour TMUS
2026-07-29 21:54:49,898 [INFO] [83/98] TXN (Texas Instruments), depuis 2010...
2026-07-29 21:55:03,624 [INFO]   -> 15 années récupérées pour TXN
2026-07-29 21:55:03,625 [INFO] [84/98] TPL (Texas Pacific Land Corporation), depuis 2010...
2026-07-29 21:55:17,888 [INFO]   -> 6 années récupérées pour TPL
2026-07-29 21:55:17,891 [INFO] [85/98] TTD (Trade Desk (The)), depuis 2010...
2026-07-29 21:55:32,689 [INFO]   -> 11 années récupérées pour TTD
2026-07-29 21:55:32,692 [INFO] [86/98] UBER (Uber), depuis 2010...
2026-07-29 21:55:44,827 [INFO]   -> 8 années récupérées pour UBER
2026-07-29 21:55:44,828 [INFO] [87/98] UAL (United Airlines Holdings), depuis 2010...
2026-07-29 21:55:56,920 [INFO]   -> 9 années récupérées pour UAL
2026-07-29 21:55:56,922 [INFO] [88/98] VEEV (Veeva Systems), depuis 2010...
2026-07-29 21:56:09,650 [INFO]   -> 14 années récupérées pour VEEV
2026-07-29 21:56:09,651 [INFO] [89/98] VLTO (Veralto), depuis 2010...
2026-07-29 21:56:21,605 [INFO]   -> 4 années récupérées pour VLTO
2026-07-29 21:56:21,606 [INFO] [90/98] VRT (Vertiv), depuis 2010...
2026-07-29 21:56:33,731 [INFO]   -> 9 années récupérées pour VRT
2026-07-29 21:56:33,732 [INFO] [91/98] VICI (Vici Properties), depuis 2010...
2026-07-29 21:56:47,108 [INFO]   -> 10 années récupérées pour VICI
2026-07-29 21:56:47,109 [INFO] [92/98] VST (Vistra Corp.), depuis 2010...
2026-07-29 21:56:59,787 [INFO]   -> 11 années récupérées pour VST
2026-07-29 21:56:59,788 [INFO] [93/98] WDC (Western Digital), depuis 2010...
2026-07-29 21:57:12,320 [INFO]   -> 15 années récupérées pour WDC
2026-07-29 21:57:12,320 [INFO] [94/98] WTW (Willis Towers Watson), depuis 2010...
2026-07-29 21:57:24,966 [INFO]   -> 11 années récupérées pour WTW
2026-07-29 21:57:24,966 [INFO] [95/98] WDAY (Workday, Inc.), depuis 2010...
2026-07-29 21:57:37,466 [INFO]   -> 10 années récupérées pour WDAY
2026-07-29 21:57:37,467 [INFO] [96/98] XEL (Xcel Energy), depuis 2010...
2026-07-29 21:57:50,763 [INFO]   -> 9 années récupérées pour XEL
2026-07-29 21:57:50,764 [INFO] [97/98] XYL (Xylem Inc.), depuis 2010...
2026-07-29 21:58:04,406 [INFO]   -> 16 années récupérées pour XYL
2026-07-29 21:58:04,407 [INFO] [98/98] ZTS (Zoetis), depuis 2010...
2026-07-29 21:58:17,093 [INFO]   -> 14 années récupérées pour ZTS
2026-07-29 21:58:17,094 [INFO] Disconnecting from 127.0.0.1:4002, 13.3 kB sent in 204 messages, 12.9 MB received in 580 messages, session time 1.26 ks.
2026-07-29 21:58:17,094 [INFO] Disconnecting
2026-07-29 21:58:17,095 [INFO] Déconnecté d'IBKR.
2026-07-29 21:58:17,099 [INFO] Terminé. OK: 98 | Échecs: 0 | Déjà à jour (ignorés): 405 | Nouvelles lignes: 993
2026-07-29 21:58:17,175 [INFO] Fichier écrit : data\prices\year_end_prices.parquet (7882 lignes au total, 993 nouvelles/mises à jour ce run).
