2026-08-01 17:31:11,448 [INFO] Log file: data\prices\year_end_prices_20260801_173111.log
2026-08-01 17:31:11,494 [INFO] Univers chargé : 503 tickers.
2026-08-01 17:31:12,034 [INFO] Cache existant chargé : data\prices\year_end_prices.parquet (7882 lignes, 503 symboles).
2026-08-01 17:31:12,464 [INFO] 0/503 tickers déjà à jour (ignorés), 503 à récupérer.
2026-08-01 17:31:12,472 [INFO] Connecting to 127.0.0.1:4002 with clientId 3...
2026-08-01 17:31:12,473 [INFO] Connected
2026-08-01 17:31:12,562 [INFO] Logged on to server version 176
2026-08-01 17:31:12,632 [INFO] API connection ready
2026-08-01 17:31:12,651 [INFO] Warning 2104, reqId -1: Market data farm connection is OK:eufarm
2026-08-01 17:31:12,659 [INFO] Warning 2106, reqId -1: HMDS data farm connection is OK:euhmds
2026-08-01 17:31:12,660 [INFO] Warning 2158, reqId -1: Sec-def data farm connection is OK:secdefeu
2026-08-01 17:31:13,169 [INFO] Synchronization complete
2026-08-01 17:31:13,169 [INFO] Connecté à IBKR sur 127.0.0.1:4002 (clientId=3)
2026-08-01 17:31:13,170 [INFO] [1/503] MMM (3M), depuis 2026...
2026-08-01 17:31:17,253 [INFO] Warning 2106, reqId -1: HMDS data farm connection is OK:ushmds
2026-08-01 17:31:29,184 [INFO]   -> 1 années récupérées pour MMM
2026-08-01 17:31:29,185 [INFO] [2/503] AOS (A. O. Smith), depuis 2026...
2026-08-01 17:31:41,267 [INFO]   -> 1 années récupérées pour AOS
2026-08-01 17:31:41,267 [INFO] [3/503] ABT (Abbott Laboratories), depuis 2026...
2026-08-01 17:31:53,367 [INFO]   -> 1 années récupérées pour ABT
2026-08-01 17:31:53,367 [INFO] [4/503] ABBV (AbbVie), depuis 2010...
2026-08-01 17:32:06,263 [INFO]   -> 15 années récupérées pour ABBV
2026-08-01 17:32:06,264 [INFO] [5/503] ACN (Accenture), depuis 2026...
2026-08-01 17:32:18,431 [INFO]   -> 1 années récupérées pour ACN
2026-08-01 17:32:18,432 [INFO] [6/503] ADBE (Adobe Inc.), depuis 2026...
2026-08-01 17:32:30,163 [INFO]   -> 1 années récupérées pour ADBE
2026-08-01 17:32:30,163 [INFO] [7/503] AMD (Advanced Micro Devices), depuis 2010...
2026-08-01 17:32:42,371 [INFO]   -> 12 années récupérées pour AMD
2026-08-01 17:32:42,372 [INFO] [8/503] AES (AES Corporation), depuis 2026...
2026-08-01 17:32:54,344 [INFO]   -> 1 années récupérées pour AES
2026-08-01 17:32:54,344 [INFO] [9/503] AFL (Aflac), depuis 2026...
2026-08-01 17:33:06,362 [INFO]   -> 1 années récupérées pour AFL
2026-08-01 17:33:06,362 [INFO] [10/503] A (Agilent Technologies), depuis 2026...
2026-08-01 17:33:18,082 [INFO]   -> 1 années récupérées pour A
2026-08-01 17:33:18,082 [INFO] [11/503] APD (Air Products), depuis 2026...
2026-08-01 17:33:30,096 [INFO]   -> 1 années récupérées pour APD
2026-08-01 17:33:30,096 [INFO] [12/503] ABNB (Airbnb), depuis 2010...
2026-08-01 17:33:42,232 [INFO]   -> 7 années récupérées pour ABNB
2026-08-01 17:33:42,232 [INFO] [13/503] AKAM (Akamai Technologies), depuis 2026...
2026-08-01 17:33:53,881 [INFO]   -> 1 années récupérées pour AKAM
2026-08-01 17:33:53,882 [INFO] [14/503] ALB (Albemarle Corporation), depuis 2026...
2026-08-01 17:34:05,933 [INFO]   -> 1 années récupérées pour ALB
2026-08-01 17:34:05,933 [INFO] [15/503] ARE (Alexandria Real Estate Equities), depuis 2026...
2026-08-01 17:34:17,958 [INFO]   -> 1 années récupérées pour ARE
2026-08-01 17:34:17,958 [INFO] [16/503] ALGN (Align Technology), depuis 2026...
2026-08-01 17:34:29,636 [INFO]   -> 1 années récupérées pour ALGN
2026-08-01 17:34:29,636 [INFO] [17/503] ALLE (Allegion), depuis 2010...
2026-08-01 17:34:42,531 [INFO]   -> 14 années récupérées pour ALLE
2026-08-01 17:34:42,532 [INFO] [18/503] LNT (Alliant Energy), depuis 2026...
2026-08-01 17:34:54,486 [INFO]   -> 1 années récupérées pour LNT
2026-08-01 17:34:54,486 [INFO] [19/503] ALL (Allstate), depuis 2026...
2026-08-01 17:35:06,522 [INFO]   -> 1 années récupérées pour ALL
2026-08-01 17:35:06,523 [INFO] [20/503] GOOGL (Alphabet Inc. (Class A)), depuis 2026...
2026-08-01 17:35:18,436 [INFO]   -> 1 années récupérées pour GOOGL
2026-08-01 17:35:18,436 [INFO] [21/503] GOOG (Alphabet Inc. (Class C)), depuis 2010...
2026-08-01 17:35:31,283 [INFO]   -> 13 années récupérées pour GOOG
2026-08-01 17:35:31,283 [INFO] [22/503] MO (Altria), depuis 2026...
2026-08-01 17:35:43,024 [INFO]   -> 1 années récupérées pour MO
2026-08-01 17:35:43,024 [INFO] [23/503] AMZN (Amazon), depuis 2026...
2026-08-01 17:35:55,056 [INFO]   -> 1 années récupérées pour AMZN
2026-08-01 17:35:55,056 [INFO] [24/503] AMCR (Amcor), depuis 2010...
2026-08-01 17:36:07,618 [INFO]   -> 8 années récupérées pour AMCR
2026-08-01 17:36:07,619 [INFO] [25/503] AEE (Ameren), depuis 2026...
2026-08-01 17:36:19,636 [INFO]   -> 1 années récupérées pour AEE
2026-08-01 17:36:19,637 [INFO] [26/503] AEP (American Electric Power), depuis 2026...
2026-08-01 17:36:31,786 [INFO]   -> 1 années récupérées pour AEP
2026-08-01 17:36:31,786 [INFO] [27/503] AXP (American Express), depuis 2026...
2026-08-01 17:36:43,756 [INFO]   -> 1 années récupérées pour AXP
2026-08-01 17:36:43,757 [INFO] [28/503] AIG (American International Group), depuis 2026...
2026-08-01 17:36:55,770 [INFO]   -> 1 années récupérées pour AIG
2026-08-01 17:36:55,770 [INFO] [29/503] AMT (American Tower), depuis 2026...
2026-08-01 17:37:07,746 [INFO]   -> 1 années récupérées pour AMT
2026-08-01 17:37:07,746 [INFO] [30/503] AWK (American Water Works), depuis 2026...
2026-08-01 17:37:20,235 [INFO]   -> 1 années récupérées pour AWK
2026-08-01 17:37:20,236 [INFO] [31/503] AMP (Ameriprise Financial), depuis 2026...
2026-08-01 17:37:34,654 [INFO]   -> 1 années récupérées pour AMP
2026-08-01 17:37:34,654 [INFO] [32/503] AME (Ametek), depuis 2026...
2026-08-01 17:37:46,455 [INFO]   -> 1 années récupérées pour AME
2026-08-01 17:37:46,457 [INFO] [33/503] AMGN (Amgen), depuis 2026...
2026-08-01 17:37:58,518 [INFO]   -> 1 années récupérées pour AMGN
2026-08-01 17:37:58,518 [INFO] [34/503] APH (Amphenol), depuis 2026...
2026-08-01 17:38:10,482 [INFO]   -> 1 années récupérées pour APH
2026-08-01 17:38:10,482 [INFO] [35/503] ADI (Analog Devices), depuis 2010...
2026-08-01 17:38:24,533 [INFO]   -> 15 années récupérées pour ADI
2026-08-01 17:38:24,533 [INFO] [36/503] AON (Aon plc), depuis 2026...
2026-08-01 17:38:36,513 [INFO]   -> 1 années récupérées pour AON
2026-08-01 17:38:36,514 [INFO] [37/503] APA (APA Corporation), depuis 2026...
2026-08-01 17:38:48,823 [INFO]   -> 1 années récupérées pour APA
2026-08-01 17:38:48,823 [INFO] [38/503] APO (Apollo Global Management), depuis 2010...
2026-08-01 17:39:02,501 [INFO]   -> 11 années récupérées pour APO
2026-08-01 17:39:02,501 [INFO] [39/503] AAPL (Apple Inc.), depuis 2026...
2026-08-01 17:39:14,379 [INFO]   -> 1 années récupérées pour AAPL
2026-08-01 17:39:14,380 [INFO] [40/503] AMAT (Applied Materials), depuis 2026...
2026-08-01 17:39:26,160 [INFO]   -> 1 années récupérées pour AMAT
2026-08-01 17:39:26,161 [INFO] [41/503] APP (AppLovin), depuis 2010...
2026-08-01 17:39:40,374 [INFO]   -> 6 années récupérées pour APP
2026-08-01 17:39:40,375 [INFO] [42/503] APTV (Aptiv), depuis 2010...
2026-08-01 17:39:56,036 [INFO]   -> 16 années récupérées pour APTV
2026-08-01 17:39:56,037 [INFO] [43/503] ACGL (Arch Capital Group), depuis 2026...
2026-08-01 17:40:08,750 [INFO]   -> 1 années récupérées pour ACGL
2026-08-01 17:40:08,750 [INFO] [44/503] ADM (Archer Daniels Midland), depuis 2026...
2026-08-01 17:40:21,476 [INFO]   -> 1 années récupérées pour ADM
2026-08-01 17:40:21,477 [INFO] [45/503] ARES (Ares Management), depuis 2010...
2026-08-01 17:40:36,668 [INFO]   -> 13 années récupérées pour ARES
2026-08-01 17:40:36,669 [INFO] [46/503] ANET (Arista Networks), depuis 2010...
2026-08-01 17:40:50,884 [INFO]   -> 13 années récupérées pour ANET
2026-08-01 17:40:50,885 [INFO] [47/503] AJG (Arthur J. Gallagher & Co.), depuis 2026...
2026-08-01 17:41:03,063 [INFO]   -> 1 années récupérées pour AJG
2026-08-01 17:41:03,064 [INFO] [48/503] AIZ (Assurant), depuis 2026...
2026-08-01 17:41:15,529 [INFO]   -> 1 années récupérées pour AIZ
2026-08-01 17:41:15,529 [INFO] [49/503] T (AT&T), depuis 2026...
2026-08-01 17:41:28,814 [INFO]   -> 1 années récupérées pour T
2026-08-01 17:41:28,815 [INFO] [50/503] ATO (Atmos Energy), depuis 2026...
2026-08-01 17:41:40,927 [INFO]   -> 1 années récupérées pour ATO
2026-08-01 17:41:40,928 [INFO] [51/503] ADSK (Autodesk), depuis 2026...
2026-08-01 17:41:52,601 [INFO]   -> 1 années récupérées pour ADSK
2026-08-01 17:41:52,601 [INFO] [52/503] ADP (Automatic Data Processing), depuis 2026...
2026-08-01 17:42:05,877 [INFO]   -> 1 années récupérées pour ADP
2026-08-01 17:42:05,878 [INFO] [53/503] AZO (AutoZone), depuis 2026...
2026-08-01 17:42:18,288 [INFO]   -> 1 années récupérées pour AZO
2026-08-01 17:42:18,289 [INFO] [54/503] AVB (AvalonBay Communities), depuis 2026...
2026-08-01 17:42:31,118 [INFO]   -> 1 années récupérées pour AVB
2026-08-01 17:42:31,119 [INFO] [55/503] AVY (Avery Dennison), depuis 2026...
2026-08-01 17:42:43,343 [INFO]   -> 1 années récupérées pour AVY
2026-08-01 17:42:43,345 [INFO] [56/503] AXON (Axon Enterprise), depuis 2026...
2026-08-01 17:42:55,158 [INFO]   -> 1 années récupérées pour AXON
2026-08-01 17:42:55,160 [INFO] [57/503] BKR (Baker Hughes), depuis 2010...
2026-08-01 17:43:09,016 [INFO]   -> 10 années récupérées pour BKR
2026-08-01 17:43:09,016 [INFO] [58/503] BALL (Ball Corporation), depuis 2026...
2026-08-01 17:43:21,177 [INFO]   -> 1 années récupérées pour BALL
2026-08-01 17:43:21,179 [INFO] [59/503] BAC (Bank of America), depuis 2026...
2026-08-01 17:43:33,352 [INFO]   -> 1 années récupérées pour BAC
2026-08-01 17:43:33,353 [INFO] [60/503] BAX (Baxter International), depuis 2026...
2026-08-01 17:43:45,553 [INFO]   -> 1 années récupérées pour BAX
2026-08-01 17:43:45,554 [INFO] [61/503] BDX (Becton Dickinson), depuis 2026...
2026-08-01 17:43:57,854 [INFO]   -> 1 années récupérées pour BDX
2026-08-01 17:43:57,855 [INFO] [62/503] BRK B (Berkshire Hathaway), depuis 2026...
2026-08-01 17:44:10,151 [INFO]   -> 1 années récupérées pour BRK B
2026-08-01 17:44:10,152 [INFO] [63/503] BBY (Best Buy), depuis 2026...
2026-08-01 17:44:22,404 [INFO]   -> 1 années récupérées pour BBY
2026-08-01 17:44:22,406 [INFO] [64/503] TECH (Bio-Techne), depuis 2026...
2026-08-01 17:44:34,285 [INFO]   -> 1 années récupérées pour TECH
2026-08-01 17:44:34,286 [INFO] [65/503] BIIB (Biogen), depuis 2026...
2026-08-01 17:44:46,410 [INFO]   -> 1 années récupérées pour BIIB
2026-08-01 17:44:46,411 [INFO] [66/503] BLK (BlackRock), depuis 2026...
2026-08-01 17:44:58,559 [INFO]   -> 1 années récupérées pour BLK
2026-08-01 17:44:58,559 [INFO] [67/503] BX (Blackstone Inc.), depuis 2026...
2026-08-01 17:45:10,942 [INFO]   -> 1 années récupérées pour BX
2026-08-01 17:45:10,943 [INFO] [68/503] XYZ (Block, Inc.), depuis 2010...
2026-08-01 17:45:24,393 [INFO]   -> 12 années récupérées pour XYZ
2026-08-01 17:45:24,395 [INFO] [69/503] BNY (BNY Mellon), depuis 2026...
2026-08-01 17:45:36,951 [INFO]   -> 1 années récupérées pour BNY
2026-08-01 17:45:36,952 [INFO] [70/503] BA (Boeing), depuis 2026...
2026-08-01 17:45:49,864 [INFO]   -> 1 années récupérées pour BA
2026-08-01 17:45:49,865 [INFO] [71/503] BKNG (Booking Holdings), depuis 2026...
2026-08-01 17:46:02,037 [INFO]   -> 1 années récupérées pour BKNG
2026-08-01 17:46:02,039 [INFO] [72/503] BSX (Boston Scientific), depuis 2026...
2026-08-01 17:46:14,167 [INFO]   -> 1 années récupérées pour BSX
2026-08-01 17:46:14,169 [INFO] [73/503] BMY (Bristol Myers Squibb), depuis 2026...
2026-08-01 17:46:26,416 [INFO]   -> 1 années récupérées pour BMY
2026-08-01 17:46:26,417 [INFO] [74/503] AVGO (Broadcom), depuis 2010...
2026-08-01 17:46:40,313 [INFO]   -> 11 années récupérées pour AVGO
2026-08-01 17:46:40,314 [INFO] [75/503] BR (Broadridge Financial Solutions), depuis 2026...
2026-08-01 17:46:52,630 [INFO]   -> 1 années récupérées pour BR
2026-08-01 17:46:52,630 [INFO] [76/503] BRO (Brown & Brown), depuis 2026...
2026-08-01 17:47:04,814 [INFO]   -> 1 années récupérées pour BRO
2026-08-01 17:47:04,815 [INFO] [77/503] BF B (Brown–Forman), depuis 2026...
2026-08-01 17:47:17,420 [INFO]   -> 1 années récupérées pour BF B
2026-08-01 17:47:17,421 [INFO] [78/503] BLDR (Builders FirstSource), depuis 2026...
2026-08-01 17:47:29,495 [INFO]   -> 1 années récupérées pour BLDR
2026-08-01 17:47:29,496 [INFO] [79/503] BG (Bunge Global), depuis 2026...
2026-08-01 17:47:41,916 [INFO]   -> 1 années récupérées pour BG
2026-08-01 17:47:41,918 [INFO] [80/503] BXP (BXP, Inc.), depuis 2026...
2026-08-01 17:47:54,581 [INFO]   -> 1 années récupérées pour BXP
2026-08-01 17:47:54,582 [INFO] [81/503] CHRW (C.H. Robinson), depuis 2026...
2026-08-01 17:48:09,457 [INFO]   -> 1 années récupérées pour CHRW
2026-08-01 17:48:09,458 [INFO] [82/503] CDNS (Cadence Design Systems), depuis 2026...
2026-08-01 17:48:21,223 [INFO]   -> 1 années récupérées pour CDNS
2026-08-01 17:48:21,224 [INFO] [83/503] CPT (Camden Property Trust), depuis 2026...
2026-08-01 17:48:33,446 [INFO]   -> 1 années récupérées pour CPT
2026-08-01 17:48:33,447 [INFO] [84/503] COF (Capital One), depuis 2026...
2026-08-01 17:48:45,618 [INFO]   -> 1 années récupérées pour COF
2026-08-01 17:48:45,619 [INFO] [85/503] CAH (Cardinal Health), depuis 2026...
2026-08-01 17:48:58,086 [INFO]   -> 1 années récupérées pour CAH
2026-08-01 17:48:58,087 [INFO] [86/503] CCL (Carnival Corporation), depuis 2026...
2026-08-01 17:49:10,577 [INFO]   -> 1 années récupérées pour CCL
2026-08-01 17:49:10,578 [INFO] [87/503] CARR (Carrier Global), depuis 2010...
2026-08-01 17:49:23,727 [INFO]   -> 7 années récupérées pour CARR
2026-08-01 17:49:23,727 [INFO] [88/503] CVNA (Carvana), depuis 2010...
2026-08-01 17:49:36,837 [INFO]   -> 10 années récupérées pour CVNA
2026-08-01 17:49:36,837 [INFO] [89/503] CASY (Casey's), depuis 2026...
2026-08-01 17:49:49,319 [INFO]   -> 1 années récupérées pour CASY
2026-08-01 17:49:49,319 [INFO] [90/503] CAT (Caterpillar Inc.), depuis 2026...
2026-08-01 17:50:01,250 [INFO]   -> 1 années récupérées pour CAT
2026-08-01 17:50:01,251 [INFO] [91/503] CBOE (Cboe Global Markets), depuis 2026...
2026-08-01 17:50:13,123 [INFO]   -> 1 années récupérées pour CBOE
2026-08-01 17:50:13,123 [INFO] [92/503] CBRE (CBRE Group), depuis 2026...
2026-08-01 17:50:25,122 [INFO]   -> 1 années récupérées pour CBRE
2026-08-01 17:50:25,122 [INFO] [93/503] CDW (CDW Corporation), depuis 2010...
2026-08-01 17:50:38,626 [INFO]   -> 14 années récupérées pour CDW
2026-08-01 17:50:38,627 [INFO] [94/503] COR (Cencora), depuis 2026...
2026-08-01 17:50:50,481 [INFO]   -> 1 années récupérées pour COR
2026-08-01 17:50:50,481 [INFO] [95/503] CNC (Centene Corporation), depuis 2026...
2026-08-01 17:51:02,529 [INFO]   -> 1 années récupérées pour CNC
2026-08-01 17:51:02,529 [INFO] [96/503] CNP (CenterPoint Energy), depuis 2026...
2026-08-01 17:51:14,870 [INFO]   -> 1 années récupérées pour CNP
2026-08-01 17:51:14,871 [INFO] [97/503] CF (CF Industries), depuis 2026...
2026-08-01 17:51:26,875 [INFO]   -> 1 années récupérées pour CF
2026-08-01 17:51:26,876 [INFO] [98/503] CRL (Charles River Laboratories), depuis 2026...
2026-08-01 17:51:38,913 [INFO]   -> 1 années récupérées pour CRL
2026-08-01 17:51:38,913 [INFO] [99/503] SCHW (Charles Schwab Corporation), depuis 2026...
2026-08-01 17:51:51,115 [INFO]   -> 1 années récupérées pour SCHW
2026-08-01 17:51:51,115 [INFO] [100/503] CHTR (Charter Communications), depuis 2026...
2026-08-01 17:52:03,128 [INFO]   -> 1 années récupérées pour CHTR
2026-08-01 17:52:03,128 [INFO] [101/503] CVX (Chevron Corporation), depuis 2026...
2026-08-01 17:52:15,155 [INFO]   -> 1 années récupérées pour CVX
2026-08-01 17:52:15,156 [INFO] [102/503] CMG (Chipotle Mexican Grill), depuis 2026...
2026-08-01 17:52:27,123 [INFO]   -> 1 années récupérées pour CMG
2026-08-01 17:52:27,123 [INFO] [103/503] CB (Chubb Limited), depuis 2026...
2026-08-01 17:52:39,717 [INFO]   -> 1 années récupérées pour CB
2026-08-01 17:52:39,717 [INFO] [104/503] CHD (Church & Dwight), depuis 2026...
2026-08-01 17:52:51,728 [INFO]   -> 1 années récupérées pour CHD
2026-08-01 17:52:51,728 [INFO] [105/503] CIEN (Ciena), depuis 2026...
2026-08-01 17:53:03,400 [INFO]   -> 1 années récupérées pour CIEN
2026-08-01 17:53:03,400 [INFO] [106/503] CI (Cigna), depuis 2026...
2026-08-01 17:53:15,477 [INFO]   -> 1 années récupérées pour CI
2026-08-01 17:53:15,477 [INFO] [107/503] CINF (Cincinnati Financial), depuis 2026...
2026-08-01 17:53:27,706 [INFO]   -> 1 années récupérées pour CINF
2026-08-01 17:53:27,707 [INFO] [108/503] CTAS (Cintas), depuis 2026...
2026-08-01 17:53:39,771 [INFO]   -> 1 années récupérées pour CTAS
2026-08-01 17:53:39,771 [INFO] [109/503] CSCO (Cisco), depuis 2026...
2026-08-01 17:53:51,486 [INFO]   -> 1 années récupérées pour CSCO
2026-08-01 17:53:51,486 [INFO] [110/503] C (Citigroup), depuis 2026...
2026-08-01 17:54:03,537 [INFO]   -> 1 années récupérées pour C
2026-08-01 17:54:03,538 [INFO] [111/503] CFG (Citizens Financial Group), depuis 2010...
2026-08-01 17:54:16,433 [INFO]   -> 13 années récupérées pour CFG
2026-08-01 17:54:16,433 [INFO] [112/503] CLX (Clorox), depuis 2026...
2026-08-01 17:54:28,616 [INFO]   -> 1 années récupérées pour CLX
2026-08-01 17:54:28,617 [INFO] [113/503] CME (CME Group), depuis 2026...
2026-08-01 17:54:40,801 [INFO]   -> 1 années récupérées pour CME
2026-08-01 17:54:40,801 [INFO] [114/503] CMS (CMS Energy), depuis 2026...
2026-08-01 17:54:52,884 [INFO]   -> 1 années récupérées pour CMS
2026-08-01 17:54:52,884 [INFO] [115/503] KO (Coca-Cola Company (The)), depuis 2026...
2026-08-01 17:55:05,049 [INFO]   -> 1 années récupérées pour KO
2026-08-01 17:55:05,049 [INFO] [116/503] CTSH (Cognizant), depuis 2026...
2026-08-01 17:55:16,695 [INFO]   -> 1 années récupérées pour CTSH
2026-08-01 17:55:16,696 [INFO] [117/503] COHR (Coherent Corp.), depuis 2026...
2026-08-01 17:55:28,751 [INFO]   -> 1 années récupérées pour COHR
2026-08-01 17:55:28,751 [INFO] [118/503] COIN (Coinbase), depuis 2010...
2026-08-01 17:55:40,994 [INFO]   -> 6 années récupérées pour COIN
2026-08-01 17:55:40,994 [INFO] [119/503] CL (Colgate-Palmolive), depuis 2026...
2026-08-01 17:55:53,146 [INFO]   -> 1 années récupérées pour CL
2026-08-01 17:55:53,146 [INFO] [120/503] CMCSA (Comcast), depuis 2026...
2026-08-01 17:56:05,325 [INFO]   -> 1 années récupérées pour CMCSA
2026-08-01 17:56:05,325 [INFO] [121/503] FIX (Comfort Systems USA), depuis 2026...
2026-08-01 17:56:17,466 [INFO]   -> 1 années récupérées pour FIX
2026-08-01 17:56:17,466 [INFO] [122/503] COP (ConocoPhillips), depuis 2026...
2026-08-01 17:56:29,540 [INFO]   -> 1 années récupérées pour COP
2026-08-01 17:56:29,540 [INFO] [123/503] ED (Consolidated Edison), depuis 2026...
2026-08-01 17:56:41,642 [INFO]   -> 1 années récupérées pour ED
2026-08-01 17:56:41,643 [INFO] [124/503] STZ (Constellation Brands), depuis 2026...
2026-08-01 17:56:53,885 [INFO]   -> 1 années récupérées pour STZ
2026-08-01 17:56:53,885 [INFO] [125/503] CEG (Constellation Energy), depuis 2010...
2026-08-01 17:57:06,351 [INFO]   -> 5 années récupérées pour CEG
2026-08-01 17:57:06,352 [INFO] [126/503] COO (Cooper Companies (The)), depuis 2010...
2026-08-01 17:57:18,414 [INFO]   -> 4 années récupérées pour COO
2026-08-01 17:57:18,415 [INFO] [127/503] CPRT (Copart), depuis 2026...
2026-08-01 17:57:30,388 [INFO]   -> 1 années récupérées pour CPRT
2026-08-01 17:57:30,388 [INFO] [128/503] GLW (Corning Inc.), depuis 2026...
2026-08-01 17:57:44,053 [INFO]   -> 1 années récupérées pour GLW
2026-08-01 17:57:44,054 [INFO] [129/503] CPAY (Corpay), depuis 2026...
2026-08-01 17:57:55,800 [INFO]   -> 1 années récupérées pour CPAY
2026-08-01 17:57:55,801 [INFO] [130/503] CTVA (Corteva), depuis 2010...
2026-08-01 17:58:08,747 [INFO]   -> 8 années récupérées pour CTVA
2026-08-01 17:58:08,747 [INFO] [131/503] CSGP (CoStar Group), depuis 2026...
2026-08-01 17:58:20,477 [INFO]   -> 1 années récupérées pour CSGP
2026-08-01 17:58:20,477 [INFO] [132/503] COST (Costco), depuis 2026...
2026-08-01 17:58:32,593 [INFO]   -> 1 années récupérées pour COST
2026-08-01 17:58:32,593 [INFO] [133/503] CRH (CRH plc), depuis 2010...
2026-08-01 17:58:45,446 [INFO]   -> 4 années récupérées pour CRH
2026-08-01 17:58:45,447 [INFO] [134/503] CRWD (CrowdStrike), depuis 2010...
2026-08-01 17:58:59,114 [INFO]   -> 8 années récupérées pour CRWD
2026-08-01 17:58:59,115 [INFO] [135/503] CCI (Crown Castle), depuis 2026...
2026-08-01 17:59:12,585 [INFO]   -> 1 années récupérées pour CCI
2026-08-01 17:59:12,585 [INFO] [136/503] CSX (CSX Corporation), depuis 2010...
2026-08-01 17:59:26,573 [INFO]   -> 12 années récupérées pour CSX
2026-08-01 17:59:26,573 [INFO] [137/503] CMI (Cummins), depuis 2026...
2026-08-01 17:59:38,787 [INFO]   -> 1 années récupérées pour CMI
2026-08-01 17:59:38,787 [INFO] [138/503] CVS (CVS Health), depuis 2026...
2026-08-01 17:59:50,963 [INFO]   -> 1 années récupérées pour CVS
2026-08-01 17:59:50,964 [INFO] [139/503] DHR (Danaher Corporation), depuis 2026...
2026-08-01 18:00:03,030 [INFO]   -> 1 années récupérées pour DHR
2026-08-01 18:00:03,030 [INFO] [140/503] DRI (Darden Restaurants), depuis 2026...
2026-08-01 18:00:15,050 [INFO]   -> 1 années récupérées pour DRI
2026-08-01 18:00:15,050 [INFO] [141/503] DDOG (Datadog), depuis 2010...
2026-08-01 18:00:27,270 [INFO]   -> 8 années récupérées pour DDOG
2026-08-01 18:00:27,271 [INFO] [142/503] DVA (DaVita), depuis 2026...
2026-08-01 18:00:39,411 [INFO]   -> 1 années récupérées pour DVA
2026-08-01 18:00:39,412 [INFO] [143/503] DECK (Deckers Brands), depuis 2026...
2026-08-01 18:00:51,438 [INFO]   -> 1 années récupérées pour DECK
2026-08-01 18:00:51,438 [INFO] [144/503] DE (Deere & Company), depuis 2026...
2026-08-01 18:01:03,473 [INFO]   -> 1 années récupérées pour DE
2026-08-01 18:01:03,474 [INFO] [145/503] DELL (Dell Technologies), depuis 2010...
2026-08-01 18:01:16,535 [INFO]   -> 9 années récupérées pour DELL
2026-08-01 18:01:16,535 [INFO] [146/503] DAL (Delta Air Lines), depuis 2026...
2026-08-01 18:01:28,642 [INFO]   -> 1 années récupérées pour DAL
2026-08-01 18:01:28,642 [INFO] [147/503] DVN (Devon Energy), depuis 2026...
2026-08-01 18:01:40,681 [INFO]   -> 1 années récupérées pour DVN
2026-08-01 18:01:40,681 [INFO] [148/503] DXCM (Dexcom), depuis 2026...
2026-08-01 18:01:52,714 [INFO]   -> 1 années récupérées pour DXCM
2026-08-01 18:01:52,714 [INFO] [149/503] FANG (Diamondback Energy), depuis 2010...
2026-08-01 18:02:05,260 [INFO]   -> 15 années récupérées pour FANG
2026-08-01 18:02:05,261 [INFO] [150/503] DLR (Digital Realty), depuis 2026...
2026-08-01 18:02:17,487 [INFO]   -> 1 années récupérées pour DLR
2026-08-01 18:02:17,488 [INFO] [151/503] DG (Dollar General), depuis 2026...
2026-08-01 18:02:29,519 [INFO]   -> 1 années récupérées pour DG
2026-08-01 18:02:29,519 [INFO] [152/503] DLTR (Dollar Tree), depuis 2026...
2026-08-01 18:02:41,673 [INFO]   -> 1 années récupérées pour DLTR
2026-08-01 18:02:41,673 [INFO] [153/503] D (Dominion Energy), depuis 2026...
2026-08-01 18:02:53,786 [INFO]   -> 1 années récupérées pour D
2026-08-01 18:02:53,786 [INFO] [154/503] DPZ (Domino's), depuis 2026...
2026-08-01 18:03:05,564 [INFO]   -> 1 années récupérées pour DPZ
2026-08-01 18:03:05,564 [INFO] [155/503] DASH (DoorDash), depuis 2010...
2026-08-01 18:03:18,194 [INFO]   -> 7 années récupérées pour DASH
2026-08-01 18:03:18,194 [INFO] [156/503] DOV (Dover Corporation), depuis 2026...
2026-08-01 18:03:30,331 [INFO]   -> 1 années récupérées pour DOV
2026-08-01 18:03:30,332 [INFO] [157/503] DOW (Dow Inc.), depuis 2010...
2026-08-01 18:03:43,058 [INFO]   -> 8 années récupérées pour DOW
2026-08-01 18:03:43,059 [INFO] [158/503] DHI (D. R. Horton), depuis 2026...
2026-08-01 18:03:55,120 [INFO]   -> 1 années récupérées pour DHI
2026-08-01 18:03:55,121 [INFO] [159/503] DTE (DTE Energy), depuis 2026...
2026-08-01 18:04:07,316 [INFO]   -> 1 années récupérées pour DTE
2026-08-01 18:04:07,317 [INFO] [160/503] DUK (Duke Energy), depuis 2026...
2026-08-01 18:04:19,092 [INFO]   -> 1 années récupérées pour DUK
2026-08-01 18:04:19,092 [INFO] [161/503] DD (DuPont), depuis 2010...
2026-08-01 18:04:32,202 [INFO]   -> 10 années récupérées pour DD
2026-08-01 18:04:32,202 [INFO] [162/503] ETN (Eaton Corporation), depuis 2026...
2026-08-01 18:04:44,363 [INFO]   -> 1 années récupérées pour ETN
2026-08-01 18:04:44,363 [INFO] [163/503] EBAY (eBay Inc.), depuis 2026...
2026-08-01 18:04:56,350 [INFO]   -> 1 années récupérées pour EBAY
2026-08-01 18:04:56,351 [INFO] [164/503] ECHO (EchoStar), depuis 2026...
2026-08-01 18:05:08,536 [INFO]   -> 1 années récupérées pour ECHO
2026-08-01 18:05:08,536 [INFO] [165/503] ECL (Ecolab), depuis 2026...
2026-08-01 18:05:20,666 [INFO]   -> 1 années récupérées pour ECL
2026-08-01 18:05:20,666 [INFO] [166/503] EIX (Edison International), depuis 2026...
2026-08-01 18:05:32,754 [INFO]   -> 1 années récupérées pour EIX
2026-08-01 18:05:32,754 [INFO] [167/503] EW (Edwards Lifesciences), depuis 2026...
2026-08-01 18:05:44,467 [INFO]   -> 1 années récupérées pour EW
2026-08-01 18:05:44,467 [INFO] [168/503] EA (Electronic Arts), depuis 2026...
2026-08-01 18:05:56,530 [INFO]   -> 1 années récupérées pour EA
2026-08-01 18:05:56,530 [INFO] [169/503] ELV (Elevance Health), depuis 2026...
2026-08-01 18:06:08,286 [INFO]   -> 1 années récupérées pour ELV
2026-08-01 18:06:08,287 [INFO] [170/503] EME (Emcor), depuis 2026...
2026-08-01 18:06:28,818 [INFO]   -> 1 années récupérées pour EME
2026-08-01 18:06:28,819 [INFO] [171/503] EMR (Emerson Electric), depuis 2026...
2026-08-01 18:06:40,955 [INFO]   -> 1 années récupérées pour EMR
2026-08-01 18:06:40,955 [INFO] [172/503] ETR (Entergy), depuis 2026...
2026-08-01 18:06:53,236 [INFO]   -> 1 années récupérées pour ETR
2026-08-01 18:06:53,237 [INFO] [173/503] EOG (EOG Resources), depuis 2026...
2026-08-01 18:07:05,413 [INFO]   -> 1 années récupérées pour EOG
2026-08-01 18:07:05,413 [INFO] [174/503] EQT (EQT Corporation), depuis 2026...
2026-08-01 18:07:17,525 [INFO]   -> 1 années récupérées pour EQT
2026-08-01 18:07:17,525 [INFO] [175/503] EFX (Equifax), depuis 2026...
2026-08-01 18:07:29,647 [INFO]   -> 1 années récupérées pour EFX
2026-08-01 18:07:29,648 [INFO] [176/503] EQIX (Equinix), depuis 2026...
2026-08-01 18:07:41,680 [INFO]   -> 1 années récupérées pour EQIX
2026-08-01 18:07:41,680 [INFO] [177/503] EQR (Equity Residential), depuis 2026...
2026-08-01 18:07:53,791 [INFO]   -> 1 années récupérées pour EQR
2026-08-01 18:07:53,791 [INFO] [178/503] ERIE (Erie Indemnity), depuis 2026...
2026-08-01 18:08:05,902 [INFO]   -> 1 années récupérées pour ERIE
2026-08-01 18:08:05,902 [INFO] [179/503] ESS (Essex Property Trust), depuis 2026...
2026-08-01 18:08:31,451 [INFO]   -> 1 années récupérées pour ESS
2026-08-01 18:08:31,451 [INFO] [180/503] EL (Estée Lauder Companies (The)), depuis 2026...
2026-08-01 18:08:43,468 [INFO]   -> 1 années récupérées pour EL
2026-08-01 18:08:43,468 [INFO] [181/503] EG (Everest Group), depuis 2026...
2026-08-01 18:08:55,703 [INFO]   -> 1 années récupérées pour EG
2026-08-01 18:08:55,704 [INFO] [182/503] EVRG (Evergy), depuis 2010...
2026-08-01 18:09:08,314 [INFO]   -> 9 années récupérées pour EVRG
2026-08-01 18:09:08,315 [INFO] [183/503] ES (Eversource Energy), depuis 2026...
2026-08-01 18:09:20,452 [INFO]   -> 1 années récupérées pour ES
2026-08-01 18:09:20,453 [INFO] [184/503] EXC (Exelon), depuis 2026...
2026-08-01 18:09:32,267 [INFO]   -> 1 années récupérées pour EXC
2026-08-01 18:09:32,267 [INFO] [185/503] EXE (Expand Energy), depuis 2010...
2026-08-01 18:09:44,913 [INFO]   -> 6 années récupérées pour EXE
2026-08-01 18:09:44,913 [INFO] [186/503] EXPE (Expedia Group), depuis 2026...
2026-08-01 18:09:56,664 [INFO]   -> 1 années récupérées pour EXPE
2026-08-01 18:09:56,664 [INFO] [187/503] EXPD (Expeditors International), depuis 2026...
2026-08-01 18:10:08,878 [INFO]   -> 1 années récupérées pour EXPD
2026-08-01 18:10:08,879 [INFO] [188/503] EXR (Extra Space Storage), depuis 2026...
2026-08-01 18:10:20,957 [INFO]   -> 1 années récupérées pour EXR
2026-08-01 18:10:20,958 [INFO] [189/503] XOM (ExxonMobil), depuis 2026...
2026-08-01 18:10:33,331 [INFO]   -> 1 années récupérées pour XOM
2026-08-01 18:10:33,331 [INFO] [190/503] FFIV (F5, Inc.), depuis 2026...
2026-08-01 18:10:45,434 [INFO]   -> 1 années récupérées pour FFIV
2026-08-01 18:10:45,435 [INFO] [191/503] FDS (FactSet), depuis 2026...
2026-08-01 18:10:57,502 [INFO]   -> 1 années récupérées pour FDS
2026-08-01 18:10:57,502 [INFO] [192/503] FICO (Fair Isaac), depuis 2026...
2026-08-01 18:11:09,544 [INFO]   -> 1 années récupérées pour FICO
2026-08-01 18:11:09,545 [INFO] [193/503] FAST (Fastenal), depuis 2026...
2026-08-01 18:11:21,261 [INFO]   -> 1 années récupérées pour FAST
2026-08-01 18:11:21,261 [INFO] [194/503] FRT (Federal Realty Investment Trust), depuis 2026...
2026-08-01 18:11:33,392 [INFO]   -> 1 années récupérées pour FRT
2026-08-01 18:11:33,393 [INFO] [195/503] FDX (FedEx), depuis 2026...
2026-08-01 18:11:46,809 [INFO]   -> 1 années récupérées pour FDX
2026-08-01 18:11:46,809 [INFO] [196/503] FDXF (FedEx Freight), depuis 2010...
2026-08-01 18:11:59,185 [INFO]   -> 1 années récupérées pour FDXF
2026-08-01 18:11:59,186 [INFO] [197/503] FIS (Fidelity National Information Services), depuis 2026...
2026-08-01 18:12:11,503 [INFO]   -> 1 années récupérées pour FIS
2026-08-01 18:12:11,504 [INFO] [198/503] FITB (Fifth Third Bancorp), depuis 2026...
2026-08-01 18:12:23,877 [INFO]   -> 1 années récupérées pour FITB
2026-08-01 18:12:23,878 [INFO] [199/503] FSLR (First Solar), depuis 2026...
2026-08-01 18:12:35,820 [INFO]   -> 1 années récupérées pour FSLR
2026-08-01 18:12:35,821 [INFO] [200/503] FE (FirstEnergy), depuis 2026...
2026-08-01 18:12:47,901 [INFO]   -> 1 années récupérées pour FE
2026-08-01 18:12:47,901 [INFO] [201/503] FISV (Fiserv), depuis 2026...
2026-08-01 18:12:59,884 [INFO]   -> 1 années récupérées pour FISV
2026-08-01 18:12:59,884 [INFO] [202/503] FLEX (Flex Ltd.), depuis 2026...
2026-08-01 18:13:12,019 [INFO]   -> 1 années récupérées pour FLEX
2026-08-01 18:13:12,019 [INFO] [203/503] F (Ford Motor Company), depuis 2026...
2026-08-01 18:13:24,020 [INFO]   -> 1 années récupérées pour F
2026-08-01 18:13:24,021 [INFO] [204/503] FTNT (Fortinet), depuis 2026...
2026-08-01 18:13:35,979 [INFO]   -> 1 années récupérées pour FTNT
2026-08-01 18:13:35,980 [INFO] [205/503] FTV (Fortive), depuis 2010...
2026-08-01 18:13:51,140 [INFO]   -> 11 années récupérées pour FTV
2026-08-01 18:13:51,140 [INFO] [206/503] FOXA (Fox Corporation (Class A)), depuis 2010...
2026-08-01 18:14:04,139 [INFO]   -> 8 années récupérées pour FOXA
2026-08-01 18:14:04,140 [INFO] [207/503] FOX (Fox Corporation (Class B)), depuis 2010...
2026-08-01 18:14:16,909 [INFO]   -> 8 années récupérées pour FOX
2026-08-01 18:14:16,909 [INFO] [208/503] BEN (Franklin Resources), depuis 2026...
2026-08-01 18:14:29,207 [INFO]   -> 1 années récupérées pour BEN
2026-08-01 18:14:29,207 [INFO] [209/503] FCX (Freeport-McMoRan), depuis 2026...
2026-08-01 18:14:41,170 [INFO]   -> 1 années récupérées pour FCX
2026-08-01 18:14:41,170 [INFO] [210/503] GRMN (Garmin), depuis 2026...
2026-08-01 18:14:52,887 [INFO]   -> 1 années récupérées pour GRMN
2026-08-01 18:14:52,887 [INFO] [211/503] IT (Gartner), depuis 2026...
2026-08-01 18:15:04,944 [INFO]   -> 1 années récupérées pour IT
2026-08-01 18:15:04,945 [INFO] [212/503] GE (GE Aerospace), depuis 2026...
2026-08-01 18:15:17,132 [INFO]   -> 1 années récupérées pour GE
2026-08-01 18:15:17,132 [INFO] [213/503] GEHC (GE HealthCare), depuis 2010...
2026-08-01 18:15:29,951 [INFO]   -> 5 années récupérées pour GEHC
2026-08-01 18:15:29,952 [INFO] [214/503] GEV (GE Vernova), depuis 2010...
2026-08-01 18:15:42,393 [INFO]   -> 3 années récupérées pour GEV
2026-08-01 18:15:42,393 [INFO] [215/503] GEN (Gen Digital), depuis 2026...
2026-08-01 18:15:54,511 [INFO]   -> 1 années récupérées pour GEN
2026-08-01 18:15:54,511 [INFO] [216/503] GNRC (Generac), depuis 2026...
2026-08-01 18:16:06,158 [INFO]   -> 1 années récupérées pour GNRC
2026-08-01 18:16:06,158 [INFO] [217/503] GD (General Dynamics), depuis 2026...
2026-08-01 18:16:17,984 [INFO]   -> 1 années récupérées pour GD
2026-08-01 18:16:17,984 [INFO] [218/503] GIS (General Mills), depuis 2026...
2026-08-01 18:16:30,150 [INFO]   -> 1 années récupérées pour GIS
2026-08-01 18:16:30,151 [INFO] [219/503] GM (General Motors), depuis 2026...
2026-08-01 18:16:41,851 [INFO]   -> 1 années récupérées pour GM
2026-08-01 18:16:41,852 [INFO] [220/503] GPC (Genuine Parts Company), depuis 2026...
2026-08-01 18:16:53,953 [INFO]   -> 1 années récupérées pour GPC
2026-08-01 18:16:53,954 [INFO] [221/503] GILD (Gilead Sciences), depuis 2026...
2026-08-01 18:17:06,055 [INFO]   -> 1 années récupérées pour GILD
2026-08-01 18:17:06,055 [INFO] [222/503] GPN (Global Payments), depuis 2026...
2026-08-01 18:17:18,140 [INFO]   -> 1 années récupérées pour GPN
2026-08-01 18:17:18,140 [INFO] [223/503] GL (Globe Life), depuis 2026...
2026-08-01 18:17:30,178 [INFO]   -> 1 années récupérées pour GL
2026-08-01 18:17:30,179 [INFO] [224/503] GDDY (GoDaddy), depuis 2010...
2026-08-01 18:17:42,549 [INFO]   -> 12 années récupérées pour GDDY
2026-08-01 18:17:42,550 [INFO] [225/503] GS (Goldman Sachs), depuis 2026...
2026-08-01 18:17:54,760 [INFO]   -> 1 années récupérées pour GS
2026-08-01 18:17:54,760 [INFO] [226/503] HAL (Halliburton), depuis 2026...
2026-08-01 18:18:06,882 [INFO]   -> 1 années récupérées pour HAL
2026-08-01 18:18:06,883 [INFO] [227/503] HIG (Hartford (The)), depuis 2026...
2026-08-01 18:18:19,181 [INFO]   -> 1 années récupérées pour HIG
2026-08-01 18:18:19,182 [INFO] [228/503] HAS (Hasbro), depuis 2026...
2026-08-01 18:18:31,181 [INFO]   -> 1 années récupérées pour HAS
2026-08-01 18:18:31,182 [INFO] [229/503] HCA (HCA Healthcare), depuis 2010...
2026-08-01 18:18:44,015 [INFO]   -> 16 années récupérées pour HCA
2026-08-01 18:18:44,016 [INFO] [230/503] DOC (Healthpeak Properties), depuis 2026...
2026-08-01 18:18:56,382 [INFO]   -> 1 années récupérées pour DOC
2026-08-01 18:18:56,382 [INFO] [231/503] HSIC (Henry Schein), depuis 2026...
2026-08-01 18:19:08,414 [INFO]   -> 1 années récupérées pour HSIC
2026-08-01 18:19:08,414 [INFO] [232/503] HSY (Hershey Company (The)), depuis 2026...
2026-08-01 18:19:20,502 [INFO]   -> 1 années récupérées pour HSY
2026-08-01 18:19:20,502 [INFO] [233/503] HPE (Hewlett Packard Enterprise), depuis 2010...
2026-08-01 18:19:33,428 [INFO]   -> 12 années récupérées pour HPE
2026-08-01 18:19:33,429 [INFO] [234/503] HLT (Hilton Worldwide), depuis 2010...
2026-08-01 18:19:45,960 [INFO]   -> 14 années récupérées pour HLT
2026-08-01 18:19:45,961 [INFO] [235/503] HD (Home Depot (The)), depuis 2026...
2026-08-01 18:19:58,084 [INFO]   -> 1 années récupérées pour HD
2026-08-01 18:19:58,084 [INFO] [236/503] HONA (Honeywell Aerospace), depuis 2010...
2026-08-01 18:20:10,410 [INFO]   -> 1 années récupérées pour HONA
2026-08-01 18:20:10,410 [INFO] [237/503] HON (Honeywell Technologies), depuis 2026...
2026-08-01 18:20:22,399 [INFO]   -> 1 années récupérées pour HON
2026-08-01 18:20:22,399 [INFO] [238/503] HRL (Hormel Foods), depuis 2026...
2026-08-01 18:20:35,448 [INFO]   -> 1 années récupérées pour HRL
2026-08-01 18:20:35,448 [INFO] [239/503] HST (Host Hotels & Resorts), depuis 2026...
2026-08-01 18:20:47,554 [INFO]   -> 1 années récupérées pour HST
2026-08-01 18:20:47,554 [INFO] [240/503] HWM (Howmet Aerospace), depuis 2026...
2026-08-01 18:20:59,721 [INFO]   -> 1 années récupérées pour HWM
2026-08-01 18:20:59,722 [INFO] [241/503] HPQ (HP Inc.), depuis 2026...
2026-08-01 18:21:11,839 [INFO]   -> 1 années récupérées pour HPQ
2026-08-01 18:21:11,839 [INFO] [242/503] HUBB (Hubbell Incorporated), depuis 2026...
2026-08-01 18:21:23,987 [INFO]   -> 1 années récupérées pour HUBB
2026-08-01 18:21:23,987 [INFO] [243/503] HUM (Humana), depuis 2026...
2026-08-01 18:21:35,910 [INFO]   -> 1 années récupérées pour HUM
2026-08-01 18:21:35,910 [INFO] [244/503] HBAN (Huntington Bancshares), depuis 2026...
2026-08-01 18:21:48,210 [INFO]   -> 1 années récupérées pour HBAN
2026-08-01 18:21:48,211 [INFO] [245/503] HII (Huntington Ingalls Industries), depuis 2010...
2026-08-01 18:22:01,108 [INFO]   -> 16 années récupérées pour HII
2026-08-01 18:22:01,108 [INFO] [246/503] IBM (IBM), depuis 2026...
2026-08-01 18:22:13,397 [INFO]   -> 1 années récupérées pour IBM
2026-08-01 18:22:13,397 [INFO] [247/503] IEX (IDEX Corporation), depuis 2026...
2026-08-01 18:22:25,389 [INFO]   -> 1 années récupérées pour IEX
2026-08-01 18:22:25,389 [INFO] [248/503] IDXX (Idexx Laboratories), depuis 2026...
2026-08-01 18:22:37,051 [INFO]   -> 1 années récupérées pour IDXX
2026-08-01 18:22:37,052 [INFO] [249/503] ITW (Illinois Tool Works), depuis 2026...
2026-08-01 18:22:48,805 [INFO]   -> 1 années récupérées pour ITW
2026-08-01 18:22:48,805 [INFO] [250/503] INCY (Incyte), depuis 2026...
2026-08-01 18:23:00,790 [INFO]   -> 1 années récupérées pour INCY
2026-08-01 18:23:00,790 [INFO] [251/503] IR (Ingersoll Rand), depuis 2010...
2026-08-01 18:23:13,393 [INFO]   -> 10 années récupérées pour IR
2026-08-01 18:23:13,394 [INFO] [252/503] PODD (Insulet Corporation), depuis 2026...
2026-08-01 18:23:25,303 [INFO]   -> 1 années récupérées pour PODD
2026-08-01 18:23:25,303 [INFO] [253/503] INTC (Intel), depuis 2026...
2026-08-01 18:23:37,312 [INFO]   -> 1 années récupérées pour INTC
2026-08-01 18:23:37,312 [INFO] [254/503] IBKR (Interactive Brokers), depuis 2026...
2026-08-01 18:23:49,285 [INFO]   -> 1 années récupérées pour IBKR
2026-08-01 18:23:49,285 [INFO] [255/503] ICE (Intercontinental Exchange), depuis 2026...
2026-08-01 18:24:00,994 [INFO]   -> 1 années récupérées pour ICE
2026-08-01 18:24:00,994 [INFO] [256/503] IFF (International Flavors & Fragrances), depuis 2026...
2026-08-01 18:24:12,760 [INFO]   -> 1 années récupérées pour IFF
2026-08-01 18:24:12,760 [INFO] [257/503] IP (International Paper), depuis 2026...
2026-08-01 18:24:25,018 [INFO]   -> 1 années récupérées pour IP
2026-08-01 18:24:25,018 [INFO] [258/503] INTU (Intuit), depuis 2026...
2026-08-01 18:24:37,058 [INFO]   -> 1 années récupérées pour INTU
2026-08-01 18:24:37,059 [INFO] [259/503] ISRG (Intuitive Surgical), depuis 2026...
2026-08-01 18:24:49,168 [INFO]   -> 1 années récupérées pour ISRG
2026-08-01 18:24:49,169 [INFO] [260/503] IVZ (Invesco), depuis 2026...
2026-08-01 18:25:00,936 [INFO]   -> 1 années récupérées pour IVZ
2026-08-01 18:25:00,936 [INFO] [261/503] INVH (Invitation Homes), depuis 2010...
2026-08-01 18:25:13,276 [INFO]   -> 10 années récupérées pour INVH
2026-08-01 18:25:13,277 [INFO] [262/503] IQV (IQVIA), depuis 2010...
2026-08-01 18:25:26,098 [INFO]   -> 14 années récupérées pour IQV
2026-08-01 18:25:26,099 [INFO] [263/503] IRM (Iron Mountain), depuis 2026...
2026-08-01 18:25:38,056 [INFO]   -> 1 années récupérées pour IRM
2026-08-01 18:25:38,056 [INFO] [264/503] JBHT (J.B. Hunt), depuis 2026...
2026-08-01 18:25:50,104 [INFO]   -> 1 années récupérées pour JBHT
2026-08-01 18:25:50,104 [INFO] [265/503] JBL (Jabil), depuis 2026...
2026-08-01 18:26:02,112 [INFO]   -> 1 années récupérées pour JBL
2026-08-01 18:26:02,112 [INFO] [266/503] JKHY (Jack Henry & Associates), depuis 2026...
2026-08-01 18:26:14,202 [INFO]   -> 1 années récupérées pour JKHY
2026-08-01 18:26:14,203 [INFO] [267/503] J (Jacobs Solutions), depuis 2026...
2026-08-01 18:26:25,968 [INFO]   -> 1 années récupérées pour J
2026-08-01 18:26:25,969 [INFO] [268/503] JNJ (Johnson & Johnson), depuis 2026...
2026-08-01 18:26:38,106 [INFO]   -> 1 années récupérées pour JNJ
2026-08-01 18:26:38,107 [INFO] [269/503] JCI (Johnson Controls), depuis 2026...
2026-08-01 18:26:50,201 [INFO]   -> 1 années récupérées pour JCI
2026-08-01 18:26:50,202 [INFO] [270/503] JPM (JPMorgan Chase), depuis 2026...
2026-08-01 18:27:02,309 [INFO]   -> 1 années récupérées pour JPM
2026-08-01 18:27:02,309 [INFO] [271/503] KVUE (Kenvue), depuis 2010...
2026-08-01 18:27:14,521 [INFO]   -> 4 années récupérées pour KVUE
2026-08-01 18:27:14,521 [INFO] [272/503] KDP (Keurig Dr Pepper), depuis 2026...
2026-08-01 18:27:26,233 [INFO]   -> 1 années récupérées pour KDP
2026-08-01 18:27:26,234 [INFO] [273/503] KEY (KeyCorp), depuis 2026...
2026-08-01 18:27:38,280 [INFO]   -> 1 années récupérées pour KEY
2026-08-01 18:27:38,281 [INFO] [274/503] KEYS (Keysight Technologies), depuis 2010...
2026-08-01 18:27:51,260 [INFO]   -> 13 années récupérées pour KEYS
2026-08-01 18:27:51,260 [INFO] [275/503] KMB (Kimberly-Clark), depuis 2026...
2026-08-01 18:28:03,425 [INFO]   -> 1 années récupérées pour KMB
2026-08-01 18:28:03,426 [INFO] [276/503] KIM (Kimco Realty), depuis 2026...
2026-08-01 18:28:15,312 [INFO]   -> 1 années récupérées pour KIM
2026-08-01 18:28:15,313 [INFO] [277/503] KMI (Kinder Morgan), depuis 2010...
2026-08-01 18:28:27,905 [INFO]   -> 16 années récupérées pour KMI
2026-08-01 18:28:27,906 [INFO] [278/503] KKR (KKR & Co.), depuis 2026...
2026-08-01 18:28:40,005 [INFO]   -> 1 années récupérées pour KKR
2026-08-01 18:28:40,005 [INFO] [279/503] KLAC (KLA Corporation), depuis 2026...
2026-08-01 18:28:52,127 [INFO]   -> 1 années récupérées pour KLAC
2026-08-01 18:28:52,127 [INFO] [280/503] KHC (Kraft Heinz), depuis 2010...
2026-08-01 18:29:04,609 [INFO]   -> 12 années récupérées pour KHC
2026-08-01 18:29:04,609 [INFO] [281/503] KR (Kroger), depuis 2026...
2026-08-01 18:29:16,764 [INFO]   -> 1 années récupérées pour KR
2026-08-01 18:29:16,765 [INFO] [282/503] LHX (L3Harris), depuis 2026...
2026-08-01 18:29:28,568 [INFO]   -> 1 années récupérées pour LHX
2026-08-01 18:29:28,569 [INFO] [283/503] LH (Labcorp), depuis 2026...
2026-08-01 18:29:40,607 [INFO]   -> 1 années récupérées pour LH
2026-08-01 18:29:40,607 [INFO] [284/503] LRCX (Lam Research), depuis 2026...
2026-08-01 18:29:52,701 [INFO]   -> 1 années récupérées pour LRCX
2026-08-01 18:29:52,701 [INFO] [285/503] LVS (Las Vegas Sands), depuis 2026...
2026-08-01 18:30:04,481 [INFO]   -> 1 années récupérées pour LVS
2026-08-01 18:30:04,482 [INFO] [286/503] LDOS (Leidos), depuis 2010...
2026-08-01 18:30:17,330 [INFO]   -> 14 années récupérées pour LDOS
2026-08-01 18:30:17,331 [INFO] [287/503] LEN (Lennar), depuis 2026...
2026-08-01 18:30:29,687 [INFO]   -> 1 années récupérées pour LEN
2026-08-01 18:30:29,687 [INFO] [288/503] LII (Lennox International), depuis 2026...
2026-08-01 18:30:41,823 [INFO]   -> 1 années récupérées pour LII
2026-08-01 18:30:41,824 [INFO] [289/503] LLY (Lilly (Eli)), depuis 2026...
2026-08-01 18:30:53,936 [INFO]   -> 1 années récupérées pour LLY
2026-08-01 18:30:53,936 [INFO] [290/503] LIN (Linde plc), depuis 2010...
2026-08-01 18:31:06,912 [INFO]   -> 9 années récupérées pour LIN
2026-08-01 18:31:06,913 [INFO] [291/503] LYV (Live Nation Entertainment), depuis 2026...
2026-08-01 18:31:19,052 [INFO]   -> 1 années récupérées pour LYV
2026-08-01 18:31:19,052 [INFO] [292/503] LMT (Lockheed Martin), depuis 2026...
2026-08-01 18:31:31,138 [INFO]   -> 1 années récupérées pour LMT
2026-08-01 18:31:31,139 [INFO] [293/503] L (Loews Corporation), depuis 2026...
2026-08-01 18:31:43,310 [INFO]   -> 1 années récupérées pour L
2026-08-01 18:31:43,311 [INFO] [294/503] LOW (Lowe's), depuis 2026...
2026-08-01 18:31:55,386 [INFO]   -> 1 années récupérées pour LOW
2026-08-01 18:31:55,387 [INFO] [295/503] LULU (Lululemon Athletica), depuis 2026...
2026-08-01 18:32:07,411 [INFO]   -> 1 années récupérées pour LULU
2026-08-01 18:32:07,412 [INFO] [296/503] LITE (Lumentum), depuis 2010...
2026-08-01 18:32:20,349 [INFO]   -> 12 années récupérées pour LITE
2026-08-01 18:32:20,350 [INFO] [297/503] LYB (LyondellBasell), depuis 2026...
2026-08-01 18:32:32,353 [INFO]   -> 1 années récupérées pour LYB
2026-08-01 18:32:32,353 [INFO] [298/503] MTB (M&T Bank), depuis 2026...
2026-08-01 18:32:44,446 [INFO]   -> 1 années récupérées pour MTB
2026-08-01 18:32:44,447 [INFO] [299/503] MPC (Marathon Petroleum), depuis 2010...
2026-08-01 18:32:57,414 [INFO]   -> 16 années récupérées pour MPC
2026-08-01 18:32:57,414 [INFO] [300/503] MAR (Marriott International), depuis 2010...
2026-08-01 18:33:10,276 [INFO]   -> 14 années récupérées pour MAR
2026-08-01 18:33:10,277 [INFO] [301/503] MRSH (Marsh McLennan), depuis 2026...
2026-08-01 18:33:22,113 [INFO]   -> 1 années récupérées pour MRSH
2026-08-01 18:33:22,113 [INFO] [302/503] MLM (Martin Marietta Materials), depuis 2026...
2026-08-01 18:33:35,603 [INFO]   -> 1 années récupérées pour MLM
2026-08-01 18:33:35,603 [INFO] [303/503] MRVL (Marvell Technology), depuis 2026...
2026-08-01 18:33:47,588 [INFO]   -> 1 années récupérées pour MRVL
2026-08-01 18:33:47,588 [INFO] [304/503] MAS (Masco), depuis 2026...
2026-08-01 18:33:59,645 [INFO]   -> 1 années récupérées pour MAS
2026-08-01 18:33:59,646 [INFO] [305/503] MA (Mastercard), depuis 2026...
2026-08-01 18:34:11,750 [INFO]   -> 1 années récupérées pour MA
2026-08-01 18:34:11,750 [INFO] [306/503] MKC (McCormick & Company), depuis 2026...
2026-08-01 18:34:23,803 [INFO]   -> 1 années récupérées pour MKC
2026-08-01 18:34:23,803 [INFO] [307/503] MCD (McDonald's), depuis 2026...
2026-08-01 18:34:35,816 [INFO]   -> 1 années récupérées pour MCD
2026-08-01 18:34:35,816 [INFO] [308/503] MCK (McKesson Corporation), depuis 2026...
2026-08-01 18:34:47,929 [INFO]   -> 1 années récupérées pour MCK
2026-08-01 18:34:47,929 [INFO] [309/503] MDT (Medtronic), depuis 2026...
2026-08-01 18:34:59,986 [INFO]   -> 1 années récupérées pour MDT
2026-08-01 18:34:59,986 [INFO] [310/503] MRK (Merck & Co.), depuis 2026...
2026-08-01 18:35:12,144 [INFO]   -> 1 années récupérées pour MRK
2026-08-01 18:35:12,144 [INFO] [311/503] META (Meta Platforms), depuis 2010...
2026-08-01 18:35:24,812 [INFO]   -> 15 années récupérées pour META
2026-08-01 18:35:24,813 [INFO] [312/503] MET (MetLife), depuis 2026...
2026-08-01 18:35:36,909 [INFO]   -> 1 années récupérées pour MET
2026-08-01 18:35:36,909 [INFO] [313/503] MTD (Mettler Toledo), depuis 2026...
2026-08-01 18:35:48,883 [INFO]   -> 1 années récupérées pour MTD
2026-08-01 18:35:48,884 [INFO] [314/503] MGM (MGM Resorts), depuis 2026...
2026-08-01 18:36:00,556 [INFO]   -> 1 années récupérées pour MGM
2026-08-01 18:36:00,556 [INFO] [315/503] MCHP (Microchip Technology), depuis 2026...
2026-08-01 18:36:12,644 [INFO]   -> 1 années récupérées pour MCHP
2026-08-01 18:36:12,645 [INFO] [316/503] MU (Micron Technology), depuis 2026...
2026-08-01 18:36:24,509 [INFO]   -> 1 années récupérées pour MU
2026-08-01 18:36:24,509 [INFO] [317/503] MSFT (Microsoft), depuis 2026...
2026-08-01 18:36:36,481 [INFO]   -> 1 années récupérées pour MSFT
2026-08-01 18:36:36,481 [INFO] [318/503] MAA (Mid-America Apartment Communities), depuis 2026...
2026-08-01 18:36:48,731 [INFO]   -> 1 années récupérées pour MAA
2026-08-01 18:36:48,731 [INFO] [319/503] MRNA (Moderna), depuis 2010...
2026-08-01 18:37:01,093 [INFO]   -> 9 années récupérées pour MRNA
2026-08-01 18:37:01,093 [INFO] [320/503] TAP (Molson Coors Beverage Company), depuis 2026...
2026-08-01 18:37:13,256 [INFO]   -> 1 années récupérées pour TAP
2026-08-01 18:37:13,256 [INFO] [321/503] MDLZ (Mondelez International), depuis 2026...
2026-08-01 18:37:25,521 [INFO]   -> 1 années récupérées pour MDLZ
2026-08-01 18:37:25,522 [INFO] [322/503] MPWR (Monolithic Power Systems), depuis 2026...
2026-08-01 18:37:37,490 [INFO]   -> 1 années récupérées pour MPWR
2026-08-01 18:37:37,490 [INFO] [323/503] MNST (Monster Beverage), depuis 2010...
2026-08-01 18:37:49,652 [INFO]   -> 12 années récupérées pour MNST
2026-08-01 18:37:49,652 [INFO] [324/503] MCO (Moody's Corporation), depuis 2026...
2026-08-01 18:38:01,747 [INFO]   -> 1 années récupérées pour MCO
2026-08-01 18:38:01,748 [INFO] [325/503] MS (Morgan Stanley), depuis 2026...
2026-08-01 18:38:13,912 [INFO]   -> 1 années récupérées pour MS
2026-08-01 18:38:13,912 [INFO] [326/503] MOS (Mosaic Company (The)), depuis 2026...
2026-08-01 18:38:25,966 [INFO]   -> 1 années récupérées pour MOS
2026-08-01 18:38:25,966 [INFO] [327/503] MSI (Motorola Solutions), depuis 2026...
2026-08-01 18:38:38,016 [INFO]   -> 1 années récupérées pour MSI
2026-08-01 18:38:38,016 [INFO] [328/503] MSCI (MSCI Inc.), depuis 2026...
2026-08-01 18:38:49,732 [INFO]   -> 1 années récupérées pour MSCI
2026-08-01 18:38:49,732 [INFO] [329/503] NDAQ (Nasdaq, Inc.), depuis 2026...
2026-08-01 18:39:01,438 [INFO]   -> 1 années récupérées pour NDAQ
2026-08-01 18:39:01,439 [INFO] [330/503] NTAP (NetApp), depuis 2026...
2026-08-01 18:39:13,618 [INFO]   -> 1 années récupérées pour NTAP
2026-08-01 18:39:13,618 [INFO] [331/503] NFLX (Netflix), depuis 2026...
2026-08-01 18:39:25,278 [INFO]   -> 1 années récupérées pour NFLX
2026-08-01 18:39:25,278 [INFO] [332/503] NEM (Newmont), depuis 2026...
2026-08-01 18:39:37,353 [INFO]   -> 1 années récupérées pour NEM
2026-08-01 18:39:37,353 [INFO] [333/503] NWSA (News Corp (Class A)), depuis 2010...
2026-08-01 18:39:50,205 [INFO]   -> 14 années récupérées pour NWSA
2026-08-01 18:39:50,206 [INFO] [334/503] NWS (News Corp (Class B)), depuis 2010...
2026-08-01 18:40:02,940 [INFO]   -> 14 années récupérées pour NWS
2026-08-01 18:40:02,940 [INFO] [335/503] NEE (NextEra Energy), depuis 2026...
2026-08-01 18:40:15,053 [INFO]   -> 1 années récupérées pour NEE
2026-08-01 18:40:15,053 [INFO] [336/503] NKE (Nike, Inc.), depuis 2026...
2026-08-01 18:40:27,084 [INFO]   -> 1 années récupérées pour NKE
2026-08-01 18:40:27,085 [INFO] [337/503] NI (NiSource), depuis 2026...
2026-08-01 18:40:39,181 [INFO]   -> 1 années récupérées pour NI
2026-08-01 18:40:39,182 [INFO] [338/503] NDSN (Nordson Corporation), depuis 2026...
2026-08-01 18:40:50,994 [INFO]   -> 1 années récupérées pour NDSN
2026-08-01 18:40:50,994 [INFO] [339/503] NSC (Norfolk Southern), depuis 2026...
2026-08-01 18:41:03,096 [INFO]   -> 1 années récupérées pour NSC
2026-08-01 18:41:03,097 [INFO] [340/503] NTRS (Northern Trust), depuis 2026...
2026-08-01 18:41:15,151 [INFO]   -> 1 années récupérées pour NTRS
2026-08-01 18:41:15,152 [INFO] [341/503] NOC (Northrop Grumman), depuis 2026...
2026-08-01 18:41:26,917 [INFO]   -> 1 années récupérées pour NOC
2026-08-01 18:41:26,918 [INFO] [342/503] NCLH (Norwegian Cruise Line Holdings), depuis 2010...
2026-08-01 18:41:39,790 [INFO]   -> 14 années récupérées pour NCLH
2026-08-01 18:41:39,791 [INFO] [343/503] NRG (NRG Energy), depuis 2026...
2026-08-01 18:41:51,538 [INFO]   -> 1 années récupérées pour NRG
2026-08-01 18:41:51,539 [INFO] [344/503] NUE (Nucor), depuis 2026...
2026-08-01 18:42:03,717 [INFO]   -> 1 années récupérées pour NUE
2026-08-01 18:42:03,717 [INFO] [345/503] NVDA (Nvidia), depuis 2026...
2026-08-01 18:42:15,936 [INFO]   -> 1 années récupérées pour NVDA
2026-08-01 18:42:15,937 [INFO] [346/503] NVR (NVR, Inc.), depuis 2026...
2026-08-01 18:42:28,074 [INFO]   -> 1 années récupérées pour NVR
2026-08-01 18:42:28,075 [INFO] [347/503] NXPI (NXP Semiconductors), depuis 2026...
2026-08-01 18:42:40,192 [INFO]   -> 1 années récupérées pour NXPI
2026-08-01 18:42:40,193 [INFO] [348/503] ORLY (O’Reilly Automotive), depuis 2026...
2026-08-01 18:42:51,840 [INFO]   -> 1 années récupérées pour ORLY
2026-08-01 18:42:51,840 [INFO] [349/503] OXY (Occidental Petroleum), depuis 2026...
2026-08-01 18:43:03,925 [INFO]   -> 1 années récupérées pour OXY
2026-08-01 18:43:03,926 [INFO] [350/503] ODFL (Old Dominion), depuis 2010...
2026-08-01 18:43:16,054 [INFO]   -> 3 années récupérées pour ODFL
2026-08-01 18:43:16,054 [INFO] [351/503] OMC (Omnicom Group), depuis 2026...
2026-08-01 18:43:28,096 [INFO]   -> 1 années récupérées pour OMC
2026-08-01 18:43:28,097 [INFO] [352/503] ON (ON Semiconductor), depuis 2026...
2026-08-01 18:43:39,843 [INFO]   -> 1 années récupérées pour ON
2026-08-01 18:43:39,843 [INFO] [353/503] OKE (Oneok), depuis 2026...
2026-08-01 18:43:51,634 [INFO]   -> 1 années récupérées pour OKE
2026-08-01 18:43:51,634 [INFO] [354/503] ORCL (Oracle Corporation), depuis 2026...
2026-08-01 18:44:03,747 [INFO]   -> 1 années récupérées pour ORCL
2026-08-01 18:44:03,747 [INFO] [355/503] OTIS (Otis Worldwide), depuis 2010...
2026-08-01 18:44:16,320 [INFO]   -> 7 années récupérées pour OTIS
2026-08-01 18:44:16,321 [INFO] [356/503] PCAR (Paccar), depuis 2026...
2026-08-01 18:44:28,399 [INFO]   -> 1 années récupérées pour PCAR
2026-08-01 18:44:28,399 [INFO] [357/503] PKG (Packaging Corporation of America), depuis 2026...
2026-08-01 18:44:40,497 [INFO]   -> 1 années récupérées pour PKG
2026-08-01 18:44:40,498 [INFO] [358/503] PLTR (Palantir Technologies), depuis 2010...
2026-08-01 18:44:53,382 [INFO]   -> 7 années récupérées pour PLTR
2026-08-01 18:44:53,383 [INFO] [359/503] PANW (Palo Alto Networks), depuis 2010...
2026-08-01 18:45:06,282 [INFO]   -> 15 années récupérées pour PANW
2026-08-01 18:45:06,282 [INFO] [360/503] PSKY (Paramount Skydance Corporation), depuis 2010...
2026-08-01 18:45:06,283 [ERROR] Peer closed connection.
2026-08-01 18:45:12,319 [WARNING]   -> ECHEC pour PSKY : Impossible de résoudre le contrat pour PSKY (SMART) (ticker ignoré, on continue)
2026-08-01 18:45:12,319 [INFO] [361/503] PH (Parker Hannifin), depuis 2026...
2026-08-01 18:45:18,349 [WARNING]   -> ECHEC pour PH : Impossible de résoudre le contrat pour PH (SMART) (ticker ignoré, on continue)
2026-08-01 18:45:18,349 [INFO] [362/503] PAYX (Paychex), depuis 2026...
2026-08-01 18:45:24,386 [WARNING]   -> ECHEC pour PAYX : Impossible de résoudre le contrat pour PAYX (SMART) (ticker ignoré, on continue)
2026-08-01 18:45:24,386 [INFO] [363/503] PYPL (PayPal), depuis 2010...
2026-08-01 18:45:30,420 [WARNING]   -> ECHEC pour PYPL : Impossible de résoudre le contrat pour PYPL (SMART) (ticker ignoré, on continue)
2026-08-01 18:45:30,421 [INFO] [364/503] PNR (Pentair), depuis 2026...
2026-08-01 18:45:36,445 [WARNING]   -> ECHEC pour PNR : Impossible de résoudre le contrat pour PNR (SMART) (ticker ignoré, on continue)
2026-08-01 18:45:36,446 [INFO] [365/503] PEP (PepsiCo), depuis 2010...
2026-08-01 18:45:42,485 [WARNING]   -> ECHEC pour PEP : Impossible de résoudre le contrat pour PEP (SMART) (ticker ignoré, on continue)
2026-08-01 18:45:42,485 [INFO] [366/503] PFE (Pfizer), depuis 2026...
2026-08-01 18:45:48,512 [WARNING]   -> ECHEC pour PFE : Impossible de résoudre le contrat pour PFE (SMART) (ticker ignoré, on continue)
2026-08-01 18:45:48,513 [INFO] [367/503] PCG (PG&E Corporation), depuis 2026...
2026-08-01 18:45:54,552 [WARNING]   -> ECHEC pour PCG : Impossible de résoudre le contrat pour PCG (SMART) (ticker ignoré, on continue)
2026-08-01 18:45:54,553 [INFO] [368/503] PM (Philip Morris International), depuis 2026...
2026-08-01 18:46:00,584 [WARNING]   -> ECHEC pour PM : Impossible de résoudre le contrat pour PM (SMART) (ticker ignoré, on continue)
2026-08-01 18:46:00,585 [INFO] [369/503] PSX (Phillips 66), depuis 2010...
2026-08-01 18:46:06,624 [WARNING]   -> ECHEC pour PSX : Impossible de résoudre le contrat pour PSX (SMART) (ticker ignoré, on continue)
2026-08-01 18:46:06,625 [INFO] [370/503] PNW (Pinnacle West Capital), depuis 2026...
2026-08-01 18:46:12,646 [WARNING]   -> ECHEC pour PNW : Impossible de résoudre le contrat pour PNW (SMART) (ticker ignoré, on continue)
2026-08-01 18:46:12,647 [INFO] [371/503] PNC (PNC Financial Services), depuis 2026...
2026-08-01 18:46:18,682 [WARNING]   -> ECHEC pour PNC : Impossible de résoudre le contrat pour PNC (SMART) (ticker ignoré, on continue)
2026-08-01 18:46:18,683 [INFO] [372/503] PPG (PPG Industries), depuis 2026...
2026-08-01 18:46:24,724 [WARNING]   -> ECHEC pour PPG : Impossible de résoudre le contrat pour PPG (SMART) (ticker ignoré, on continue)
2026-08-01 18:46:24,724 [INFO] [373/503] PPL (PPL Corporation), depuis 2026...
2026-08-01 18:46:30,752 [WARNING]   -> ECHEC pour PPL : Impossible de résoudre le contrat pour PPL (SMART) (ticker ignoré, on continue)
2026-08-01 18:46:30,753 [INFO] [374/503] PFG (Principal Financial Group), depuis 2010...
2026-08-01 18:46:36,782 [WARNING]   -> ECHEC pour PFG : Impossible de résoudre le contrat pour PFG (SMART) (ticker ignoré, on continue)
2026-08-01 18:46:36,783 [INFO] [375/503] PG (Procter & Gamble), depuis 2026...
2026-08-01 18:46:42,815 [WARNING]   -> ECHEC pour PG : Impossible de résoudre le contrat pour PG (SMART) (ticker ignoré, on continue)
2026-08-01 18:46:42,816 [INFO] [376/503] PGR (Progressive Corporation), depuis 2026...
2026-08-01 18:46:48,834 [WARNING]   -> ECHEC pour PGR : Impossible de résoudre le contrat pour PGR (SMART) (ticker ignoré, on continue)
2026-08-01 18:46:48,834 [INFO] [377/503] PLD (Prologis), depuis 2010...
2026-08-01 18:46:54,859 [WARNING]   -> ECHEC pour PLD : Impossible de résoudre le contrat pour PLD (SMART) (ticker ignoré, on continue)
2026-08-01 18:46:54,860 [INFO] [378/503] PRU (Prudential Financial), depuis 2026...
2026-08-01 18:47:00,894 [WARNING]   -> ECHEC pour PRU : Impossible de résoudre le contrat pour PRU (SMART) (ticker ignoré, on continue)
2026-08-01 18:47:00,895 [INFO] [379/503] PEG (Public Service Enterprise Group), depuis 2026...
2026-08-01 18:47:06,930 [WARNING]   -> ECHEC pour PEG : Impossible de résoudre le contrat pour PEG (SMART) (ticker ignoré, on continue)
2026-08-01 18:47:06,931 [INFO] [380/503] PTC (PTC Inc.), depuis 2026...
2026-08-01 18:47:12,966 [WARNING]   -> ECHEC pour PTC : Impossible de résoudre le contrat pour PTC (SMART) (ticker ignoré, on continue)
2026-08-01 18:47:12,966 [INFO] [381/503] PSA (Public Storage), depuis 2026...
2026-08-01 18:47:19,004 [WARNING]   -> ECHEC pour PSA : Impossible de résoudre le contrat pour PSA (SMART) (ticker ignoré, on continue)
2026-08-01 18:47:19,005 [INFO] [382/503] PHM (PulteGroup), depuis 2026...
2026-08-01 18:47:25,028 [WARNING]   -> ECHEC pour PHM : Impossible de résoudre le contrat pour PHM (SMART) (ticker ignoré, on continue)
2026-08-01 18:47:25,029 [INFO] [383/503] PWR (Quanta Services), depuis 2026...
2026-08-01 18:47:31,068 [WARNING]   -> ECHEC pour PWR : Impossible de résoudre le contrat pour PWR (SMART) (ticker ignoré, on continue)
2026-08-01 18:47:31,069 [INFO] [384/503] QCOM (Qualcomm), depuis 2026...
2026-08-01 18:47:37,092 [WARNING]   -> ECHEC pour QCOM : Impossible de résoudre le contrat pour QCOM (SMART) (ticker ignoré, on continue)
2026-08-01 18:47:37,093 [INFO] [385/503] DGX (Quest Diagnostics), depuis 2026...
2026-08-01 18:47:43,126 [WARNING]   -> ECHEC pour DGX : Impossible de résoudre le contrat pour DGX (SMART) (ticker ignoré, on continue)
2026-08-01 18:47:43,127 [INFO] [386/503] Q (Qnity Electronics), depuis 2010...
2026-08-01 18:47:49,160 [WARNING]   -> ECHEC pour Q : Impossible de résoudre le contrat pour Q (SMART) (ticker ignoré, on continue)
2026-08-01 18:47:49,161 [INFO] [387/503] RL (Ralph Lauren Corporation), depuis 2026...
2026-08-01 18:47:55,199 [WARNING]   -> ECHEC pour RL : Impossible de résoudre le contrat pour RL (SMART) (ticker ignoré, on continue)
2026-08-01 18:47:55,200 [INFO] [388/503] RJF (Raymond James Financial), depuis 2026...
2026-08-01 18:48:01,238 [WARNING]   -> ECHEC pour RJF : Impossible de résoudre le contrat pour RJF (SMART) (ticker ignoré, on continue)
2026-08-01 18:48:01,238 [INFO] [389/503] RTX (RTX Corporation), depuis 2026...
2026-08-01 18:48:07,270 [WARNING]   -> ECHEC pour RTX : Impossible de résoudre le contrat pour RTX (SMART) (ticker ignoré, on continue)
2026-08-01 18:48:07,271 [INFO] [390/503] O (Realty Income), depuis 2026...
2026-08-01 18:48:13,302 [WARNING]   -> ECHEC pour O : Impossible de résoudre le contrat pour O (SMART) (ticker ignoré, on continue)
2026-08-01 18:48:13,303 [INFO] [391/503] REG (Regency Centers), depuis 2026...
2026-08-01 18:48:19,338 [WARNING]   -> ECHEC pour REG : Impossible de résoudre le contrat pour REG (SMART) (ticker ignoré, on continue)
2026-08-01 18:48:19,339 [INFO] [392/503] REGN (Regeneron Pharmaceuticals), depuis 2026...
2026-08-01 18:48:25,369 [WARNING]   -> ECHEC pour REGN : Impossible de résoudre le contrat pour REGN (SMART) (ticker ignoré, on continue)
2026-08-01 18:48:25,370 [INFO] [393/503] RF (Regions Financial Corporation), depuis 2026...
2026-08-01 18:48:31,399 [WARNING]   -> ECHEC pour RF : Impossible de résoudre le contrat pour RF (SMART) (ticker ignoré, on continue)
2026-08-01 18:48:31,400 [INFO] [394/503] RSG (Republic Services), depuis 2026...
2026-08-01 18:48:37,430 [WARNING]   -> ECHEC pour RSG : Impossible de résoudre le contrat pour RSG (SMART) (ticker ignoré, on continue)
2026-08-01 18:48:37,431 [INFO] [395/503] RMD (ResMed), depuis 2026...
2026-08-01 18:48:43,469 [WARNING]   -> ECHEC pour RMD : Impossible de résoudre le contrat pour RMD (SMART) (ticker ignoré, on continue)
2026-08-01 18:48:43,470 [INFO] [396/503] RVTY (Revvity), depuis 2026...
2026-08-01 18:48:49,509 [WARNING]   -> ECHEC pour RVTY : Impossible de résoudre le contrat pour RVTY (SMART) (ticker ignoré, on continue)
2026-08-01 18:48:49,510 [INFO] [397/503] HOOD (Robinhood Markets), depuis 2010...
2026-08-01 18:48:55,536 [WARNING]   -> ECHEC pour HOOD : Impossible de résoudre le contrat pour HOOD (SMART) (ticker ignoré, on continue)
2026-08-01 18:48:55,537 [INFO] [398/503] ROK (Rockwell Automation), depuis 2026...
2026-08-01 18:49:01,572 [WARNING]   -> ECHEC pour ROK : Impossible de résoudre le contrat pour ROK (SMART) (ticker ignoré, on continue)
2026-08-01 18:49:01,572 [INFO] [399/503] ROL (Rollins, Inc.), depuis 2026...
2026-08-01 18:49:07,608 [WARNING]   -> ECHEC pour ROL : Impossible de résoudre le contrat pour ROL (SMART) (ticker ignoré, on continue)
2026-08-01 18:49:07,609 [INFO] [400/503] ROP (Roper Technologies), depuis 2026...
2026-08-01 18:49:13,645 [WARNING]   -> ECHEC pour ROP : Impossible de résoudre le contrat pour ROP (SMART) (ticker ignoré, on continue)
2026-08-01 18:49:13,646 [INFO] [401/503] ROST (Ross Stores), depuis 2026...
2026-08-01 18:49:19,683 [WARNING]   -> ECHEC pour ROST : Impossible de résoudre le contrat pour ROST (SMART) (ticker ignoré, on continue)
2026-08-01 18:49:19,683 [INFO] [402/503] RCL (Royal Caribbean Group), depuis 2026...
2026-08-01 18:49:25,718 [WARNING]   -> ECHEC pour RCL : Impossible de résoudre le contrat pour RCL (SMART) (ticker ignoré, on continue)
2026-08-01 18:49:25,718 [INFO] [403/503] SPGI (S&P Global), depuis 2026...
2026-08-01 18:49:31,748 [WARNING]   -> ECHEC pour SPGI : Impossible de résoudre le contrat pour SPGI (SMART) (ticker ignoré, on continue)
2026-08-01 18:49:31,749 [INFO] [404/503] CRM (Salesforce), depuis 2026...
2026-08-01 18:49:37,786 [WARNING]   -> ECHEC pour CRM : Impossible de résoudre le contrat pour CRM (SMART) (ticker ignoré, on continue)
2026-08-01 18:49:37,786 [INFO] [405/503] SNDK (Sandisk), depuis 2010...
2026-08-01 18:49:43,821 [WARNING]   -> ECHEC pour SNDK : Impossible de résoudre le contrat pour SNDK (SMART) (ticker ignoré, on continue)
2026-08-01 18:49:43,822 [INFO] [406/503] SBAC (SBA Communications), depuis 2026...
2026-08-01 18:49:49,848 [WARNING]   -> ECHEC pour SBAC : Impossible de résoudre le contrat pour SBAC (SMART) (ticker ignoré, on continue)
2026-08-01 18:49:49,849 [INFO] [407/503] SLB (Schlumberger), depuis 2026...
2026-08-01 18:49:55,880 [WARNING]   -> ECHEC pour SLB : Impossible de résoudre le contrat pour SLB (SMART) (ticker ignoré, on continue)
2026-08-01 18:49:55,881 [INFO] [408/503] STX (Seagate Technology), depuis 2026...
2026-08-01 18:50:01,912 [WARNING]   -> ECHEC pour STX : Impossible de résoudre le contrat pour STX (SMART) (ticker ignoré, on continue)
2026-08-01 18:50:01,912 [INFO] [409/503] SRE (Sempra), depuis 2026...
2026-08-01 18:50:07,947 [WARNING]   -> ECHEC pour SRE : Impossible de résoudre le contrat pour SRE (SMART) (ticker ignoré, on continue)
2026-08-01 18:50:07,947 [INFO] [410/503] NOW (ServiceNow), depuis 2010...
2026-08-01 18:50:13,978 [WARNING]   -> ECHEC pour NOW : Impossible de résoudre le contrat pour NOW (SMART) (ticker ignoré, on continue)
2026-08-01 18:50:13,978 [INFO] [411/503] SHW (Sherwin-Williams), depuis 2026...
2026-08-01 18:50:20,014 [WARNING]   -> ECHEC pour SHW : Impossible de résoudre le contrat pour SHW (SMART) (ticker ignoré, on continue)
2026-08-01 18:50:20,015 [INFO] [412/503] SPG (Simon Property Group), depuis 2026...
2026-08-01 18:50:26,042 [WARNING]   -> ECHEC pour SPG : Impossible de résoudre le contrat pour SPG (SMART) (ticker ignoré, on continue)
2026-08-01 18:50:26,043 [INFO] [413/503] SWKS (Skyworks Solutions), depuis 2026...
2026-08-01 18:50:32,086 [WARNING]   -> ECHEC pour SWKS : Impossible de résoudre le contrat pour SWKS (SMART) (ticker ignoré, on continue)
2026-08-01 18:50:32,087 [INFO] [414/503] SJM (J.M. Smucker Company (The)), depuis 2026...
2026-08-01 18:50:38,121 [WARNING]   -> ECHEC pour SJM : Impossible de résoudre le contrat pour SJM (SMART) (ticker ignoré, on continue)
2026-08-01 18:50:38,122 [INFO] [415/503] SW (Smurfit Westrock), depuis 2010...
2026-08-01 18:50:44,152 [WARNING]   -> ECHEC pour SW : Impossible de résoudre le contrat pour SW (SMART) (ticker ignoré, on continue)
2026-08-01 18:50:44,152 [INFO] [416/503] SNA (Snap-on), depuis 2026...
2026-08-01 18:50:50,173 [WARNING]   -> ECHEC pour SNA : Impossible de résoudre le contrat pour SNA (SMART) (ticker ignoré, on continue)
2026-08-01 18:50:50,174 [INFO] [417/503] SOLV (Solventum), depuis 2010...
2026-08-01 18:50:56,208 [WARNING]   -> ECHEC pour SOLV : Impossible de résoudre le contrat pour SOLV (SMART) (ticker ignoré, on continue)
2026-08-01 18:50:56,209 [INFO] [418/503] SO (Southern Company), depuis 2026...
2026-08-01 18:51:02,237 [WARNING]   -> ECHEC pour SO : Impossible de résoudre le contrat pour SO (SMART) (ticker ignoré, on continue)
2026-08-01 18:51:02,238 [INFO] [419/503] LUV (Southwest Airlines), depuis 2026...
2026-08-01 18:51:08,276 [WARNING]   -> ECHEC pour LUV : Impossible de résoudre le contrat pour LUV (SMART) (ticker ignoré, on continue)
2026-08-01 18:51:08,277 [INFO] [420/503] SWK (Stanley Black & Decker), depuis 2026...
2026-08-01 18:51:14,304 [WARNING]   -> ECHEC pour SWK : Impossible de résoudre le contrat pour SWK (SMART) (ticker ignoré, on continue)
2026-08-01 18:51:14,305 [INFO] [421/503] SBUX (Starbucks), depuis 2026...
2026-08-01 18:51:20,310 [WARNING]   -> ECHEC pour SBUX : Impossible de résoudre le contrat pour SBUX (SMART) (ticker ignoré, on continue)
2026-08-01 18:51:20,311 [INFO] [422/503] STT (State Street Corporation), depuis 2026...
2026-08-01 18:51:26,349 [WARNING]   -> ECHEC pour STT : Impossible de résoudre le contrat pour STT (SMART) (ticker ignoré, on continue)
2026-08-01 18:51:26,350 [INFO] [423/503] STLD (Steel Dynamics), depuis 2026...
2026-08-01 18:51:32,389 [WARNING]   -> ECHEC pour STLD : Impossible de résoudre le contrat pour STLD (SMART) (ticker ignoré, on continue)
2026-08-01 18:51:32,390 [INFO] [424/503] STE (Steris), depuis 2026...
2026-08-01 18:51:38,424 [WARNING]   -> ECHEC pour STE : Impossible de résoudre le contrat pour STE (SMART) (ticker ignoré, on continue)
2026-08-01 18:51:38,424 [INFO] [425/503] SYK (Stryker Corporation), depuis 2026...
2026-08-01 18:51:44,451 [WARNING]   -> ECHEC pour SYK : Impossible de résoudre le contrat pour SYK (SMART) (ticker ignoré, on continue)
2026-08-01 18:51:44,451 [INFO] [426/503] SMCI (Supermicro), depuis 2026...
2026-08-01 18:51:50,476 [WARNING]   -> ECHEC pour SMCI : Impossible de résoudre le contrat pour SMCI (SMART) (ticker ignoré, on continue)
2026-08-01 18:51:50,477 [INFO] [427/503] SYF (Synchrony Financial), depuis 2010...
2026-08-01 18:51:56,511 [WARNING]   -> ECHEC pour SYF : Impossible de résoudre le contrat pour SYF (SMART) (ticker ignoré, on continue)
2026-08-01 18:51:56,512 [INFO] [428/503] SNPS (Synopsys), depuis 2026...
2026-08-01 18:52:02,541 [WARNING]   -> ECHEC pour SNPS : Impossible de résoudre le contrat pour SNPS (SMART) (ticker ignoré, on continue)
2026-08-01 18:52:02,542 [INFO] [429/503] SYY (Sysco), depuis 2026...
2026-08-01 18:52:08,577 [WARNING]   -> ECHEC pour SYY : Impossible de résoudre le contrat pour SYY (SMART) (ticker ignoré, on continue)
2026-08-01 18:52:08,578 [INFO] [430/503] TMUS (T-Mobile US), depuis 2014...
2026-08-01 18:52:14,596 [WARNING]   -> ECHEC pour TMUS : Impossible de résoudre le contrat pour TMUS (SMART) (ticker ignoré, on continue)
2026-08-01 18:52:14,597 [INFO] [431/503] TROW (T. Rowe Price), depuis 2026...
2026-08-01 18:52:20,630 [WARNING]   -> ECHEC pour TROW : Impossible de résoudre le contrat pour TROW (SMART) (ticker ignoré, on continue)
2026-08-01 18:52:20,631 [INFO] [432/503] TTWO (Take-Two Interactive), depuis 2026...
2026-08-01 18:52:26,672 [WARNING]   -> ECHEC pour TTWO : Impossible de résoudre le contrat pour TTWO (SMART) (ticker ignoré, on continue)
2026-08-01 18:52:26,673 [INFO] [433/503] TPR (Tapestry, Inc.), depuis 2026...
2026-08-01 18:52:32,710 [WARNING]   -> ECHEC pour TPR : Impossible de résoudre le contrat pour TPR (SMART) (ticker ignoré, on continue)
2026-08-01 18:52:32,711 [INFO] [434/503] TRGP (Targa Resources), depuis 2026...
2026-08-01 18:52:38,725 [WARNING]   -> ECHEC pour TRGP : Impossible de résoudre le contrat pour TRGP (SMART) (ticker ignoré, on continue)
2026-08-01 18:52:38,727 [INFO] [435/503] TGT (Target Corporation), depuis 2026...
2026-08-01 18:52:44,762 [WARNING]   -> ECHEC pour TGT : Impossible de résoudre le contrat pour TGT (SMART) (ticker ignoré, on continue)
2026-08-01 18:52:44,763 [INFO] [436/503] TEL (TE Connectivity), depuis 2026...
2026-08-01 18:52:50,797 [WARNING]   -> ECHEC pour TEL : Impossible de résoudre le contrat pour TEL (SMART) (ticker ignoré, on continue)
2026-08-01 18:52:50,798 [INFO] [437/503] TDY (Teledyne Technologies), depuis 2026...
2026-08-01 18:52:56,820 [WARNING]   -> ECHEC pour TDY : Impossible de résoudre le contrat pour TDY (SMART) (ticker ignoré, on continue)
2026-08-01 18:52:56,821 [INFO] [438/503] TER (Teradyne), depuis 2026...
2026-08-01 18:53:02,843 [WARNING]   -> ECHEC pour TER : Impossible de résoudre le contrat pour TER (SMART) (ticker ignoré, on continue)
2026-08-01 18:53:02,843 [INFO] [439/503] TSLA (Tesla, Inc.), depuis 2026...
2026-08-01 18:53:08,879 [WARNING]   -> ECHEC pour TSLA : Impossible de résoudre le contrat pour TSLA (SMART) (ticker ignoré, on continue)
2026-08-01 18:53:08,880 [INFO] [440/503] TXN (Texas Instruments), depuis 2010...
2026-08-01 18:53:14,909 [WARNING]   -> ECHEC pour TXN : Impossible de résoudre le contrat pour TXN (SMART) (ticker ignoré, on continue)
2026-08-01 18:53:14,910 [INFO] [441/503] TPL (Texas Pacific Land Corporation), depuis 2010...
2026-08-01 18:53:20,945 [WARNING]   -> ECHEC pour TPL : Impossible de résoudre le contrat pour TPL (SMART) (ticker ignoré, on continue)
2026-08-01 18:53:20,946 [INFO] [442/503] TXT (Textron), depuis 2026...
2026-08-01 18:53:26,981 [WARNING]   -> ECHEC pour TXT : Impossible de résoudre le contrat pour TXT (SMART) (ticker ignoré, on continue)
2026-08-01 18:53:26,982 [INFO] [443/503] TMO (Thermo Fisher Scientific), depuis 2026...
2026-08-01 18:53:33,003 [WARNING]   -> ECHEC pour TMO : Impossible de résoudre le contrat pour TMO (SMART) (ticker ignoré, on continue)
2026-08-01 18:53:33,004 [INFO] [444/503] TJX (TJX Companies), depuis 2026...
2026-08-01 18:53:39,044 [WARNING]   -> ECHEC pour TJX : Impossible de résoudre le contrat pour TJX (SMART) (ticker ignoré, on continue)
2026-08-01 18:53:39,045 [INFO] [445/503] TKO (TKO Group Holdings), depuis 2026...
2026-08-01 18:53:45,072 [WARNING]   -> ECHEC pour TKO : Impossible de résoudre le contrat pour TKO (SMART) (ticker ignoré, on continue)
2026-08-01 18:53:45,073 [INFO] [446/503] TTD (Trade Desk (The)), depuis 2010...
2026-08-01 18:53:51,101 [WARNING]   -> ECHEC pour TTD : Impossible de résoudre le contrat pour TTD (SMART) (ticker ignoré, on continue)
2026-08-01 18:53:51,102 [INFO] [447/503] TSCO (Tractor Supply), depuis 2026...
2026-08-01 18:53:57,126 [WARNING]   -> ECHEC pour TSCO : Impossible de résoudre le contrat pour TSCO (SMART) (ticker ignoré, on continue)
2026-08-01 18:53:57,127 [INFO] [448/503] TT (Trane Technologies), depuis 2026...
2026-08-01 18:54:03,160 [WARNING]   -> ECHEC pour TT : Impossible de résoudre le contrat pour TT (SMART) (ticker ignoré, on continue)
2026-08-01 18:54:03,160 [INFO] [449/503] TDG (TransDigm Group), depuis 2026...
2026-08-01 18:54:09,197 [WARNING]   -> ECHEC pour TDG : Impossible de résoudre le contrat pour TDG (SMART) (ticker ignoré, on continue)
2026-08-01 18:54:09,198 [INFO] [450/503] TRV (Travelers Companies (The)), depuis 2026...
2026-08-01 18:54:15,216 [WARNING]   -> ECHEC pour TRV : Impossible de résoudre le contrat pour TRV (SMART) (ticker ignoré, on continue)
2026-08-01 18:54:15,217 [INFO] [451/503] TRMB (Trimble Inc.), depuis 2026...
2026-08-01 18:54:21,250 [WARNING]   -> ECHEC pour TRMB : Impossible de résoudre le contrat pour TRMB (SMART) (ticker ignoré, on continue)
2026-08-01 18:54:21,251 [INFO] [452/503] TFC (Truist Financial), depuis 2026...
2026-08-01 18:54:27,284 [WARNING]   -> ECHEC pour TFC : Impossible de résoudre le contrat pour TFC (SMART) (ticker ignoré, on continue)
2026-08-01 18:54:27,285 [INFO] [453/503] TYL (Tyler Technologies), depuis 2026...
2026-08-01 18:54:33,311 [WARNING]   -> ECHEC pour TYL : Impossible de résoudre le contrat pour TYL (SMART) (ticker ignoré, on continue)
2026-08-01 18:54:33,311 [INFO] [454/503] TSN (Tyson Foods), depuis 2026...
2026-08-01 18:54:39,336 [WARNING]   -> ECHEC pour TSN : Impossible de résoudre le contrat pour TSN (SMART) (ticker ignoré, on continue)
2026-08-01 18:54:39,336 [INFO] [455/503] USB (U.S. Bancorp), depuis 2026...
2026-08-01 18:54:45,357 [WARNING]   -> ECHEC pour USB : Impossible de résoudre le contrat pour USB (SMART) (ticker ignoré, on continue)
2026-08-01 18:54:45,357 [INFO] [456/503] UBER (Uber), depuis 2010...
2026-08-01 18:54:51,390 [WARNING]   -> ECHEC pour UBER : Impossible de résoudre le contrat pour UBER (SMART) (ticker ignoré, on continue)
2026-08-01 18:54:51,391 [INFO] [457/503] UDR (UDR, Inc.), depuis 2026...
2026-08-01 18:54:57,409 [WARNING]   -> ECHEC pour UDR : Impossible de résoudre le contrat pour UDR (SMART) (ticker ignoré, on continue)
2026-08-01 18:54:57,410 [INFO] [458/503] ULTA (Ulta Beauty), depuis 2026...
2026-08-01 18:55:03,421 [WARNING]   -> ECHEC pour ULTA : Impossible de résoudre le contrat pour ULTA (SMART) (ticker ignoré, on continue)
2026-08-01 18:55:03,422 [INFO] [459/503] UNP (Union Pacific Corporation), depuis 2026...
2026-08-01 18:55:09,442 [WARNING]   -> ECHEC pour UNP : Impossible de résoudre le contrat pour UNP (SMART) (ticker ignoré, on continue)
2026-08-01 18:55:09,442 [INFO] [460/503] UAL (United Airlines Holdings), depuis 2010...
2026-08-01 18:55:15,464 [WARNING]   -> ECHEC pour UAL : Impossible de résoudre le contrat pour UAL (SMART) (ticker ignoré, on continue)
2026-08-01 18:55:15,464 [INFO] [461/503] UPS (United Parcel Service), depuis 2026...
2026-08-01 18:55:21,498 [WARNING]   -> ECHEC pour UPS : Impossible de résoudre le contrat pour UPS (SMART) (ticker ignoré, on continue)
2026-08-01 18:55:21,499 [INFO] [462/503] URI (United Rentals), depuis 2026...
2026-08-01 18:55:27,531 [WARNING]   -> ECHEC pour URI : Impossible de résoudre le contrat pour URI (SMART) (ticker ignoré, on continue)
2026-08-01 18:55:27,531 [INFO] [463/503] UNH (UnitedHealth Group), depuis 2026...
2026-08-01 18:55:33,560 [WARNING]   -> ECHEC pour UNH : Impossible de résoudre le contrat pour UNH (SMART) (ticker ignoré, on continue)
2026-08-01 18:55:33,561 [INFO] [464/503] UHS (Universal Health Services), depuis 2026...
2026-08-01 18:55:39,595 [WARNING]   -> ECHEC pour UHS : Impossible de résoudre le contrat pour UHS (SMART) (ticker ignoré, on continue)
2026-08-01 18:55:39,596 [INFO] [465/503] VLO (Valero Energy), depuis 2026...
2026-08-01 18:55:45,618 [WARNING]   -> ECHEC pour VLO : Impossible de résoudre le contrat pour VLO (SMART) (ticker ignoré, on continue)
2026-08-01 18:55:45,619 [INFO] [466/503] VEEV (Veeva Systems), depuis 2010...
2026-08-01 18:55:51,642 [WARNING]   -> ECHEC pour VEEV : Impossible de résoudre le contrat pour VEEV (SMART) (ticker ignoré, on continue)
2026-08-01 18:55:51,643 [INFO] [467/503] VTR (Ventas), depuis 2026...
2026-08-01 18:55:57,689 [WARNING]   -> ECHEC pour VTR : Impossible de résoudre le contrat pour VTR (SMART) (ticker ignoré, on continue)
2026-08-01 18:55:57,690 [INFO] [468/503] VLTO (Veralto), depuis 2010...
2026-08-01 18:56:03,721 [WARNING]   -> ECHEC pour VLTO : Impossible de résoudre le contrat pour VLTO (SMART) (ticker ignoré, on continue)
2026-08-01 18:56:03,722 [INFO] [469/503] VRSN (Verisign), depuis 2026...
2026-08-01 18:56:09,742 [WARNING]   -> ECHEC pour VRSN : Impossible de résoudre le contrat pour VRSN (SMART) (ticker ignoré, on continue)
2026-08-01 18:56:09,743 [INFO] [470/503] VRSK (Verisk Analytics), depuis 2026...
2026-08-01 18:56:15,773 [WARNING]   -> ECHEC pour VRSK : Impossible de résoudre le contrat pour VRSK (SMART) (ticker ignoré, on continue)
2026-08-01 18:56:15,774 [INFO] [471/503] VZ (Verizon), depuis 2026...
2026-08-01 18:56:21,811 [WARNING]   -> ECHEC pour VZ : Impossible de résoudre le contrat pour VZ (SMART) (ticker ignoré, on continue)
2026-08-01 18:56:21,811 [INFO] [472/503] VRTX (Vertex Pharmaceuticals), depuis 2026...
2026-08-01 18:56:27,838 [WARNING]   -> ECHEC pour VRTX : Impossible de résoudre le contrat pour VRTX (SMART) (ticker ignoré, on continue)
2026-08-01 18:56:27,839 [INFO] [473/503] VRT (Vertiv), depuis 2010...
2026-08-01 18:56:33,880 [WARNING]   -> ECHEC pour VRT : Impossible de résoudre le contrat pour VRT (SMART) (ticker ignoré, on continue)
2026-08-01 18:56:33,880 [INFO] [474/503] VTRS (Viatris), depuis 2026...
2026-08-01 18:56:39,910 [WARNING]   -> ECHEC pour VTRS : Impossible de résoudre le contrat pour VTRS (SMART) (ticker ignoré, on continue)
2026-08-01 18:56:39,911 [INFO] [475/503] VICI (Vici Properties), depuis 2010...
2026-08-01 18:56:45,940 [WARNING]   -> ECHEC pour VICI : Impossible de résoudre le contrat pour VICI (SMART) (ticker ignoré, on continue)
2026-08-01 18:56:45,940 [INFO] [476/503] V (Visa Inc.), depuis 2026...
2026-08-01 18:56:51,955 [WARNING]   -> ECHEC pour V : Impossible de résoudre le contrat pour V (SMART) (ticker ignoré, on continue)
2026-08-01 18:56:51,956 [INFO] [477/503] VST (Vistra Corp.), depuis 2010...
2026-08-01 18:56:57,984 [WARNING]   -> ECHEC pour VST : Impossible de résoudre le contrat pour VST (SMART) (ticker ignoré, on continue)
2026-08-01 18:56:57,985 [INFO] [478/503] VMC (Vulcan Materials Company), depuis 2026...
2026-08-01 18:57:04,026 [WARNING]   -> ECHEC pour VMC : Impossible de résoudre le contrat pour VMC (SMART) (ticker ignoré, on continue)
2026-08-01 18:57:04,027 [INFO] [479/503] WRB (W. R. Berkley Corporation), depuis 2026...
2026-08-01 18:57:10,058 [WARNING]   -> ECHEC pour WRB : Impossible de résoudre le contrat pour WRB (SMART) (ticker ignoré, on continue)
2026-08-01 18:57:10,058 [INFO] [480/503] GWW (W. W. Grainger), depuis 2026...
2026-08-01 18:57:16,094 [WARNING]   -> ECHEC pour GWW : Impossible de résoudre le contrat pour GWW (SMART) (ticker ignoré, on continue)
2026-08-01 18:57:16,094 [INFO] [481/503] WAB (Wabtec), depuis 2026...
2026-08-01 18:57:22,133 [WARNING]   -> ECHEC pour WAB : Impossible de résoudre le contrat pour WAB (SMART) (ticker ignoré, on continue)
2026-08-01 18:57:22,133 [INFO] [482/503] WMT (Walmart), depuis 2026...
2026-08-01 18:57:28,163 [WARNING]   -> ECHEC pour WMT : Impossible de résoudre le contrat pour WMT (SMART) (ticker ignoré, on continue)
2026-08-01 18:57:28,164 [INFO] [483/503] DIS (Walt Disney Company (The)), depuis 2026...
2026-08-01 18:57:34,197 [WARNING]   -> ECHEC pour DIS : Impossible de résoudre le contrat pour DIS (SMART) (ticker ignoré, on continue)
2026-08-01 18:57:34,197 [INFO] [484/503] WBD (Warner Bros. Discovery), depuis 2026...
2026-08-01 18:57:40,224 [WARNING]   -> ECHEC pour WBD : Impossible de résoudre le contrat pour WBD (SMART) (ticker ignoré, on continue)
2026-08-01 18:57:40,225 [INFO] [485/503] WM (Waste Management), depuis 2026...
2026-08-01 18:57:46,259 [WARNING]   -> ECHEC pour WM : Impossible de résoudre le contrat pour WM (SMART) (ticker ignoré, on continue)
2026-08-01 18:57:46,260 [INFO] [486/503] WAT (Waters Corporation), depuis 2026...
2026-08-01 18:57:52,305 [WARNING]   -> ECHEC pour WAT : Impossible de résoudre le contrat pour WAT (SMART) (ticker ignoré, on continue)
2026-08-01 18:57:52,306 [INFO] [487/503] WEC (WEC Energy Group), depuis 2026...
2026-08-01 18:57:58,340 [WARNING]   -> ECHEC pour WEC : Impossible de résoudre le contrat pour WEC (SMART) (ticker ignoré, on continue)
2026-08-01 18:57:58,341 [INFO] [488/503] WFC (Wells Fargo), depuis 2026...
2026-08-01 18:58:04,377 [WARNING]   -> ECHEC pour WFC : Impossible de résoudre le contrat pour WFC (SMART) (ticker ignoré, on continue)
2026-08-01 18:58:04,378 [INFO] [489/503] WELL (Welltower), depuis 2026...
2026-08-01 18:58:10,415 [WARNING]   -> ECHEC pour WELL : Impossible de résoudre le contrat pour WELL (SMART) (ticker ignoré, on continue)
2026-08-01 18:58:10,416 [INFO] [490/503] WST (West Pharmaceutical Services), depuis 2026...
2026-08-01 18:58:16,435 [WARNING]   -> ECHEC pour WST : Impossible de résoudre le contrat pour WST (SMART) (ticker ignoré, on continue)
2026-08-01 18:58:16,436 [INFO] [491/503] WDC (Western Digital), depuis 2010...
2026-08-01 18:58:22,464 [WARNING]   -> ECHEC pour WDC : Impossible de résoudre le contrat pour WDC (SMART) (ticker ignoré, on continue)
2026-08-01 18:58:22,465 [INFO] [492/503] WY (Weyerhaeuser), depuis 2026...
2026-08-01 18:58:28,494 [WARNING]   -> ECHEC pour WY : Impossible de résoudre le contrat pour WY (SMART) (ticker ignoré, on continue)
2026-08-01 18:58:28,495 [INFO] [493/503] WSM (Williams-Sonoma, Inc.), depuis 2026...
2026-08-01 18:58:34,539 [WARNING]   -> ECHEC pour WSM : Impossible de résoudre le contrat pour WSM (SMART) (ticker ignoré, on continue)
2026-08-01 18:58:34,540 [INFO] [494/503] WMB (Williams Companies), depuis 2026...
2026-08-01 18:58:40,578 [WARNING]   -> ECHEC pour WMB : Impossible de résoudre le contrat pour WMB (SMART) (ticker ignoré, on continue)
2026-08-01 18:58:40,579 [INFO] [495/503] WTW (Willis Towers Watson), depuis 2010...
2026-08-01 18:58:46,609 [WARNING]   -> ECHEC pour WTW : Impossible de résoudre le contrat pour WTW (SMART) (ticker ignoré, on continue)
2026-08-01 18:58:46,610 [INFO] [496/503] WDAY (Workday, Inc.), depuis 2010...
2026-08-01 18:58:52,642 [WARNING]   -> ECHEC pour WDAY : Impossible de résoudre le contrat pour WDAY (SMART) (ticker ignoré, on continue)
2026-08-01 18:58:52,643 [INFO] [497/503] WYNN (Wynn Resorts), depuis 2026...
2026-08-01 18:58:58,667 [WARNING]   -> ECHEC pour WYNN : Impossible de résoudre le contrat pour WYNN (SMART) (ticker ignoré, on continue)
2026-08-01 18:58:58,668 [INFO] [498/503] XEL (Xcel Energy), depuis 2010...
2026-08-01 18:59:04,704 [WARNING]   -> ECHEC pour XEL : Impossible de résoudre le contrat pour XEL (SMART) (ticker ignoré, on continue)
2026-08-01 18:59:04,705 [INFO] [499/503] XYL (Xylem Inc.), depuis 2010...
2026-08-01 18:59:10,743 [WARNING]   -> ECHEC pour XYL : Impossible de résoudre le contrat pour XYL (SMART) (ticker ignoré, on continue)
2026-08-01 18:59:10,744 [INFO] [500/503] YUM (Yum! Brands), depuis 2026...
2026-08-01 18:59:16,773 [WARNING]   -> ECHEC pour YUM : Impossible de résoudre le contrat pour YUM (SMART) (ticker ignoré, on continue)
2026-08-01 18:59:16,774 [INFO] [501/503] ZBRA (Zebra Technologies), depuis 2026...
2026-08-01 18:59:22,811 [WARNING]   -> ECHEC pour ZBRA : Impossible de résoudre le contrat pour ZBRA (SMART) (ticker ignoré, on continue)
2026-08-01 18:59:22,812 [INFO] [502/503] ZBH (Zimmer Biomet), depuis 2026...
2026-08-01 18:59:28,842 [WARNING]   -> ECHEC pour ZBH : Impossible de résoudre le contrat pour ZBH (SMART) (ticker ignoré, on continue)
2026-08-01 18:59:28,843 [INFO] [503/503] ZTS (Zoetis), depuis 2010...
2026-08-01 18:59:34,879 [WARNING]   -> ECHEC pour ZTS : Impossible de résoudre le contrat pour ZTS (SMART) (ticker ignoré, on continue)
2026-08-01 18:59:34,879 [INFO] Déconnecté d'IBKR.
2026-08-01 18:59:34,879 [INFO] Terminé. OK: 359 | Échecs: 144 | Déjà à jour (ignorés): 0 | Nouvelles lignes: 991
2026-08-01 18:59:34,948 [INFO] Fichier écrit : data\prices\year_end_prices.parquet (7882 lignes au total, 991 nouvelles/mises à jour ce run).
