2026-07-29 15:59:53,096 [INFO] Log file: data\prices\year_end_prices_20260729_155953.log
2026-07-29 15:59:53,141 [INFO] Univers chargé : 503 tickers.
2026-07-29 15:59:53,167 [INFO] 0/503 tickers déjà à jour (ignorés), 503 à récupérer.
2026-07-29 15:59:53,168 [INFO] Connecting to 127.0.0.1:4002 with clientId 3...
2026-07-29 15:59:53,170 [INFO] Connected
2026-07-29 15:59:53,252 [INFO] Logged on to server version 176
2026-07-29 15:59:53,293 [INFO] API connection ready
2026-07-29 15:59:53,302 [INFO] Warning 2104, reqId -1: Market data farm connection is OK:eufarm
2026-07-29 15:59:53,305 [INFO] Warning 2107, reqId -1: HMDS data farm connection is inactive but should be available upon demand.euhmds
2026-07-29 15:59:53,305 [INFO] Warning 2158, reqId -1: Sec-def data farm connection is OK:secdefeu
2026-07-29 15:59:53,809 [INFO] Synchronization complete
2026-07-29 15:59:53,810 [INFO] Connecté à IBKR sur 127.0.0.1:4002 (clientId=3)
2026-07-29 15:59:53,810 [INFO] [1/503] MMM (3M), depuis 2010...
2026-07-29 15:59:59,011 [INFO] Warning 2106, reqId -1: HMDS data farm connection is OK:ushmds
2026-07-29 16:00:12,369 [INFO]   -> 17 années récupérées pour MMM
2026-07-29 16:00:12,369 [INFO] [2/503] AOS (A. O. Smith), depuis 2010...
2026-07-29 16:00:26,123 [INFO]   -> 17 années récupérées pour AOS
2026-07-29 16:00:26,123 [INFO] [3/503] ABT (Abbott Laboratories), depuis 2010...
2026-07-29 16:00:39,055 [INFO]   -> 17 années récupérées pour ABT
2026-07-29 16:00:39,056 [INFO] [4/503] ABBV (AbbVie), depuis 2010...
2026-07-29 16:00:51,885 [INFO]   -> 15 années récupérées pour ABBV
2026-07-29 16:00:51,886 [INFO] [5/503] ACN (Accenture), depuis 2010...
2026-07-29 16:01:04,886 [INFO]   -> 17 années récupérées pour ACN
2026-07-29 16:01:04,887 [INFO] [6/503] ADBE (Adobe Inc.), depuis 2010...
2026-07-29 16:01:17,339 [INFO]   -> 17 années récupérées pour ADBE
2026-07-29 16:01:17,339 [INFO] [7/503] AMD (Advanced Micro Devices), depuis 2010...
2026-07-29 16:01:29,450 [INFO]   -> 12 années récupérées pour AMD
2026-07-29 16:01:29,450 [INFO] [8/503] AES (AES Corporation), depuis 2010...
2026-07-29 16:01:42,247 [INFO]   -> 17 années récupérées pour AES
2026-07-29 16:01:42,247 [INFO] [9/503] AFL (Aflac), depuis 2010...
2026-07-29 16:01:54,932 [INFO]   -> 17 années récupérées pour AFL
2026-07-29 16:01:54,933 [INFO] [10/503] A (Agilent Technologies), depuis 2010...
2026-07-29 16:02:07,692 [INFO]   -> 17 années récupérées pour A
2026-07-29 16:02:07,692 [INFO] [11/503] APD (Air Products), depuis 2010...
2026-07-29 16:02:20,637 [INFO]   -> 17 années récupérées pour APD
2026-07-29 16:02:20,638 [INFO] [12/503] ABNB (Airbnb), depuis 2010...
2026-07-29 16:02:32,384 [INFO]   -> 7 années récupérées pour ABNB
2026-07-29 16:02:32,385 [INFO] [13/503] AKAM (Akamai Technologies), depuis 2010...
2026-07-29 16:02:44,893 [INFO]   -> 17 années récupérées pour AKAM
2026-07-29 16:02:44,894 [INFO] [14/503] ALB (Albemarle Corporation), depuis 2010...
2026-07-29 16:02:57,718 [INFO]   -> 17 années récupérées pour ALB
2026-07-29 16:02:57,718 [INFO] [15/503] ARE (Alexandria Real Estate Equities), depuis 2010...
2026-07-29 16:03:10,446 [INFO]   -> 17 années récupérées pour ARE
2026-07-29 16:03:10,446 [INFO] [16/503] ALGN (Align Technology), depuis 2010...
2026-07-29 16:03:22,891 [INFO]   -> 17 années récupérées pour ALGN
2026-07-29 16:03:22,892 [INFO] [17/503] ALLE (Allegion), depuis 2010...
2026-07-29 16:03:35,466 [INFO]   -> 14 années récupérées pour ALLE
2026-07-29 16:03:35,467 [INFO] [18/503] LNT (Alliant Energy), depuis 2010...
2026-07-29 16:03:48,038 [INFO]   -> 17 années récupérées pour LNT
2026-07-29 16:03:48,038 [INFO] [19/503] ALL (Allstate), depuis 2010...
2026-07-29 16:04:00,686 [INFO]   -> 17 années récupérées pour ALL
2026-07-29 16:04:00,686 [INFO] [20/503] GOOGL (Alphabet Inc. (Class A)), depuis 2010...
2026-07-29 16:04:13,297 [INFO]   -> 17 années récupérées pour GOOGL
2026-07-29 16:04:13,297 [INFO] [21/503] GOOG (Alphabet Inc. (Class C)), depuis 2010...
2026-07-29 16:04:25,760 [INFO]   -> 13 années récupérées pour GOOG
2026-07-29 16:04:25,761 [INFO] [22/503] MO (Altria), depuis 2010...
2026-07-29 16:04:38,406 [INFO]   -> 17 années récupérées pour MO
2026-07-29 16:04:38,406 [INFO] [23/503] AMZN (Amazon), depuis 2010...
2026-07-29 16:04:50,728 [INFO]   -> 17 années récupérées pour AMZN
2026-07-29 16:04:50,729 [INFO] [24/503] AMCR (Amcor), depuis 2010...
2026-07-29 16:05:02,829 [INFO]   -> 8 années récupérées pour AMCR
2026-07-29 16:05:02,830 [INFO] [25/503] AEE (Ameren), depuis 2010...
2026-07-29 16:05:15,539 [INFO]   -> 17 années récupérées pour AEE
2026-07-29 16:05:15,539 [INFO] [26/503] AEP (American Electric Power), depuis 2010...
2026-07-29 16:05:28,131 [INFO]   -> 17 années récupérées pour AEP
2026-07-29 16:05:28,132 [INFO] [27/503] AXP (American Express), depuis 2010...
2026-07-29 16:05:40,858 [INFO]   -> 17 années récupérées pour AXP
2026-07-29 16:05:40,859 [INFO] [28/503] AIG (American International Group), depuis 2010...
2026-07-29 16:05:53,507 [INFO]   -> 17 années récupérées pour AIG
2026-07-29 16:05:53,508 [INFO] [29/503] AMT (American Tower), depuis 2010...
2026-07-29 16:06:06,343 [INFO]   -> 17 années récupérées pour AMT
2026-07-29 16:06:06,343 [INFO] [30/503] AWK (American Water Works), depuis 2010...
2026-07-29 16:06:18,977 [INFO]   -> 17 années récupérées pour AWK
2026-07-29 16:06:18,977 [INFO] [31/503] AMP (Ameriprise Financial), depuis 2010...
2026-07-29 16:06:31,899 [INFO]   -> 17 années récupérées pour AMP
2026-07-29 16:06:31,899 [INFO] [32/503] AME (Ametek), depuis 2010...
2026-07-29 16:06:44,690 [INFO]   -> 17 années récupérées pour AME
2026-07-29 16:06:44,690 [INFO] [33/503] AMGN (Amgen), depuis 2010...
2026-07-29 16:06:57,149 [INFO]   -> 17 années récupérées pour AMGN
2026-07-29 16:06:57,150 [INFO] [34/503] APH (Amphenol), depuis 2010...
2026-07-29 16:07:10,114 [INFO]   -> 17 années récupérées pour APH
2026-07-29 16:07:10,114 [INFO] [35/503] ADI (Analog Devices), depuis 2010...
2026-07-29 16:07:22,487 [INFO]   -> 15 années récupérées pour ADI
2026-07-29 16:07:22,488 [INFO] [36/503] AON (Aon plc), depuis 2010...
2026-07-29 16:07:35,306 [INFO]   -> 17 années récupérées pour AON
2026-07-29 16:07:35,307 [INFO] [37/503] APA (APA Corporation), depuis 2010...
2026-07-29 16:07:48,421 [INFO]   -> 17 années récupérées pour APA
2026-07-29 16:07:48,421 [INFO] [38/503] APO (Apollo Global Management), depuis 2010...
2026-07-29 16:08:00,786 [INFO]   -> 11 années récupérées pour APO
2026-07-29 16:08:00,786 [INFO] [39/503] AAPL (Apple Inc.), depuis 2010...
2026-07-29 16:08:13,223 [INFO]   -> 17 années récupérées pour AAPL
2026-07-29 16:08:13,223 [INFO] [40/503] AMAT (Applied Materials), depuis 2010...
2026-07-29 16:08:25,721 [INFO]   -> 17 années récupérées pour AMAT
2026-07-29 16:08:25,721 [INFO] [41/503] APP (AppLovin), depuis 2010...
2026-07-29 16:08:37,448 [INFO]   -> 6 années récupérées pour APP
2026-07-29 16:08:37,449 [INFO] [42/503] APTV (Aptiv), depuis 2010...
2026-07-29 16:08:50,159 [INFO]   -> 16 années récupérées pour APTV
2026-07-29 16:08:50,159 [INFO] [43/503] ACGL (Arch Capital Group), depuis 2010...
2026-07-29 16:09:02,448 [INFO]   -> 17 années récupérées pour ACGL
2026-07-29 16:09:02,449 [INFO] [44/503] ADM (Archer Daniels Midland), depuis 2010...
2026-07-29 16:09:15,144 [INFO]   -> 17 années récupérées pour ADM
2026-07-29 16:09:15,144 [INFO] [45/503] ARES (Ares Management), depuis 2010...
2026-07-29 16:09:27,496 [INFO]   -> 13 années récupérées pour ARES
2026-07-29 16:09:27,496 [INFO] [46/503] ANET (Arista Networks), depuis 2010...
2026-07-29 16:09:39,934 [INFO]   -> 13 années récupérées pour ANET
2026-07-29 16:09:39,934 [INFO] [47/503] AJG (Arthur J. Gallagher & Co.), depuis 2010...
2026-07-29 16:09:52,819 [INFO]   -> 17 années récupérées pour AJG
2026-07-29 16:09:52,819 [INFO] [48/503] AIZ (Assurant), depuis 2010...
2026-07-29 16:10:05,573 [INFO]   -> 17 années récupérées pour AIZ
2026-07-29 16:10:05,574 [INFO] [49/503] T (AT&T), depuis 2010...
2026-07-29 16:10:18,164 [INFO]   -> 17 années récupérées pour T
2026-07-29 16:10:18,165 [INFO] [50/503] ATO (Atmos Energy), depuis 2010...
2026-07-29 16:10:30,867 [INFO]   -> 17 années récupérées pour ATO
2026-07-29 16:10:30,868 [INFO] [51/503] ADSK (Autodesk), depuis 2010...
2026-07-29 16:10:43,254 [INFO]   -> 17 années récupérées pour ADSK
2026-07-29 16:10:43,254 [INFO] [52/503] ADP (Automatic Data Processing), depuis 2010...
2026-07-29 16:10:55,919 [INFO]   -> 17 années récupérées pour ADP
2026-07-29 16:10:55,919 [INFO] [53/503] AZO (AutoZone), depuis 2010...
2026-07-29 16:11:08,400 [INFO]   -> 17 années récupérées pour AZO
2026-07-29 16:11:08,400 [INFO] [54/503] AVB (AvalonBay Communities), depuis 2010...
2026-07-29 16:11:21,243 [INFO]   -> 17 années récupérées pour AVB
2026-07-29 16:11:21,244 [INFO] [55/503] AVY (Avery Dennison), depuis 2010...
2026-07-29 16:11:34,008 [INFO]   -> 17 années récupérées pour AVY
2026-07-29 16:11:34,009 [INFO] [56/503] AXON (Axon Enterprise), depuis 2010...
2026-07-29 16:11:46,636 [INFO]   -> 17 années récupérées pour AXON
2026-07-29 16:11:46,636 [INFO] [57/503] BKR (Baker Hughes), depuis 2010...
2026-07-29 16:11:59,353 [INFO]   -> 10 années récupérées pour BKR
2026-07-29 16:11:59,354 [INFO] [58/503] BALL (Ball Corporation), depuis 2010...
2026-07-29 16:12:12,305 [INFO]   -> 17 années récupérées pour BALL
2026-07-29 16:12:12,305 [INFO] [59/503] BAC (Bank of America), depuis 2010...
2026-07-29 16:12:25,343 [INFO]   -> 17 années récupérées pour BAC
2026-07-29 16:12:25,344 [INFO] [60/503] BAX (Baxter International), depuis 2010...
2026-07-29 16:12:38,086 [INFO]   -> 17 années récupérées pour BAX
2026-07-29 16:12:38,086 [INFO] [61/503] BDX (Becton Dickinson), depuis 2010...
2026-07-29 16:12:51,316 [INFO]   -> 17 années récupérées pour BDX
2026-07-29 16:12:51,316 [INFO] [62/503] BRK B (Berkshire Hathaway), depuis 2010...
2026-07-29 16:13:04,635 [INFO]   -> 17 années récupérées pour BRK B
2026-07-29 16:13:04,635 [INFO] [63/503] BBY (Best Buy), depuis 2010...
2026-07-29 16:13:17,609 [INFO]   -> 17 années récupérées pour BBY
2026-07-29 16:13:17,609 [INFO] [64/503] TECH (Bio-Techne), depuis 2010...
2026-07-29 16:13:29,964 [INFO]   -> 17 années récupérées pour TECH
2026-07-29 16:13:29,965 [INFO] [65/503] BIIB (Biogen), depuis 2010...
2026-07-29 16:13:42,295 [INFO]   -> 17 années récupérées pour BIIB
2026-07-29 16:13:42,296 [INFO] [66/503] BLK (BlackRock), depuis 2010...
2026-07-29 16:13:55,072 [INFO]   -> 17 années récupérées pour BLK
2026-07-29 16:13:55,073 [INFO] [67/503] BX (Blackstone Inc.), depuis 2010...
2026-07-29 16:14:07,906 [INFO]   -> 17 années récupérées pour BX
2026-07-29 16:14:07,906 [INFO] [68/503] XYZ (Block, Inc.), depuis 2010...
2026-07-29 16:14:20,572 [INFO]   -> 12 années récupérées pour XYZ
2026-07-29 16:14:20,573 [INFO] [69/503] BNY (BNY Mellon), depuis 2010...
2026-07-29 16:14:33,143 [INFO]   -> 17 années récupérées pour BNY
2026-07-29 16:14:33,143 [INFO] [70/503] BA (Boeing), depuis 2010...
2026-07-29 16:14:45,760 [INFO]   -> 17 années récupérées pour BA
2026-07-29 16:14:45,761 [INFO] [71/503] BKNG (Booking Holdings), depuis 2010...
2026-07-29 16:14:58,239 [INFO]   -> 17 années récupérées pour BKNG
2026-07-29 16:14:58,240 [INFO] [72/503] BSX (Boston Scientific), depuis 2010...
2026-07-29 16:15:10,788 [INFO]   -> 17 années récupérées pour BSX
2026-07-29 16:15:10,788 [INFO] [73/503] BMY (Bristol Myers Squibb), depuis 2010...
2026-07-29 16:15:23,445 [INFO]   -> 17 années récupérées pour BMY
2026-07-29 16:15:23,445 [INFO] [74/503] AVGO (Broadcom), depuis 2010...
2026-07-29 16:15:35,732 [INFO]   -> 11 années récupérées pour AVGO
2026-07-29 16:15:35,733 [INFO] [75/503] BR (Broadridge Financial Solutions), depuis 2010...
2026-07-29 16:15:48,350 [INFO]   -> 17 années récupérées pour BR
2026-07-29 16:15:48,351 [INFO] [76/503] BRO (Brown & Brown), depuis 2010...
2026-07-29 16:16:01,127 [INFO]   -> 17 années récupérées pour BRO
2026-07-29 16:16:01,128 [INFO] [77/503] BF B (Brown–Forman), depuis 2010...
2026-07-29 16:16:14,195 [INFO]   -> 17 années récupérées pour BF B
2026-07-29 16:16:14,196 [INFO] [78/503] BLDR (Builders FirstSource), depuis 2010...
2026-07-29 16:16:27,048 [INFO]   -> 17 années récupérées pour BLDR
2026-07-29 16:16:27,048 [INFO] [79/503] BG (Bunge Global), depuis 2010...
2026-07-29 16:16:39,980 [INFO]   -> 17 années récupérées pour BG
2026-07-29 16:16:39,981 [INFO] [80/503] BXP (BXP, Inc.), depuis 2010...
2026-07-29 16:16:52,950 [INFO]   -> 17 années récupérées pour BXP
2026-07-29 16:16:52,950 [INFO] [81/503] CHRW (C.H. Robinson), depuis 2010...
2026-07-29 16:17:05,357 [INFO]   -> 17 années récupérées pour CHRW
2026-07-29 16:17:05,357 [INFO] [82/503] CDNS (Cadence Design Systems), depuis 2010...
2026-07-29 16:17:18,226 [INFO]   -> 17 années récupérées pour CDNS
2026-07-29 16:17:18,226 [INFO] [83/503] CPT (Camden Property Trust), depuis 2010...
2026-07-29 16:17:30,778 [INFO]   -> 17 années récupérées pour CPT
2026-07-29 16:17:30,778 [INFO] [84/503] COF (Capital One), depuis 2010...
2026-07-29 16:17:43,542 [INFO]   -> 17 années récupérées pour COF
2026-07-29 16:17:43,542 [INFO] [85/503] CAH (Cardinal Health), depuis 2010...
2026-07-29 16:17:56,205 [INFO]   -> 17 années récupérées pour CAH
2026-07-29 16:17:56,205 [INFO] [86/503] CCL (Carnival Corporation), depuis 2010...
2026-07-29 16:18:09,035 [INFO]   -> 17 années récupérées pour CCL
2026-07-29 16:18:09,035 [INFO] [87/503] CARR (Carrier Global), depuis 2010...
2026-07-29 16:18:21,114 [INFO]   -> 7 années récupérées pour CARR
2026-07-29 16:18:21,115 [INFO] [88/503] CVNA (Carvana), depuis 2010...
2026-07-29 16:18:33,525 [INFO]   -> 10 années récupérées pour CVNA
2026-07-29 16:18:33,526 [INFO] [89/503] CASY (Casey's), depuis 2010...
2026-07-29 16:18:45,874 [INFO]   -> 17 années récupérées pour CASY
2026-07-29 16:18:45,874 [INFO] [90/503] CAT (Caterpillar Inc.), depuis 2010...
2026-07-29 16:18:58,385 [INFO]   -> 17 années récupérées pour CAT
2026-07-29 16:18:58,386 [INFO] [91/503] CBOE (Cboe Global Markets), depuis 2010...
2026-07-29 16:19:10,872 [INFO]   -> 17 années récupérées pour CBOE
2026-07-29 16:19:10,872 [INFO] [92/503] CBRE (CBRE Group), depuis 2010...
2026-07-29 16:19:23,542 [INFO]   -> 17 années récupérées pour CBRE
2026-07-29 16:19:23,543 [INFO] [93/503] CDW (CDW Corporation), depuis 2010...
2026-07-29 16:19:35,708 [INFO]   -> 14 années récupérées pour CDW
2026-07-29 16:19:35,708 [INFO] [94/503] COR (Cencora), depuis 2010...
2026-07-29 16:19:48,297 [INFO]   -> 17 années récupérées pour COR
2026-07-29 16:19:48,297 [INFO] [95/503] CNC (Centene Corporation), depuis 2010...
2026-07-29 16:20:00,986 [INFO]   -> 17 années récupérées pour CNC
2026-07-29 16:20:00,986 [INFO] [96/503] CNP (CenterPoint Energy), depuis 2010...
2026-07-29 16:20:13,690 [INFO]   -> 17 années récupérées pour CNP
2026-07-29 16:20:13,690 [INFO] [97/503] CF (CF Industries), depuis 2010...
2026-07-29 16:20:27,048 [INFO]   -> 17 années récupérées pour CF
2026-07-29 16:20:27,048 [INFO] [98/503] CRL (Charles River Laboratories), depuis 2010...
2026-07-29 16:20:39,501 [INFO]   -> 17 années récupérées pour CRL
2026-07-29 16:20:39,501 [INFO] [99/503] SCHW (Charles Schwab Corporation), depuis 2010...
2026-07-29 16:20:52,541 [INFO]   -> 17 années récupérées pour SCHW
2026-07-29 16:20:52,541 [INFO] [100/503] CHTR (Charter Communications), depuis 2010...
2026-07-29 16:21:04,936 [INFO]   -> 17 années récupérées pour CHTR
2026-07-29 16:21:04,936 [INFO] [101/503] CVX (Chevron Corporation), depuis 2010...
2026-07-29 16:21:17,579 [INFO]   -> 17 années récupérées pour CVX
2026-07-29 16:21:17,581 [INFO] [102/503] CMG (Chipotle Mexican Grill), depuis 2010...
2026-07-29 16:21:30,064 [INFO]   -> 17 années récupérées pour CMG
2026-07-29 16:21:30,064 [INFO] [103/503] CB (Chubb Limited), depuis 2010...
2026-07-29 16:21:42,543 [INFO]   -> 17 années récupérées pour CB
2026-07-29 16:21:42,544 [INFO] [104/503] CHD (Church & Dwight), depuis 2010...
2026-07-29 16:21:55,298 [INFO]   -> 17 années récupérées pour CHD
2026-07-29 16:21:55,299 [INFO] [105/503] CIEN (Ciena), depuis 2010...
2026-07-29 16:22:08,271 [INFO]   -> 17 années récupérées pour CIEN
2026-07-29 16:22:08,272 [INFO] [106/503] CI (Cigna), depuis 2010...
2026-07-29 16:22:21,096 [INFO]   -> 17 années récupérées pour CI
2026-07-29 16:22:21,097 [INFO] [107/503] CINF (Cincinnati Financial), depuis 2010...
2026-07-29 16:22:33,554 [INFO]   -> 17 années récupérées pour CINF
2026-07-29 16:22:33,554 [INFO] [108/503] CTAS (Cintas), depuis 2010...
2026-07-29 16:22:45,927 [INFO]   -> 17 années récupérées pour CTAS
2026-07-29 16:22:45,928 [INFO] [109/503] CSCO (Cisco), depuis 2010...
2026-07-29 16:22:58,223 [INFO]   -> 17 années récupérées pour CSCO
2026-07-29 16:22:58,224 [INFO] [110/503] C (Citigroup), depuis 2010...
2026-07-29 16:23:10,945 [INFO]   -> 17 années récupérées pour C
2026-07-29 16:23:10,945 [INFO] [111/503] CFG (Citizens Financial Group), depuis 2010...
2026-07-29 16:23:23,397 [INFO]   -> 13 années récupérées pour CFG
2026-07-29 16:23:23,397 [INFO] [112/503] CLX (Clorox), depuis 2010...
2026-07-29 16:23:36,086 [INFO]   -> 17 années récupérées pour CLX
2026-07-29 16:23:36,087 [INFO] [113/503] CME (CME Group), depuis 2010...
2026-07-29 16:23:48,400 [INFO]   -> 17 années récupérées pour CME
2026-07-29 16:23:48,402 [INFO] [114/503] CMS (CMS Energy), depuis 2010...
2026-07-29 16:24:01,025 [INFO]   -> 17 années récupérées pour CMS
2026-07-29 16:24:01,025 [INFO] [115/503] KO (Coca-Cola Company (The)), depuis 2010...
2026-07-29 16:24:13,969 [INFO]   -> 17 années récupérées pour KO
2026-07-29 16:24:13,970 [INFO] [116/503] CTSH (Cognizant), depuis 2010...
2026-07-29 16:24:26,243 [INFO]   -> 17 années récupérées pour CTSH
2026-07-29 16:24:26,243 [INFO] [117/503] COHR (Coherent Corp.), depuis 2010...
2026-07-29 16:24:38,951 [INFO]   -> 17 années récupérées pour COHR
2026-07-29 16:24:38,953 [INFO] [118/503] COIN (Coinbase), depuis 2010...
2026-07-29 16:24:50,726 [INFO]   -> 6 années récupérées pour COIN
2026-07-29 16:24:50,727 [INFO] [119/503] CL (Colgate-Palmolive), depuis 2010...
2026-07-29 16:25:03,303 [INFO]   -> 17 années récupérées pour CL
2026-07-29 16:25:03,303 [INFO] [120/503] CMCSA (Comcast), depuis 2010...
2026-07-29 16:25:16,086 [INFO]   -> 17 années récupérées pour CMCSA
2026-07-29 16:25:16,086 [INFO] [121/503] FIX (Comfort Systems USA), depuis 2010...
2026-07-29 16:25:29,126 [INFO]   -> 17 années récupérées pour FIX
2026-07-29 16:25:29,126 [INFO] [122/503] COP (ConocoPhillips), depuis 2010...
2026-07-29 16:25:42,131 [INFO]   -> 17 années récupérées pour COP
2026-07-29 16:25:42,132 [INFO] [123/503] ED (Consolidated Edison), depuis 2010...
2026-07-29 16:25:55,330 [INFO]   -> 17 années récupérées pour ED
2026-07-29 16:25:55,330 [INFO] [124/503] STZ (Constellation Brands), depuis 2010...
2026-07-29 16:26:08,292 [INFO]   -> 17 années récupérées pour STZ
2026-07-29 16:26:08,292 [INFO] [125/503] CEG (Constellation Energy), depuis 2010...
2026-07-29 16:26:20,511 [INFO]   -> 5 années récupérées pour CEG
2026-07-29 16:26:20,512 [INFO] [126/503] COO (Cooper Companies (The)), depuis 2010...
2026-07-29 16:26:32,404 [INFO]   -> 4 années récupérées pour COO
2026-07-29 16:26:32,405 [INFO] [127/503] CPRT (Copart), depuis 2010...
2026-07-29 16:26:44,809 [INFO]   -> 17 années récupérées pour CPRT
2026-07-29 16:26:44,810 [INFO] [128/503] GLW (Corning Inc.), depuis 2010...
2026-07-29 16:26:57,730 [INFO]   -> 17 années récupérées pour GLW
2026-07-29 16:26:57,731 [INFO] [129/503] CPAY (Corpay), depuis 2010...
2026-07-29 16:27:10,441 [INFO]   -> 17 années récupérées pour CPAY
2026-07-29 16:27:10,442 [INFO] [130/503] CTVA (Corteva), depuis 2010...
2026-07-29 16:27:23,038 [INFO]   -> 8 années récupérées pour CTVA
2026-07-29 16:27:23,038 [INFO] [131/503] CSGP (CoStar Group), depuis 2010...
2026-07-29 16:27:35,425 [INFO]   -> 17 années récupérées pour CSGP
2026-07-29 16:27:35,425 [INFO] [132/503] COST (Costco), depuis 2010...
2026-07-29 16:27:48,504 [INFO]   -> 17 années récupérées pour COST
2026-07-29 16:27:48,504 [INFO] [133/503] CRH (CRH plc), depuis 2010...
2026-07-29 16:28:01,172 [INFO]   -> 4 années récupérées pour CRH
2026-07-29 16:28:01,172 [INFO] [134/503] CRWD (CrowdStrike), depuis 2010...
2026-07-29 16:28:13,172 [INFO]   -> 8 années récupérées pour CRWD
2026-07-29 16:28:13,173 [INFO] [135/503] CCI (Crown Castle), depuis 2010...
2026-07-29 16:28:25,897 [INFO]   -> 17 années récupérées pour CCI
2026-07-29 16:28:25,897 [INFO] [136/503] CSX (CSX Corporation), depuis 2010...
2026-07-29 16:28:38,352 [INFO]   -> 12 années récupérées pour CSX
2026-07-29 16:28:38,353 [INFO] [137/503] CMI (Cummins), depuis 2010...
2026-07-29 16:28:51,080 [INFO]   -> 17 années récupérées pour CMI
2026-07-29 16:28:51,080 [INFO] [138/503] CVS (CVS Health), depuis 2010...
2026-07-29 16:29:03,875 [INFO]   -> 17 années récupérées pour CVS
2026-07-29 16:29:03,875 [INFO] [139/503] DHR (Danaher Corporation), depuis 2010...
2026-07-29 16:29:17,047 [INFO]   -> 17 années récupérées pour DHR
2026-07-29 16:29:17,047 [INFO] [140/503] DRI (Darden Restaurants), depuis 2010...
2026-07-29 16:29:29,929 [INFO]   -> 17 années récupérées pour DRI
2026-07-29 16:29:29,929 [INFO] [141/503] DDOG (Datadog), depuis 2010...
2026-07-29 16:29:42,034 [INFO]   -> 8 années récupérées pour DDOG
2026-07-29 16:29:42,034 [INFO] [142/503] DVA (DaVita), depuis 2010...
2026-07-29 16:29:54,678 [INFO]   -> 17 années récupérées pour DVA
2026-07-29 16:29:54,679 [INFO] [143/503] DECK (Deckers Brands), depuis 2010...
2026-07-29 16:30:07,221 [INFO]   -> 17 années récupérées pour DECK
2026-07-29 16:30:07,221 [INFO] [144/503] DE (Deere & Company), depuis 2010...
2026-07-29 16:30:20,134 [INFO]   -> 17 années récupérées pour DE
2026-07-29 16:30:20,135 [INFO] [145/503] DELL (Dell Technologies), depuis 2010...
2026-07-29 16:30:33,100 [INFO]   -> 9 années récupérées pour DELL
2026-07-29 16:30:33,101 [INFO] [146/503] DAL (Delta Air Lines), depuis 2010...
2026-07-29 16:30:46,369 [INFO]   -> 17 années récupérées pour DAL
2026-07-29 16:30:46,369 [INFO] [147/503] DVN (Devon Energy), depuis 2010...
2026-07-29 16:30:59,548 [INFO]   -> 17 années récupérées pour DVN
2026-07-29 16:30:59,548 [INFO] [148/503] DXCM (Dexcom), depuis 2010...
2026-07-29 16:31:12,028 [INFO]   -> 17 années récupérées pour DXCM
2026-07-29 16:31:12,029 [INFO] [149/503] FANG (Diamondback Energy), depuis 2010...
2026-07-29 16:31:24,479 [INFO]   -> 15 années récupérées pour FANG
2026-07-29 16:31:24,480 [INFO] [150/503] DLR (Digital Realty), depuis 2010...
2026-07-29 16:31:37,308 [INFO]   -> 17 années récupérées pour DLR
2026-07-29 16:31:37,309 [INFO] [151/503] DG (Dollar General), depuis 2010...
2026-07-29 16:31:50,092 [INFO]   -> 17 années récupérées pour DG
2026-07-29 16:31:50,093 [INFO] [152/503] DLTR (Dollar Tree), depuis 2010...
2026-07-29 16:32:02,384 [INFO]   -> 17 années récupérées pour DLTR
2026-07-29 16:32:02,384 [INFO] [153/503] D (Dominion Energy), depuis 2010...
2026-07-29 16:32:15,278 [INFO]   -> 17 années récupérées pour D
2026-07-29 16:32:15,278 [INFO] [154/503] DPZ (Domino's), depuis 2010...
2026-07-29 16:32:28,087 [INFO]   -> 17 années récupérées pour DPZ
2026-07-29 16:32:28,087 [INFO] [155/503] DASH (DoorDash), depuis 2010...
2026-07-29 16:32:40,720 [INFO]   -> 7 années récupérées pour DASH
2026-07-29 16:32:40,721 [INFO] [156/503] DOV (Dover Corporation), depuis 2010...
2026-07-29 16:32:53,831 [INFO]   -> 17 années récupérées pour DOV
2026-07-29 16:32:53,831 [INFO] [157/503] DOW (Dow Inc.), depuis 2010...
2026-07-29 16:33:07,154 [INFO]   -> 8 années récupérées pour DOW
2026-07-29 16:33:07,154 [INFO] [158/503] DHI (D. R. Horton), depuis 2010...
2026-07-29 16:33:20,405 [INFO]   -> 17 années récupérées pour DHI
2026-07-29 16:33:20,405 [INFO] [159/503] DTE (DTE Energy), depuis 2010...
2026-07-29 16:33:33,407 [INFO]   -> 17 années récupérées pour DTE
2026-07-29 16:33:33,407 [INFO] [160/503] DUK (Duke Energy), depuis 2010...
2026-07-29 16:33:47,175 [INFO]   -> 17 années récupérées pour DUK
2026-07-29 16:33:47,176 [INFO] [161/503] DD (DuPont), depuis 2010...
2026-07-29 16:34:00,184 [INFO]   -> 10 années récupérées pour DD
2026-07-29 16:34:00,186 [INFO] [162/503] ETN (Eaton Corporation), depuis 2010...
2026-07-29 16:34:13,247 [INFO]   -> 17 années récupérées pour ETN
2026-07-29 16:34:13,247 [INFO] [163/503] EBAY (eBay Inc.), depuis 2010...
2026-07-29 16:34:25,633 [INFO]   -> 17 années récupérées pour EBAY
2026-07-29 16:34:25,633 [INFO] [164/503] ECHO (EchoStar), depuis 2010...
2026-07-29 16:34:38,623 [INFO]   -> 17 années récupérées pour ECHO
2026-07-29 16:34:38,623 [INFO] [165/503] ECL (Ecolab), depuis 2010...
2026-07-29 16:34:51,997 [INFO]   -> 17 années récupérées pour ECL
2026-07-29 16:34:51,998 [INFO] [166/503] EIX (Edison International), depuis 2010...
2026-07-29 16:35:06,414 [INFO]   -> 17 années récupérées pour EIX
2026-07-29 16:35:06,414 [INFO] [167/503] EW (Edwards Lifesciences), depuis 2010...
2026-07-29 16:35:19,469 [INFO]   -> 17 années récupérées pour EW
2026-07-29 16:35:19,469 [INFO] [168/503] EA (Electronic Arts), depuis 2010...
2026-07-29 16:35:31,888 [INFO]   -> 17 années récupérées pour EA
2026-07-29 16:35:31,889 [INFO] [169/503] ELV (Elevance Health), depuis 2010...
2026-07-29 16:35:45,076 [INFO]   -> 17 années récupérées pour ELV
2026-07-29 16:35:45,076 [INFO] [170/503] EME (Emcor), depuis 2010...
2026-07-29 16:35:58,118 [INFO]   -> 17 années récupérées pour EME
2026-07-29 16:35:58,119 [INFO] [171/503] EMR (Emerson Electric), depuis 2010...
2026-07-29 16:36:14,711 [INFO]   -> 17 années récupérées pour EMR
2026-07-29 16:36:14,711 [INFO] [172/503] ETR (Entergy), depuis 2010...
2026-07-29 16:36:29,873 [INFO]   -> 17 années récupérées pour ETR
2026-07-29 16:36:29,874 [INFO] [173/503] EOG (EOG Resources), depuis 2010...
2026-07-29 16:36:45,996 [INFO]   -> 17 années récupérées pour EOG
2026-07-29 16:36:45,996 [INFO] [174/503] EQT (EQT Corporation), depuis 2010...
2026-07-29 16:36:59,220 [INFO]   -> 17 années récupérées pour EQT
2026-07-29 16:36:59,220 [INFO] [175/503] EFX (Equifax), depuis 2010...
2026-07-29 16:37:13,874 [INFO]   -> 17 années récupérées pour EFX
2026-07-29 16:37:13,875 [INFO] [176/503] EQIX (Equinix), depuis 2010...
2026-07-29 16:37:28,722 [INFO]   -> 17 années récupérées pour EQIX
2026-07-29 16:37:28,724 [INFO] [177/503] EQR (Equity Residential), depuis 2010...
2026-07-29 16:37:41,929 [INFO]   -> 17 années récupérées pour EQR
2026-07-29 16:37:41,929 [INFO] [178/503] ERIE (Erie Indemnity), depuis 2010...
2026-07-29 16:37:54,719 [INFO]   -> 17 années récupérées pour ERIE
2026-07-29 16:37:54,720 [INFO] [179/503] ESS (Essex Property Trust), depuis 2010...
2026-07-29 16:38:07,887 [INFO]   -> 17 années récupérées pour ESS
2026-07-29 16:38:07,888 [INFO] [180/503] EL (Estée Lauder Companies (The)), depuis 2010...
2026-07-29 16:38:20,895 [INFO]   -> 17 années récupérées pour EL
2026-07-29 16:38:20,895 [INFO] [181/503] EG (Everest Group), depuis 2010...
2026-07-29 16:38:33,998 [INFO]   -> 17 années récupérées pour EG
2026-07-29 16:38:33,999 [INFO] [182/503] EVRG (Evergy), depuis 2010...
2026-07-29 16:38:47,049 [INFO]   -> 9 années récupérées pour EVRG
2026-07-29 16:38:47,050 [INFO] [183/503] ES (Eversource Energy), depuis 2010...
2026-07-29 16:39:00,068 [INFO]   -> 17 années récupérées pour ES
2026-07-29 16:39:00,069 [INFO] [184/503] EXC (Exelon), depuis 2010...
2026-07-29 16:39:13,482 [INFO]   -> 17 années récupérées pour EXC
2026-07-29 16:39:13,484 [INFO] [185/503] EXE (Expand Energy), depuis 2010...
2026-07-29 16:39:25,679 [INFO]   -> 6 années récupérées pour EXE
2026-07-29 16:39:25,680 [INFO] [186/503] EXPE (Expedia Group), depuis 2010...
2026-07-29 16:39:38,746 [INFO]   -> 17 années récupérées pour EXPE
2026-07-29 16:39:38,747 [INFO] [187/503] EXPD (Expeditors International), depuis 2010...
2026-07-29 16:39:52,195 [INFO]   -> 17 années récupérées pour EXPD
2026-07-29 16:39:52,195 [INFO] [188/503] EXR (Extra Space Storage), depuis 2010...
2026-07-29 16:40:05,259 [INFO]   -> 17 années récupérées pour EXR
2026-07-29 16:40:05,260 [INFO] [189/503] XOM (ExxonMobil), depuis 2010...
2026-07-29 16:40:18,876 [INFO]   -> 17 années récupérées pour XOM
2026-07-29 16:40:18,877 [INFO] [190/503] FFIV (F5, Inc.), depuis 2010...
2026-07-29 16:40:31,552 [INFO]   -> 17 années récupérées pour FFIV
2026-07-29 16:40:31,553 [INFO] [191/503] FDS (FactSet), depuis 2010...
2026-07-29 16:40:44,642 [INFO]   -> 17 années récupérées pour FDS
2026-07-29 16:40:44,643 [INFO] [192/503] FICO (Fair Isaac), depuis 2010...
2026-07-29 16:40:57,771 [INFO]   -> 17 années récupérées pour FICO
2026-07-29 16:40:57,772 [INFO] [193/503] FAST (Fastenal), depuis 2010...
2026-07-29 16:41:10,570 [INFO]   -> 17 années récupérées pour FAST
2026-07-29 16:41:10,571 [INFO] [194/503] FRT (Federal Realty Investment Trust), depuis 2010...
2026-07-29 16:41:23,794 [INFO]   -> 17 années récupérées pour FRT
2026-07-29 16:41:23,794 [INFO] [195/503] FDX (FedEx), depuis 2010...
2026-07-29 16:41:39,879 [INFO]   -> 17 années récupérées pour FDX
2026-07-29 16:41:39,880 [INFO] [196/503] FDXF (FedEx Freight), depuis 2010...
2026-07-29 16:41:52,096 [INFO]   -> 1 années récupérées pour FDXF
2026-07-29 16:41:52,097 [INFO] [197/503] FIS (Fidelity National Information Services), depuis 2010...
2026-07-29 16:42:05,031 [INFO]   -> 17 années récupérées pour FIS
2026-07-29 16:42:05,033 [INFO] [198/503] FITB (Fifth Third Bancorp), depuis 2010...
2026-07-29 16:42:18,115 [INFO]   -> 17 années récupérées pour FITB
2026-07-29 16:42:18,116 [INFO] [199/503] FSLR (First Solar), depuis 2010...
2026-07-29 16:42:30,671 [INFO]   -> 17 années récupérées pour FSLR
2026-07-29 16:42:30,672 [INFO] [200/503] FE (FirstEnergy), depuis 2010...
2026-07-29 16:42:43,747 [INFO]   -> 17 années récupérées pour FE
2026-07-29 16:42:43,747 [INFO] [201/503] FISV (Fiserv), depuis 2010...
2026-07-29 16:42:56,846 [INFO]   -> 17 années récupérées pour FISV
2026-07-29 16:42:56,846 [INFO] [202/503] FLEX (Flex Ltd.), depuis 2010...
2026-07-29 16:43:09,347 [INFO]   -> 17 années récupérées pour FLEX
2026-07-29 16:43:09,348 [INFO] [203/503] F (Ford Motor Company), depuis 2010...
2026-07-29 16:43:22,598 [INFO]   -> 17 années récupérées pour F
2026-07-29 16:43:22,598 [INFO] [204/503] FTNT (Fortinet), depuis 2010...
2026-07-29 16:43:35,698 [INFO]   -> 17 années récupérées pour FTNT
2026-07-29 16:43:35,699 [INFO] [205/503] FTV (Fortive), depuis 2010...
2026-07-29 16:43:48,498 [INFO]   -> 11 années récupérées pour FTV
2026-07-29 16:43:48,499 [INFO] [206/503] FOXA (Fox Corporation (Class A)), depuis 2010...
2026-07-29 16:44:01,745 [INFO]   -> 8 années récupérées pour FOXA
2026-07-29 16:44:01,745 [INFO] [207/503] FOX (Fox Corporation (Class B)), depuis 2010...
2026-07-29 16:44:14,736 [INFO]   -> 8 années récupérées pour FOX
2026-07-29 16:44:14,738 [INFO] [208/503] BEN (Franklin Resources), depuis 2010...
2026-07-29 16:44:27,797 [INFO]   -> 17 années récupérées pour BEN
2026-07-29 16:44:27,798 [INFO] [209/503] FCX (Freeport-McMoRan), depuis 2010...
2026-07-29 16:44:41,140 [INFO]   -> 17 années récupérées pour FCX
2026-07-29 16:44:41,140 [INFO] [210/503] GRMN (Garmin), depuis 2010...
2026-07-29 16:44:54,338 [INFO]   -> 17 années récupérées pour GRMN
2026-07-29 16:44:54,339 [INFO] [211/503] IT (Gartner), depuis 2010...
2026-07-29 16:45:07,460 [INFO]   -> 17 années récupérées pour IT
2026-07-29 16:45:07,461 [INFO] [212/503] GE (GE Aerospace), depuis 2010...
2026-07-29 16:45:20,572 [INFO]   -> 17 années récupérées pour GE
2026-07-29 16:45:20,573 [INFO] [213/503] GEHC (GE HealthCare), depuis 2010...
2026-07-29 16:45:32,925 [INFO]   -> 5 années récupérées pour GEHC
2026-07-29 16:45:32,926 [INFO] [214/503] GEV (GE Vernova), depuis 2010...
2026-07-29 16:45:45,166 [INFO]   -> 3 années récupérées pour GEV
2026-07-29 16:45:45,167 [INFO] [215/503] GEN (Gen Digital), depuis 2010...
2026-07-29 16:45:58,360 [INFO]   -> 17 années récupérées pour GEN
2026-07-29 16:45:58,361 [INFO] [216/503] GNRC (Generac), depuis 2010...
2026-07-29 16:46:11,025 [INFO]   -> 17 années récupérées pour GNRC
2026-07-29 16:46:11,026 [INFO] [217/503] GD (General Dynamics), depuis 2010...
2026-07-29 16:46:24,268 [INFO]   -> 17 années récupérées pour GD
2026-07-29 16:46:24,269 [INFO] [218/503] GIS (General Mills), depuis 2010...
2026-07-29 16:46:37,099 [INFO]   -> 17 années récupérées pour GIS
2026-07-29 16:46:37,100 [INFO] [219/503] GM (General Motors), depuis 2010...
2026-07-29 16:46:49,883 [INFO]   -> 17 années récupérées pour GM
2026-07-29 16:46:49,884 [INFO] [220/503] GPC (Genuine Parts Company), depuis 2010...
2026-07-29 16:47:04,004 [INFO]   -> 17 années récupérées pour GPC
2026-07-29 16:47:04,005 [INFO] [221/503] GILD (Gilead Sciences), depuis 2010...
2026-07-29 16:47:16,527 [INFO]   -> 17 années récupérées pour GILD
2026-07-29 16:47:16,528 [INFO] [222/503] GPN (Global Payments), depuis 2010...
2026-07-29 16:47:29,343 [INFO]   -> 17 années récupérées pour GPN
2026-07-29 16:47:29,343 [INFO] [223/503] GL (Globe Life), depuis 2010...
2026-07-29 16:47:43,454 [INFO]   -> 17 années récupérées pour GL
2026-07-29 16:47:43,455 [INFO] [224/503] GDDY (GoDaddy), depuis 2010...
2026-07-29 16:47:55,947 [INFO]   -> 12 années récupérées pour GDDY
2026-07-29 16:47:55,948 [INFO] [225/503] GS (Goldman Sachs), depuis 2010...
2026-07-29 16:48:13,666 [INFO]   -> 17 années récupérées pour GS
2026-07-29 16:48:13,667 [INFO] [226/503] HAL (Halliburton), depuis 2010...
2026-07-29 16:48:27,944 [INFO]   -> 17 années récupérées pour HAL
2026-07-29 16:48:27,944 [INFO] [227/503] HIG (Hartford (The)), depuis 2010...
2026-07-29 16:48:46,492 [INFO]   -> 17 années récupérées pour HIG
2026-07-29 16:48:46,492 [INFO] [228/503] HAS (Hasbro), depuis 2010...
2026-07-29 16:49:00,122 [INFO]   -> 17 années récupérées pour HAS
2026-07-29 16:49:00,123 [INFO] [229/503] HCA (HCA Healthcare), depuis 2010...
2026-07-29 16:49:13,910 [INFO]   -> 16 années récupérées pour HCA
2026-07-29 16:49:13,911 [INFO] [230/503] DOC (Healthpeak Properties), depuis 2010...
2026-07-29 16:49:31,432 [INFO]   -> 17 années récupérées pour DOC
2026-07-29 16:49:31,433 [INFO] [231/503] HSIC (Henry Schein), depuis 2010...
2026-07-29 16:49:44,459 [INFO]   -> 17 années récupérées pour HSIC
2026-07-29 16:49:44,459 [INFO] [232/503] HSY (Hershey Company (The)), depuis 2010...
2026-07-29 16:49:57,335 [INFO]   -> 17 années récupérées pour HSY
2026-07-29 16:49:57,336 [INFO] [233/503] HPE (Hewlett Packard Enterprise), depuis 2010...
2026-07-29 16:50:09,952 [INFO]   -> 12 années récupérées pour HPE
2026-07-29 16:50:09,952 [INFO] [234/503] HLT (Hilton Worldwide), depuis 2010...
2026-07-29 16:50:23,804 [INFO]   -> 14 années récupérées pour HLT
2026-07-29 16:50:23,805 [INFO] [235/503] HD (Home Depot (The)), depuis 2010...
2026-07-29 16:50:36,667 [INFO]   -> 17 années récupérées pour HD
2026-07-29 16:50:36,667 [INFO] [236/503] HONA (Honeywell Aerospace), depuis 2010...
2026-07-29 16:50:48,530 [INFO]   -> 1 années récupérées pour HONA
2026-07-29 16:50:48,531 [INFO] [237/503] HON (Honeywell Technologies), depuis 2010...
2026-07-29 16:51:01,595 [INFO]   -> 17 années récupérées pour HON
2026-07-29 16:51:01,596 [INFO] [238/503] HRL (Hormel Foods), depuis 2010...
2026-07-29 16:51:14,488 [INFO]   -> 17 années récupérées pour HRL
2026-07-29 16:51:14,488 [INFO] [239/503] HST (Host Hotels & Resorts), depuis 2010...
2026-07-29 16:51:27,295 [INFO]   -> 17 années récupérées pour HST
2026-07-29 16:51:27,296 [INFO] [240/503] HWM (Howmet Aerospace), depuis 2010...
2026-07-29 16:51:40,541 [INFO]   -> 17 années récupérées pour HWM
2026-07-29 16:51:40,541 [INFO] [241/503] HPQ (HP Inc.), depuis 2010...
2026-07-29 16:51:53,200 [INFO]   -> 17 années récupérées pour HPQ
2026-07-29 16:51:53,201 [INFO] [242/503] HUBB (Hubbell Incorporated), depuis 2010...
2026-07-29 16:52:05,816 [INFO]   -> 17 années récupérées pour HUBB
2026-07-29 16:52:05,816 [INFO] [243/503] HUM (Humana), depuis 2010...
2026-07-29 16:52:18,626 [INFO]   -> 17 années récupérées pour HUM
2026-07-29 16:52:18,627 [INFO] [244/503] HBAN (Huntington Bancshares), depuis 2010...
2026-07-29 16:52:31,183 [INFO]   -> 17 années récupérées pour HBAN
2026-07-29 16:52:31,184 [INFO] [245/503] HII (Huntington Ingalls Industries), depuis 2010...
2026-07-29 16:52:43,906 [INFO]   -> 16 années récupérées pour HII
2026-07-29 16:52:43,906 [INFO] [246/503] IBM (IBM), depuis 2010...
2026-07-29 16:52:56,846 [INFO]   -> 17 années récupérées pour IBM
2026-07-29 16:52:56,847 [INFO] [247/503] IEX (IDEX Corporation), depuis 2010...
2026-07-29 16:53:09,655 [INFO]   -> 17 années récupérées pour IEX
2026-07-29 16:53:09,655 [INFO] [248/503] IDXX (Idexx Laboratories), depuis 2010...
2026-07-29 16:53:22,010 [INFO]   -> 17 années récupérées pour IDXX
2026-07-29 16:53:22,011 [INFO] [249/503] ITW (Illinois Tool Works), depuis 2010...
2026-07-29 16:53:34,943 [INFO]   -> 17 années récupérées pour ITW
2026-07-29 16:53:34,943 [INFO] [250/503] INCY (Incyte), depuis 2010...
2026-07-29 16:53:47,193 [INFO]   -> 17 années récupérées pour INCY
2026-07-29 16:53:47,193 [INFO] [251/503] IR (Ingersoll Rand), depuis 2010...
2026-07-29 16:53:59,532 [INFO]   -> 10 années récupérées pour IR
2026-07-29 16:53:59,533 [INFO] [252/503] PODD (Insulet Corporation), depuis 2010...
2026-07-29 16:54:11,904 [INFO]   -> 17 années récupérées pour PODD
2026-07-29 16:54:11,904 [INFO] [253/503] INTC (Intel), depuis 2010...
2026-07-29 16:54:24,350 [INFO]   -> 17 années récupérées pour INTC
2026-07-29 16:54:24,351 [INFO] [254/503] IBKR (Interactive Brokers), depuis 2010...
2026-07-29 16:54:37,246 [INFO]   -> 17 années récupérées pour IBKR
2026-07-29 16:54:37,246 [INFO] [255/503] ICE (Intercontinental Exchange), depuis 2010...
2026-07-29 16:54:50,244 [INFO]   -> 17 années récupérées pour ICE
2026-07-29 16:54:50,245 [INFO] [256/503] IFF (International Flavors & Fragrances), depuis 2010...
2026-07-29 16:55:03,089 [INFO]   -> 17 années récupérées pour IFF
2026-07-29 16:55:03,089 [INFO] [257/503] IP (International Paper), depuis 2010...
2026-07-29 16:55:16,003 [INFO]   -> 17 années récupérées pour IP
2026-07-29 16:55:16,003 [INFO] [258/503] INTU (Intuit), depuis 2010...
2026-07-29 16:55:28,469 [INFO]   -> 17 années récupérées pour INTU
2026-07-29 16:55:28,469 [INFO] [259/503] ISRG (Intuitive Surgical), depuis 2010...
2026-07-29 16:55:40,824 [INFO]   -> 17 années récupérées pour ISRG
2026-07-29 16:55:40,825 [INFO] [260/503] IVZ (Invesco), depuis 2010...
2026-07-29 16:55:53,596 [INFO]   -> 17 années récupérées pour IVZ
2026-07-29 16:55:53,597 [INFO] [261/503] INVH (Invitation Homes), depuis 2010...
2026-07-29 16:56:06,103 [INFO]   -> 10 années récupérées pour INVH
2026-07-29 16:56:06,103 [INFO] [262/503] IQV (IQVIA), depuis 2010...
2026-07-29 16:56:20,539 [INFO]   -> 14 années récupérées pour IQV
2026-07-29 16:56:20,539 [INFO] [263/503] IRM (Iron Mountain), depuis 2010...
2026-07-29 16:56:33,257 [INFO]   -> 17 années récupérées pour IRM
2026-07-29 16:56:33,257 [INFO] [264/503] JBHT (J.B. Hunt), depuis 2010...
2026-07-29 16:56:46,303 [INFO]   -> 17 années récupérées pour JBHT
2026-07-29 16:56:46,303 [INFO] [265/503] JBL (Jabil), depuis 2010...
2026-07-29 16:57:05,946 [INFO]   -> 17 années récupérées pour JBL
2026-07-29 16:57:05,946 [INFO] [266/503] JKHY (Jack Henry & Associates), depuis 2010...
2026-07-29 16:57:18,394 [INFO]   -> 17 années récupérées pour JKHY
2026-07-29 16:57:18,395 [INFO] [267/503] J (Jacobs Solutions), depuis 2010...
2026-07-29 16:57:31,207 [INFO]   -> 17 années récupérées pour J
2026-07-29 16:57:31,208 [INFO] [268/503] JNJ (Johnson & Johnson), depuis 2010...
2026-07-29 16:57:44,235 [INFO]   -> 17 années récupérées pour JNJ
2026-07-29 16:57:44,236 [INFO] [269/503] JCI (Johnson Controls), depuis 2010...
2026-07-29 16:57:57,257 [INFO]   -> 17 années récupérées pour JCI
2026-07-29 16:57:57,257 [INFO] [270/503] JPM (JPMorgan Chase), depuis 2010...
2026-07-29 16:58:10,039 [INFO]   -> 17 années récupérées pour JPM
2026-07-29 16:58:10,040 [INFO] [271/503] KVUE (Kenvue), depuis 2010...
2026-07-29 16:58:21,940 [INFO]   -> 4 années récupérées pour KVUE
2026-07-29 16:58:21,940 [INFO] [272/503] KDP (Keurig Dr Pepper), depuis 2010...
2026-07-29 16:58:34,857 [INFO]   -> 17 années récupérées pour KDP
2026-07-29 16:58:34,857 [INFO] [273/503] KEY (KeyCorp), depuis 2010...
2026-07-29 16:58:47,687 [INFO]   -> 17 années récupérées pour KEY
2026-07-29 16:58:47,687 [INFO] [274/503] KEYS (Keysight Technologies), depuis 2010...
2026-07-29 16:59:00,743 [INFO]   -> 13 années récupérées pour KEYS
2026-07-29 16:59:00,743 [INFO] [275/503] KMB (Kimberly-Clark), depuis 2010...
2026-07-29 16:59:14,468 [INFO]   -> 17 années récupérées pour KMB
2026-07-29 16:59:14,469 [INFO] [276/503] KIM (Kimco Realty), depuis 2010...
2026-07-29 16:59:28,779 [INFO]   -> 17 années récupérées pour KIM
2026-07-29 16:59:28,780 [INFO] [277/503] KMI (Kinder Morgan), depuis 2010...
2026-07-29 16:59:42,249 [INFO]   -> 16 années récupérées pour KMI
2026-07-29 16:59:42,250 [INFO] [278/503] KKR (KKR & Co.), depuis 2010...
2026-07-29 16:59:56,487 [INFO]   -> 17 années récupérées pour KKR
2026-07-29 16:59:56,487 [INFO] [279/503] KLAC (KLA Corporation), depuis 2010...
2026-07-29 17:00:09,460 [INFO]   -> 17 années récupérées pour KLAC
2026-07-29 17:00:09,460 [INFO] [280/503] KHC (Kraft Heinz), depuis 2010...
2026-07-29 17:00:22,930 [INFO]   -> 12 années récupérées pour KHC
2026-07-29 17:00:22,930 [INFO] [281/503] KR (Kroger), depuis 2010...
2026-07-29 17:00:40,121 [INFO]   -> 17 années récupérées pour KR
2026-07-29 17:00:40,121 [INFO] [282/503] LHX (L3Harris), depuis 2010...
2026-07-29 17:00:53,636 [INFO]   -> 17 années récupérées pour LHX
2026-07-29 17:00:53,637 [INFO] [283/503] LH (Labcorp), depuis 2010...
2026-07-29 17:01:06,919 [INFO]   -> 17 années récupérées pour LH
2026-07-29 17:01:06,920 [INFO] [284/503] LRCX (Lam Research), depuis 2010...
2026-07-29 17:01:20,030 [INFO]   -> 17 années récupérées pour LRCX
2026-07-29 17:01:20,030 [INFO] [285/503] LVS (Las Vegas Sands), depuis 2010...
2026-07-29 17:01:41,629 [INFO]   -> 17 années récupérées pour LVS
2026-07-29 17:01:41,630 [INFO] [286/503] LDOS (Leidos), depuis 2010...
2026-07-29 17:02:00,250 [INFO]   -> 14 années récupérées pour LDOS
2026-07-29 17:02:00,250 [INFO] [287/503] LEN (Lennar), depuis 2010...
2026-07-29 17:02:15,424 [INFO]   -> 17 années récupérées pour LEN
2026-07-29 17:02:15,424 [INFO] [288/503] LII (Lennox International), depuis 2010...
2026-07-29 17:02:32,921 [INFO]   -> 17 années récupérées pour LII
2026-07-29 17:02:32,921 [INFO] [289/503] LLY (Lilly (Eli)), depuis 2010...
2026-07-29 17:02:45,992 [INFO]   -> 17 années récupérées pour LLY
2026-07-29 17:02:45,992 [INFO] [290/503] LIN (Linde plc), depuis 2010...
2026-07-29 17:02:59,308 [INFO]   -> 9 années récupérées pour LIN
2026-07-29 17:02:59,308 [INFO] [291/503] LYV (Live Nation Entertainment), depuis 2010...
2026-07-29 17:03:12,448 [INFO]   -> 17 années récupérées pour LYV
2026-07-29 17:03:12,449 [INFO] [292/503] LMT (Lockheed Martin), depuis 2010...
2026-07-29 17:03:25,465 [INFO]   -> 17 années récupérées pour LMT
2026-07-29 17:03:25,465 [INFO] [293/503] L (Loews Corporation), depuis 2010...
2026-07-29 17:03:38,676 [INFO]   -> 17 années récupérées pour L
2026-07-29 17:03:38,676 [INFO] [294/503] LOW (Lowe's), depuis 2010...
2026-07-29 17:03:52,520 [INFO]   -> 17 années récupérées pour LOW
2026-07-29 17:03:52,521 [INFO] [295/503] LULU (Lululemon Athletica), depuis 2010...
2026-07-29 17:04:05,189 [INFO]   -> 17 années récupérées pour LULU
2026-07-29 17:04:05,190 [INFO] [296/503] LITE (Lumentum), depuis 2010...
2026-07-29 17:04:18,405 [INFO]   -> 12 années récupérées pour LITE
2026-07-29 17:04:18,406 [INFO] [297/503] LYB (LyondellBasell), depuis 2010...
2026-07-29 17:04:31,392 [INFO]   -> 17 années récupérées pour LYB
2026-07-29 17:04:31,393 [INFO] [298/503] MTB (M&T Bank), depuis 2010...
2026-07-29 17:04:44,997 [INFO]   -> 17 années récupérées pour MTB
2026-07-29 17:04:44,997 [INFO] [299/503] MPC (Marathon Petroleum), depuis 2010...
2026-07-29 17:04:57,877 [INFO]   -> 16 années récupérées pour MPC
2026-07-29 17:04:57,877 [INFO] [300/503] MAR (Marriott International), depuis 2010...
2026-07-29 17:05:10,612 [INFO]   -> 14 années récupérées pour MAR
2026-07-29 17:05:10,612 [INFO] [301/503] MRSH (Marsh McLennan), depuis 2010...
2026-07-29 17:05:23,809 [INFO]   -> 17 années récupérées pour MRSH
2026-07-29 17:05:23,810 [INFO] [302/503] MLM (Martin Marietta Materials), depuis 2010...
2026-07-29 17:05:36,766 [INFO]   -> 17 années récupérées pour MLM
2026-07-29 17:05:36,766 [INFO] [303/503] MRVL (Marvell Technology), depuis 2010...
2026-07-29 17:05:49,824 [INFO]   -> 17 années récupérées pour MRVL
2026-07-29 17:05:49,824 [INFO] [304/503] MAS (Masco), depuis 2010...
2026-07-29 17:06:02,901 [INFO]   -> 17 années récupérées pour MAS
2026-07-29 17:06:02,901 [INFO] [305/503] MA (Mastercard), depuis 2010...
2026-07-29 17:06:16,573 [INFO]   -> 17 années récupérées pour MA
2026-07-29 17:06:16,573 [INFO] [306/503] MKC (McCormick & Company), depuis 2010...
2026-07-29 17:06:30,405 [INFO]   -> 17 années récupérées pour MKC
2026-07-29 17:06:30,405 [INFO] [307/503] MCD (McDonald's), depuis 2010...
2026-07-29 17:06:43,350 [INFO]   -> 17 années récupérées pour MCD
2026-07-29 17:06:43,350 [INFO] [308/503] MCK (McKesson Corporation), depuis 2010...
2026-07-29 17:06:56,306 [INFO]   -> 17 années récupérées pour MCK
2026-07-29 17:06:56,306 [INFO] [309/503] MDT (Medtronic), depuis 2010...
2026-07-29 17:07:09,130 [INFO]   -> 17 années récupérées pour MDT
2026-07-29 17:07:09,131 [INFO] [310/503] MRK (Merck & Co.), depuis 2010...
2026-07-29 17:07:22,224 [INFO]   -> 17 années récupérées pour MRK
2026-07-29 17:07:22,225 [INFO] [311/503] META (Meta Platforms), depuis 2010...
2026-07-29 17:07:34,632 [INFO]   -> 15 années récupérées pour META
2026-07-29 17:07:34,633 [INFO] [312/503] MET (MetLife), depuis 2010...
2026-07-29 17:07:47,413 [INFO]   -> 17 années récupérées pour MET
2026-07-29 17:07:47,413 [INFO] [313/503] MTD (Mettler Toledo), depuis 2010...
2026-07-29 17:08:00,004 [INFO]   -> 17 années récupérées pour MTD
2026-07-29 17:08:00,004 [INFO] [314/503] MGM (MGM Resorts), depuis 2010...
2026-07-29 17:08:12,898 [INFO]   -> 17 années récupérées pour MGM
2026-07-29 17:08:12,898 [INFO] [315/503] MCHP (Microchip Technology), depuis 2010...
2026-07-29 17:08:26,086 [INFO]   -> 17 années récupérées pour MCHP
2026-07-29 17:08:26,087 [INFO] [316/503] MU (Micron Technology), depuis 2010...
2026-07-29 17:08:39,006 [INFO]   -> 17 années récupérées pour MU
2026-07-29 17:08:39,007 [INFO] [317/503] MSFT (Microsoft), depuis 2010...
2026-07-29 17:08:51,876 [INFO]   -> 17 années récupérées pour MSFT
2026-07-29 17:08:51,877 [INFO] [318/503] MAA (Mid-America Apartment Communities), depuis 2010...
2026-07-29 17:09:05,258 [INFO]   -> 17 années récupérées pour MAA
2026-07-29 17:09:05,258 [INFO] [319/503] MRNA (Moderna), depuis 2010...
2026-07-29 17:09:17,470 [INFO]   -> 9 années récupérées pour MRNA
2026-07-29 17:09:17,470 [INFO] [320/503] TAP (Molson Coors Beverage Company), depuis 2010...
2026-07-29 17:09:30,600 [INFO]   -> 17 années récupérées pour TAP
2026-07-29 17:09:30,601 [INFO] [321/503] MDLZ (Mondelez International), depuis 2010...
2026-07-29 17:09:43,702 [INFO]   -> 17 années récupérées pour MDLZ
2026-07-29 17:09:43,702 [INFO] [322/503] MPWR (Monolithic Power Systems), depuis 2010...
2026-07-29 17:09:56,272 [INFO]   -> 17 années récupérées pour MPWR
2026-07-29 17:09:56,273 [INFO] [323/503] MNST (Monster Beverage), depuis 2010...
2026-07-29 17:10:08,518 [INFO]   -> 12 années récupérées pour MNST
2026-07-29 17:10:08,518 [INFO] [324/503] MCO (Moody's Corporation), depuis 2010...
2026-07-29 17:10:21,285 [INFO]   -> 17 années récupérées pour MCO
2026-07-29 17:10:21,286 [INFO] [325/503] MS (Morgan Stanley), depuis 2010...
2026-07-29 17:10:34,086 [INFO]   -> 17 années récupérées pour MS
2026-07-29 17:10:34,087 [INFO] [326/503] MOS (Mosaic Company (The)), depuis 2010...
2026-07-29 17:10:47,226 [INFO]   -> 17 années récupérées pour MOS
2026-07-29 17:10:47,227 [INFO] [327/503] MSI (Motorola Solutions), depuis 2010...
2026-07-29 17:11:00,313 [INFO]   -> 17 années récupérées pour MSI
2026-07-29 17:11:00,314 [INFO] [328/503] MSCI (MSCI Inc.), depuis 2010...
2026-07-29 17:11:13,021 [INFO]   -> 17 années récupérées pour MSCI
2026-07-29 17:11:13,021 [INFO] [329/503] NDAQ (Nasdaq, Inc.), depuis 2010...
2026-07-29 17:11:25,611 [INFO]   -> 17 années récupérées pour NDAQ
2026-07-29 17:11:25,611 [INFO] [330/503] NTAP (NetApp), depuis 2010...
2026-07-29 17:11:39,199 [INFO]   -> 17 années récupérées pour NTAP
2026-07-29 17:11:39,200 [INFO] [331/503] NFLX (Netflix), depuis 2010...
2026-07-29 17:11:52,980 [INFO]   -> 17 années récupérées pour NFLX
2026-07-29 17:11:52,980 [INFO] [332/503] NEM (Newmont), depuis 2010...
2026-07-29 17:12:05,873 [INFO]   -> 17 années récupérées pour NEM
2026-07-29 17:12:05,874 [INFO] [333/503] NWSA (News Corp (Class A)), depuis 2010...
2026-07-29 17:12:18,546 [INFO]   -> 14 années récupérées pour NWSA
2026-07-29 17:12:18,546 [INFO] [334/503] NWS (News Corp (Class B)), depuis 2010...
2026-07-29 17:12:31,003 [INFO]   -> 14 années récupérées pour NWS
2026-07-29 17:12:31,004 [INFO] [335/503] NEE (NextEra Energy), depuis 2010...
2026-07-29 17:12:44,712 [INFO]   -> 17 années récupérées pour NEE
2026-07-29 17:12:44,712 [INFO] [336/503] NKE (Nike, Inc.), depuis 2010...
2026-07-29 17:12:57,945 [INFO]   -> 17 années récupérées pour NKE
2026-07-29 17:12:57,946 [INFO] [337/503] NI (NiSource), depuis 2010...
2026-07-29 17:13:11,721 [INFO]   -> 17 années récupérées pour NI
2026-07-29 17:13:11,722 [INFO] [338/503] NDSN (Nordson Corporation), depuis 2010...
2026-07-29 17:13:25,761 [INFO]   -> 17 années récupérées pour NDSN
2026-07-29 17:13:25,761 [INFO] [339/503] NSC (Norfolk Southern), depuis 2010...
2026-07-29 17:13:39,147 [INFO]   -> 17 années récupérées pour NSC
2026-07-29 17:13:39,148 [INFO] [340/503] NTRS (Northern Trust), depuis 2010...
2026-07-29 17:13:53,190 [INFO]   -> 17 années récupérées pour NTRS
2026-07-29 17:13:53,191 [INFO] [341/503] NOC (Northrop Grumman), depuis 2010...
2026-07-29 17:14:07,490 [INFO]   -> 17 années récupérées pour NOC
2026-07-29 17:14:07,491 [INFO] [342/503] NCLH (Norwegian Cruise Line Holdings), depuis 2010...
2026-07-29 17:14:22,398 [INFO]   -> 14 années récupérées pour NCLH
2026-07-29 17:14:22,398 [INFO] [343/503] NRG (NRG Energy), depuis 2010...
2026-07-29 17:14:35,337 [INFO]   -> 17 années récupérées pour NRG
2026-07-29 17:14:35,337 [INFO] [344/503] NUE (Nucor), depuis 2010...
2026-07-29 17:14:48,277 [INFO]   -> 17 années récupérées pour NUE
2026-07-29 17:14:48,277 [INFO] [345/503] NVDA (Nvidia), depuis 2010...
2026-07-29 17:15:00,950 [INFO]   -> 17 années récupérées pour NVDA
2026-07-29 17:15:00,950 [INFO] [346/503] NVR (NVR, Inc.), depuis 2010...
2026-07-29 17:15:13,651 [INFO]   -> 17 années récupérées pour NVR
2026-07-29 17:15:13,651 [INFO] [347/503] NXPI (NXP Semiconductors), depuis 2010...
2026-07-29 17:15:27,107 [INFO]   -> 17 années récupérées pour NXPI
2026-07-29 17:15:27,108 [INFO] [348/503] ORLY (O’Reilly Automotive), depuis 2010...
2026-07-29 17:15:39,976 [INFO]   -> 17 années récupérées pour ORLY
2026-07-29 17:15:39,976 [INFO] [349/503] OXY (Occidental Petroleum), depuis 2010...
2026-07-29 17:15:53,082 [INFO]   -> 17 années récupérées pour OXY
2026-07-29 17:15:53,083 [INFO] [350/503] ODFL (Old Dominion), depuis 2010...
2026-07-29 17:16:04,929 [INFO]   -> 3 années récupérées pour ODFL
2026-07-29 17:16:04,929 [INFO] [351/503] OMC (Omnicom Group), depuis 2010...
2026-07-29 17:16:18,009 [INFO]   -> 17 années récupérées pour OMC
2026-07-29 17:16:18,010 [INFO] [352/503] ON (ON Semiconductor), depuis 2010...
2026-07-29 17:16:31,936 [INFO]   -> 17 années récupérées pour ON
2026-07-29 17:16:31,936 [INFO] [353/503] OKE (Oneok), depuis 2010...
2026-07-29 17:16:46,655 [INFO]   -> 17 années récupérées pour OKE
2026-07-29 17:16:46,655 [INFO] [354/503] ORCL (Oracle Corporation), depuis 2010...
2026-07-29 17:17:00,278 [INFO]   -> 17 années récupérées pour ORCL
2026-07-29 17:17:00,279 [INFO] [355/503] OTIS (Otis Worldwide), depuis 2010...
2026-07-29 17:17:13,527 [INFO]   -> 7 années récupérées pour OTIS
2026-07-29 17:17:13,527 [INFO] [356/503] PCAR (Paccar), depuis 2010...
2026-07-29 17:17:26,380 [INFO]   -> 17 années récupérées pour PCAR
2026-07-29 17:17:26,380 [INFO] [357/503] PKG (Packaging Corporation of America), depuis 2010...
2026-07-29 17:17:39,654 [INFO]   -> 17 années récupérées pour PKG
2026-07-29 17:17:39,655 [INFO] [358/503] PLTR (Palantir Technologies), depuis 2010...
2026-07-29 17:17:52,329 [INFO]   -> 7 années récupérées pour PLTR
2026-07-29 17:17:52,329 [INFO] [359/503] PANW (Palo Alto Networks), depuis 2010...
2026-07-29 17:18:05,078 [INFO]   -> 15 années récupérées pour PANW
2026-07-29 17:18:05,078 [INFO] [360/503] PSKY (Paramount Skydance Corporation), depuis 2010...
2026-07-29 17:18:16,880 [INFO]   -> 2 années récupérées pour PSKY
2026-07-29 17:18:16,881 [INFO] [361/503] PH (Parker Hannifin), depuis 2010...
2026-07-29 17:18:30,217 [INFO]   -> 17 années récupérées pour PH
2026-07-29 17:18:30,218 [INFO] [362/503] PAYX (Paychex), depuis 2010...
2026-07-29 17:18:42,981 [INFO]   -> 17 années récupérées pour PAYX
2026-07-29 17:18:42,981 [INFO] [363/503] PYPL (PayPal), depuis 2010...
2026-07-29 17:18:56,190 [INFO]   -> 12 années récupérées pour PYPL
2026-07-29 17:18:56,191 [INFO] [364/503] PNR (Pentair), depuis 2010...
2026-07-29 17:19:09,733 [INFO]   -> 17 années récupérées pour PNR
2026-07-29 17:19:09,734 [INFO] [365/503] PEP (PepsiCo), depuis 2010...
2026-07-29 17:19:22,158 [INFO]   -> 10 années récupérées pour PEP
2026-07-29 17:19:22,158 [INFO] [366/503] PFE (Pfizer), depuis 2010...
2026-07-29 17:19:36,520 [INFO]   -> 17 années récupérées pour PFE
2026-07-29 17:19:36,521 [INFO] [367/503] PCG (PG&E Corporation), depuis 2010...
2026-07-29 17:19:49,267 [INFO]   -> 17 années récupérées pour PCG
2026-07-29 17:19:49,267 [INFO] [368/503] PM (Philip Morris International), depuis 2010...
2026-07-29 17:20:02,268 [INFO]   -> 17 années récupérées pour PM
2026-07-29 17:20:02,269 [INFO] [369/503] PSX (Phillips 66), depuis 2010...
2026-07-29 17:20:16,795 [INFO]   -> 15 années récupérées pour PSX
2026-07-29 17:20:16,795 [INFO] [370/503] PNW (Pinnacle West Capital), depuis 2010...
2026-07-29 17:20:29,724 [INFO]   -> 17 années récupérées pour PNW
2026-07-29 17:20:29,725 [INFO] [371/503] PNC (PNC Financial Services), depuis 2010...
2026-07-29 17:20:43,328 [INFO]   -> 17 années récupérées pour PNC
2026-07-29 17:20:43,328 [INFO] [372/503] PPG (PPG Industries), depuis 2010...
2026-07-29 17:20:56,390 [INFO]   -> 17 années récupérées pour PPG
2026-07-29 17:20:56,391 [INFO] [373/503] PPL (PPL Corporation), depuis 2010...
2026-07-29 17:21:10,017 [INFO]   -> 17 années récupérées pour PPL
2026-07-29 17:21:10,018 [INFO] [374/503] PFG (Principal Financial Group), depuis 2010...
2026-07-29 17:21:23,499 [INFO]   -> 10 années récupérées pour PFG
2026-07-29 17:21:23,499 [INFO] [375/503] PG (Procter & Gamble), depuis 2010...
2026-07-29 17:21:36,724 [INFO]   -> 17 années récupérées pour PG
2026-07-29 17:21:36,725 [INFO] [376/503] PGR (Progressive Corporation), depuis 2010...
2026-07-29 17:21:49,781 [INFO]   -> 17 années récupérées pour PGR
2026-07-29 17:21:49,782 [INFO] [377/503] PLD (Prologis), depuis 2010...
2026-07-29 17:22:03,514 [INFO]   -> 16 années récupérées pour PLD
2026-07-29 17:22:03,515 [INFO] [378/503] PRU (Prudential Financial), depuis 2010...
2026-07-29 17:22:17,172 [INFO]   -> 17 années récupérées pour PRU
2026-07-29 17:22:17,173 [INFO] [379/503] PEG (Public Service Enterprise Group), depuis 2010...
2026-07-29 17:22:30,546 [INFO]   -> 17 années récupérées pour PEG
2026-07-29 17:22:30,547 [INFO] [380/503] PTC (PTC Inc.), depuis 2010...
2026-07-29 17:22:43,532 [INFO]   -> 17 années récupérées pour PTC
2026-07-29 17:22:43,533 [INFO] [381/503] PSA (Public Storage), depuis 2010...
2026-07-29 17:22:56,745 [INFO]   -> 17 années récupérées pour PSA
2026-07-29 17:22:56,745 [INFO] [382/503] PHM (PulteGroup), depuis 2010...
2026-07-29 17:23:09,647 [INFO]   -> 17 années récupérées pour PHM
2026-07-29 17:23:09,647 [INFO] [383/503] PWR (Quanta Services), depuis 2010...
2026-07-29 17:23:22,696 [INFO]   -> 17 années récupérées pour PWR
2026-07-29 17:23:22,696 [INFO] [384/503] QCOM (Qualcomm), depuis 2010...
2026-07-29 17:23:35,282 [INFO]   -> 17 années récupérées pour QCOM
2026-07-29 17:23:35,283 [INFO] [385/503] DGX (Quest Diagnostics), depuis 2010...
2026-07-29 17:23:48,323 [INFO]   -> 17 années récupérées pour DGX
2026-07-29 17:23:48,323 [INFO] [386/503] Q (Qnity Electronics), depuis 2010...
2026-07-29 17:24:01,241 [INFO]   -> 2 années récupérées pour Q
2026-07-29 17:24:01,241 [INFO] [387/503] RL (Ralph Lauren Corporation), depuis 2010...
2026-07-29 17:24:15,406 [INFO]   -> 17 années récupérées pour RL
2026-07-29 17:24:15,407 [INFO] [388/503] RJF (Raymond James Financial), depuis 2010...
2026-07-29 17:24:28,793 [INFO]   -> 17 années récupérées pour RJF
2026-07-29 17:24:28,793 [INFO] [389/503] RTX (RTX Corporation), depuis 2010...
2026-07-29 17:24:42,549 [INFO]   -> 17 années récupérées pour RTX
2026-07-29 17:24:42,549 [INFO] [390/503] O (Realty Income), depuis 2010...
2026-07-29 17:24:57,095 [INFO]   -> 17 années récupérées pour O
2026-07-29 17:24:57,096 [INFO] [391/503] REG (Regency Centers), depuis 2010...
2026-07-29 17:25:10,017 [INFO]   -> 17 années récupérées pour REG
2026-07-29 17:25:10,018 [INFO] [392/503] REGN (Regeneron Pharmaceuticals), depuis 2010...
2026-07-29 17:25:22,863 [INFO]   -> 17 années récupérées pour REGN
2026-07-29 17:25:22,864 [INFO] [393/503] RF (Regions Financial Corporation), depuis 2010...
2026-07-29 17:25:35,912 [INFO]   -> 17 années récupérées pour RF
2026-07-29 17:25:35,913 [INFO] [394/503] RSG (Republic Services), depuis 2010...
2026-07-29 17:25:48,984 [INFO]   -> 17 années récupérées pour RSG
2026-07-29 17:25:48,984 [INFO] [395/503] RMD (ResMed), depuis 2010...
2026-07-29 17:26:02,096 [INFO]   -> 17 années récupérées pour RMD
2026-07-29 17:26:02,097 [INFO] [396/503] RVTY (Revvity), depuis 2010...
2026-07-29 17:26:15,322 [INFO]   -> 17 années récupérées pour RVTY
2026-07-29 17:26:15,323 [INFO] [397/503] HOOD (Robinhood Markets), depuis 2010...
2026-07-29 17:26:28,264 [INFO]   -> 6 années récupérées pour HOOD
2026-07-29 17:26:28,264 [INFO] [398/503] ROK (Rockwell Automation), depuis 2010...
2026-07-29 17:26:41,038 [INFO]   -> 17 années récupérées pour ROK
2026-07-29 17:26:41,038 [INFO] [399/503] ROL (Rollins, Inc.), depuis 2010...
2026-07-29 17:26:54,101 [INFO]   -> 17 années récupérées pour ROL
2026-07-29 17:26:54,102 [INFO] [400/503] ROP (Roper Technologies), depuis 2010...
2026-07-29 17:27:07,246 [INFO]   -> 17 années récupérées pour ROP
2026-07-29 17:27:07,247 [INFO] [401/503] ROST (Ross Stores), depuis 2010...
2026-07-29 17:27:20,820 [INFO]   -> 17 années récupérées pour ROST
2026-07-29 17:27:20,820 [INFO] [402/503] RCL (Royal Caribbean Group), depuis 2010...
2026-07-29 17:27:33,775 [INFO]   -> 17 années récupérées pour RCL
2026-07-29 17:27:33,775 [INFO] [403/503] SPGI (S&P Global), depuis 2010...
2026-07-29 17:27:46,716 [INFO]   -> 17 années récupérées pour SPGI
2026-07-29 17:27:46,717 [INFO] [404/503] CRM (Salesforce), depuis 2010...
2026-07-29 17:27:59,579 [INFO]   -> 17 années récupérées pour CRM
2026-07-29 17:27:59,580 [INFO] [405/503] SNDK (Sandisk), depuis 2010...
2026-07-29 17:28:12,767 [INFO]   -> 2 années récupérées pour SNDK
2026-07-29 17:28:12,768 [INFO] [406/503] SBAC (SBA Communications), depuis 2010...
2026-07-29 17:28:25,524 [INFO]   -> 17 années récupérées pour SBAC
2026-07-29 17:28:25,525 [INFO] [407/503] SLB (Schlumberger), depuis 2010...
2026-07-29 17:28:38,652 [INFO]   -> 17 années récupérées pour SLB
2026-07-29 17:28:38,652 [INFO] [408/503] STX (Seagate Technology), depuis 2010...
2026-07-29 17:28:55,795 [INFO]   -> 17 années récupérées pour STX
2026-07-29 17:28:55,796 [INFO] [409/503] SRE (Sempra), depuis 2010...
2026-07-29 17:29:09,013 [INFO]   -> 17 années récupérées pour SRE
2026-07-29 17:29:09,014 [INFO] [410/503] NOW (ServiceNow), depuis 2010...
2026-07-29 17:29:21,659 [INFO]   -> 15 années récupérées pour NOW
2026-07-29 17:29:21,659 [INFO] [411/503] SHW (Sherwin-Williams), depuis 2010...
2026-07-29 17:29:34,490 [INFO]   -> 17 années récupérées pour SHW
2026-07-29 17:29:34,491 [INFO] [412/503] SPG (Simon Property Group), depuis 2010...
2026-07-29 17:29:47,522 [INFO]   -> 17 années récupérées pour SPG
2026-07-29 17:29:47,523 [INFO] [413/503] SWKS (Skyworks Solutions), depuis 2010...
2026-07-29 17:30:00,079 [INFO]   -> 17 années récupérées pour SWKS
2026-07-29 17:30:00,079 [INFO] [414/503] SJM (J.M. Smucker Company (The)), depuis 2010...
2026-07-29 17:30:13,073 [INFO]   -> 17 années récupérées pour SJM
2026-07-29 17:30:13,073 [INFO] [415/503] SW (Smurfit Westrock), depuis 2010...
2026-07-29 17:30:25,195 [INFO]   -> 3 années récupérées pour SW
2026-07-29 17:30:25,196 [INFO] [416/503] SNA (Snap-on), depuis 2010...
2026-07-29 17:30:38,234 [INFO]   -> 17 années récupérées pour SNA
2026-07-29 17:30:38,234 [INFO] [417/503] SOLV (Solventum), depuis 2010...
2026-07-29 17:30:51,931 [INFO]   -> 3 années récupérées pour SOLV
2026-07-29 17:30:51,932 [INFO] [418/503] SO (Southern Company), depuis 2010...
2026-07-29 17:31:06,189 [INFO]   -> 17 années récupérées pour SO
2026-07-29 17:31:06,189 [INFO] [419/503] LUV (Southwest Airlines), depuis 2010...
2026-07-29 17:31:20,407 [INFO]   -> 17 années récupérées pour LUV
2026-07-29 17:31:20,408 [INFO] [420/503] SWK (Stanley Black & Decker), depuis 2010...
2026-07-29 17:31:38,425 [INFO]   -> 17 années récupérées pour SWK
2026-07-29 17:31:38,425 [INFO] [421/503] SBUX (Starbucks), depuis 2010...
2026-07-29 17:31:52,828 [INFO]   -> 17 années récupérées pour SBUX
2026-07-29 17:31:52,828 [INFO] [422/503] STT (State Street Corporation), depuis 2010...
2026-07-29 17:32:06,453 [INFO]   -> 17 années récupérées pour STT
2026-07-29 17:32:06,454 [INFO] [423/503] STLD (Steel Dynamics), depuis 2010...
2026-07-29 17:32:21,388 [INFO]   -> 17 années récupérées pour STLD
2026-07-29 17:32:21,388 [INFO] [424/503] STE (Steris), depuis 2010...
2026-07-29 17:32:35,241 [INFO]   -> 17 années récupérées pour STE
2026-07-29 17:32:35,242 [INFO] [425/503] SYK (Stryker Corporation), depuis 2010...
2026-07-29 17:32:50,132 [INFO]   -> 17 années récupérées pour SYK
2026-07-29 17:32:50,132 [INFO] [426/503] SMCI (Supermicro), depuis 2010...
2026-07-29 17:33:07,363 [INFO]   -> 17 années récupérées pour SMCI
2026-07-29 17:33:07,364 [INFO] [427/503] SYF (Synchrony Financial), depuis 2010...
2026-07-29 17:33:20,901 [INFO]   -> 13 années récupérées pour SYF
2026-07-29 17:33:20,902 [INFO] [428/503] SNPS (Synopsys), depuis 2010...
2026-07-29 17:33:34,542 [INFO]   -> 17 années récupérées pour SNPS
2026-07-29 17:33:34,543 [INFO] [429/503] SYY (Sysco), depuis 2010...
2026-07-29 17:33:48,651 [INFO]   -> 17 années récupérées pour SYY
2026-07-29 17:33:48,651 [INFO] [430/503] TMUS (T-Mobile US), depuis 2010...
2026-07-29 17:34:03,995 [INFO]   -> 16 années récupérées pour TMUS
2026-07-29 17:34:03,995 [INFO] [431/503] TROW (T. Rowe Price), depuis 2010...
2026-07-29 17:34:17,694 [INFO]   -> 17 années récupérées pour TROW
2026-07-29 17:34:17,694 [INFO] [432/503] TTWO (Take-Two Interactive), depuis 2010...
2026-07-29 17:34:31,000 [INFO]   -> 17 années récupérées pour TTWO
2026-07-29 17:34:31,000 [INFO] [433/503] TPR (Tapestry, Inc.), depuis 2010...
2026-07-29 17:34:44,782 [INFO]   -> 17 années récupérées pour TPR
2026-07-29 17:34:44,783 [INFO] [434/503] TRGP (Targa Resources), depuis 2010...
2026-07-29 17:34:58,690 [INFO]   -> 17 années récupérées pour TRGP
2026-07-29 17:34:58,690 [INFO] [435/503] TGT (Target Corporation), depuis 2010...
2026-07-29 17:35:12,285 [INFO]   -> 17 années récupérées pour TGT
2026-07-29 17:35:12,285 [INFO] [436/503] TEL (TE Connectivity), depuis 2010...
2026-07-29 17:35:27,167 [INFO]   -> 17 années récupérées pour TEL
2026-07-29 17:35:27,167 [INFO] [437/503] TDY (Teledyne Technologies), depuis 2010...
2026-07-29 17:35:40,580 [INFO]   -> 17 années récupérées pour TDY
2026-07-29 17:35:40,580 [INFO] [438/503] TER (Teradyne), depuis 2010...
2026-07-29 17:35:54,590 [INFO]   -> 17 années récupérées pour TER
2026-07-29 17:35:54,591 [INFO] [439/503] TSLA (Tesla, Inc.), depuis 2010...
2026-07-29 17:36:08,572 [INFO]   -> 17 années récupérées pour TSLA
2026-07-29 17:36:08,573 [INFO] [440/503] TXN (Texas Instruments), depuis 2010...
2026-07-29 17:36:26,648 [INFO]   -> 15 années récupérées pour TXN
2026-07-29 17:36:26,648 [INFO] [441/503] TPL (Texas Pacific Land Corporation), depuis 2010...
2026-07-29 17:36:40,329 [INFO]   -> 6 années récupérées pour TPL
2026-07-29 17:36:40,330 [INFO] [442/503] TXT (Textron), depuis 2010...
2026-07-29 17:36:56,866 [INFO]   -> 17 années récupérées pour TXT
2026-07-29 17:36:56,867 [INFO] [443/503] TMO (Thermo Fisher Scientific), depuis 2010...
2026-07-29 17:37:10,685 [INFO]   -> 17 années récupérées pour TMO
2026-07-29 17:37:10,685 [INFO] [444/503] TJX (TJX Companies), depuis 2010...
2026-07-29 17:37:24,276 [INFO]   -> 17 années récupérées pour TJX
2026-07-29 17:37:24,277 [INFO] [445/503] TKO (TKO Group Holdings), depuis 2010...
2026-07-29 17:37:40,983 [INFO]   -> 17 années récupérées pour TKO
2026-07-29 17:37:40,983 [INFO] [446/503] TTD (Trade Desk (The)), depuis 2010...
2026-07-29 17:37:53,726 [INFO]   -> 11 années récupérées pour TTD
2026-07-29 17:37:53,726 [INFO] [447/503] TSCO (Tractor Supply), depuis 2010...
2026-07-29 17:38:08,589 [INFO]   -> 17 années récupérées pour TSCO
2026-07-29 17:38:08,589 [INFO] [448/503] TT (Trane Technologies), depuis 2010...
2026-07-29 17:38:24,123 [INFO]   -> 17 années récupérées pour TT
2026-07-29 17:38:24,124 [INFO] [449/503] TDG (TransDigm Group), depuis 2010...
2026-07-29 17:38:38,198 [INFO]   -> 17 années récupérées pour TDG
2026-07-29 17:38:38,199 [INFO] [450/503] TRV (Travelers Companies (The)), depuis 2010...
2026-07-29 17:38:51,764 [INFO]   -> 17 années récupérées pour TRV
2026-07-29 17:38:51,764 [INFO] [451/503] TRMB (Trimble Inc.), depuis 2010...
2026-07-29 17:39:07,372 [INFO]   -> 17 années récupérées pour TRMB
2026-07-29 17:39:07,373 [INFO] [452/503] TFC (Truist Financial), depuis 2010...
2026-07-29 17:39:22,179 [INFO]   -> 17 années récupérées pour TFC
2026-07-29 17:39:22,180 [INFO] [453/503] TYL (Tyler Technologies), depuis 2010...
2026-07-29 17:39:35,546 [INFO]   -> 17 années récupérées pour TYL
2026-07-29 17:39:35,546 [INFO] [454/503] TSN (Tyson Foods), depuis 2010...
2026-07-29 17:39:48,530 [INFO]   -> 17 années récupérées pour TSN
2026-07-29 17:39:48,531 [INFO] [455/503] USB (U.S. Bancorp), depuis 2010...
2026-07-29 17:40:02,974 [INFO]   -> 17 années récupérées pour USB
2026-07-29 17:40:02,975 [INFO] [456/503] UBER (Uber), depuis 2010...
2026-07-29 17:40:17,398 [INFO]   -> 8 années récupérées pour UBER
2026-07-29 17:40:17,399 [INFO] [457/503] UDR (UDR, Inc.), depuis 2010...
2026-07-29 17:40:31,045 [INFO]   -> 17 années récupérées pour UDR
2026-07-29 17:40:31,046 [INFO] [458/503] ULTA (Ulta Beauty), depuis 2010...
2026-07-29 17:40:46,199 [INFO]   -> 17 années récupérées pour ULTA
2026-07-29 17:40:46,199 [INFO] [459/503] UNP (Union Pacific Corporation), depuis 2010...
2026-07-29 17:41:00,748 [INFO]   -> 17 années récupérées pour UNP
2026-07-29 17:41:00,749 [INFO] [460/503] UAL (United Airlines Holdings), depuis 2010...
2026-07-29 17:41:15,722 [INFO]   -> 9 années récupérées pour UAL
2026-07-29 17:41:15,723 [INFO] [461/503] UPS (United Parcel Service), depuis 2010...
2026-07-29 17:41:32,331 [INFO]   -> 17 années récupérées pour UPS
2026-07-29 17:41:32,332 [INFO] [462/503] URI (United Rentals), depuis 2010...
2026-07-29 17:41:46,432 [INFO]   -> 17 années récupérées pour URI
2026-07-29 17:41:46,432 [INFO] [463/503] UNH (UnitedHealth Group), depuis 2010...
2026-07-29 17:42:00,770 [INFO]   -> 17 années récupérées pour UNH
2026-07-29 17:42:00,771 [INFO] [464/503] UHS (Universal Health Services), depuis 2010...
2026-07-29 17:42:13,716 [INFO]   -> 17 années récupérées pour UHS
2026-07-29 17:42:13,717 [INFO] [465/503] VLO (Valero Energy), depuis 2010...
2026-07-29 17:42:27,067 [INFO]   -> 17 années récupérées pour VLO
2026-07-29 17:42:27,067 [INFO] [466/503] VEEV (Veeva Systems), depuis 2010...
2026-07-29 17:42:39,685 [INFO]   -> 14 années récupérées pour VEEV
2026-07-29 17:42:39,686 [INFO] [467/503] VTR (Ventas), depuis 2010...
2026-07-29 17:42:52,602 [INFO]   -> 17 années récupérées pour VTR
2026-07-29 17:42:52,602 [INFO] [468/503] VLTO (Veralto), depuis 2010...
2026-07-29 17:43:04,786 [INFO]   -> 4 années récupérées pour VLTO
2026-07-29 17:43:04,787 [INFO] [469/503] VRSN (Verisign), depuis 2010...
2026-07-29 17:43:17,107 [INFO]   -> 17 années récupérées pour VRSN
2026-07-29 17:43:17,107 [INFO] [470/503] VRSK (Verisk Analytics), depuis 2010...
2026-07-29 17:43:29,440 [INFO]   -> 17 années récupérées pour VRSK
2026-07-29 17:43:29,440 [INFO] [471/503] VZ (Verizon), depuis 2010...
2026-07-29 17:43:42,518 [INFO]   -> 17 années récupérées pour VZ
2026-07-29 17:43:42,518 [INFO] [472/503] VRTX (Vertex Pharmaceuticals), depuis 2010...
2026-07-29 17:43:54,809 [INFO]   -> 17 années récupérées pour VRTX
2026-07-29 17:43:54,810 [INFO] [473/503] VRT (Vertiv), depuis 2010...
2026-07-29 17:44:07,153 [INFO]   -> 9 années récupérées pour VRT
2026-07-29 17:44:07,153 [INFO] [474/503] VTRS (Viatris), depuis 2010...
2026-07-29 17:44:19,934 [INFO]   -> 17 années récupérées pour VTRS
2026-07-29 17:44:19,934 [INFO] [475/503] VICI (Vici Properties), depuis 2010...
2026-07-29 17:44:33,541 [INFO]   -> 10 années récupérées pour VICI
2026-07-29 17:44:33,541 [INFO] [476/503] V (Visa Inc.), depuis 2010...
2026-07-29 17:44:46,586 [INFO]   -> 17 années récupérées pour V
2026-07-29 17:44:46,587 [INFO] [477/503] VST (Vistra Corp.), depuis 2010...
2026-07-29 17:44:59,170 [INFO]   -> 11 années récupérées pour VST
2026-07-29 17:44:59,171 [INFO] [478/503] VMC (Vulcan Materials Company), depuis 2010...
2026-07-29 17:45:12,378 [INFO]   -> 17 années récupérées pour VMC
2026-07-29 17:45:12,379 [INFO] [479/503] WRB (W. R. Berkley Corporation), depuis 2010...
2026-07-29 17:45:25,340 [INFO]   -> 17 années récupérées pour WRB
2026-07-29 17:45:25,341 [INFO] [480/503] GWW (W. W. Grainger), depuis 2010...
2026-07-29 17:45:38,100 [INFO]   -> 17 années récupérées pour GWW
2026-07-29 17:45:38,100 [INFO] [481/503] WAB (Wabtec), depuis 2010...
2026-07-29 17:45:50,951 [INFO]   -> 17 années récupérées pour WAB
2026-07-29 17:45:50,951 [INFO] [482/503] WMT (Walmart), depuis 2010...
2026-07-29 17:46:03,706 [INFO]   -> 17 années récupérées pour WMT
2026-07-29 17:46:03,707 [INFO] [483/503] DIS (Walt Disney Company (The)), depuis 2010...
2026-07-29 17:46:16,586 [INFO]   -> 17 années récupérées pour DIS
2026-07-29 17:46:16,587 [INFO] [484/503] WBD (Warner Bros. Discovery), depuis 2010...
2026-07-29 17:46:28,958 [INFO]   -> 17 années récupérées pour WBD
2026-07-29 17:46:28,958 [INFO] [485/503] WM (Waste Management), depuis 2010...
2026-07-29 17:46:42,109 [INFO]   -> 17 années récupérées pour WM
2026-07-29 17:46:42,109 [INFO] [486/503] WAT (Waters Corporation), depuis 2010...
2026-07-29 17:46:54,843 [INFO]   -> 17 années récupérées pour WAT
2026-07-29 17:46:54,844 [INFO] [487/503] WEC (WEC Energy Group), depuis 2010...
2026-07-29 17:47:07,676 [INFO]   -> 17 années récupérées pour WEC
2026-07-29 17:47:07,677 [INFO] [488/503] WFC (Wells Fargo), depuis 2010...
2026-07-29 17:47:21,871 [INFO]   -> 17 années récupérées pour WFC
2026-07-29 17:47:21,872 [INFO] [489/503] WELL (Welltower), depuis 2010...
2026-07-29 17:47:35,657 [INFO]   -> 17 années récupérées pour WELL
2026-07-29 17:47:35,657 [INFO] [490/503] WST (West Pharmaceutical Services), depuis 2010...
2026-07-29 17:47:48,625 [INFO]   -> 17 années récupérées pour WST
2026-07-29 17:47:48,625 [INFO] [491/503] WDC (Western Digital), depuis 2010...
2026-07-29 17:48:01,101 [INFO]   -> 15 années récupérées pour WDC
2026-07-29 17:48:01,102 [INFO] [492/503] WY (Weyerhaeuser), depuis 2010...
2026-07-29 17:48:14,059 [INFO]   -> 17 années récupérées pour WY
2026-07-29 17:48:14,059 [INFO] [493/503] WSM (Williams-Sonoma, Inc.), depuis 2010...
2026-07-29 17:48:26,841 [INFO]   -> 17 années récupérées pour WSM
2026-07-29 17:48:26,841 [INFO] [494/503] WMB (Williams Companies), depuis 2010...
2026-07-29 17:48:39,933 [INFO]   -> 17 années récupérées pour WMB
2026-07-29 17:48:39,933 [INFO] [495/503] WTW (Willis Towers Watson), depuis 2010...
2026-07-29 17:48:53,518 [INFO]   -> 11 années récupérées pour WTW
2026-07-29 17:48:53,518 [INFO] [496/503] WDAY (Workday, Inc.), depuis 2010...
2026-07-29 17:49:05,739 [INFO]   -> 10 années récupérées pour WDAY
2026-07-29 17:49:05,739 [INFO] [497/503] WYNN (Wynn Resorts), depuis 2010...
2026-07-29 17:49:18,151 [INFO]   -> 17 années récupérées pour WYNN
2026-07-29 17:49:18,152 [INFO] [498/503] XEL (Xcel Energy), depuis 2010...
2026-07-29 17:49:30,417 [INFO]   -> 9 années récupérées pour XEL
2026-07-29 17:49:30,417 [INFO] [499/503] XYL (Xylem Inc.), depuis 2010...
2026-07-29 17:49:43,195 [INFO]   -> 16 années récupérées pour XYL
2026-07-29 17:49:43,196 [INFO] [500/503] YUM (Yum! Brands), depuis 2010...
2026-07-29 17:49:55,924 [INFO]   -> 17 années récupérées pour YUM
2026-07-29 17:49:55,925 [INFO] [501/503] ZBRA (Zebra Technologies), depuis 2010...
2026-07-29 17:50:08,250 [INFO]   -> 17 années récupérées pour ZBRA
2026-07-29 17:50:08,250 [INFO] [502/503] ZBH (Zimmer Biomet), depuis 2010...
2026-07-29 17:50:21,051 [INFO]   -> 17 années récupérées pour ZBH
2026-07-29 17:50:21,051 [INFO] [503/503] ZTS (Zoetis), depuis 2010...
2026-07-29 17:50:33,707 [INFO]   -> 14 années récupérées pour ZTS
2026-07-29 17:50:33,707 [INFO] Disconnecting from 127.0.0.1:4002, 66.9 kB sent in 1014 messages, 111 MB received in 1915 messages, session time 6.64 ks.
2026-07-29 17:50:33,707 [INFO] Disconnecting
2026-07-29 17:50:33,708 [INFO] Déconnecté d'IBKR.
2026-07-29 17:50:33,708 [INFO] Terminé. OK: 503 | Échecs: 0 | Déjà à jour (ignorés): 0 | Nouvelles lignes: 7882
2026-07-29 17:50:34,056 [INFO] Fichier écrit : data\prices\year_end_prices.parquet (7882 lignes au total, 7882 nouvelles/mises à jour ce run).
