2026-08-09 09:30:28,215 [INFO] Log file: data\prices\year_end_prices_20260809_093028.log
2026-08-09 09:30:28,232 [INFO] Univers chargé : 503 tickers.
2026-08-09 09:30:28,367 [INFO] Cache existant chargé : data\prices\year_end_prices.parquet (7882 lignes, 503 symboles).
2026-08-09 09:30:28,931 [INFO] 0/503 tickers déjà à jour (ignorés), 503 à récupérer.
2026-08-09 09:30:28,932 [INFO] Connecting to 127.0.0.1:4002 with clientId 3...
2026-08-09 09:30:28,933 [INFO] Connected
2026-08-09 09:30:28,943 [INFO] Logged on to server version 176
2026-08-09 09:30:28,949 [INFO] API connection ready
2026-08-09 09:30:28,953 [INFO] Warning 2104, reqId -1: Market data farm connection is OK:eufarm
2026-08-09 09:30:28,954 [INFO] Warning 2104, reqId -1: Market data farm connection is OK:usopt
2026-08-09 09:30:28,955 [INFO] Warning 2104, reqId -1: Market data farm connection is OK:usfarm
2026-08-09 09:30:28,955 [INFO] Warning 2106, reqId -1: HMDS data farm connection is OK:euhmds
2026-08-09 09:30:28,956 [INFO] Warning 2106, reqId -1: HMDS data farm connection is OK:ushmds
2026-08-09 09:30:28,958 [INFO] Warning 2158, reqId -1: Sec-def data farm connection is OK:secdefeu
2026-08-09 09:30:29,253 [INFO] Synchronization complete
2026-08-09 09:30:29,254 [INFO] Connecté à IBKR sur 127.0.0.1:4002 (clientId=3, readonly=True).
2026-08-09 09:30:29,255 [INFO] [1/503] MMM (3M), depuis 2026...
2026-08-09 09:30:41,079 [INFO]   -> 1 années récupérées pour MMM
2026-08-09 09:30:41,080 [INFO] [2/503] AOS (A. O. Smith), depuis 2026...
2026-08-09 09:30:53,282 [INFO]   -> 1 années récupérées pour AOS
2026-08-09 09:30:53,282 [INFO] [3/503] ABT (Abbott Laboratories), depuis 2026...
2026-08-09 09:31:06,115 [INFO]   -> 1 années récupérées pour ABT
2026-08-09 09:31:06,115 [INFO] [4/503] ABBV (AbbVie), depuis 2010...
2026-08-09 09:31:20,828 [INFO]   -> 15 années récupérées pour ABBV
2026-08-09 09:31:20,828 [INFO] [5/503] ACN (Accenture), depuis 2026...
2026-08-09 09:31:32,363 [INFO]   -> 1 années récupérées pour ACN
2026-08-09 09:31:32,363 [INFO] [6/503] ADBE (Adobe Inc.), depuis 2026...
2026-08-09 09:31:43,638 [INFO]   -> 1 années récupérées pour ADBE
2026-08-09 09:31:43,639 [INFO] [7/503] AMD (Advanced Micro Devices), depuis 2010...
2026-08-09 09:31:56,668 [INFO]   -> 12 années récupérées pour AMD
2026-08-09 09:31:56,668 [INFO] [8/503] AES (AES Corporation), depuis 2026...
2026-08-09 09:32:08,289 [INFO]   -> 1 années récupérées pour AES
2026-08-09 09:32:08,289 [INFO] [9/503] AFL (Aflac), depuis 2026...
2026-08-09 09:32:19,941 [INFO]   -> 1 années récupérées pour AFL
2026-08-09 09:32:19,941 [INFO] [10/503] A (Agilent Technologies), depuis 2026...
2026-08-09 09:32:31,917 [INFO]   -> 1 années récupérées pour A
2026-08-09 09:32:31,918 [INFO] [11/503] APD (Air Products), depuis 2026...
2026-08-09 09:32:43,508 [INFO]   -> 1 années récupérées pour APD
2026-08-09 09:32:43,508 [INFO] [12/503] ABNB (Airbnb), depuis 2010...
2026-08-09 09:32:55,421 [INFO]   -> 7 années récupérées pour ABNB
2026-08-09 09:32:55,422 [INFO] [13/503] AKAM (Akamai Technologies), depuis 2026...
2026-08-09 09:33:07,319 [INFO]   -> 1 années récupérées pour AKAM
2026-08-09 09:33:07,319 [INFO] [14/503] ALB (Albemarle Corporation), depuis 2026...
2026-08-09 09:33:18,946 [INFO]   -> 1 années récupérées pour ALB
2026-08-09 09:33:18,947 [INFO] [15/503] ARE (Alexandria Real Estate Equities), depuis 2026...
2026-08-09 09:33:30,571 [INFO]   -> 1 années récupérées pour ARE
2026-08-09 09:33:30,571 [INFO] [16/503] ALGN (Align Technology), depuis 2026...
2026-08-09 09:33:43,751 [INFO]   -> 1 années récupérées pour ALGN
2026-08-09 09:33:43,751 [INFO] [17/503] ALLE (Allegion), depuis 2010...
2026-08-09 09:33:57,042 [INFO]   -> 14 années récupérées pour ALLE
2026-08-09 09:33:57,042 [INFO] [18/503] LNT (Alliant Energy), depuis 2026...
2026-08-09 09:34:08,876 [INFO]   -> 1 années récupérées pour LNT
2026-08-09 09:34:08,876 [INFO] [19/503] ALL (Allstate), depuis 2026...
2026-08-09 09:34:22,575 [INFO]   -> 1 années récupérées pour ALL
2026-08-09 09:34:22,575 [INFO] [20/503] GOOGL (Alphabet Inc. (Class A)), depuis 2026...
2026-08-09 09:34:34,097 [INFO]   -> 1 années récupérées pour GOOGL
2026-08-09 09:34:34,097 [INFO] [21/503] GOOG (Alphabet Inc. (Class C)), depuis 2010...
2026-08-09 09:34:48,309 [INFO]   -> 13 années récupérées pour GOOG
2026-08-09 09:34:48,310 [INFO] [22/503] MO (Altria), depuis 2026...
2026-08-09 09:35:01,809 [INFO]   -> 1 années récupérées pour MO
2026-08-09 09:35:01,809 [INFO] [23/503] AMZN (Amazon), depuis 2026...
2026-08-09 09:35:14,539 [INFO]   -> 1 années récupérées pour AMZN
2026-08-09 09:35:14,540 [INFO] [24/503] AMCR (Amcor), depuis 2010...
2026-08-09 09:35:29,037 [INFO]   -> 8 années récupérées pour AMCR
2026-08-09 09:35:29,038 [INFO] [25/503] AEE (Ameren), depuis 2026...
2026-08-09 09:35:42,839 [INFO]   -> 1 années récupérées pour AEE
2026-08-09 09:35:42,839 [INFO] [26/503] AEP (American Electric Power), depuis 2026...
2026-08-09 09:35:55,572 [INFO]   -> 1 années récupérées pour AEP
2026-08-09 09:35:55,577 [INFO] [27/503] AXP (American Express), depuis 2026...
2026-08-09 09:36:09,069 [INFO]   -> 1 années récupérées pour AXP
2026-08-09 09:36:09,069 [INFO] [28/503] AIG (American International Group), depuis 2026...
2026-08-09 09:36:20,810 [INFO]   -> 1 années récupérées pour AIG
2026-08-09 09:36:20,811 [INFO] [29/503] AMT (American Tower), depuis 2026...
2026-08-09 09:36:32,321 [INFO]   -> 1 années récupérées pour AMT
2026-08-09 09:36:32,321 [INFO] [30/503] AWK (American Water Works), depuis 2026...
2026-08-09 09:36:44,681 [INFO]   -> 1 années récupérées pour AWK
2026-08-09 09:36:44,681 [INFO] [31/503] AMP (Ameriprise Financial), depuis 2026...
2026-08-09 09:36:58,056 [INFO]   -> 1 années récupérées pour AMP
2026-08-09 09:36:58,056 [INFO] [32/503] AME (Ametek), depuis 2026...
2026-08-09 09:37:10,699 [INFO]   -> 1 années récupérées pour AME
2026-08-09 09:37:10,700 [INFO] [33/503] AMGN (Amgen), depuis 2026...
2026-08-09 09:37:24,782 [INFO]   -> 1 années récupérées pour AMGN
2026-08-09 09:37:24,782 [INFO] [34/503] APH (Amphenol), depuis 2026...
2026-08-09 09:37:37,853 [INFO]   -> 1 années récupérées pour APH
2026-08-09 09:37:37,853 [INFO] [35/503] ADI (Analog Devices), depuis 2010...
2026-08-09 09:37:51,836 [INFO]   -> 15 années récupérées pour ADI
2026-08-09 09:37:51,837 [INFO] [36/503] AON (Aon plc), depuis 2026...
2026-08-09 09:38:03,268 [INFO]   -> 1 années récupérées pour AON
2026-08-09 09:38:03,269 [INFO] [37/503] APA (APA Corporation), depuis 2026...
2026-08-09 09:38:17,625 [INFO]   -> 1 années récupérées pour APA
2026-08-09 09:38:17,626 [INFO] [38/503] APO (Apollo Global Management), depuis 2010...
2026-08-09 09:38:31,346 [INFO]   -> 11 années récupérées pour APO
2026-08-09 09:38:31,348 [INFO] [39/503] AAPL (Apple Inc.), depuis 2026...
2026-08-09 09:38:43,326 [INFO]   -> 1 années récupérées pour AAPL
2026-08-09 09:38:43,326 [INFO] [40/503] AMAT (Applied Materials), depuis 2026...
2026-08-09 09:38:55,266 [INFO]   -> 1 années récupérées pour AMAT
2026-08-09 09:38:55,268 [INFO] [41/503] APP (AppLovin), depuis 2010...
2026-08-09 09:39:08,422 [INFO]   -> 6 années récupérées pour APP
2026-08-09 09:39:08,424 [INFO] [42/503] APTV (Aptiv), depuis 2010...
2026-08-09 09:39:28,196 [INFO]   -> 16 années récupérées pour APTV
2026-08-09 09:39:28,200 [INFO] [43/503] ACGL (Arch Capital Group), depuis 2026...
2026-08-09 09:39:39,901 [INFO]   -> 1 années récupérées pour ACGL
2026-08-09 09:39:39,902 [INFO] [44/503] ADM (Archer Daniels Midland), depuis 2026...
2026-08-09 09:39:51,777 [INFO]   -> 1 années récupérées pour ADM
2026-08-09 09:39:51,777 [INFO] [45/503] ARES (Ares Management), depuis 2010...
2026-08-09 09:40:06,192 [INFO]   -> 13 années récupérées pour ARES
2026-08-09 09:40:06,194 [INFO] [46/503] ANET (Arista Networks), depuis 2010...
2026-08-09 09:40:20,512 [INFO]   -> 13 années récupérées pour ANET
2026-08-09 09:40:20,513 [INFO] [47/503] AJG (Arthur J. Gallagher & Co.), depuis 2026...
2026-08-09 09:40:32,599 [INFO]   -> 1 années récupérées pour AJG
2026-08-09 09:40:32,600 [INFO] [48/503] AIZ (Assurant), depuis 2026...
2026-08-09 09:40:44,221 [INFO]   -> 1 années récupérées pour AIZ
2026-08-09 09:40:44,222 [INFO] [49/503] T (AT&T), depuis 2026...
2026-08-09 09:40:55,867 [INFO]   -> 1 années récupérées pour T
2026-08-09 09:40:55,868 [INFO] [50/503] ATO (Atmos Energy), depuis 2026...
2026-08-09 09:41:08,254 [INFO]   -> 1 années récupérées pour ATO
2026-08-09 09:41:08,254 [INFO] [51/503] ADSK (Autodesk), depuis 2026...
2026-08-09 09:41:19,746 [INFO]   -> 1 années récupérées pour ADSK
2026-08-09 09:41:19,747 [INFO] [52/503] ADP (Automatic Data Processing), depuis 2026...
2026-08-09 09:41:31,368 [INFO]   -> 1 années récupérées pour ADP
2026-08-09 09:41:31,368 [INFO] [53/503] AZO (AutoZone), depuis 2026...
2026-08-09 09:41:42,888 [INFO]   -> 1 années récupérées pour AZO
2026-08-09 09:41:42,889 [INFO] [54/503] AVB (AvalonBay Communities), depuis 2026...
2026-08-09 09:41:54,482 [INFO]   -> 1 années récupérées pour AVB
2026-08-09 09:41:54,483 [INFO] [55/503] AVY (Avery Dennison), depuis 2026...
2026-08-09 09:42:06,167 [INFO]   -> 1 années récupérées pour AVY
2026-08-09 09:42:06,168 [INFO] [56/503] AXON (Axon Enterprise), depuis 2026...
2026-08-09 09:42:17,584 [INFO]   -> 1 années récupérées pour AXON
2026-08-09 09:42:17,585 [INFO] [57/503] BKR (Baker Hughes), depuis 2010...
2026-08-09 09:42:17,587 [INFO] Warning 2108, reqId -1: Market data farm connection is inactive but should be available upon demand.usopt
2026-08-09 09:42:17,587 [INFO] Warning 2108, reqId -1: Market data farm connection is inactive but should be available upon demand.usopt
2026-08-09 09:42:17,588 [INFO] Warning 2108, reqId -1: Market data farm connection is inactive but should be available upon demand.usfarm
2026-08-09 09:42:17,590 [INFO] Warning 2108, reqId -1: Market data farm connection is inactive but should be available upon demand.usfarm
2026-08-09 09:42:30,298 [INFO]   -> 10 années récupérées pour BKR
2026-08-09 09:42:30,298 [INFO] [58/503] BALL (Ball Corporation), depuis 2026...
2026-08-09 09:42:41,949 [INFO]   -> 1 années récupérées pour BALL
2026-08-09 09:42:41,950 [INFO] [59/503] BAC (Bank of America), depuis 2026...
2026-08-09 09:42:53,523 [INFO]   -> 1 années récupérées pour BAC
2026-08-09 09:42:53,524 [INFO] [60/503] BAX (Baxter International), depuis 2026...
2026-08-09 09:43:05,075 [INFO]   -> 1 années récupérées pour BAX
2026-08-09 09:43:05,076 [INFO] [61/503] BDX (Becton Dickinson), depuis 2026...
2026-08-09 09:43:16,346 [INFO]   -> 1 années récupérées pour BDX
2026-08-09 09:43:16,347 [INFO] [62/503] BRK B (Berkshire Hathaway), depuis 2026...
2026-08-09 09:43:27,868 [INFO]   -> 1 années récupérées pour BRK B
2026-08-09 09:43:27,869 [INFO] [63/503] BBY (Best Buy), depuis 2026...
2026-08-09 09:43:39,447 [INFO]   -> 1 années récupérées pour BBY
2026-08-09 09:43:39,448 [INFO] [64/503] TECH (Bio-Techne), depuis 2026...
2026-08-09 09:43:51,056 [INFO]   -> 1 années récupérées pour TECH
2026-08-09 09:43:51,056 [INFO] [65/503] BIIB (Biogen), depuis 2026...
2026-08-09 09:44:02,485 [INFO]   -> 1 années récupérées pour BIIB
2026-08-09 09:44:02,486 [INFO] [66/503] BLK (BlackRock), depuis 2026...
2026-08-09 09:44:14,077 [INFO]   -> 1 années récupérées pour BLK
2026-08-09 09:44:14,077 [INFO] [67/503] BX (Blackstone Inc.), depuis 2026...
2026-08-09 09:44:25,681 [INFO]   -> 1 années récupérées pour BX
2026-08-09 09:44:25,681 [INFO] [68/503] XYZ (Block, Inc.), depuis 2010...
2026-08-09 09:44:38,056 [INFO]   -> 12 années récupérées pour XYZ
2026-08-09 09:44:38,057 [INFO] [69/503] BNY (BNY Mellon), depuis 2026...
2026-08-09 09:44:51,467 [INFO]   -> 1 années récupérées pour BNY
2026-08-09 09:44:51,467 [INFO] [70/503] BA (Boeing), depuis 2026...
2026-08-09 09:45:02,742 [INFO]   -> 1 années récupérées pour BA
2026-08-09 09:45:02,743 [INFO] [71/503] BKNG (Booking Holdings), depuis 2026...
2026-08-09 09:45:14,292 [INFO]   -> 1 années récupérées pour BKNG
2026-08-09 09:45:14,292 [INFO] [72/503] BSX (Boston Scientific), depuis 2026...
2026-08-09 09:45:25,756 [INFO]   -> 1 années récupérées pour BSX
2026-08-09 09:45:25,756 [INFO] [73/503] BMY (Bristol Myers Squibb), depuis 2026...
2026-08-09 09:45:37,541 [INFO]   -> 1 années récupérées pour BMY
2026-08-09 09:45:37,542 [INFO] [74/503] AVGO (Broadcom), depuis 2010...
2026-08-09 09:45:50,985 [INFO]   -> 11 années récupérées pour AVGO
2026-08-09 09:45:50,985 [INFO] [75/503] BR (Broadridge Financial Solutions), depuis 2026...
2026-08-09 09:46:02,530 [INFO]   -> 1 années récupérées pour BR
2026-08-09 09:46:02,531 [INFO] [76/503] BRO (Brown & Brown), depuis 2026...
2026-08-09 09:46:14,116 [INFO]   -> 1 années récupérées pour BRO
2026-08-09 09:46:14,116 [INFO] [77/503] BF B (Brown–Forman), depuis 2026...
2026-08-09 09:46:25,726 [INFO]   -> 1 années récupérées pour BF B
2026-08-09 09:46:25,727 [INFO] [78/503] BLDR (Builders FirstSource), depuis 2026...
2026-08-09 09:46:37,146 [INFO]   -> 1 années récupérées pour BLDR
2026-08-09 09:46:37,147 [INFO] [79/503] BG (Bunge Global), depuis 2026...
2026-08-09 09:46:48,736 [INFO]   -> 1 années récupérées pour BG
2026-08-09 09:46:48,736 [INFO] [80/503] BXP (BXP, Inc.), depuis 2026...
2026-08-09 09:47:00,331 [INFO]   -> 1 années récupérées pour BXP
2026-08-09 09:47:00,331 [INFO] [81/503] CHRW (C.H. Robinson), depuis 2026...
2026-08-09 09:47:11,923 [INFO]   -> 1 années récupérées pour CHRW
2026-08-09 09:47:11,923 [INFO] [82/503] CDNS (Cadence Design Systems), depuis 2026...
2026-08-09 09:47:23,885 [INFO]   -> 1 années récupérées pour CDNS
2026-08-09 09:47:23,885 [INFO] [83/503] CPT (Camden Property Trust), depuis 2026...
2026-08-09 09:47:35,509 [INFO]   -> 1 années récupérées pour CPT
2026-08-09 09:47:35,509 [INFO] [84/503] COF (Capital One), depuis 2026...
2026-08-09 09:47:47,082 [INFO]   -> 1 années récupérées pour COF
2026-08-09 09:47:47,083 [INFO] [85/503] CAH (Cardinal Health), depuis 2026...
2026-08-09 09:47:58,698 [INFO]   -> 1 années récupérées pour CAH
2026-08-09 09:47:58,699 [INFO] [86/503] CCL (Carnival Corporation), depuis 2026...
2026-08-09 09:48:10,408 [INFO]   -> 1 années récupérées pour CCL
2026-08-09 09:48:10,409 [INFO] [87/503] CARR (Carrier Global), depuis 2010...
2026-08-09 09:48:22,754 [INFO]   -> 7 années récupérées pour CARR
2026-08-09 09:48:22,755 [INFO] [88/503] CVNA (Carvana), depuis 2010...
2026-08-09 09:48:34,952 [INFO]   -> 10 années récupérées pour CVNA
2026-08-09 09:48:34,952 [INFO] [89/503] CASY (Casey's), depuis 2026...
2026-08-09 09:48:46,585 [INFO]   -> 1 années récupérées pour CASY
2026-08-09 09:48:46,586 [INFO] [90/503] CAT (Caterpillar Inc.), depuis 2026...
2026-08-09 09:48:58,235 [INFO]   -> 1 années récupérées pour CAT
2026-08-09 09:48:58,236 [INFO] [91/503] CBOE (Cboe Global Markets), depuis 2026...
2026-08-09 09:49:09,881 [INFO]   -> 1 années récupérées pour CBOE
2026-08-09 09:49:09,881 [INFO] [92/503] CBRE (CBRE Group), depuis 2026...
2026-08-09 09:49:21,365 [INFO]   -> 1 années récupérées pour CBRE
2026-08-09 09:49:21,366 [INFO] [93/503] CDW (CDW Corporation), depuis 2010...
2026-08-09 09:49:33,617 [INFO]   -> 14 années récupérées pour CDW
2026-08-09 09:49:33,618 [INFO] [94/503] COR (Cencora), depuis 2026...
2026-08-09 09:49:44,941 [INFO]   -> 1 années récupérées pour COR
2026-08-09 09:49:44,942 [INFO] [95/503] CNC (Centene Corporation), depuis 2026...
2026-08-09 09:49:56,400 [INFO]   -> 1 années récupérées pour CNC
2026-08-09 09:49:56,401 [INFO] [96/503] CNP (CenterPoint Energy), depuis 2026...
2026-08-09 09:50:08,079 [INFO]   -> 1 années récupérées pour CNP
2026-08-09 09:50:08,080 [INFO] [97/503] CF (CF Industries), depuis 2026...
2026-08-09 09:50:19,715 [INFO]   -> 1 années récupérées pour CF
2026-08-09 09:50:19,716 [INFO] [98/503] CRL (Charles River Laboratories), depuis 2026...
2026-08-09 09:50:31,272 [INFO]   -> 1 années récupérées pour CRL
2026-08-09 09:50:31,272 [INFO] [99/503] SCHW (Charles Schwab Corporation), depuis 2026...
2026-08-09 09:50:42,817 [INFO]   -> 1 années récupérées pour SCHW
2026-08-09 09:50:42,817 [INFO] [100/503] CHTR (Charter Communications), depuis 2026...
2026-08-09 09:50:54,327 [INFO]   -> 1 années récupérées pour CHTR
2026-08-09 09:50:54,327 [INFO] [101/503] CVX (Chevron Corporation), depuis 2026...
2026-08-09 09:51:05,941 [INFO]   -> 1 années récupérées pour CVX
2026-08-09 09:51:05,944 [INFO] [102/503] CMG (Chipotle Mexican Grill), depuis 2026...
2026-08-09 09:51:17,400 [INFO]   -> 1 années récupérées pour CMG
2026-08-09 09:51:17,401 [INFO] [103/503] CB (Chubb Limited), depuis 2026...
2026-08-09 09:51:29,089 [INFO]   -> 1 années récupérées pour CB
2026-08-09 09:51:29,090 [INFO] [104/503] CHD (Church & Dwight), depuis 2026...
2026-08-09 09:51:40,427 [INFO]   -> 1 années récupérées pour CHD
2026-08-09 09:51:40,427 [INFO] [105/503] CIEN (Ciena), depuis 2026...
2026-08-09 09:51:51,987 [INFO]   -> 1 années récupérées pour CIEN
2026-08-09 09:51:51,987 [INFO] [106/503] CI (Cigna), depuis 2026...
2026-08-09 09:52:03,571 [INFO]   -> 1 années récupérées pour CI
2026-08-09 09:52:03,572 [INFO] [107/503] CINF (Cincinnati Financial), depuis 2026...
2026-08-09 09:52:15,200 [INFO]   -> 1 années récupérées pour CINF
2026-08-09 09:52:15,201 [INFO] [108/503] CTAS (Cintas), depuis 2026...
2026-08-09 09:52:26,748 [INFO]   -> 1 années récupérées pour CTAS
2026-08-09 09:52:26,749 [INFO] [109/503] CSCO (Cisco), depuis 2026...
2026-08-09 09:52:38,044 [INFO]   -> 1 années récupérées pour CSCO
2026-08-09 09:52:38,045 [INFO] [110/503] C (Citigroup), depuis 2026...
2026-08-09 09:52:49,606 [INFO]   -> 1 années récupérées pour C
2026-08-09 09:52:49,606 [INFO] [111/503] CFG (Citizens Financial Group), depuis 2010...
2026-08-09 09:53:03,594 [INFO]   -> 13 années récupérées pour CFG
2026-08-09 09:53:03,597 [INFO] [112/503] CLX (Clorox), depuis 2026...
2026-08-09 09:53:15,121 [INFO]   -> 1 années récupérées pour CLX
2026-08-09 09:53:15,122 [INFO] [113/503] CME (CME Group), depuis 2026...
2026-08-09 09:53:26,672 [INFO]   -> 1 années récupérées pour CME
2026-08-09 09:53:26,673 [INFO] [114/503] CMS (CMS Energy), depuis 2026...
2026-08-09 09:53:38,307 [INFO]   -> 1 années récupérées pour CMS
2026-08-09 09:53:38,308 [INFO] [115/503] KO (Coca-Cola Company (The)), depuis 2026...
2026-08-09 09:53:49,907 [INFO]   -> 1 années récupérées pour KO
2026-08-09 09:53:49,907 [INFO] [116/503] CTSH (Cognizant), depuis 2026...
2026-08-09 09:54:01,466 [INFO]   -> 1 années récupérées pour CTSH
2026-08-09 09:54:01,467 [INFO] [117/503] COHR (Coherent Corp.), depuis 2026...
2026-08-09 09:54:13,097 [INFO]   -> 1 années récupérées pour COHR
2026-08-09 09:54:13,097 [INFO] [118/503] COIN (Coinbase), depuis 2010...
2026-08-09 09:54:24,965 [INFO]   -> 6 années récupérées pour COIN
2026-08-09 09:54:24,965 [INFO] [119/503] CL (Colgate-Palmolive), depuis 2026...
2026-08-09 09:54:36,603 [INFO]   -> 1 années récupérées pour CL
2026-08-09 09:54:36,604 [INFO] [120/503] CMCSA (Comcast), depuis 2026...
2026-08-09 09:54:48,222 [INFO]   -> 1 années récupérées pour CMCSA
2026-08-09 09:54:48,223 [INFO] [121/503] FIX (Comfort Systems USA), depuis 2026...
2026-08-09 09:54:59,768 [INFO]   -> 1 années récupérées pour FIX
2026-08-09 09:54:59,769 [INFO] [122/503] COP (ConocoPhillips), depuis 2026...
2026-08-09 09:55:11,382 [INFO]   -> 1 années récupérées pour COP
2026-08-09 09:55:11,384 [INFO] [123/503] ED (Consolidated Edison), depuis 2026...
2026-08-09 09:55:23,068 [INFO]   -> 1 années récupérées pour ED
2026-08-09 09:55:23,068 [INFO] [124/503] STZ (Constellation Brands), depuis 2026...
2026-08-09 09:55:34,650 [INFO]   -> 1 années récupérées pour STZ
2026-08-09 09:55:34,651 [INFO] [125/503] CEG (Constellation Energy), depuis 2010...
2026-08-09 09:55:46,600 [INFO]   -> 5 années récupérées pour CEG
2026-08-09 09:55:46,600 [INFO] [126/503] COO (Cooper Companies (The)), depuis 2010...
2026-08-09 09:55:59,449 [INFO]   -> 4 années récupérées pour COO
2026-08-09 09:55:59,450 [INFO] [127/503] CPRT (Copart), depuis 2026...
2026-08-09 09:56:10,877 [INFO]   -> 1 années récupérées pour CPRT
2026-08-09 09:56:10,878 [INFO] [128/503] GLW (Corning Inc.), depuis 2026...
2026-08-09 09:56:22,610 [INFO]   -> 1 années récupérées pour GLW
2026-08-09 09:56:22,611 [INFO] [129/503] CPAY (Corpay), depuis 2026...
2026-08-09 09:56:34,183 [INFO]   -> 1 années récupérées pour CPAY
2026-08-09 09:56:34,184 [INFO] [130/503] CTVA (Corteva), depuis 2010...
2026-08-09 09:56:46,211 [INFO]   -> 8 années récupérées pour CTVA
2026-08-09 09:56:46,211 [INFO] [131/503] CSGP (CoStar Group), depuis 2026...
2026-08-09 09:56:57,656 [INFO]   -> 1 années récupérées pour CSGP
2026-08-09 09:56:57,658 [INFO] [132/503] COST (Costco), depuis 2026...
2026-08-09 09:57:09,276 [INFO]   -> 1 années récupérées pour COST
2026-08-09 09:57:09,277 [INFO] [133/503] CRH (CRH plc), depuis 2010...
2026-08-09 09:57:21,035 [INFO]   -> 4 années récupérées pour CRH
2026-08-09 09:57:21,036 [INFO] [134/503] CRWD (CrowdStrike), depuis 2010...
2026-08-09 09:57:32,902 [INFO]   -> 8 années récupérées pour CRWD
2026-08-09 09:57:32,904 [INFO] [135/503] CCI (Crown Castle), depuis 2026...
2026-08-09 09:57:44,448 [INFO]   -> 1 années récupérées pour CCI
2026-08-09 09:57:44,449 [INFO] [136/503] CSX (CSX Corporation), depuis 2010...
2026-08-09 09:57:56,596 [INFO]   -> 12 années récupérées pour CSX
2026-08-09 09:57:56,597 [INFO] [137/503] CMI (Cummins), depuis 2026...
2026-08-09 09:58:08,959 [INFO]   -> 1 années récupérées pour CMI
2026-08-09 09:58:08,960 [INFO] [138/503] CVS (CVS Health), depuis 2026...
2026-08-09 09:58:20,563 [INFO]   -> 1 années récupérées pour CVS
2026-08-09 09:58:20,564 [INFO] [139/503] DHR (Danaher Corporation), depuis 2026...
2026-08-09 09:58:32,201 [INFO]   -> 1 années récupérées pour DHR
2026-08-09 09:58:32,203 [INFO] [140/503] DRI (Darden Restaurants), depuis 2026...
2026-08-09 09:58:43,486 [INFO]   -> 1 années récupérées pour DRI
2026-08-09 09:58:43,487 [INFO] [141/503] DDOG (Datadog), depuis 2010...
2026-08-09 09:58:55,493 [INFO]   -> 8 années récupérées pour DDOG
2026-08-09 09:58:55,493 [INFO] [142/503] DVA (DaVita), depuis 2026...
2026-08-09 09:59:07,030 [INFO]   -> 1 années récupérées pour DVA
2026-08-09 09:59:07,031 [INFO] [143/503] DECK (Deckers Brands), depuis 2026...
2026-08-09 09:59:18,523 [INFO]   -> 1 années récupérées pour DECK
2026-08-09 09:59:18,524 [INFO] [144/503] DE (Deere & Company), depuis 2026...
2026-08-09 09:59:30,174 [INFO]   -> 1 années récupérées pour DE
2026-08-09 09:59:30,175 [INFO] [145/503] DELL (Dell Technologies), depuis 2010...
2026-08-09 09:59:42,553 [INFO]   -> 9 années récupérées pour DELL
2026-08-09 09:59:42,555 [INFO] [146/503] DAL (Delta Air Lines), depuis 2026...
2026-08-09 09:59:54,143 [INFO]   -> 1 années récupérées pour DAL
2026-08-09 09:59:54,144 [INFO] [147/503] DVN (Devon Energy), depuis 2026...
2026-08-09 10:00:05,440 [INFO]   -> 1 années récupérées pour DVN
2026-08-09 10:00:05,445 [INFO] [148/503] DXCM (Dexcom), depuis 2026...
2026-08-09 10:00:16,957 [INFO]   -> 1 années récupérées pour DXCM
2026-08-09 10:00:16,957 [INFO] [149/503] FANG (Diamondback Energy), depuis 2010...
2026-08-09 10:00:29,123 [INFO]   -> 15 années récupérées pour FANG
2026-08-09 10:00:29,123 [INFO] [150/503] DLR (Digital Realty), depuis 2026...
2026-08-09 10:00:40,799 [INFO]   -> 1 années récupérées pour DLR
2026-08-09 10:00:40,800 [INFO] [151/503] DG (Dollar General), depuis 2026...
2026-08-09 10:00:52,466 [INFO]   -> 1 années récupérées pour DG
2026-08-09 10:00:52,467 [INFO] [152/503] DLTR (Dollar Tree), depuis 2026...
2026-08-09 10:01:03,974 [INFO]   -> 1 années récupérées pour DLTR
2026-08-09 10:01:03,974 [INFO] [153/503] D (Dominion Energy), depuis 2026...
2026-08-09 10:01:15,544 [INFO]   -> 1 années récupérées pour D
2026-08-09 10:01:15,545 [INFO] [154/503] DPZ (Domino's), depuis 2026...
2026-08-09 10:01:27,164 [INFO]   -> 1 années récupérées pour DPZ
2026-08-09 10:01:27,164 [INFO] [155/503] DASH (DoorDash), depuis 2010...
2026-08-09 10:01:39,293 [INFO]   -> 7 années récupérées pour DASH
2026-08-09 10:01:39,295 [INFO] [156/503] DOV (Dover Corporation), depuis 2026...
2026-08-09 10:01:50,965 [INFO]   -> 1 années récupérées pour DOV
2026-08-09 10:01:50,965 [INFO] [157/503] DOW (Dow Inc.), depuis 2010...
2026-08-09 10:02:02,966 [INFO]   -> 8 années récupérées pour DOW
2026-08-09 10:02:02,967 [INFO] [158/503] DHI (D. R. Horton), depuis 2026...
2026-08-09 10:02:14,609 [INFO]   -> 1 années récupérées pour DHI
2026-08-09 10:02:14,609 [INFO] [159/503] DTE (DTE Energy), depuis 2026...
2026-08-09 10:02:26,194 [INFO]   -> 1 années récupérées pour DTE
2026-08-09 10:02:26,194 [INFO] [160/503] DUK (Duke Energy), depuis 2026...
2026-08-09 10:02:37,812 [INFO]   -> 1 années récupérées pour DUK
2026-08-09 10:02:37,812 [INFO] [161/503] DD (DuPont), depuis 2010...
2026-08-09 10:02:50,555 [INFO]   -> 10 années récupérées pour DD
2026-08-09 10:02:50,556 [INFO] [162/503] ETN (Eaton Corporation), depuis 2026...
2026-08-09 10:03:01,860 [INFO]   -> 1 années récupérées pour ETN
2026-08-09 10:03:01,860 [INFO] [163/503] EBAY (eBay Inc.), depuis 2026...
2026-08-09 10:03:13,329 [INFO]   -> 1 années récupérées pour EBAY
2026-08-09 10:03:13,330 [INFO] [164/503] ECHO (EchoStar), depuis 2026...
2026-08-09 10:03:24,894 [INFO]   -> 1 années récupérées pour ECHO
2026-08-09 10:03:24,894 [INFO] [165/503] ECL (Ecolab), depuis 2026...
2026-08-09 10:03:36,498 [INFO]   -> 1 années récupérées pour ECL
2026-08-09 10:03:36,499 [INFO] [166/503] EIX (Edison International), depuis 2026...
2026-08-09 10:03:48,123 [INFO]   -> 1 années récupérées pour EIX
2026-08-09 10:03:48,124 [INFO] [167/503] EW (Edwards Lifesciences), depuis 2026...
2026-08-09 10:03:59,671 [INFO]   -> 1 années récupérées pour EW
2026-08-09 10:03:59,672 [INFO] [168/503] ELV (Elevance Health), depuis 2026...
2026-08-09 10:04:11,262 [INFO]   -> 1 années récupérées pour ELV
2026-08-09 10:04:11,263 [INFO] [169/503] EME (Emcor), depuis 2026...
2026-08-09 10:04:22,994 [INFO]   -> 1 années récupérées pour EME
2026-08-09 10:04:22,995 [INFO] [170/503] EMR (Emerson Electric), depuis 2026...
2026-08-09 10:04:34,586 [INFO]   -> 1 années récupérées pour EMR
2026-08-09 10:04:34,587 [INFO] [171/503] ETR (Entergy), depuis 2026...
2026-08-09 10:04:46,271 [INFO]   -> 1 années récupérées pour ETR
2026-08-09 10:04:46,272 [INFO] [172/503] EOG (EOG Resources), depuis 2026...
2026-08-09 10:04:57,816 [INFO]   -> 1 années récupérées pour EOG
2026-08-09 10:04:57,817 [INFO] [173/503] EQT (EQT Corporation), depuis 2026...
2026-08-09 10:05:09,737 [INFO]   -> 1 années récupérées pour EQT
2026-08-09 10:05:09,737 [INFO] [174/503] EFX (Equifax), depuis 2026...
2026-08-09 10:05:21,318 [INFO]   -> 1 années récupérées pour EFX
2026-08-09 10:05:21,319 [INFO] [175/503] EQIX (Equinix), depuis 2026...
2026-08-09 10:05:32,844 [INFO]   -> 1 années récupérées pour EQIX
2026-08-09 10:05:32,845 [INFO] [176/503] EQR (Equity Residential), depuis 2026...
2026-08-09 10:05:44,436 [INFO]   -> 1 années récupérées pour EQR
2026-08-09 10:05:44,437 [INFO] [177/503] ERIE (Erie Indemnity), depuis 2026...
2026-08-09 10:05:56,011 [INFO]   -> 1 années récupérées pour ERIE
2026-08-09 10:05:56,012 [INFO] [178/503] ESS (Essex Property Trust), depuis 2026...
2026-08-09 10:06:07,637 [INFO]   -> 1 années récupérées pour ESS
2026-08-09 10:06:07,637 [INFO] [179/503] EL (Estée Lauder Companies (The)), depuis 2026...
2026-08-09 10:06:19,187 [INFO]   -> 1 années récupérées pour EL
2026-08-09 10:06:19,188 [INFO] [180/503] EG (Everest Group), depuis 2026...
2026-08-09 10:06:30,772 [INFO]   -> 1 années récupérées pour EG
2026-08-09 10:06:30,773 [INFO] [181/503] EVRG (Evergy), depuis 2010...
2026-08-09 10:06:43,028 [INFO]   -> 9 années récupérées pour EVRG
2026-08-09 10:06:43,029 [INFO] [182/503] ES (Eversource Energy), depuis 2026...
2026-08-09 10:06:54,656 [INFO]   -> 1 années récupérées pour ES
2026-08-09 10:06:54,657 [INFO] [183/503] EXC (Exelon), depuis 2026...
2026-08-09 10:07:05,961 [INFO]   -> 1 années récupérées pour EXC
2026-08-09 10:07:05,962 [INFO] [184/503] EXE (Expand Energy), depuis 2010...
2026-08-09 10:07:18,065 [INFO]   -> 6 années récupérées pour EXE
2026-08-09 10:07:18,065 [INFO] [185/503] EXPE (Expedia Group), depuis 2026...
2026-08-09 10:07:29,662 [INFO]   -> 1 années récupérées pour EXPE
2026-08-09 10:07:29,664 [INFO] [186/503] EXPD (Expeditors International), depuis 2026...
2026-08-09 10:07:41,198 [INFO]   -> 1 années récupérées pour EXPD
2026-08-09 10:07:41,198 [INFO] [187/503] EXR (Extra Space Storage), depuis 2026...
2026-08-09 10:07:53,040 [INFO]   -> 1 années récupérées pour EXR
2026-08-09 10:07:53,040 [INFO] [188/503] XOM (ExxonMobil), depuis 2026...
2026-08-09 10:08:04,841 [INFO]   -> 1 années récupérées pour XOM
2026-08-09 10:08:04,842 [INFO] [189/503] FFIV (F5, Inc.), depuis 2026...
2026-08-09 10:08:16,663 [INFO]   -> 1 années récupérées pour FFIV
2026-08-09 10:08:16,664 [INFO] [190/503] FDS (FactSet), depuis 2026...
2026-08-09 10:08:28,325 [INFO]   -> 1 années récupérées pour FDS
2026-08-09 10:08:28,326 [INFO] [191/503] FICO (Fair Isaac), depuis 2026...
2026-08-09 10:08:39,831 [INFO]   -> 1 années récupérées pour FICO
2026-08-09 10:08:39,832 [INFO] [192/503] FAST (Fastenal), depuis 2026...
2026-08-09 10:08:51,331 [INFO]   -> 1 années récupérées pour FAST
2026-08-09 10:08:51,332 [INFO] [193/503] FRT (Federal Realty Investment Trust), depuis 2026...
2026-08-09 10:09:02,974 [INFO]   -> 1 années récupérées pour FRT
2026-08-09 10:09:02,975 [INFO] [194/503] FDX (FedEx), depuis 2026...
2026-08-09 10:09:14,648 [INFO]   -> 1 années récupérées pour FDX
2026-08-09 10:09:14,650 [INFO] [195/503] FDXF (FedEx Freight), depuis 2010...
2026-08-09 10:09:26,789 [INFO]   -> 1 années récupérées pour FDXF
2026-08-09 10:09:26,789 [INFO] [196/503] FERG (Ferguson Enterprises), depuis 2010...
2026-08-09 10:09:38,812 [INFO]   -> 6 années récupérées pour FERG
2026-08-09 10:09:38,812 [INFO] [197/503] FIS (Fidelity National Information Services), depuis 2026...
2026-08-09 10:09:50,419 [INFO]   -> 1 années récupérées pour FIS
2026-08-09 10:09:50,421 [INFO] [198/503] FITB (Fifth Third Bancorp), depuis 2026...
2026-08-09 10:10:02,113 [INFO]   -> 1 années récupérées pour FITB
2026-08-09 10:10:02,113 [INFO] [199/503] FSLR (First Solar), depuis 2026...
2026-08-09 10:10:13,710 [INFO]   -> 1 années récupérées pour FSLR
2026-08-09 10:10:13,711 [INFO] [200/503] FE (FirstEnergy), depuis 2026...
2026-08-09 10:10:25,339 [INFO]   -> 1 années récupérées pour FE
2026-08-09 10:10:25,339 [INFO] [201/503] FISV (Fiserv), depuis 2026...
2026-08-09 10:10:36,972 [INFO]   -> 1 années récupérées pour FISV
2026-08-09 10:10:36,973 [INFO] [202/503] FLEX (Flex Ltd.), depuis 2026...
2026-08-09 10:10:48,441 [INFO]   -> 1 années récupérées pour FLEX
2026-08-09 10:10:48,442 [INFO] [203/503] F (Ford Motor Company), depuis 2026...
2026-08-09 10:10:59,972 [INFO]   -> 1 années récupérées pour F
2026-08-09 10:10:59,973 [INFO] [204/503] FTNT (Fortinet), depuis 2026...
2026-08-09 10:11:11,476 [INFO]   -> 1 années récupérées pour FTNT
2026-08-09 10:11:11,477 [INFO] [205/503] FTV (Fortive), depuis 2010...
2026-08-09 10:11:23,837 [INFO]   -> 11 années récupérées pour FTV
2026-08-09 10:11:23,838 [INFO] [206/503] FOXA (Fox Corporation (Class A)), depuis 2010...
2026-08-09 10:11:35,837 [INFO]   -> 8 années récupérées pour FOXA
2026-08-09 10:11:35,837 [INFO] [207/503] FOX (Fox Corporation (Class B)), depuis 2010...
2026-08-09 10:11:47,689 [INFO]   -> 8 années récupérées pour FOX
2026-08-09 10:11:47,690 [INFO] [208/503] BEN (Franklin Resources), depuis 2026...
2026-08-09 10:11:59,325 [INFO]   -> 1 années récupérées pour BEN
2026-08-09 10:11:59,325 [INFO] [209/503] FCX (Freeport-McMoRan), depuis 2026...
2026-08-09 10:12:11,266 [INFO]   -> 1 années récupérées pour FCX
2026-08-09 10:12:11,266 [INFO] [210/503] GRMN (Garmin), depuis 2026...
2026-08-09 10:12:22,863 [INFO]   -> 1 années récupérées pour GRMN
2026-08-09 10:12:22,864 [INFO] [211/503] IT (Gartner), depuis 2026...
2026-08-09 10:12:34,326 [INFO]   -> 1 années récupérées pour IT
2026-08-09 10:12:34,327 [INFO] [212/503] GE (GE Aerospace), depuis 2026...
2026-08-09 10:12:45,861 [INFO]   -> 1 années récupérées pour GE
2026-08-09 10:12:45,861 [INFO] [213/503] GEHC (GE HealthCare), depuis 2010...
2026-08-09 10:12:57,767 [INFO]   -> 5 années récupérées pour GEHC
2026-08-09 10:12:57,768 [INFO] [214/503] GEV (GE Vernova), depuis 2010...
2026-08-09 10:13:10,911 [INFO]   -> 3 années récupérées pour GEV
2026-08-09 10:13:10,913 [INFO] [215/503] GEN (Gen Digital), depuis 2026...
2026-08-09 10:13:22,736 [INFO]   -> 1 années récupérées pour GEN
2026-08-09 10:13:22,739 [INFO] [216/503] GNRC (Generac), depuis 2026...
2026-08-09 10:13:34,042 [INFO]   -> 1 années récupérées pour GNRC
2026-08-09 10:13:34,044 [INFO] [217/503] GD (General Dynamics), depuis 2026...
2026-08-09 10:13:45,344 [INFO]   -> 1 années récupérées pour GD
2026-08-09 10:13:45,346 [INFO] [218/503] GIS (General Mills), depuis 2026...
2026-08-09 10:13:56,645 [INFO]   -> 1 années récupérées pour GIS
2026-08-09 10:13:56,646 [INFO] [219/503] GM (General Motors), depuis 2026...
2026-08-09 10:14:08,195 [INFO]   -> 1 années récupérées pour GM
2026-08-09 10:14:08,195 [INFO] [220/503] GPC (Genuine Parts Company), depuis 2026...
2026-08-09 10:14:19,876 [INFO]   -> 1 années récupérées pour GPC
2026-08-09 10:14:19,877 [INFO] [221/503] GILD (Gilead Sciences), depuis 2026...
2026-08-09 10:14:31,411 [INFO]   -> 1 années récupérées pour GILD
2026-08-09 10:14:31,412 [INFO] [222/503] GPN (Global Payments), depuis 2026...
2026-08-09 10:14:43,037 [INFO]   -> 1 années récupérées pour GPN
2026-08-09 10:14:43,038 [INFO] [223/503] GL (Globe Life), depuis 2026...
2026-08-09 10:14:54,699 [INFO]   -> 1 années récupérées pour GL
2026-08-09 10:14:54,700 [INFO] [224/503] GDDY (GoDaddy), depuis 2010...
2026-08-09 10:15:06,957 [INFO]   -> 12 années récupérées pour GDDY
2026-08-09 10:15:06,958 [INFO] [225/503] GS (Goldman Sachs), depuis 2026...
2026-08-09 10:15:18,624 [INFO]   -> 1 années récupérées pour GS
2026-08-09 10:15:18,624 [INFO] [226/503] HAL (Halliburton), depuis 2026...
2026-08-09 10:15:30,317 [INFO]   -> 1 années récupérées pour HAL
2026-08-09 10:15:30,318 [INFO] [227/503] HIG (Hartford (The)), depuis 2026...
2026-08-09 10:15:42,039 [INFO]   -> 1 années récupérées pour HIG
2026-08-09 10:15:42,040 [INFO] [228/503] HAS (Hasbro), depuis 2026...
2026-08-09 10:15:53,634 [INFO]   -> 1 années récupérées pour HAS
2026-08-09 10:15:53,635 [INFO] [229/503] HCA (HCA Healthcare), depuis 2010...
2026-08-09 10:16:07,241 [INFO]   -> 16 années récupérées pour HCA
2026-08-09 10:16:07,241 [INFO] [230/503] DOC (Healthpeak Properties), depuis 2026...
2026-08-09 10:16:19,037 [INFO]   -> 1 années récupérées pour DOC
2026-08-09 10:16:19,037 [INFO] [231/503] HSIC (Henry Schein), depuis 2026...
2026-08-09 10:16:30,552 [INFO]   -> 1 années récupérées pour HSIC
2026-08-09 10:16:30,553 [INFO] [232/503] HSY (Hershey Company (The)), depuis 2026...
2026-08-09 10:16:42,184 [INFO]   -> 1 années récupérées pour HSY
2026-08-09 10:16:42,194 [INFO] [233/503] HPE (Hewlett Packard Enterprise), depuis 2010...
2026-08-09 10:16:54,588 [INFO]   -> 12 années récupérées pour HPE
2026-08-09 10:16:54,589 [INFO] [234/503] HLT (Hilton Worldwide), depuis 2010...
2026-08-09 10:17:07,092 [INFO]   -> 14 années récupérées pour HLT
2026-08-09 10:17:07,099 [INFO] [235/503] HD (Home Depot (The)), depuis 2026...
2026-08-09 10:17:07,745 [ERROR] Error 1100, reqId -1: Connectivity between IBKR and Trader Workstation has been lost.
2026-08-09 10:17:07,990 [INFO] Warning 2103, reqId -1: Market data farm connection is broken:eufarm
2026-08-09 10:17:08,153 [INFO] Warning 2105, reqId -1: HMDS data farm connection is broken:euhmds
2026-08-09 10:17:08,196 [INFO] Warning 2105, reqId -1: HMDS data farm connection is broken:ushmds
2026-08-09 10:17:08,246 [INFO] Warning 2157, reqId -1: Sec-def data farm connection is broken:secdefeu
2026-08-09 10:17:22,190 [INFO] Warning 2106, reqId -1: HMDS data farm connection is OK:euhmds
2026-08-09 10:17:22,234 [INFO] Warning 2158, reqId -1: Sec-def data farm connection is OK:secdefeu
2026-08-09 10:17:22,503 [INFO] Warning 2104, reqId -1: Market data farm connection is OK:eufarm
2026-08-09 10:17:23,662 [INFO] Warning 2106, reqId -1: HMDS data farm connection is OK:ushmds
2026-08-09 10:17:24,616 [ERROR] Error 1102, reqId -1: Connectivity between IBKR and Trader Workstation has been restored - data maintained. All data farms are connected: eufarm; euhmds; ushmds; secdefeu.
2026-08-09 10:17:25,389 [ERROR] Error 162, reqId 473: Historical Market Data Service error message:Trading TWS session is connected from a different IP address, contract: Contract(secType='STK', conId=7930, symbol='HD', exchange='SMART', primaryExchange='NYSE', currency='USD', localSymbol='HD', tradingClass='HD')
2026-08-09 10:17:38,660 [ERROR] Error 162, reqId 475: Historical Market Data Service error message:Trading TWS session is connected from a different IP address, contract: Contract(secType='STK', conId=7930, symbol='HD', exchange='SMART', primaryExchange='NYSE', currency='USD', localSymbol='HD', tradingClass='HD')
2026-08-09 10:18:03,205 [INFO]   -> 1 années récupérées pour HD
2026-08-09 10:18:03,206 [INFO] [236/503] HONA (Honeywell Aerospace), depuis 2010...
2026-08-09 10:18:15,296 [INFO]   -> 1 années récupérées pour HONA
2026-08-09 10:18:15,297 [INFO] [237/503] HON (Honeywell Technologies), depuis 2026...
2026-08-09 10:18:26,839 [INFO]   -> 1 années récupérées pour HON
2026-08-09 10:18:26,839 [INFO] [238/503] HRL (Hormel Foods), depuis 2026...
2026-08-09 10:18:38,766 [INFO]   -> 1 années récupérées pour HRL
2026-08-09 10:18:38,766 [INFO] [239/503] HST (Host Hotels & Resorts), depuis 2026...
2026-08-09 10:18:50,728 [INFO]   -> 1 années récupérées pour HST
2026-08-09 10:18:50,728 [INFO] [240/503] HWM (Howmet Aerospace), depuis 2026...
2026-08-09 10:19:02,160 [INFO]   -> 1 années récupérées pour HWM
2026-08-09 10:19:02,161 [INFO] [241/503] HPQ (HP Inc.), depuis 2026...
2026-08-09 10:19:14,076 [INFO]   -> 1 années récupérées pour HPQ
2026-08-09 10:19:14,076 [INFO] [242/503] HUBB (Hubbell Incorporated), depuis 2026...
2026-08-09 10:19:25,859 [INFO]   -> 1 années récupérées pour HUBB
2026-08-09 10:19:25,860 [INFO] [243/503] HUM (Humana), depuis 2026...
2026-08-09 10:19:37,682 [INFO]   -> 1 années récupérées pour HUM
2026-08-09 10:19:37,682 [INFO] [244/503] HBAN (Huntington Bancshares), depuis 2026...
2026-08-09 10:19:49,601 [INFO]   -> 1 années récupérées pour HBAN
2026-08-09 10:19:49,602 [INFO] [245/503] HII (Huntington Ingalls Industries), depuis 2010...
2026-08-09 10:20:02,806 [INFO]   -> 16 années récupérées pour HII
2026-08-09 10:20:02,806 [INFO] [246/503] IBM (IBM), depuis 2026...
2026-08-09 10:20:16,043 [INFO]   -> 1 années récupérées pour IBM
2026-08-09 10:20:16,044 [INFO] [247/503] IEX (IDEX Corporation), depuis 2026...
2026-08-09 10:20:29,483 [INFO]   -> 1 années récupérées pour IEX
2026-08-09 10:20:29,483 [INFO] [248/503] IDXX (Idexx Laboratories), depuis 2026...
2026-08-09 10:20:44,786 [INFO]   -> 1 années récupérées pour IDXX
2026-08-09 10:20:44,787 [INFO] [249/503] ITW (Illinois Tool Works), depuis 2026...
2026-08-09 10:20:56,750 [INFO]   -> 1 années récupérées pour ITW
2026-08-09 10:20:56,751 [INFO] [250/503] INCY (Incyte), depuis 2026...
2026-08-09 10:21:08,639 [INFO]   -> 1 années récupérées pour INCY
2026-08-09 10:21:08,641 [INFO] [251/503] IR (Ingersoll Rand), depuis 2010...
2026-08-09 10:21:21,170 [INFO]   -> 10 années récupérées pour IR
2026-08-09 10:21:21,170 [INFO] [252/503] PODD (Insulet Corporation), depuis 2026...
2026-08-09 10:21:32,983 [INFO]   -> 1 années récupérées pour PODD
2026-08-09 10:21:32,984 [INFO] [253/503] INTC (Intel), depuis 2026...
2026-08-09 10:21:44,809 [INFO]   -> 1 années récupérées pour INTC
2026-08-09 10:21:44,810 [INFO] [254/503] IBKR (Interactive Brokers), depuis 2026...
2026-08-09 10:21:56,921 [INFO]   -> 1 années récupérées pour IBKR
2026-08-09 10:21:56,922 [INFO] [255/503] ICE (Intercontinental Exchange), depuis 2026...
2026-08-09 10:22:08,350 [INFO]   -> 1 années récupérées pour ICE
2026-08-09 10:22:08,350 [INFO] [256/503] IFF (International Flavors & Fragrances), depuis 2026...
2026-08-09 10:22:19,944 [INFO]   -> 1 années récupérées pour IFF
2026-08-09 10:22:19,944 [INFO] [257/503] IP (International Paper), depuis 2026...
2026-08-09 10:22:31,936 [INFO]   -> 1 années récupérées pour IP
2026-08-09 10:22:31,937 [INFO] [258/503] INTU (Intuit), depuis 2026...
2026-08-09 10:22:44,221 [INFO]   -> 1 années récupérées pour INTU
2026-08-09 10:22:44,222 [INFO] [259/503] ISRG (Intuitive Surgical), depuis 2026...
2026-08-09 10:22:56,063 [INFO]   -> 1 années récupérées pour ISRG
2026-08-09 10:22:56,064 [INFO] [260/503] IVZ (Invesco), depuis 2026...
2026-08-09 10:23:08,256 [INFO]   -> 1 années récupérées pour IVZ
2026-08-09 10:23:08,257 [INFO] [261/503] INVH (Invitation Homes), depuis 2010...
2026-08-09 10:23:21,390 [INFO]   -> 10 années récupérées pour INVH
2026-08-09 10:23:21,391 [INFO] [262/503] IQV (IQVIA), depuis 2010...
2026-08-09 10:23:33,932 [INFO]   -> 14 années récupérées pour IQV
2026-08-09 10:23:33,932 [INFO] [263/503] IRM (Iron Mountain), depuis 2026...
2026-08-09 10:23:45,842 [INFO]   -> 1 années récupérées pour IRM
2026-08-09 10:23:45,843 [INFO] [264/503] JBHT (J.B. Hunt), depuis 2026...
2026-08-09 10:23:57,699 [INFO]   -> 1 années récupérées pour JBHT
2026-08-09 10:23:57,699 [INFO] [265/503] JBL (Jabil), depuis 2026...
2026-08-09 10:24:09,629 [INFO]   -> 1 années récupérées pour JBL
2026-08-09 10:24:09,630 [INFO] [266/503] JKHY (Jack Henry & Associates), depuis 2026...
2026-08-09 10:24:21,619 [INFO]   -> 1 années récupérées pour JKHY
2026-08-09 10:24:21,620 [INFO] [267/503] J (Jacobs Solutions), depuis 2026...
2026-08-09 10:24:33,967 [INFO]   -> 1 années récupérées pour J
2026-08-09 10:24:33,968 [INFO] [268/503] JNJ (Johnson & Johnson), depuis 2026...
2026-08-09 10:24:45,420 [INFO]   -> 1 années récupérées pour JNJ
2026-08-09 10:24:45,421 [INFO] [269/503] JCI (Johnson Controls), depuis 2026...
2026-08-09 10:24:57,411 [INFO]   -> 1 années récupérées pour JCI
2026-08-09 10:24:57,412 [INFO] [270/503] JPM (JPMorgan Chase), depuis 2026...
2026-08-09 10:25:09,291 [INFO]   -> 1 années récupérées pour JPM
2026-08-09 10:25:09,291 [INFO] [271/503] KVUE (Kenvue), depuis 2010...
2026-08-09 10:25:21,324 [INFO]   -> 4 années récupérées pour KVUE
2026-08-09 10:25:21,325 [INFO] [272/503] KDP (Keurig Dr Pepper), depuis 2026...
2026-08-09 10:25:32,768 [INFO]   -> 1 années récupérées pour KDP
2026-08-09 10:25:32,769 [INFO] [273/503] KEY (KeyCorp), depuis 2026...
2026-08-09 10:25:44,683 [INFO]   -> 1 années récupérées pour KEY
2026-08-09 10:25:44,684 [INFO] [274/503] KEYS (Keysight Technologies), depuis 2010...
2026-08-09 10:25:57,302 [INFO]   -> 13 années récupérées pour KEYS
2026-08-09 10:25:57,302 [INFO] [275/503] KMB (Kimberly-Clark), depuis 2026...
2026-08-09 10:26:09,158 [INFO]   -> 1 années récupérées pour KMB
2026-08-09 10:26:09,159 [INFO] [276/503] KIM (Kimco Realty), depuis 2026...
2026-08-09 10:26:21,200 [INFO]   -> 1 années récupérées pour KIM
2026-08-09 10:26:21,200 [INFO] [277/503] KMI (Kinder Morgan), depuis 2010...
2026-08-09 10:26:33,549 [INFO]   -> 16 années récupérées pour KMI
2026-08-09 10:26:33,550 [INFO] [278/503] KKR (KKR & Co.), depuis 2026...
2026-08-09 10:26:45,496 [INFO]   -> 1 années récupérées pour KKR
2026-08-09 10:26:45,497 [INFO] [279/503] KLAC (KLA Corporation), depuis 2026...
2026-08-09 10:26:57,464 [INFO]   -> 1 années récupérées pour KLAC
2026-08-09 10:26:57,465 [INFO] [280/503] KHC (Kraft Heinz), depuis 2010...
2026-08-09 10:27:09,964 [INFO]   -> 12 années récupérées pour KHC
2026-08-09 10:27:09,965 [INFO] [281/503] KR (Kroger), depuis 2026...
2026-08-09 10:27:22,564 [INFO]   -> 1 années récupérées pour KR
2026-08-09 10:27:22,565 [INFO] [282/503] LHX (L3Harris), depuis 2026...
2026-08-09 10:27:34,494 [INFO]   -> 1 années récupérées pour LHX
2026-08-09 10:27:34,495 [INFO] [283/503] LH (Labcorp), depuis 2026...
2026-08-09 10:27:48,338 [INFO]   -> 1 années récupérées pour LH
2026-08-09 10:27:48,338 [INFO] [284/503] LRCX (Lam Research), depuis 2026...
2026-08-09 10:28:00,841 [INFO]   -> 1 années récupérées pour LRCX
2026-08-09 10:28:00,842 [INFO] [285/503] LVS (Las Vegas Sands), depuis 2026...
2026-08-09 10:28:13,221 [INFO]   -> 1 années récupérées pour LVS
2026-08-09 10:28:13,221 [INFO] [286/503] LDOS (Leidos), depuis 2010...
2026-08-09 10:28:26,146 [INFO]   -> 14 années récupérées pour LDOS
2026-08-09 10:28:26,151 [INFO] [287/503] LEN (Lennar), depuis 2026...
2026-08-09 10:28:39,411 [INFO]   -> 1 années récupérées pour LEN
2026-08-09 10:28:39,412 [INFO] [288/503] LII (Lennox International), depuis 2026...
2026-08-09 10:28:51,668 [INFO]   -> 1 années récupérées pour LII
2026-08-09 10:28:51,669 [INFO] [289/503] LLY (Lilly (Eli)), depuis 2026...
2026-08-09 10:29:05,459 [INFO]   -> 1 années récupérées pour LLY
2026-08-09 10:29:05,460 [INFO] [290/503] LIN (Linde plc), depuis 2010...
2026-08-09 10:29:17,662 [INFO]   -> 9 années récupérées pour LIN
2026-08-09 10:29:17,664 [INFO] [291/503] LYV (Live Nation Entertainment), depuis 2026...
2026-08-09 10:29:29,641 [INFO]   -> 1 années récupérées pour LYV
2026-08-09 10:29:29,641 [INFO] [292/503] LMT (Lockheed Martin), depuis 2026...
2026-08-09 10:29:41,651 [INFO]   -> 1 années récupérées pour LMT
2026-08-09 10:29:41,652 [INFO] [293/503] L (Loews Corporation), depuis 2026...
2026-08-09 10:29:53,632 [INFO]   -> 1 années récupérées pour L
2026-08-09 10:29:53,632 [INFO] [294/503] LOW (Lowe's), depuis 2026...
2026-08-09 10:30:06,096 [INFO]   -> 1 années récupérées pour LOW
2026-08-09 10:30:06,096 [INFO] [295/503] LULU (Lululemon Athletica), depuis 2026...
2026-08-09 10:30:17,851 [INFO]   -> 1 années récupérées pour LULU
2026-08-09 10:30:17,851 [INFO] [296/503] LITE (Lumentum), depuis 2010...
2026-08-09 10:30:30,694 [INFO]   -> 12 années récupérées pour LITE
2026-08-09 10:30:30,695 [INFO] [297/503] LYB (LyondellBasell), depuis 2026...
2026-08-09 10:30:43,628 [INFO]   -> 1 années récupérées pour LYB
2026-08-09 10:30:43,629 [INFO] [298/503] MTB (M&T Bank), depuis 2026...
2026-08-09 10:30:55,629 [INFO]   -> 1 années récupérées pour MTB
2026-08-09 10:30:55,630 [INFO] [299/503] MPC (Marathon Petroleum), depuis 2010...
2026-08-09 10:31:08,484 [INFO]   -> 16 années récupérées pour MPC
2026-08-09 10:31:08,484 [INFO] [300/503] MAR (Marriott International), depuis 2010...
2026-08-09 10:31:20,957 [INFO]   -> 14 années récupérées pour MAR
2026-08-09 10:31:20,957 [INFO] [301/503] MRSH (Marsh McLennan), depuis 2026...
2026-08-09 10:31:32,432 [INFO]   -> 1 années récupérées pour MRSH
2026-08-09 10:31:32,432 [INFO] [302/503] MLM (Martin Marietta Materials), depuis 2026...
2026-08-09 10:31:44,504 [INFO]   -> 1 années récupérées pour MLM
2026-08-09 10:31:44,505 [INFO] [303/503] MRVL (Marvell Technology), depuis 2026...
2026-08-09 10:31:56,027 [INFO]   -> 1 années récupérées pour MRVL
2026-08-09 10:31:56,027 [INFO] [304/503] MAS (Masco), depuis 2026...
2026-08-09 10:32:08,083 [INFO]   -> 1 années récupérées pour MAS
2026-08-09 10:32:08,084 [INFO] [305/503] MA (Mastercard), depuis 2026...
2026-08-09 10:32:20,087 [INFO]   -> 1 années récupérées pour MA
2026-08-09 10:32:20,088 [INFO] [306/503] MKC (McCormick & Company), depuis 2026...
2026-08-09 10:32:32,454 [INFO]   -> 1 années récupérées pour MKC
2026-08-09 10:32:32,455 [INFO] [307/503] MCD (McDonald's), depuis 2026...
2026-08-09 10:32:44,592 [INFO]   -> 1 années récupérées pour MCD
2026-08-09 10:32:44,593 [INFO] [308/503] MCK (McKesson Corporation), depuis 2026...
2026-08-09 10:32:56,692 [INFO]   -> 1 années récupérées pour MCK
2026-08-09 10:32:56,693 [INFO] [309/503] MDT (Medtronic), depuis 2026...
2026-08-09 10:33:08,810 [INFO]   -> 1 années récupérées pour MDT
2026-08-09 10:33:08,810 [INFO] [310/503] MRK (Merck & Co.), depuis 2026...
2026-08-09 10:33:21,579 [INFO]   -> 1 années récupérées pour MRK
2026-08-09 10:33:21,580 [INFO] [311/503] META (Meta Platforms), depuis 2010...
2026-08-09 10:33:34,243 [INFO]   -> 15 années récupérées pour META
2026-08-09 10:33:34,243 [INFO] [312/503] MET (MetLife), depuis 2026...
2026-08-09 10:33:46,166 [INFO]   -> 1 années récupérées pour MET
2026-08-09 10:33:46,166 [INFO] [313/503] MTD (Mettler Toledo), depuis 2026...
2026-08-09 10:33:57,958 [INFO]   -> 1 années récupérées pour MTD
2026-08-09 10:33:57,958 [INFO] [314/503] MGM (MGM Resorts), depuis 2026...
2026-08-09 10:34:09,852 [INFO]   -> 1 années récupérées pour MGM
2026-08-09 10:34:09,853 [INFO] [315/503] MCHP (Microchip Technology), depuis 2026...
2026-08-09 10:34:21,931 [INFO]   -> 1 années récupérées pour MCHP
2026-08-09 10:34:21,932 [INFO] [316/503] MU (Micron Technology), depuis 2026...
2026-08-09 10:34:33,396 [INFO]   -> 1 années récupérées pour MU
2026-08-09 10:34:33,397 [INFO] [317/503] MSFT (Microsoft), depuis 2026...
2026-08-09 10:34:47,462 [INFO]   -> 1 années récupérées pour MSFT
2026-08-09 10:34:47,463 [INFO] [318/503] MAA (Mid-America Apartment Communities), depuis 2026...
2026-08-09 10:34:59,488 [INFO]   -> 1 années récupérées pour MAA
2026-08-09 10:34:59,488 [INFO] [319/503] MRNA (Moderna), depuis 2010...
2026-08-09 10:35:12,170 [INFO]   -> 9 années récupérées pour MRNA
2026-08-09 10:35:12,172 [INFO] [320/503] TAP (Molson Coors Beverage Company), depuis 2026...
2026-08-09 10:35:24,257 [INFO]   -> 1 années récupérées pour TAP
2026-08-09 10:35:24,258 [INFO] [321/503] MDLZ (Mondelez International), depuis 2026...
2026-08-09 10:35:36,158 [INFO]   -> 1 années récupérées pour MDLZ
2026-08-09 10:35:36,159 [INFO] [322/503] MPWR (Monolithic Power Systems), depuis 2026...
2026-08-09 10:35:48,263 [INFO]   -> 1 années récupérées pour MPWR
2026-08-09 10:35:48,264 [INFO] [323/503] MNST (Monster Beverage), depuis 2010...
2026-08-09 10:36:00,530 [INFO]   -> 12 années récupérées pour MNST
2026-08-09 10:36:00,531 [INFO] [324/503] MCO (Moody's Corporation), depuis 2026...
2026-08-09 10:36:12,443 [INFO]   -> 1 années récupérées pour MCO
2026-08-09 10:36:12,443 [INFO] [325/503] MS (Morgan Stanley), depuis 2026...
2026-08-09 10:36:24,428 [INFO]   -> 1 années récupérées pour MS
2026-08-09 10:36:24,429 [INFO] [326/503] MOS (Mosaic Company (The)), depuis 2026...
2026-08-09 10:36:36,290 [INFO]   -> 1 années récupérées pour MOS
2026-08-09 10:36:36,290 [INFO] [327/503] MSI (Motorola Solutions), depuis 2026...
2026-08-09 10:36:48,285 [INFO]   -> 1 années récupérées pour MSI
2026-08-09 10:36:48,286 [INFO] [328/503] MSCI (MSCI Inc.), depuis 2026...
2026-08-09 10:37:00,364 [INFO]   -> 1 années récupérées pour MSCI
2026-08-09 10:37:00,364 [INFO] [329/503] NDAQ (Nasdaq, Inc.), depuis 2026...
2026-08-09 10:37:12,324 [INFO]   -> 1 années récupérées pour NDAQ
2026-08-09 10:37:12,325 [INFO] [330/503] NTAP (NetApp), depuis 2026...
2026-08-09 10:37:24,286 [INFO]   -> 1 années récupérées pour NTAP
2026-08-09 10:37:24,287 [INFO] [331/503] NFLX (Netflix), depuis 2026...
2026-08-09 10:37:35,739 [INFO]   -> 1 années récupérées pour NFLX
2026-08-09 10:37:35,739 [INFO] [332/503] NEM (Newmont), depuis 2026...
2026-08-09 10:37:47,724 [INFO]   -> 1 années récupérées pour NEM
2026-08-09 10:37:47,724 [INFO] [333/503] NWSA (News Corp (Class A)), depuis 2010...
2026-08-09 10:38:00,116 [INFO]   -> 14 années récupérées pour NWSA
2026-08-09 10:38:00,116 [INFO] [334/503] NWS (News Corp (Class B)), depuis 2010...
2026-08-09 10:38:12,803 [INFO]   -> 14 années récupérées pour NWS
2026-08-09 10:38:12,804 [INFO] [335/503] NEE (NextEra Energy), depuis 2026...
2026-08-09 10:38:25,975 [INFO]   -> 1 années récupérées pour NEE
2026-08-09 10:38:25,975 [INFO] [336/503] NKE (Nike, Inc.), depuis 2026...
2026-08-09 10:38:39,275 [INFO]   -> 1 années récupérées pour NKE
2026-08-09 10:38:39,276 [INFO] [337/503] NI (NiSource), depuis 2026...
2026-08-09 10:38:51,398 [INFO]   -> 1 années récupérées pour NI
2026-08-09 10:38:51,398 [INFO] [338/503] NDSN (Nordson Corporation), depuis 2026...
2026-08-09 10:39:05,190 [INFO]   -> 1 années récupérées pour NDSN
2026-08-09 10:39:05,191 [INFO] [339/503] NSC (Norfolk Southern), depuis 2026...
2026-08-09 10:39:17,385 [INFO]   -> 1 années récupérées pour NSC
2026-08-09 10:39:17,386 [INFO] [340/503] NTRS (Northern Trust), depuis 2026...
2026-08-09 10:39:30,082 [INFO]   -> 1 années récupérées pour NTRS
2026-08-09 10:39:30,083 [INFO] [341/503] NOC (Northrop Grumman), depuis 2026...
2026-08-09 10:39:42,312 [INFO]   -> 1 années récupérées pour NOC
2026-08-09 10:39:42,313 [INFO] [342/503] NCLH (Norwegian Cruise Line Holdings), depuis 2010...
2026-08-09 10:39:55,776 [INFO]   -> 14 années récupérées pour NCLH
2026-08-09 10:39:55,776 [INFO] [343/503] NRG (NRG Energy), depuis 2026...
2026-08-09 10:40:07,799 [INFO]   -> 1 années récupérées pour NRG
2026-08-09 10:40:07,800 [INFO] [344/503] NUE (Nucor), depuis 2026...
2026-08-09 10:40:20,062 [INFO]   -> 1 années récupérées pour NUE
2026-08-09 10:40:20,063 [INFO] [345/503] NVDA (Nvidia), depuis 2026...
2026-08-09 10:40:32,264 [INFO]   -> 1 années récupérées pour NVDA
2026-08-09 10:40:32,265 [INFO] [346/503] NVR (NVR, Inc.), depuis 2026...
2026-08-09 10:40:44,788 [INFO]   -> 1 années récupérées pour NVR
2026-08-09 10:40:44,788 [INFO] [347/503] NXPI (NXP Semiconductors), depuis 2026...
2026-08-09 10:40:56,909 [INFO]   -> 1 années récupérées pour NXPI
2026-08-09 10:40:56,910 [INFO] [348/503] ORLY (O’Reilly Automotive), depuis 2026...
2026-08-09 10:41:08,884 [INFO]   -> 1 années récupérées pour ORLY
2026-08-09 10:41:08,885 [INFO] [349/503] OXY (Occidental Petroleum), depuis 2026...
2026-08-09 10:41:20,844 [INFO]   -> 1 années récupérées pour OXY
2026-08-09 10:41:20,844 [INFO] [350/503] ODFL (Old Dominion), depuis 2010...
2026-08-09 10:41:33,243 [INFO]   -> 3 années récupérées pour ODFL
2026-08-09 10:41:33,243 [INFO] [351/503] OMC (Omnicom Group), depuis 2026...
2026-08-09 10:41:45,274 [INFO]   -> 1 années récupérées pour OMC
2026-08-09 10:41:45,275 [INFO] [352/503] ON (ON Semiconductor), depuis 2026...
2026-08-09 10:41:57,219 [INFO]   -> 1 années récupérées pour ON
2026-08-09 10:41:57,220 [INFO] [353/503] OKE (Oneok), depuis 2026...
2026-08-09 10:42:08,760 [INFO]   -> 1 années récupérées pour OKE
2026-08-09 10:42:08,761 [INFO] [354/503] ORCL (Oracle Corporation), depuis 2026...
2026-08-09 10:42:20,961 [INFO]   -> 1 années récupérées pour ORCL
2026-08-09 10:42:20,962 [INFO] [355/503] OTIS (Otis Worldwide), depuis 2010...
2026-08-09 10:42:33,520 [INFO]   -> 7 années récupérées pour OTIS
2026-08-09 10:42:33,524 [INFO] [356/503] PCAR (Paccar), depuis 2026...
2026-08-09 10:42:45,785 [INFO]   -> 1 années récupérées pour PCAR
2026-08-09 10:42:45,786 [INFO] [357/503] PKG (Packaging Corporation of America), depuis 2026...
2026-08-09 10:42:58,269 [INFO]   -> 1 années récupérées pour PKG
2026-08-09 10:42:58,269 [INFO] [358/503] PLTR (Palantir Technologies), depuis 2010...
2026-08-09 10:43:11,185 [INFO]   -> 7 années récupérées pour PLTR
2026-08-09 10:43:11,186 [INFO] [359/503] PANW (Palo Alto Networks), depuis 2010...
2026-08-09 10:43:24,324 [INFO]   -> 15 années récupérées pour PANW
2026-08-09 10:43:24,324 [INFO] [360/503] PSKY (Paramount Skydance Corporation), depuis 2010...
2026-08-09 10:43:36,709 [INFO]   -> 2 années récupérées pour PSKY
2026-08-09 10:43:36,709 [INFO] [361/503] PH (Parker Hannifin), depuis 2026...
2026-08-09 10:43:49,072 [INFO]   -> 1 années récupérées pour PH
2026-08-09 10:43:49,073 [INFO] [362/503] PAYX (Paychex), depuis 2026...
2026-08-09 10:44:00,587 [INFO]   -> 1 années récupérées pour PAYX
2026-08-09 10:44:00,588 [INFO] [363/503] PYPL (PayPal), depuis 2010...
2026-08-09 10:44:13,418 [INFO]   -> 12 années récupérées pour PYPL
2026-08-09 10:44:13,418 [INFO] [364/503] PNR (Pentair), depuis 2026...
2026-08-09 10:44:31,577 [ERROR] Error 1100, reqId -1: Connectivity between IBKR and Trader Workstation has been lost.
2026-08-09 10:44:31,802 [INFO] Warning 2103, reqId -1: Market data farm connection is broken:eufarm
2026-08-09 10:44:31,835 [INFO] Warning 2105, reqId -1: HMDS data farm connection is broken:euhmds
2026-08-09 10:44:31,836 [INFO] Warning 2157, reqId -1: Sec-def data farm connection is broken:secdefeu
2026-08-09 10:44:33,976 [INFO] Warning 2105, reqId -1: HMDS data farm connection is broken:ushmds
2026-08-09 10:44:36,675 [ERROR] Error 1100, reqId -1: Connectivity between IBKR and Trader Workstation has been lost.
2026-08-09 10:44:52,559 [INFO] Warning 2106, reqId -1: HMDS data farm connection is OK:ushmds
2026-08-09 10:44:52,795 [INFO] Warning 2158, reqId -1: Sec-def data farm connection is OK:secdefeu
2026-08-09 10:44:52,801 [INFO] Warning 2106, reqId -1: HMDS data farm connection is OK:euhmds
2026-08-09 10:44:53,370 [INFO] Warning 2104, reqId -1: Market data farm connection is OK:eufarm
2026-08-09 10:44:54,357 [ERROR] Error 1102, reqId -1: Connectivity between IBKR and Trader Workstation has been restored - data maintained. All data farms are connected: eufarm; euhmds; ushmds; secdefeu.
2026-08-09 10:45:07,982 [INFO]   -> 1 années récupérées pour PNR
2026-08-09 10:45:07,983 [INFO] [365/503] PEP (PepsiCo), depuis 2010...
2026-08-09 10:45:20,799 [INFO]   -> 10 années récupérées pour PEP
2026-08-09 10:45:20,800 [INFO] [366/503] PFE (Pfizer), depuis 2026...
2026-08-09 10:45:32,976 [INFO]   -> 1 années récupérées pour PFE
2026-08-09 10:45:32,976 [INFO] [367/503] PCG (PG&E Corporation), depuis 2026...
2026-08-09 10:45:44,439 [INFO]   -> 1 années récupérées pour PCG
2026-08-09 10:45:44,440 [INFO] [368/503] PM (Philip Morris International), depuis 2026...
2026-08-09 10:45:56,507 [INFO]   -> 1 années récupérées pour PM
2026-08-09 10:45:56,507 [INFO] [369/503] PSX (Phillips 66), depuis 2010...
2026-08-09 10:46:09,324 [INFO]   -> 15 années récupérées pour PSX
2026-08-09 10:46:09,324 [INFO] [370/503] PNW (Pinnacle West Capital), depuis 2026...
2026-08-09 10:46:21,401 [INFO]   -> 1 années récupérées pour PNW
2026-08-09 10:46:21,402 [INFO] [371/503] PNC (PNC Financial Services), depuis 2026...
2026-08-09 10:46:33,555 [INFO]   -> 1 années récupérées pour PNC
2026-08-09 10:46:33,556 [INFO] [372/503] PPG (PPG Industries), depuis 2026...
2026-08-09 10:46:44,977 [INFO]   -> 1 années récupérées pour PPG
2026-08-09 10:46:44,978 [INFO] [373/503] PPL (PPL Corporation), depuis 2026...
2026-08-09 10:46:56,411 [INFO]   -> 1 années récupérées pour PPL
2026-08-09 10:46:56,412 [INFO] [374/503] PFG (Principal Financial Group), depuis 2010...
2026-08-09 10:47:08,837 [INFO]   -> 10 années récupérées pour PFG
2026-08-09 10:47:08,838 [INFO] [375/503] PG (Procter & Gamble), depuis 2026...
2026-08-09 10:47:21,132 [INFO]   -> 1 années récupérées pour PG
2026-08-09 10:47:21,133 [INFO] [376/503] PGR (Progressive Corporation), depuis 2026...
2026-08-09 10:47:33,108 [INFO]   -> 1 années récupérées pour PGR
2026-08-09 10:47:33,109 [INFO] [377/503] PLD (Prologis), depuis 2010...
2026-08-09 10:47:46,256 [INFO]   -> 16 années récupérées pour PLD
2026-08-09 10:47:46,261 [INFO] [378/503] PRU (Prudential Financial), depuis 2026...
2026-08-09 10:48:02,002 [INFO]   -> 1 années récupérées pour PRU
2026-08-09 10:48:02,003 [INFO] [379/503] PEG (Public Service Enterprise Group), depuis 2026...
2026-08-09 10:48:14,508 [INFO]   -> 1 années récupérées pour PEG
2026-08-09 10:48:14,508 [INFO] [380/503] PTC (PTC Inc.), depuis 2026...
2026-08-09 10:48:26,553 [INFO]   -> 1 années récupérées pour PTC
2026-08-09 10:48:26,554 [INFO] [381/503] PSA (Public Storage), depuis 2026...
2026-08-09 10:48:38,814 [INFO]   -> 1 années récupérées pour PSA
2026-08-09 10:48:38,815 [INFO] [382/503] PHM (PulteGroup), depuis 2026...
2026-08-09 10:48:50,947 [INFO]   -> 1 années récupérées pour PHM
2026-08-09 10:48:50,948 [INFO] [383/503] PWR (Quanta Services), depuis 2026...
2026-08-09 10:49:03,322 [INFO]   -> 1 années récupérées pour PWR
2026-08-09 10:49:03,323 [INFO] [384/503] QCOM (Qualcomm), depuis 2026...
2026-08-09 10:49:15,944 [INFO]   -> 1 années récupérées pour QCOM
2026-08-09 10:49:15,946 [INFO] [385/503] DGX (Quest Diagnostics), depuis 2026...
2026-08-09 10:49:28,451 [INFO]   -> 1 années récupérées pour DGX
2026-08-09 10:49:28,452 [INFO] [386/503] Q (Qnity Electronics), depuis 2010...
2026-08-09 10:49:47,815 [ERROR] Error 1100, reqId -1: Connectivity between IBKR and Trader Workstation has been lost.
2026-08-09 10:49:56,444 [INFO] Warning 2105, reqId -1: HMDS data farm connection is broken:ushmds
2026-08-09 10:49:56,520 [INFO] Warning 2105, reqId -1: HMDS data farm connection is broken:euhmds
2026-08-09 10:49:56,550 [INFO] Warning 2157, reqId -1: Sec-def data farm connection is broken:secdefeu
2026-08-09 10:49:57,053 [INFO] Warning 2103, reqId -1: Market data farm connection is broken:eufarm
2026-08-09 10:50:08,671 [ERROR] Error 1100, reqId -1: Connectivity between IBKR and Trader Workstation has been lost.
2026-08-09 10:50:11,547 [INFO] Warning 2106, reqId -1: HMDS data farm connection is OK:euhmds
2026-08-09 10:50:11,674 [INFO] Warning 2104, reqId -1: Market data farm connection is OK:eufarm
2026-08-09 10:50:11,678 [INFO] Warning 2158, reqId -1: Sec-def data farm connection is OK:secdefeu
2026-08-09 10:50:11,746 [INFO] Warning 2106, reqId -1: HMDS data farm connection is OK:ushmds
2026-08-09 10:50:12,011 [ERROR] Error 1102, reqId -1: Connectivity between IBKR and Trader Workstation has been restored - data maintained. All data farms are connected: eufarm; euhmds; ushmds; secdefeu.
2026-08-09 10:50:12,015 [ERROR] Error 322, reqId 780: Error processing request.-'bX' : cause - Maximum number of account summary requests exceeded; desubscribe to previous request first
2026-08-09 10:50:25,131 [INFO]   -> 2 années récupérées pour Q
2026-08-09 10:50:25,132 [INFO] [387/503] RL (Ralph Lauren Corporation), depuis 2026...
2026-08-09 10:50:37,657 [INFO]   -> 1 années récupérées pour RL
2026-08-09 10:50:37,657 [INFO] [388/503] RJF (Raymond James Financial), depuis 2026...
2026-08-09 10:50:53,936 [INFO]   -> 1 années récupérées pour RJF
2026-08-09 10:50:53,937 [INFO] [389/503] RTX (RTX Corporation), depuis 2026...
2026-08-09 10:51:06,203 [INFO]   -> 1 années récupérées pour RTX
2026-08-09 10:51:06,205 [INFO] [390/503] O (Realty Income), depuis 2026...
2026-08-09 10:51:19,039 [INFO]   -> 1 années récupérées pour O
2026-08-09 10:51:19,039 [INFO] [391/503] REG (Regency Centers), depuis 2026...
2026-08-09 10:51:31,380 [INFO]   -> 1 années récupérées pour REG
2026-08-09 10:51:31,381 [INFO] [392/503] REGN (Regeneron Pharmaceuticals), depuis 2026...
2026-08-09 10:51:43,239 [INFO]   -> 1 années récupérées pour REGN
2026-08-09 10:51:43,239 [INFO] [393/503] RF (Regions Financial Corporation), depuis 2026...
2026-08-09 10:51:55,645 [INFO]   -> 1 années récupérées pour RF
2026-08-09 10:51:55,646 [INFO] [394/503] RSG (Republic Services), depuis 2026...
2026-08-09 10:52:07,728 [INFO]   -> 1 années récupérées pour RSG
2026-08-09 10:52:07,728 [INFO] [395/503] RMD (ResMed), depuis 2026...
2026-08-09 10:52:19,271 [INFO]   -> 1 années récupérées pour RMD
2026-08-09 10:52:19,271 [INFO] [396/503] RVTY (Revvity), depuis 2026...
2026-08-09 10:52:31,293 [INFO]   -> 1 années récupérées pour RVTY
2026-08-09 10:52:31,294 [INFO] [397/503] HOOD (Robinhood Markets), depuis 2010...
2026-08-09 10:52:43,671 [INFO]   -> 6 années récupérées pour HOOD
2026-08-09 10:52:43,672 [INFO] [398/503] ROK (Rockwell Automation), depuis 2026...
2026-08-09 10:52:55,717 [INFO]   -> 1 années récupérées pour ROK
2026-08-09 10:52:55,718 [INFO] [399/503] ROL (Rollins, Inc.), depuis 2026...
2026-08-09 10:53:07,257 [INFO]   -> 1 années récupérées pour ROL
2026-08-09 10:53:07,258 [INFO] [400/503] ROP (Roper Technologies), depuis 2026...
2026-08-09 10:53:19,247 [INFO]   -> 1 années récupérées pour ROP
2026-08-09 10:53:19,248 [INFO] [401/503] ROST (Ross Stores), depuis 2026...
2026-08-09 10:53:31,214 [INFO]   -> 1 années récupérées pour ROST
2026-08-09 10:53:31,215 [INFO] [402/503] RCL (Royal Caribbean Group), depuis 2026...
2026-08-09 10:53:43,183 [INFO]   -> 1 années récupérées pour RCL
2026-08-09 10:53:43,184 [INFO] [403/503] SPGI (S&P Global), depuis 2026...
2026-08-09 10:53:55,103 [INFO]   -> 1 années récupérées pour SPGI
2026-08-09 10:53:55,104 [INFO] [404/503] CRM (Salesforce), depuis 2026...
2026-08-09 10:54:07,084 [INFO]   -> 1 années récupérées pour CRM
2026-08-09 10:54:07,085 [INFO] [405/503] SNDK (Sandisk), depuis 2010...
2026-08-09 10:54:32,964 [INFO]   -> 2 années récupérées pour SNDK
2026-08-09 10:54:32,965 [INFO] [406/503] SBAC (SBA Communications), depuis 2026...
2026-08-09 10:54:44,725 [INFO]   -> 1 années récupérées pour SBAC
2026-08-09 10:54:44,725 [INFO] [407/503] SLB (Schlumberger), depuis 2026...
2026-08-09 10:54:56,881 [INFO]   -> 1 années récupérées pour SLB
2026-08-09 10:54:56,882 [INFO] [408/503] STX (Seagate Technology), depuis 2026...
2026-08-09 10:55:08,959 [INFO]   -> 1 années récupérées pour STX
2026-08-09 10:55:08,960 [INFO] [409/503] SRE (Sempra), depuis 2026...
2026-08-09 10:55:20,933 [INFO]   -> 1 années récupérées pour SRE
2026-08-09 10:55:20,933 [INFO] [410/503] NOW (ServiceNow), depuis 2010...
2026-08-09 10:55:35,029 [INFO]   -> 15 années récupérées pour NOW
2026-08-09 10:55:35,030 [INFO] [411/503] SHW (Sherwin-Williams), depuis 2026...
2026-08-09 10:55:47,121 [INFO]   -> 1 années récupérées pour SHW
2026-08-09 10:55:47,122 [INFO] [412/503] SPG (Simon Property Group), depuis 2026...
2026-08-09 10:55:59,234 [INFO]   -> 1 années récupérées pour SPG
2026-08-09 10:55:59,234 [INFO] [413/503] SWKS (Skyworks Solutions), depuis 2026...
2026-08-09 10:56:11,376 [INFO]   -> 1 années récupérées pour SWKS
2026-08-09 10:56:11,376 [INFO] [414/503] SJM (J.M. Smucker Company (The)), depuis 2026...
2026-08-09 10:56:23,583 [INFO]   -> 1 années récupérées pour SJM
2026-08-09 10:56:23,584 [INFO] [415/503] SW (Smurfit Westrock), depuis 2010...
2026-08-09 10:56:35,733 [INFO]   -> 3 années récupérées pour SW
2026-08-09 10:56:35,734 [INFO] [416/503] SNA (Snap-on), depuis 2026...
2026-08-09 10:56:47,750 [INFO]   -> 1 années récupérées pour SNA
2026-08-09 10:56:47,750 [INFO] [417/503] SOLV (Solventum), depuis 2010...
2026-08-09 10:57:00,387 [INFO]   -> 3 années récupérées pour SOLV
2026-08-09 10:57:00,388 [INFO] [418/503] SO (Southern Company), depuis 2026...
2026-08-09 10:57:13,302 [INFO]   -> 1 années récupérées pour SO
2026-08-09 10:57:13,304 [INFO] [419/503] LUV (Southwest Airlines), depuis 2026...
2026-08-09 10:57:25,264 [INFO]   -> 1 années récupérées pour LUV
2026-08-09 10:57:25,265 [INFO] [420/503] SWK (Stanley Black & Decker), depuis 2026...
2026-08-09 10:57:36,705 [INFO]   -> 1 années récupérées pour SWK
2026-08-09 10:57:36,709 [INFO] [421/503] SBUX (Starbucks), depuis 2026...
2026-08-09 10:57:48,673 [INFO]   -> 1 années récupérées pour SBUX
2026-08-09 10:57:48,674 [INFO] [422/503] STT (State Street Corporation), depuis 2026...
2026-08-09 10:58:01,562 [INFO]   -> 1 années récupérées pour STT
2026-08-09 10:58:01,563 [INFO] [423/503] STLD (Steel Dynamics), depuis 2026...
2026-08-09 10:58:13,556 [INFO]   -> 1 années récupérées pour STLD
2026-08-09 10:58:13,556 [INFO] [424/503] STE (Steris), depuis 2026...
2026-08-09 10:58:31,169 [INFO]   -> 1 années récupérées pour STE
2026-08-09 10:58:31,170 [INFO] [425/503] SYK (Stryker Corporation), depuis 2026...
2026-08-09 10:58:42,946 [INFO]   -> 1 années récupérées pour SYK
2026-08-09 10:58:42,947 [INFO] [426/503] SMCI (Supermicro), depuis 2026...
2026-08-09 10:58:54,994 [INFO]   -> 1 années récupérées pour SMCI
2026-08-09 10:58:54,994 [INFO] [427/503] SYF (Synchrony Financial), depuis 2010...
2026-08-09 10:59:07,962 [INFO]   -> 13 années récupérées pour SYF
2026-08-09 10:59:07,963 [INFO] [428/503] SNPS (Synopsys), depuis 2026...
2026-08-09 10:59:22,068 [INFO]   -> 1 années récupérées pour SNPS
2026-08-09 10:59:22,069 [INFO] [429/503] SYY (Sysco), depuis 2026...
2026-08-09 10:59:34,519 [INFO]   -> 1 années récupérées pour SYY
2026-08-09 10:59:34,520 [INFO] [430/503] TMUS (T-Mobile US), depuis 2014...
2026-08-09 10:59:49,623 [INFO]   -> 12 années récupérées pour TMUS
2026-08-09 10:59:49,624 [INFO] [431/503] TROW (T. Rowe Price), depuis 2026...
2026-08-09 11:00:02,704 [INFO]   -> 1 années récupérées pour TROW
2026-08-09 11:00:02,704 [INFO] [432/503] TTWO (Take-Two Interactive), depuis 2026...
2026-08-09 11:00:14,365 [INFO]   -> 1 années récupérées pour TTWO
2026-08-09 11:00:14,366 [INFO] [433/503] TPR (Tapestry, Inc.), depuis 2026...
2026-08-09 11:00:26,205 [INFO]   -> 1 années récupérées pour TPR
2026-08-09 11:00:26,206 [INFO] [434/503] TRGP (Targa Resources), depuis 2026...
2026-08-09 11:00:37,969 [INFO]   -> 1 années récupérées pour TRGP
2026-08-09 11:00:37,970 [INFO] [435/503] TGT (Target Corporation), depuis 2026...
2026-08-09 11:00:49,826 [INFO]   -> 1 années récupérées pour TGT
2026-08-09 11:00:49,827 [INFO] [436/503] TEL (TE Connectivity), depuis 2026...
2026-08-09 11:01:01,248 [INFO]   -> 1 années récupérées pour TEL
2026-08-09 11:01:01,249 [INFO] [437/503] TDY (Teledyne Technologies), depuis 2026...
2026-08-09 11:01:14,547 [INFO]   -> 1 années récupérées pour TDY
2026-08-09 11:01:14,563 [INFO] [438/503] TER (Teradyne), depuis 2026...
2026-08-09 11:01:27,180 [INFO]   -> 1 années récupérées pour TER
2026-08-09 11:01:27,180 [INFO] [439/503] TSLA (Tesla, Inc.), depuis 2026...
2026-08-09 11:01:38,741 [INFO]   -> 1 années récupérées pour TSLA
2026-08-09 11:01:38,742 [INFO] [440/503] TXN (Texas Instruments), depuis 2010...
2026-08-09 11:01:52,426 [INFO]   -> 15 années récupérées pour TXN
2026-08-09 11:01:52,426 [INFO] [441/503] TPL (Texas Pacific Land Corporation), depuis 2010...
2026-08-09 11:02:04,960 [INFO]   -> 6 années récupérées pour TPL
2026-08-09 11:02:04,961 [INFO] [442/503] TXT (Textron), depuis 2026...
2026-08-09 11:02:17,377 [INFO]   -> 1 années récupérées pour TXT
2026-08-09 11:02:17,377 [INFO] [443/503] TMO (Thermo Fisher Scientific), depuis 2026...
2026-08-09 11:02:29,108 [INFO]   -> 1 années récupérées pour TMO
2026-08-09 11:02:29,109 [INFO] [444/503] TJX (TJX Companies), depuis 2026...
2026-08-09 11:02:41,448 [INFO]   -> 1 années récupérées pour TJX
2026-08-09 11:02:41,448 [INFO] [445/503] TKO (TKO Group Holdings), depuis 2026...
2026-08-09 11:02:53,510 [INFO]   -> 1 années récupérées pour TKO
2026-08-09 11:02:53,510 [INFO] [446/503] TTD (Trade Desk (The)), depuis 2010...
2026-08-09 11:03:06,131 [INFO]   -> 11 années récupérées pour TTD
2026-08-09 11:03:06,131 [INFO] [447/503] TSCO (Tractor Supply), depuis 2026...
2026-08-09 11:03:18,282 [INFO]   -> 1 années récupérées pour TSCO
2026-08-09 11:03:18,282 [INFO] [448/503] TT (Trane Technologies), depuis 2026...
2026-08-09 11:03:30,776 [INFO]   -> 1 années récupérées pour TT
2026-08-09 11:03:30,777 [INFO] [449/503] TDG (TransDigm Group), depuis 2026...
2026-08-09 11:03:43,096 [INFO]   -> 1 années récupérées pour TDG
2026-08-09 11:03:43,096 [INFO] [450/503] TRV (Travelers Companies (The)), depuis 2026...
2026-08-09 11:03:55,171 [INFO]   -> 1 années récupérées pour TRV
2026-08-09 11:03:55,172 [INFO] [451/503] TRMB (Trimble Inc.), depuis 2026...
2026-08-09 11:04:07,067 [INFO]   -> 1 années récupérées pour TRMB
2026-08-09 11:04:07,067 [INFO] [452/503] TFC (Truist Financial), depuis 2026...
2026-08-09 11:04:19,131 [INFO]   -> 1 années récupérées pour TFC
2026-08-09 11:04:19,132 [INFO] [453/503] TYL (Tyler Technologies), depuis 2026...
2026-08-09 11:04:31,221 [INFO]   -> 1 années récupérées pour TYL
2026-08-09 11:04:31,222 [INFO] [454/503] TSN (Tyson Foods), depuis 2026...
2026-08-09 11:04:43,402 [INFO]   -> 1 années récupérées pour TSN
2026-08-09 11:04:43,402 [INFO] [455/503] USB (U.S. Bancorp), depuis 2026...
2026-08-09 11:04:55,712 [INFO]   -> 1 années récupérées pour USB
2026-08-09 11:04:55,713 [INFO] [456/503] UBER (Uber), depuis 2010...
2026-08-09 11:05:08,700 [INFO]   -> 8 années récupérées pour UBER
2026-08-09 11:05:08,700 [INFO] [457/503] UDR (UDR, Inc.), depuis 2026...
2026-08-09 11:05:21,080 [INFO]   -> 1 années récupérées pour UDR
2026-08-09 11:05:21,080 [INFO] [458/503] ULTA (Ulta Beauty), depuis 2026...
2026-08-09 11:05:33,565 [INFO]   -> 1 années récupérées pour ULTA
2026-08-09 11:05:33,565 [INFO] [459/503] UNP (Union Pacific Corporation), depuis 2026...
2026-08-09 11:05:45,819 [INFO]   -> 1 années récupérées pour UNP
2026-08-09 11:05:45,820 [INFO] [460/503] UAL (United Airlines Holdings), depuis 2010...
2026-08-09 11:05:58,627 [INFO]   -> 9 années récupérées pour UAL
2026-08-09 11:05:58,627 [INFO] [461/503] UPS (United Parcel Service), depuis 2026...
2026-08-09 11:06:11,106 [INFO]   -> 1 années récupérées pour UPS
2026-08-09 11:06:11,107 [INFO] [462/503] URI (United Rentals), depuis 2026...
2026-08-09 11:06:23,465 [INFO]   -> 1 années récupérées pour URI
2026-08-09 11:06:23,466 [INFO] [463/503] UNH (UnitedHealth Group), depuis 2026...
2026-08-09 11:06:35,818 [INFO]   -> 1 années récupérées pour UNH
2026-08-09 11:06:35,818 [INFO] [464/503] UHS (Universal Health Services), depuis 2026...
2026-08-09 11:06:48,016 [INFO]   -> 1 années récupérées pour UHS
2026-08-09 11:06:48,016 [INFO] [465/503] VLO (Valero Energy), depuis 2026...
2026-08-09 11:06:59,958 [INFO]   -> 1 années récupérées pour VLO
2026-08-09 11:06:59,958 [INFO] [466/503] VEEV (Veeva Systems), depuis 2010...
2026-08-09 11:07:12,573 [INFO]   -> 14 années récupérées pour VEEV
2026-08-09 11:07:12,574 [INFO] [467/503] VTR (Ventas), depuis 2026...
2026-08-09 11:07:24,820 [INFO]   -> 1 années récupérées pour VTR
2026-08-09 11:07:24,821 [INFO] [468/503] VLTO (Veralto), depuis 2010...
2026-08-09 11:07:37,368 [INFO]   -> 4 années récupérées pour VLTO
2026-08-09 11:07:37,369 [INFO] [469/503] VRSN (Verisign), depuis 2026...
2026-08-09 11:07:51,878 [INFO]   -> 1 années récupérées pour VRSN
2026-08-09 11:07:51,879 [INFO] [470/503] VRSK (Verisk Analytics), depuis 2026...
2026-08-09 11:08:05,555 [INFO]   -> 1 années récupérées pour VRSK
2026-08-09 11:08:05,556 [INFO] [471/503] VZ (Verizon), depuis 2026...
2026-08-09 11:08:27,241 [INFO]   -> 1 années récupérées pour VZ
2026-08-09 11:08:27,242 [INFO] [472/503] VRTX (Vertex Pharmaceuticals), depuis 2026...
2026-08-09 11:08:41,378 [INFO]   -> 1 années récupérées pour VRTX
2026-08-09 11:08:41,378 [INFO] [473/503] VRT (Vertiv), depuis 2010...
2026-08-09 11:08:54,742 [INFO]   -> 9 années récupérées pour VRT
2026-08-09 11:08:54,742 [INFO] [474/503] VTRS (Viatris), depuis 2026...
2026-08-09 11:09:06,230 [INFO]   -> 1 années récupérées pour VTRS
2026-08-09 11:09:06,230 [INFO] [475/503] VICI (Vici Properties), depuis 2010...
2026-08-09 11:09:23,581 [INFO]   -> 10 années récupérées pour VICI
2026-08-09 11:09:23,582 [INFO] [476/503] V (Visa Inc.), depuis 2026...
2026-08-09 11:09:35,702 [INFO]   -> 1 années récupérées pour V
2026-08-09 11:09:35,703 [INFO] [477/503] VST (Vistra Corp.), depuis 2010...
2026-08-09 11:09:48,249 [INFO]   -> 11 années récupérées pour VST
2026-08-09 11:09:48,250 [INFO] [478/503] VMC (Vulcan Materials Company), depuis 2026...
2026-08-09 11:09:59,928 [INFO]   -> 1 années récupérées pour VMC
2026-08-09 11:09:59,928 [INFO] [479/503] WRB (W. R. Berkley Corporation), depuis 2026...
2026-08-09 11:10:12,136 [INFO]   -> 1 années récupérées pour WRB
2026-08-09 11:10:12,137 [INFO] [480/503] GWW (W. W. Grainger), depuis 2026...
2026-08-09 11:10:24,137 [INFO]   -> 1 années récupérées pour GWW
2026-08-09 11:10:24,155 [INFO] [481/503] WAB (Wabtec), depuis 2026...
2026-08-09 11:10:36,854 [INFO]   -> 1 années récupérées pour WAB
2026-08-09 11:10:36,857 [INFO] [482/503] WMT (Walmart), depuis 2026...
2026-08-09 11:10:49,668 [INFO]   -> 1 années récupérées pour WMT
2026-08-09 11:10:49,668 [INFO] [483/503] DIS (Walt Disney Company (The)), depuis 2026...
2026-08-09 11:11:03,328 [INFO]   -> 1 années récupérées pour DIS
2026-08-09 11:11:03,331 [INFO] [484/503] WBD (Warner Bros. Discovery), depuis 2026...
2026-08-09 11:11:15,494 [INFO]   -> 1 années récupérées pour WBD
2026-08-09 11:11:15,499 [INFO] [485/503] WM (Waste Management), depuis 2026...
2026-08-09 11:11:21,778 [INFO] Warning 2105, reqId -1: HMDS data farm connection is broken:euhmds
2026-08-09 11:11:21,934 [INFO] Warning 2103, reqId -1: Market data farm connection is broken:eufarm
2026-08-09 11:11:21,981 [INFO] Warning 2157, reqId -1: Sec-def data farm connection is broken:secdefeu
2026-08-09 11:11:22,034 [INFO] Warning 2105, reqId -1: HMDS data farm connection is broken:ushmds
2026-08-09 11:11:29,632 [INFO] Warning 2106, reqId -1: HMDS data farm connection is OK:euhmds
2026-08-09 11:11:29,824 [INFO] Warning 2158, reqId -1: Sec-def data farm connection is OK:secdefeu
2026-08-09 11:11:30,028 [INFO] Warning 2104, reqId -1: Market data farm connection is OK:eufarm
2026-08-09 11:11:30,321 [INFO] Warning 2106, reqId -1: HMDS data farm connection is OK:ushmds
2026-08-09 11:11:41,989 [INFO]   -> 1 années récupérées pour WM
2026-08-09 11:11:41,990 [INFO] [486/503] WAT (Waters Corporation), depuis 2026...
2026-08-09 11:11:54,014 [INFO]   -> 1 années récupérées pour WAT
2026-08-09 11:11:54,015 [INFO] [487/503] WEC (WEC Energy Group), depuis 2026...
2026-08-09 11:12:06,244 [INFO]   -> 1 années récupérées pour WEC
2026-08-09 11:12:06,245 [INFO] [488/503] WFC (Wells Fargo), depuis 2026...
2026-08-09 11:12:18,602 [INFO]   -> 1 années récupérées pour WFC
2026-08-09 11:12:18,602 [INFO] [489/503] WELL (Welltower), depuis 2026...
2026-08-09 11:12:30,886 [INFO]   -> 1 années récupérées pour WELL
2026-08-09 11:12:30,887 [INFO] [490/503] WST (West Pharmaceutical Services), depuis 2026...
2026-08-09 11:12:43,435 [INFO]   -> 1 années récupérées pour WST
2026-08-09 11:12:43,436 [INFO] [491/503] WDC (Western Digital), depuis 2010...
2026-08-09 11:12:56,248 [INFO]   -> 15 années récupérées pour WDC
2026-08-09 11:12:56,248 [INFO] [492/503] WY (Weyerhaeuser), depuis 2026...
2026-08-09 11:13:08,508 [INFO]   -> 1 années récupérées pour WY
2026-08-09 11:13:08,508 [INFO] [493/503] WSM (Williams-Sonoma, Inc.), depuis 2026...
2026-08-09 11:13:20,604 [INFO]   -> 1 années récupérées pour WSM
2026-08-09 11:13:20,604 [INFO] [494/503] WMB (Williams Companies), depuis 2026...
2026-08-09 11:13:32,885 [INFO]   -> 1 années récupérées pour WMB
2026-08-09 11:13:32,886 [INFO] [495/503] WTW (Willis Towers Watson), depuis 2010...
2026-08-09 11:13:46,486 [INFO]   -> 11 années récupérées pour WTW
2026-08-09 11:13:46,487 [INFO] [496/503] WDAY (Workday, Inc.), depuis 2010...
2026-08-09 11:13:59,324 [INFO]   -> 10 années récupérées pour WDAY
2026-08-09 11:13:59,324 [INFO] [497/503] WYNN (Wynn Resorts), depuis 2026...
2026-08-09 11:14:12,122 [INFO]   -> 1 années récupérées pour WYNN
2026-08-09 11:14:12,122 [INFO] [498/503] XEL (Xcel Energy), depuis 2010...
